../Core/Src/APP/display_spi_app.c:39:6:Display_Handler	16	static
../Core/Src/APP/display_spi_app.c:47:6:updateToDisplayMenu	8	static
../Core/Src/APP/display_spi_app.c:66:6:displayMainMenu	32	static
../Core/Src/APP/display_spi_app.c:94:6:displayTotalControlMenu	48	static
../Core/Src/APP/display_spi_app.c:151:6:displaySeparateControlMenu	64	static
../Core/Src/APP/display_spi_app.c:197:6:displayDeviceControlMenu	64	static
../Core/Src/APP/display_spi_app.c:246:6:setDeviceState	192	static
../Core/Src/APP/display_spi_app.c:318:6:setAllDevicesState	192	static
../Core/Src/APP/display_spi_app.c:386:6:syncDisplayDeviceStates	16	static
../Core/Src/APP/display_spi_app.c:395:6:showActionFeedback	32	static
../Core/Src/APP/display_spi_app.c:403:6:handleNavigation	32	static
../Core/Src/APP/display_spi_app.c:552:6:Menu_Handler	8	static
../Core/Src/APP/display_spi_app.c:573:6:HAL_GPIO_EXTI_Callback	16	static
../Core/Src/APP/display_spi_app.c:594:6:initializeMenu	16	static
../Core/Src/APP/display_spi_app.c:613:6:fastUpdateDeviceList	16	static
../Core/Src/APP/display_spi_app.c:628:6:fastUpdateTotalControl	16	static
../Core/Src/APP/display_spi_app.c:639:6:fastUpdateDeviceControl	8	static
../Core/Src/APP/display_spi_app.c:645:6:ClearDisplay	32	static
../Core/Src/APP/display_spi_app.c:660:6:ScrollDisplay	32	static
../Core/Src/APP/display_spi_app.c:680:6:DisplayMessage	32	static
../Core/Src/APP/display_spi_app.c:700:6:print_To_display	96	static
../Core/Src/APP/display_spi_app.c:724:6:drawSingleButton	48	static
../Core/Src/APP/display_spi_app.c:754:6:updateButtonSelection	48	static
../Core/Src/APP/display_spi_app.c:782:6:updateDeviceStatusText	56	static
../Core/Src/APP/display_spi_app.c:792:6:updateStatusInfo	32	static
../Core/Src/APP/display_spi_app.c:798:6:updateDeviceCount	56	static
../Core/Src/APP/display_spi_app.c:813:6:updateDeviceControlStatus	48	static
../Core/Src/APP/display_spi_app.c:821:6:drawCleanButton	48	static
../Core/Src/APP/display_spi_app.c:837:6:drawTitleBar	48	static
../Core/Src/APP/display_spi_app.c:850:6:drawStatusInfo	32	static
