../Core/Src/APP/display_ctrl.c:39:6:Display_Handler	16	static
../Core/Src/APP/display_ctrl.c:47:6:updateToDisplayMenu	8	static
../Core/Src/APP/display_ctrl.c:66:6:displayMainMenu	32	static
../Core/Src/APP/display_ctrl.c:94:6:displayTotalControlMenu	48	static
../Core/Src/APP/display_ctrl.c:151:6:displaySeparateControlMenu	64	static
../Core/Src/APP/display_ctrl.c:197:6:displayDeviceControlMenu	64	static
../Core/Src/APP/display_ctrl.c:246:6:setDeviceState	56	static
../Core/Src/APP/display_ctrl.c:315:6:setAllDevicesState	64	static
../Core/Src/APP/display_ctrl.c:381:6:syncDisplayDeviceStates	16	static
../Core/Src/APP/display_ctrl.c:390:6:showActionFeedback	32	static
../Core/Src/APP/display_ctrl.c:398:6:handleNavigation	24	static
../Core/Src/APP/display_ctrl.c:547:6:Menu_Handler	8	static
../Core/Src/APP/display_ctrl.c:566:6:HAL_GPIO_EXTI_Callback	16	static
../Core/Src/APP/display_ctrl.c:587:6:initializeMenu	16	static
../Core/Src/APP/display_ctrl.c:605:6:fastUpdateDeviceList	16	static
../Core/Src/APP/display_ctrl.c:617:6:fastUpdateTotalControl	16	static
../Core/Src/APP/display_ctrl.c:628:6:fastUpdateDeviceControl	8	static
../Core/Src/APP/display_ctrl.c:634:6:ClearDisplay	32	static
../Core/Src/APP/display_ctrl.c:649:6:ScrollDisplay	32	static
../Core/Src/APP/display_ctrl.c:669:6:DisplayMessage	32	static
../Core/Src/APP/display_ctrl.c:689:6:print_To_display	96	static
../Core/Src/APP/display_ctrl.c:713:6:drawSingleButton	48	static
../Core/Src/APP/display_ctrl.c:743:6:updateButtonSelection	48	static
../Core/Src/APP/display_ctrl.c:771:6:updateDeviceStatusText	56	static
../Core/Src/APP/display_ctrl.c:781:6:updateStatusInfo	32	static
../Core/Src/APP/display_ctrl.c:787:6:updateDeviceCount	56	static
../Core/Src/APP/display_ctrl.c:802:6:updateDeviceControlStatus	48	static
../Core/Src/APP/display_ctrl.c:810:6:drawCleanButton	48	static
../Core/Src/APP/display_ctrl.c:826:6:drawTitleBar	48	static
../Core/Src/APP/display_ctrl.c:839:6:drawStatusInfo	32	static
