../Core/Src/APP/display_spi_app.c:39:6:Display_Handler	16	static
../Core/Src/APP/display_spi_app.c:47:6:updateToDisplayMenu	8	static
../Core/Src/APP/display_spi_app.c:76:6:displayMainMenu	32	static
../Core/Src/APP/display_spi_app.c:106:6:displayAudioMenu	32	static
../Core/Src/APP/display_spi_app.c:134:6:displayAudioActionPage	32	static
../Core/Src/APP/display_spi_app.c:162:6:displayTotalControlMenu	48	static
../Core/Src/APP/display_spi_app.c:219:6:displaySeparateControlMenu	64	static
../Core/Src/APP/display_spi_app.c:265:6:displayDeviceControlMenu	64	static
../Core/Src/APP/display_spi_app.c:313:6:handleNavigation	32	static
../Core/Src/APP/display_spi_app.c:530:6:Menu_Handler	8	static
../Core/Src/APP/display_spi_app.c:557:6:setDeviceState	192	static
../Core/Src/APP/display_spi_app.c:629:6:setAllDevicesState	192	static
../Core/Src/APP/display_spi_app.c:697:6:syncDisplayDeviceStates	16	static
../Core/Src/APP/display_spi_app.c:706:6:showActionFeedback	32	static
../Core/Src/APP/display_spi_app.c:713:6:HAL_GPIO_EXTI_Callback	16	static
../Core/Src/APP/display_spi_app.c:734:6:initializeMenu	16	static
../Core/Src/APP/display_spi_app.c:754:6:fastUpdateDeviceList	16	static
../Core/Src/APP/display_spi_app.c:769:6:fastUpdateTotalControl	16	static
../Core/Src/APP/display_spi_app.c:780:6:fastUpdateDeviceControl	8	static
../Core/Src/APP/display_spi_app.c:786:6:ClearDisplay	32	static
../Core/Src/APP/display_spi_app.c:801:6:ScrollDisplay	32	static
../Core/Src/APP/display_spi_app.c:821:6:DisplayMessage	32	static
../Core/Src/APP/display_spi_app.c:841:6:print_To_display	96	static
../Core/Src/APP/display_spi_app.c:865:6:drawSingleButton	48	static
../Core/Src/APP/display_spi_app.c:895:6:updateButtonSelection	48	static
../Core/Src/APP/display_spi_app.c:923:6:updateDeviceStatusText	56	static
../Core/Src/APP/display_spi_app.c:933:6:updateStatusInfo	32	static
../Core/Src/APP/display_spi_app.c:939:6:updateDeviceCount	56	static
../Core/Src/APP/display_spi_app.c:954:6:updateDeviceControlStatus	48	static
../Core/Src/APP/display_spi_app.c:962:6:drawCleanButton	48	static
../Core/Src/APP/display_spi_app.c:978:6:drawTitleBar	48	static
../Core/Src/APP/display_spi_app.c:991:6:drawStatusInfo	32	static
