../Core/Src/APP/display_spi_app.c:47:6:Display_Handler	24	static
../Core/Src/APP/display_spi_app.c:74:6:updateToDisplayMenu	8	static
../Core/Src/APP/display_spi_app.c:148:6:displayMainMenu	32	static
../Core/Src/APP/display_spi_app.c:179:6:displayTotalControlMenu	48	static
../Core/Src/APP/display_spi_app.c:236:6:displaySeparateControlMenu	64	static
../Core/Src/APP/display_spi_app.c:282:6:displayDeviceControlMenu	64	static
../Core/Src/APP/display_spi_app.c:330:6:handleNavigation	40	static
../Core/Src/APP/display_spi_app.c:805:6:Menu_Handler	8	static
../Core/Src/APP/display_spi_app.c:859:6:displayClockSettingsMenu	32	static
../Core/Src/APP/display_spi_app.c:887:6:displaySetTimeMenu	64	static
../Core/Src/APP/display_spi_app.c:920:6:displaySetDateMenu	64	static
../Core/Src/APP/display_spi_app.c:954:6:displaySetAlarmMenu	32	static
../Core/Src/APP/display_spi_app.c:981:6:displayHourSelectMenu	88	static
../Core/Src/APP/display_spi_app.c:1048:6:displayMinuteSelectMenu	88	static
../Core/Src/APP/display_spi_app.c:1109:6:displaySecondSelectMenu	88	static
../Core/Src/APP/display_spi_app.c:1171:6:displayDateSelectMenu	88	static
../Core/Src/APP/display_spi_app.c:1232:6:displayMonthSelectMenu	112	static
../Core/Src/APP/display_spi_app.c:1285:6:displayYearSelectMenu	48	static
../Core/Src/APP/display_spi_app.c:1322:6:displayDaySelectMenu	72	static
../Core/Src/APP/display_spi_app.c:1360:6:setDeviceState	192	static
../Core/Src/APP/display_spi_app.c:1432:6:setAllDevicesState	192	static
../Core/Src/APP/display_spi_app.c:1500:6:syncDisplayDeviceStates	16	static
../Core/Src/APP/display_spi_app.c:1509:6:initializeMenu	16	static
../Core/Src/APP/display_spi_app.c:1531:6:drawSingleButton	48	static
../Core/Src/APP/display_spi_app.c:1561:6:updateButtonSelection	48	static
../Core/Src/APP/display_spi_app.c:1589:6:updateDeviceStatusText	56	static
../Core/Src/APP/display_spi_app.c:1599:6:updateStatusInfo	32	static
../Core/Src/APP/display_spi_app.c:1605:6:updateDeviceCount	56	static
../Core/Src/APP/display_spi_app.c:1620:6:updateDeviceControlStatus	48	static
../Core/Src/APP/display_spi_app.c:1628:6:drawCleanButton	48	static
../Core/Src/APP/display_spi_app.c:1644:6:drawTitleBar	48	static
