../Core/Src/APP/display_spi_app.c:41:6:Display_Handler	24	static
../Core/Src/APP/display_spi_app.c:68:6:updateToDisplayMenu	8	static
../Core/Src/APP/display_spi_app.c:97:6:displayMainMenu	32	static
../Core/Src/APP/display_spi_app.c:127:6:displayAudioMenu	32	static
../Core/Src/APP/display_spi_app.c:155:6:displayAudioActionPage	32	static
../Core/Src/APP/display_spi_app.c:183:6:displayTotalControlMenu	48	static
../Core/Src/APP/display_spi_app.c:240:6:displaySeparateControlMenu	64	static
../Core/Src/APP/display_spi_app.c:286:6:displayDeviceControlMenu	64	static
../Core/Src/APP/display_spi_app.c:334:6:handleNavigation	32	static
../Core/Src/APP/display_spi_app.c:551:6:Menu_Handler	8	static
../Core/Src/APP/display_spi_app.c:578:6:setDeviceState	192	static
../Core/Src/APP/display_spi_app.c:650:6:setAllDevicesState	192	static
../Core/Src/APP/display_spi_app.c:718:6:syncDisplayDeviceStates	16	static
../Core/Src/APP/display_spi_app.c:727:6:showActionFeedback	32	static
../Core/Src/APP/display_spi_app.c:755:6:initializeMenu	16	static
../Core/Src/APP/display_spi_app.c:775:6:fastUpdateDeviceList	16	static
../Core/Src/APP/display_spi_app.c:790:6:fastUpdateTotalControl	16	static
../Core/Src/APP/display_spi_app.c:801:6:fastUpdateDeviceControl	8	static
../Core/Src/APP/display_spi_app.c:807:6:ClearDisplay	32	static
../Core/Src/APP/display_spi_app.c:822:6:ScrollDisplay	32	static
../Core/Src/APP/display_spi_app.c:842:6:DisplayMessage	32	static
../Core/Src/APP/display_spi_app.c:862:6:print_To_display	96	static
../Core/Src/APP/display_spi_app.c:886:6:drawSingleButton	48	static
../Core/Src/APP/display_spi_app.c:916:6:updateButtonSelection	48	static
../Core/Src/APP/display_spi_app.c:944:6:updateDeviceStatusText	56	static
../Core/Src/APP/display_spi_app.c:954:6:updateStatusInfo	32	static
../Core/Src/APP/display_spi_app.c:960:6:updateDeviceCount	56	static
../Core/Src/APP/display_spi_app.c:975:6:updateDeviceControlStatus	48	static
../Core/Src/APP/display_spi_app.c:983:6:drawCleanButton	48	static
../Core/Src/APP/display_spi_app.c:999:6:drawTitleBar	48	static
../Core/Src/APP/display_spi_app.c:1012:6:drawStatusInfo	32	static
