../Core/Src/APP/display_spi_app.c:34:6:Display_Handler	24	static
../Core/Src/APP/display_spi_app.c:63:6:Menu_Handler	8	static
../Core/Src/APP/display_spi_app.c:108:6:initializeMenu	16	static
../Core/Src/APP/display_spi_app.c:137:6:updateToDisplayMenu	8	static
../Core/Src/APP/display_spi_app.c:178:6:handleNavigation	40	static
../Core/Src/APP/display_spi_app.c:566:6:setDeviceState	192	static
../Core/Src/APP/display_spi_app.c:638:6:setAllDevicesState	192	static
../Core/Src/APP/display_spi_app.c:706:6:syncDisplayDeviceStates	16	static
../Core/Src/APP/display_spi_app.c:716:6:updateDeviceStatusText	56	static
../Core/Src/APP/display_spi_app.c:726:6:updateStatusInfo	32	static
../Core/Src/APP/display_spi_app.c:732:6:updateDeviceCount	56	static
../Core/Src/APP/display_spi_app.c:747:6:updateDeviceControlStatus	48	static
../Core/Src/APP/display_spi_app.c:755:9:buildDeviceMask	16	static
