../Core/Src/APP/display_spi_app.c:34:6:Display_Handler	24	static
../Core/Src/APP/display_spi_app.c:63:6:Menu_Handler	8	static
../Core/Src/APP/display_spi_app.c:102:6:initializeMenu	16	static
../Core/Src/APP/display_spi_app.c:131:6:updateToDisplayMenu	8	static
../Core/Src/APP/display_spi_app.c:172:6:handleNavigation	40	static
../Core/Src/APP/display_spi_app.c:500:6:setDeviceState	192	static
../Core/Src/APP/display_spi_app.c:572:6:setAllDevicesState	192	static
../Core/Src/APP/display_spi_app.c:640:6:syncDisplayDeviceStates	16	static
../Core/Src/APP/display_spi_app.c:650:6:updateDeviceStatusText	56	static
../Core/Src/APP/display_spi_app.c:660:6:updateStatusInfo	32	static
../Core/Src/APP/display_spi_app.c:666:6:updateDeviceCount	56	static
../Core/Src/APP/display_spi_app.c:681:6:updateDeviceControlStatus	48	static
