../Core/Src/APP/display_spi_app.c:39:6:Display_Handler	24	static
../Core/Src/APP/display_spi_app.c:66:6:updateToDisplayMenu	8	static
../Core/Src/APP/display_spi_app.c:95:6:displayMainMenu	32	static
../Core/Src/APP/display_spi_app.c:125:6:displayAudioMenu	32	static
../Core/Src/APP/display_spi_app.c:153:6:displayAudioActionPage	32	static
../Core/Src/APP/display_spi_app.c:181:6:displayTotalControlMenu	48	static
../Core/Src/APP/display_spi_app.c:238:6:displaySeparateControlMenu	64	static
../Core/Src/APP/display_spi_app.c:284:6:displayDeviceControlMenu	64	static
../Core/Src/APP/display_spi_app.c:332:6:handleNavigation	32	static
../Core/Src/APP/display_spi_app.c:549:6:Menu_Handler	8	static
../Core/Src/APP/display_spi_app.c:576:6:setDeviceState	192	static
../Core/Src/APP/display_spi_app.c:648:6:setAllDevicesState	192	static
../Core/Src/APP/display_spi_app.c:716:6:syncDisplayDeviceStates	16	static
../Core/Src/APP/display_spi_app.c:725:6:showActionFeedback	32	static
../Core/Src/APP/display_spi_app.c:732:6:initializeMenu	16	static
../Core/Src/APP/display_spi_app.c:752:6:fastUpdateDeviceList	16	static
../Core/Src/APP/display_spi_app.c:767:6:fastUpdateTotalControl	16	static
../Core/Src/APP/display_spi_app.c:778:6:fastUpdateDeviceControl	8	static
../Core/Src/APP/display_spi_app.c:784:6:ClearDisplay	32	static
../Core/Src/APP/display_spi_app.c:799:6:ScrollDisplay	32	static
../Core/Src/APP/display_spi_app.c:819:6:DisplayMessage	32	static
../Core/Src/APP/display_spi_app.c:839:6:print_To_display	96	static
../Core/Src/APP/display_spi_app.c:863:6:drawSingleButton	48	static
../Core/Src/APP/display_spi_app.c:893:6:updateButtonSelection	48	static
../Core/Src/APP/display_spi_app.c:921:6:updateDeviceStatusText	56	static
../Core/Src/APP/display_spi_app.c:931:6:updateStatusInfo	32	static
../Core/Src/APP/display_spi_app.c:937:6:updateDeviceCount	56	static
../Core/Src/APP/display_spi_app.c:952:6:updateDeviceControlStatus	48	static
../Core/Src/APP/display_spi_app.c:960:6:drawCleanButton	48	static
../Core/Src/APP/display_spi_app.c:976:6:drawTitleBar	48	static
../Core/Src/APP/display_spi_app.c:989:6:drawStatusInfo	32	static
