../Core/Src/APP/display_spi_app.c:34:6:Display_Handler	24	static
../Core/Src/APP/display_spi_app.c:63:6:Menu_Handler	8	static
../Core/Src/APP/display_spi_app.c:96:6:initializeMenu	16	static
../Core/Src/APP/display_spi_app.c:125:6:updateToDisplayMenu	8	static
../Core/Src/APP/display_spi_app.c:166:6:handleNavigation	40	static
../Core/Src/APP/display_spi_app.c:422:6:setDeviceState	192	static
../Core/Src/APP/display_spi_app.c:494:6:setAllDevicesState	192	static
../Core/Src/APP/display_spi_app.c:562:6:syncDisplayDeviceStates	16	static
../Core/Src/APP/display_spi_app.c:572:6:updateDeviceStatusText	56	static
../Core/Src/APP/display_spi_app.c:582:6:updateStatusInfo	32	static
../Core/Src/APP/display_spi_app.c:588:6:updateDeviceCount	56	static
../Core/Src/APP/display_spi_app.c:603:6:updateDeviceControlStatus	48	static
