../Core/Src/APP/display_spi_app.c:32:6:Display_Handler	24	static
../Core/Src/APP/display_spi_app.c:62:6:updateToDisplayMenu	8	static
../Core/Src/APP/display_spi_app.c:91:6:displayMainMenu	32	static
../Core/Src/APP/display_spi_app.c:121:6:displayAudioMenu	32	static
../Core/Src/APP/display_spi_app.c:149:6:displayAudioActionPage	32	static
../Core/Src/APP/display_spi_app.c:177:6:displayTotalControlMenu	48	static
../Core/Src/APP/display_spi_app.c:234:6:displaySeparateControlMenu	64	static
../Core/Src/APP/display_spi_app.c:280:6:displayDeviceControlMenu	64	static
../Core/Src/APP/display_spi_app.c:328:6:handleNavigation	32	static
../Core/Src/APP/display_spi_app.c:545:6:Menu_Handler	8	static
../Core/Src/APP/display_spi_app.c:572:6:setDeviceState	192	static
../Core/Src/APP/display_spi_app.c:644:6:setAllDevicesState	192	static
../Core/Src/APP/display_spi_app.c:712:6:syncDisplayDeviceStates	16	static
../Core/Src/APP/display_spi_app.c:721:6:showActionFeedback	32	static
../Core/Src/APP/display_spi_app.c:749:6:initializeMenu	16	static
../Core/Src/APP/display_spi_app.c:769:6:fastUpdateDeviceList	16	static
../Core/Src/APP/display_spi_app.c:784:6:fastUpdateTotalControl	16	static
../Core/Src/APP/display_spi_app.c:795:6:fastUpdateDeviceControl	8	static
../Core/Src/APP/display_spi_app.c:801:6:ClearDisplay	32	static
../Core/Src/APP/display_spi_app.c:816:6:ScrollDisplay	32	static
../Core/Src/APP/display_spi_app.c:836:6:DisplayMessage	32	static
../Core/Src/APP/display_spi_app.c:856:6:print_To_display	96	static
../Core/Src/APP/display_spi_app.c:880:6:drawSingleButton	48	static
../Core/Src/APP/display_spi_app.c:910:6:updateButtonSelection	48	static
../Core/Src/APP/display_spi_app.c:938:6:updateDeviceStatusText	56	static
../Core/Src/APP/display_spi_app.c:948:6:updateStatusInfo	32	static
../Core/Src/APP/display_spi_app.c:954:6:updateDeviceCount	56	static
../Core/Src/APP/display_spi_app.c:969:6:updateDeviceControlStatus	48	static
../Core/Src/APP/display_spi_app.c:977:6:drawCleanButton	48	static
../Core/Src/APP/display_spi_app.c:993:6:drawTitleBar	48	static
../Core/Src/APP/display_spi_app.c:1006:6:drawStatusInfo	32	static
