../Core/Src/APP/display_spi_app.c:34:6:Display_Handler	24	static
../Core/Src/APP/display_spi_app.c:64:6:Menu_Handler	8	static
../Core/Src/APP/display_spi_app.c:106:6:initializeMenu	16	static
../Core/Src/APP/display_spi_app.c:136:6:updateToDisplayMenu	8	static
../Core/Src/APP/display_spi_app.c:177:6:handleNavigation	40	static
../Core/Src/APP/display_spi_app.c:565:6:setDeviceState	192	static
../Core/Src/APP/display_spi_app.c:637:6:setAllDevicesState	192	static
../Core/Src/APP/display_spi_app.c:705:6:syncDisplayDeviceStates	16	static
../Core/Src/APP/display_spi_app.c:715:6:updateDeviceStatusText	56	static
../Core/Src/APP/display_spi_app.c:725:6:updateStatusInfo	32	static
../Core/Src/APP/display_spi_app.c:731:6:updateDeviceCount	56	static
../Core/Src/APP/display_spi_app.c:746:6:updateDeviceControlStatus	48	static
../Core/Src/APP/display_spi_app.c:754:9:buildDeviceMask	16	static
