../Core/Src/APP/RTC_app.c:63:6:RTC_Task	48	static
../Core/Src/APP/RTC_app.c:172:6:RTC_init	8	static
../Core/Src/APP/RTC_app.c:182:6:rtc_request_set_time	32	static
../Core/Src/APP/RTC_app.c:198:6:rtc_request_set_date	40	static
../Core/Src/APP/RTC_app.c:215:6:rtc_request_set_alarm_a	40	static
../Core/Src/APP/RTC_app.c:231:6:rtc_request_set_alarm_b	40	static
../Core/Src/APP/RTC_app.c:247:6:set_time_external	16	static
../Core/Src/APP/RTC_app.c:252:6:set_date_external	24	static
../Core/Src/APP/RTC_app.c:257:6:set_alarmA_external	16	static
../Core/Src/APP/RTC_app.c:262:6:set_alarmB_external	16	static
../Core/Src/APP/RTC_app.c:268:6:set_time	40	static
../Core/Src/APP/RTC_app.c:283:6:set_date	32	static
../Core/Src/APP/RTC_app.c:298:6:set_alarmA	56	static
../Core/Src/APP/RTC_app.c:314:6:set_alarmB	56	static
../Core/Src/APP/RTC_app.c:330:6:get_time_date	48	static
../Core/Src/APP/RTC_app.c:340:6:HAL_RTC_AlarmAEventCallback	24	static,ignoring_inline_asm
../Core/Src/APP/RTC_app.c:348:6:HAL_RTCEx_AlarmBEventCallback	24	static,ignoring_inline_asm
