../Core/Src/APP/RTC_app.c:67:6:RTC_Task	64	static
../Core/Src/APP/RTC_app.c:183:6:RTC_init	8	static
../Core/Src/APP/RTC_app.c:193:6:rtc_request_set_time	32	static
../Core/Src/APP/RTC_app.c:209:6:rtc_request_set_date	40	static
../Core/Src/APP/RTC_app.c:226:6:rtc_request_set_alarm_a	48	static
../Core/Src/APP/RTC_app.c:245:6:rtc_request_set_alarm_b	48	static
../Core/Src/APP/RTC_app.c:261:6:set_time_external	16	static
../Core/Src/APP/RTC_app.c:266:6:set_date_external	24	static
../Core/Src/APP/RTC_app.c:282:6:set_time	40	static
../Core/Src/APP/RTC_app.c:297:6:set_date	32	static
../Core/Src/APP/RTC_app.c:312:6:set_alarmA	56	static
../Core/Src/APP/RTC_app.c:328:6:set_alarmB	56	static
../Core/Src/APP/RTC_app.c:344:6:get_time_date	48	static
../Core/Src/APP/RTC_app.c:354:6:HAL_RTC_AlarmAEventCallback	24	static,ignoring_inline_asm
../Core/Src/APP/RTC_app.c:362:6:HAL_RTCEx_AlarmBEventCallback	24	static,ignoring_inline_asm
