../Core/Src/APP/RTC_app.c:83:6:RTC_Task	56	static
../Core/Src/APP/RTC_app.c:230:6:RTC_init	8	static
../Core/Src/APP/RTC_app.c:240:6:rtc_request_set_time	32	static
../Core/Src/APP/RTC_app.c:256:6:rtc_request_set_date	40	static
../Core/Src/APP/RTC_app.c:273:6:rtc_request_set_alarm_a	48	static
../Core/Src/APP/RTC_app.c:292:6:rtc_request_set_alarm_b	48	static
../Core/Src/APP/RTC_app.c:309:6:rtc_request_add_alarm	40	static
../Core/Src/APP/RTC_app.c:326:6:rtc_request_clear_alarm	32	static
../Core/Src/APP/RTC_app.c:341:6:program_next_alarms	72	static
../Core/Src/APP/RTC_app.c:376:6:handle_alarm_trigger	88	static
../Core/Src/APP/RTC_app.c:415:6:set_time	40	static
../Core/Src/APP/RTC_app.c:432:6:set_date	32	static
../Core/Src/APP/RTC_app.c:449:6:set_alarmA	56	static
../Core/Src/APP/RTC_app.c:466:6:set_alarmB	56	static
../Core/Src/APP/RTC_app.c:483:6:get_time_date	48	static
../Core/Src/APP/RTC_app.c:494:6:HAL_RTC_AlarmAEventCallback	24	static,ignoring_inline_asm
../Core/Src/APP/RTC_app.c:503:6:HAL_RTCEx_AlarmBEventCallback	24	static,ignoring_inline_asm
