../Core/Src/APP/RTC_app.c:67:6:RTC_Task	64	static
../Core/Src/APP/RTC_app.c:184:6:RTC_init	8	static
../Core/Src/APP/RTC_app.c:194:6:rtc_request_set_time	32	static
../Core/Src/APP/RTC_app.c:210:6:rtc_request_set_date	40	static
../Core/Src/APP/RTC_app.c:227:6:rtc_request_set_alarm_a	48	static
../Core/Src/APP/RTC_app.c:246:6:rtc_request_set_alarm_b	48	static
../Core/Src/APP/RTC_app.c:262:6:set_time_external	16	static
../Core/Src/APP/RTC_app.c:267:6:set_date_external	24	static
../Core/Src/APP/RTC_app.c:272:6:set_time	40	static
../Core/Src/APP/RTC_app.c:287:6:set_date	32	static
../Core/Src/APP/RTC_app.c:302:6:set_alarmA	56	static
../Core/Src/APP/RTC_app.c:318:6:set_alarmB	56	static
../Core/Src/APP/RTC_app.c:334:6:get_time_date	48	static
../Core/Src/APP/RTC_app.c:344:6:HAL_RTC_AlarmAEventCallback	24	static,ignoring_inline_asm
../Core/Src/APP/RTC_app.c:352:6:HAL_RTCEx_AlarmBEventCallback	24	static,ignoring_inline_asm
