../Core/Src/APP/RTC_app.c:35:6:RTC_Task	24	static
../Core/Src/APP/RTC_app.c:101:6:RTC_init	8	static
../Core/Src/APP/RTC_app.c:111:6:set_time	40	static
../Core/Src/APP/RTC_app.c:127:6:set_date	32	static
../Core/Src/APP/RTC_app.c:144:6:set_alarmA	56	static
../Core/Src/APP/RTC_app.c:161:6:set_alarmB	56	static
../Core/Src/APP/RTC_app.c:178:6:get_time_date	48	static
../Core/Src/APP/RTC_app.c:189:6:HAL_RTC_AlarmAEventCallback	24	static,ignoring_inline_asm
../Core/Src/APP/RTC_app.c:198:6:HAL_RTCEx_AlarmBEventCallback	24	static,ignoring_inline_asm
