../Core/Src/APP/RTC_app.c:59:6:RTC_Task	48	static
../Core/Src/APP/RTC_app.c:168:6:rtc_request_set_time	32	static
../Core/Src/APP/RTC_app.c:184:6:rtc_request_set_date	40	static
../Core/Src/APP/RTC_app.c:201:6:rtc_request_set_alarm_a	32	static
../Core/Src/APP/RTC_app.c:217:6:rtc_request_set_alarm_b	32	static
../Core/Src/APP/RTC_app.c:233:6:set_time_external	16	static
../Core/Src/APP/RTC_app.c:238:6:set_date_external	24	static
../Core/Src/APP/RTC_app.c:243:6:set_alarmA_external	16	static
../Core/Src/APP/RTC_app.c:248:6:set_alarmB_external	16	static
../Core/Src/APP/RTC_app.c:253:6:RTC_init	8	static
../Core/Src/APP/RTC_app.c:262:6:set_time	40	static
../Core/Src/APP/RTC_app.c:277:6:set_date	32	static
../Core/Src/APP/RTC_app.c:292:6:set_alarmA	56	static
../Core/Src/APP/RTC_app.c:308:6:set_alarmB	56	static
../Core/Src/APP/RTC_app.c:324:6:get_time_date	48	static
../Core/Src/APP/RTC_app.c:334:6:HAL_RTC_AlarmAEventCallback	24	static,ignoring_inline_asm
../Core/Src/APP/RTC_app.c:342:6:HAL_RTCEx_AlarmBEventCallback	24	static,ignoring_inline_asm
