../Core/Src/APP/user_app.c:46:13:init_st7735	8	static
../Core/Src/APP/user_app.c:55:13:init_display_app	8	static
../Core/Src/APP/user_app.c:63:13:init_os_primitives	24	static,ignoring_inline_asm
../Core/Src/APP/user_app.c:81:13:init_device_states	16	static
../Core/Src/APP/user_app.c:92:13:init_interrupts	8	static
../Core/Src/APP/user_app.c:102:13:init_tasks	40	static,ignoring_inline_asm
../Core/Src/APP/user_app.c:130:13:start_scheduler	8	static
../Core/Src/APP/user_app.c:139:6:user_app_init	8	static
../Core/Src/APP/user_app.c:152:6:vApplicationStackOverflowHook	16	static
../Core/Src/APP/user_app.c:158:6:print_task_info	520	static
../Core/Src/APP/user_app.c:166:6:safe_printf	272	static
