../Core/Src/APP/user_app.c:44:13:init_st7735	8	static
../Core/Src/APP/user_app.c:52:13:init_display_app	8	static
../Core/Src/APP/user_app.c:60:13:init_os_primitives	24	static,ignoring_inline_asm
../Core/Src/APP/user_app.c:75:13:init_device_states	16	static
../Core/Src/APP/user_app.c:86:13:init_interrupts	8	static
../Core/Src/APP/user_app.c:96:13:init_tasks	32	static,ignoring_inline_asm
../Core/Src/APP/user_app.c:118:13:start_scheduler	8	static
../Core/Src/APP/user_app.c:127:6:user_app_init	8	static
../Core/Src/APP/user_app.c:140:6:vApplicationStackOverflowHook	16	static
../Core/Src/APP/user_app.c:146:6:print_task_info	520	static
../Core/Src/APP/user_app.c:154:6:safe_printf	272	static
