../Core/Src/display_ctrl.c:39:6:Display_Handler	16	static
../Core/Src/display_ctrl.c:47:6:updateToDisplayMenu	8	static
../Core/Src/display_ctrl.c:67:6:drawSingleButton	48	static
../Core/Src/display_ctrl.c:97:6:updateButtonSelection	48	static
../Core/Src/display_ctrl.c:125:6:updateDeviceStatusText	56	static
../Core/Src/display_ctrl.c:135:6:updateStatusInfo	32	static
../Core/Src/display_ctrl.c:141:6:updateDeviceCount	56	static
../Core/Src/display_ctrl.c:156:6:updateDeviceControlStatus	48	static
../Core/Src/display_ctrl.c:164:6:drawCleanButton	48	static
../Core/Src/display_ctrl.c:180:6:drawTitleBar	48	static
../Core/Src/display_ctrl.c:193:6:drawStatusInfo	32	static
../Core/Src/display_ctrl.c:199:6:displayMainMenu	32	static
../Core/Src/display_ctrl.c:227:6:displayTotalControlMenu	48	static
../Core/Src/display_ctrl.c:284:6:displaySeparateControlMenu	64	static
../Core/Src/display_ctrl.c:330:6:displayDeviceControlMenu	64	static
../Core/Src/display_ctrl.c:379:6:setDeviceState	56	static
../Core/Src/display_ctrl.c:448:6:setAllDevicesState	64	static
../Core/Src/display_ctrl.c:514:6:syncDisplayDeviceStates	16	static
../Core/Src/display_ctrl.c:523:6:showActionFeedback	32	static
../Core/Src/display_ctrl.c:531:6:handleNavigation	24	static
../Core/Src/display_ctrl.c:680:6:Menu_Handler	8	static
../Core/Src/display_ctrl.c:699:6:HAL_GPIO_EXTI_Callback	16	static
../Core/Src/display_ctrl.c:720:6:initializeMenu	16	static
../Core/Src/display_ctrl.c:738:6:fastUpdateDeviceList	16	static
../Core/Src/display_ctrl.c:750:6:fastUpdateTotalControl	16	static
../Core/Src/display_ctrl.c:761:6:fastUpdateDeviceControl	8	static
../Core/Src/display_ctrl.c:767:6:ClearDisplay	32	static
../Core/Src/display_ctrl.c:782:6:ScrollDisplay	32	static
../Core/Src/display_ctrl.c:802:6:DisplayMessage	32	static
../Core/Src/display_ctrl.c:822:6:print_To_display	96	static
