../Core/Src/display_ctrl.c:37:6:drawSingleButton	48	static
../Core/Src/display_ctrl.c:62:6:updateButtonSelection	48	static
../Core/Src/display_ctrl.c:86:6:updateDeviceStatusText	56	static
../Core/Src/display_ctrl.c:99:6:updateStatusInfo	32	static
../Core/Src/display_ctrl.c:106:6:updateDeviceCount	56	static
../Core/Src/display_ctrl.c:121:6:updateDeviceControlStatus	48	static
../Core/Src/display_ctrl.c:128:6:drawCleanButton	48	static
../Core/Src/display_ctrl.c:140:6:drawTitleBar	48	static
../Core/Src/display_ctrl.c:153:6:drawStatusInfo	32	static
../Core/Src/display_ctrl.c:159:6:displayMainMenu	32	static
../Core/Src/display_ctrl.c:185:6:displayTotalControlMenu	48	static
../Core/Src/display_ctrl.c:237:6:displaySeparateControlMenu	64	static
../Core/Src/display_ctrl.c:284:6:displayDeviceControlMenu	64	static
../Core/Src/display_ctrl.c:336:6:setDeviceState	48	static
../Core/Src/display_ctrl.c:394:6:setAllDevicesState	64	static
../Core/Src/display_ctrl.c:449:6:syncDisplayDeviceStates	16	static
../Core/Src/display_ctrl.c:458:6:showActionFeedback	32	static
../Core/Src/display_ctrl.c:466:6:handleNavigation	24	static
../Core/Src/display_ctrl.c:615:6:Menu_Handler	8	static
../Core/Src/display_ctrl.c:634:6:HAL_GPIO_EXTI_Callback	16	static
../Core/Src/display_ctrl.c:655:6:initializeMenu	16	static
../Core/Src/display_ctrl.c:675:6:fastUpdateDeviceList	16	static
../Core/Src/display_ctrl.c:687:6:fastUpdateTotalControl	16	static
../Core/Src/display_ctrl.c:698:6:fastUpdateDeviceControl	8	static
../Core/Src/display_ctrl.c:704:6:ClearDisplay	32	static
../Core/Src/display_ctrl.c:719:6:ScrollDisplay	32	static
../Core/Src/display_ctrl.c:739:6:DisplayMessage	32	static
../Core/Src/display_ctrl.c:759:6:print_To_display	96	static
