../Core/Src/display_ctrl.c:39:6:Display_Handler	16	static
../Core/Src/display_ctrl.c:47:6:updateToDisplayMenu	8	static
../Core/Src/display_ctrl.c:67:6:drawSingleButton	48	static
../Core/Src/display_ctrl.c:92:6:updateButtonSelection	48	static
../Core/Src/display_ctrl.c:116:6:updateDeviceStatusText	56	static
../Core/Src/display_ctrl.c:125:6:updateStatusInfo	32	static
../Core/Src/display_ctrl.c:130:6:updateDeviceCount	56	static
../Core/Src/display_ctrl.c:144:6:updateDeviceControlStatus	48	static
../Core/Src/display_ctrl.c:151:6:drawCleanButton	48	static
../Core/Src/display_ctrl.c:163:6:drawTitleBar	48	static
../Core/Src/display_ctrl.c:176:6:drawStatusInfo	32	static
../Core/Src/display_ctrl.c:182:6:displayMainMenu	32	static
../Core/Src/display_ctrl.c:207:6:displayTotalControlMenu	48	static
../Core/Src/display_ctrl.c:255:6:displaySeparateControlMenu	64	static
../Core/Src/display_ctrl.c:299:6:displayDeviceControlMenu	64	static
../Core/Src/display_ctrl.c:348:6:setDeviceState	48	static
../Core/Src/display_ctrl.c:406:6:setAllDevicesState	64	static
../Core/Src/display_ctrl.c:461:6:syncDisplayDeviceStates	16	static
../Core/Src/display_ctrl.c:470:6:showActionFeedback	32	static
../Core/Src/display_ctrl.c:478:6:handleNavigation	24	static
../Core/Src/display_ctrl.c:627:6:Menu_Handler	8	static
../Core/Src/display_ctrl.c:646:6:HAL_GPIO_EXTI_Callback	16	static
../Core/Src/display_ctrl.c:667:6:initializeMenu	16	static
../Core/Src/display_ctrl.c:687:6:fastUpdateDeviceList	16	static
../Core/Src/display_ctrl.c:699:6:fastUpdateTotalControl	16	static
../Core/Src/display_ctrl.c:710:6:fastUpdateDeviceControl	8	static
../Core/Src/display_ctrl.c:716:6:ClearDisplay	32	static
../Core/Src/display_ctrl.c:731:6:ScrollDisplay	32	static
../Core/Src/display_ctrl.c:751:6:DisplayMessage	32	static
../Core/Src/display_ctrl.c:771:6:print_To_display	96	static
