../Core/Src/main.c:67:1:__io_putchar	16	static
../Core/Src/main.c:78:5:main	8	static
../Core/Src/main.c:126:6:SystemClock_Config	88	static
../Core/Src/main.c:181:13:MX_SPI1_Init	8	static
../Core/Src/main.c:219:13:MX_SPI2_Init	8	static
../Core/Src/main.c:256:13:MX_USART2_UART_Init	8	static
../Core/Src/main.c:289:13:MX_USART3_UART_Init	8	static
../Core/Src/main.c:322:13:MX_GPIO_Init	48	static
../Core/Src/main.c:405:6:HAL_TIM_PeriodElapsedCallback	16	static
../Core/Src/main.c:423:6:Error_Handler	4	static,ignoring_inline_asm
