../Core/Src/main.c:78:1:__io_putchar	1
../Core/Src/main.c:90:5:main	1
../Core/Src/main.c:142:6:SystemClock_Config	4
../Core/Src/main.c:197:13:MX_RTC_Init	2
../Core/Src/main.c:287:13:MX_SPI1_Init	2
../Core/Src/main.c:325:13:MX_SPI2_Init	2
../Core/Src/main.c:362:13:MX_SPI3_Init	2
../Core/Src/main.c:400:13:MX_UART4_Init	2
../Core/Src/main.c:433:13:MX_USART1_UART_Init	2
../Core/Src/main.c:466:13:MX_USART2_UART_Init	2
../Core/Src/main.c:499:13:MX_USART3_UART_Init	2
../Core/Src/main.c:532:13:MX_GPIO_Init	1
../Core/Src/main.c:622:6:HAL_TIM_PeriodElapsedCallback	2
../Core/Src/main.c:640:6:Error_Handler	1
