../Core/Src/main.c:81:1:__io_putchar	16	static
../Core/Src/main.c:93:5:main	8	static
../Core/Src/main.c:146:6:SystemClock_Config	88	static
../Core/Src/main.c:203:6:MX_IWDG_Init	8	static
../Core/Src/main.c:231:13:MX_RTC_Init	8	static
../Core/Src/main.c:321:13:MX_SPI1_Init	8	static
../Core/Src/main.c:359:13:MX_SPI2_Init	8	static
../Core/Src/main.c:396:13:MX_SPI3_Init	8	static
../Core/Src/main.c:434:13:MX_UART4_Init	8	static
../Core/Src/main.c:467:13:MX_USART1_UART_Init	8	static
../Core/Src/main.c:500:13:MX_USART2_UART_Init	8	static
../Core/Src/main.c:533:13:MX_USART3_UART_Init	8	static
../Core/Src/main.c:566:13:MX_GPIO_Init	48	static
../Core/Src/main.c:656:6:HAL_TIM_PeriodElapsedCallback	16	static
../Core/Src/main.c:674:6:Error_Handler	4	static,ignoring_inline_asm
