../Core/Src/MQTTSim800.c:32:6:Sim800_RxCallBack	8	static
../Core/Src/MQTTSim800.c:91:6:clearRxBuffer	8	static
../Core/Src/MQTTSim800.c:102:6:clearMqttBuffer	8	static
../Core/Src/MQTTSim800.c:116:5:SIM800_SendCommand	24	static
../Core/Src/MQTTSim800.c:141:5:MQTT_Init	56	static
../Core/Src/MQTTSim800.c:184:6:MQTT_Connect	360	static
../Core/Src/MQTTSim800.c:239:6:MQTT_Pub	328	static
../Core/Src/MQTTSim800.c:262:6:MQTT_PubUint8	48	static
../Core/Src/MQTTSim800.c:275:6:MQTT_PubUint16	48	static
../Core/Src/MQTTSim800.c:288:6:MQTT_PubUint32	48	static
../Core/Src/MQTTSim800.c:301:6:MQTT_PubFloat	48	static
../Core/Src/MQTTSim800.c:314:6:MQTT_PubDouble	56	static
../Core/Src/MQTTSim800.c:326:6:MQTT_PingReq	32	static
../Core/Src/MQTTSim800.c:339:6:MQTT_Sub	304	static
../Core/Src/MQTTSim800.c:361:6:MQTT_Receive	56	static
