../Core/Src/TFT_MENU.c:18:6:Test_Button_unselect	24	static
../Core/Src/TFT_MENU.c:27:6:Test_Button_select	24	static
../Core/Src/TFT_MENU.c:36:6:Page2_Button_unselect	24	static
../Core/Src/TFT_MENU.c:45:6:Page2_Button_select	24	static
../Core/Src/TFT_MENU.c:54:6:back_Button_unselect	24	static
../Core/Src/TFT_MENU.c:63:6:back_Button_select	24	static
../Core/Src/TFT_MENU.c:72:6:ledon_Button_unselect	24	static
../Core/Src/TFT_MENU.c:81:6:ledon_Button_select	24	static
../Core/Src/TFT_MENU.c:90:6:ledoff_Button_unselect	24	static
../Core/Src/TFT_MENU.c:99:6:ledoff_Button_select	24	static
../Core/Src/TFT_MENU.c:108:6:HomeMenu	8	static
../Core/Src/TFT_MENU.c:120:6:TestMenu	24	static
../Core/Src/TFT_MENU.c:136:6:Page2Menu	8	static
../Core/Src/TFT_MENU.c:155:6:HAL_GPIO_EXTI_Callback	16	static
../Core/Src/TFT_MENU.c:182:6:Menu_Handler	8	static
