../Core/Src/RFM/rf69.c:168:9:spiRead	24	static
../Core/Src/RFM/rf69.c:181:9:spiWrite	32	static
../Core/Src/RFM/rf69.c:194:9:spiBurstRead	32	static
../Core/Src/RFM/rf69.c:212:9:spiBurstWrite	32	static
../Core/Src/RFM/rf69.c:229:6:setIdleMode	16	static
../Core/Src/RFM/rf69.c:235:6:RF69_ForceRxMode	16	static
../Core/Src/RFM/rf69.c:249:6:RF69_init	16	static
../Core/Src/RFM/rf69.c:316:6:readFifo	16	static
../Core/Src/RFM/rf69.c:354:8:temperatureRead	8	static
../Core/Src/RFM/rf69.c:364:6:setFrequency	24	static
../Core/Src/RFM/rf69.c:374:8:rssiRead	8	static
../Core/Src/RFM/rf69.c:379:6:setOpMode	24	static
../Core/Src/RFM/rf69.c:399:6:setModeIdle	8	static
../Core/Src/RFM/rf69.c:414:6:setSleep	8	static
../Core/Src/RFM/rf69.c:424:6:setModeRx	8	static
../Core/Src/RFM/rf69.c:439:6:setModeTx	8	static
../Core/Src/RFM/rf69.c:456:6:setTxPower	24	static
../Core/Src/RFM/rf69.c:501:6:setModemRegisters	16	static
../Core/Src/RFM/rf69.c:511:6:setModemConfig	24	static
../Core/Src/RFM/rf69.c:523:6:setPreambleLength	16	static
../Core/Src/RFM/rf69.c:529:6:setSyncWords	24	static
../Core/Src/RFM/rf69.c:549:6:setEncryptionKey	16	static
../Core/Src/RFM/rf69.c:562:6:available	16	static
../Core/Src/RFM/rf69.c:586:6:waitAvailableTimeout	24	static
../Core/Src/RFM/rf69.c:617:6:recv1	16	static
../Core/Src/RFM/rf69.c:629:6:send1	24	static
../Core/Src/RFM/rf69.c:667:6:waitPacketSent	16	static
../Core/Src/RFM/rf69.c:688:9:maxMessageLength	4	static
../Core/Src/RFM/rf69.c:693:6:printRegister	24	static
../Core/Src/RFM/rf69.c:699:6:printRegisters	16	static
../Core/Src/RFM/rf69.c:712:9:headerTo	4	static
../Core/Src/RFM/rf69.c:717:9:headerFrom	4	static
../Core/Src/RFM/rf69.c:722:9:headerId	4	static
../Core/Src/RFM/rf69.c:727:9:headerFlags	4	static
../Core/Src/RFM/rf69.c:732:9:lastRssi	4	static
