../Core/Src/RFM/rf69.c:168:9:spiRead	24	static
../Core/Src/RFM/rf69.c:181:9:spiWrite	32	static
../Core/Src/RFM/rf69.c:194:9:spiBurstRead	32	static
../Core/Src/RFM/rf69.c:212:9:spiBurstWrite	32	static
../Core/Src/RFM/rf69.c:229:6:setIdleMode	16	static
../Core/Src/RFM/rf69.c:234:6:RF69_init	16	static
../Core/Src/RFM/rf69.c:301:6:readFifo	16	static
../Core/Src/RFM/rf69.c:339:8:temperatureRead	8	static
../Core/Src/RFM/rf69.c:349:6:setFrequency	24	static
../Core/Src/RFM/rf69.c:359:8:rssiRead	8	static
../Core/Src/RFM/rf69.c:364:6:setOpMode	24	static
../Core/Src/RFM/rf69.c:384:6:setModeIdle	8	static
../Core/Src/RFM/rf69.c:399:6:setSleep	8	static
../Core/Src/RFM/rf69.c:409:6:setModeRx	8	static
../Core/Src/RFM/rf69.c:424:6:setModeTx	8	static
../Core/Src/RFM/rf69.c:441:6:setTxPower	24	static
../Core/Src/RFM/rf69.c:486:6:setModemRegisters	16	static
../Core/Src/RFM/rf69.c:496:6:setModemConfig	24	static
../Core/Src/RFM/rf69.c:508:6:setPreambleLength	16	static
../Core/Src/RFM/rf69.c:514:6:setSyncWords	24	static
../Core/Src/RFM/rf69.c:534:6:setEncryptionKey	16	static
../Core/Src/RFM/rf69.c:547:6:available	16	static
../Core/Src/RFM/rf69.c:571:6:waitAvailableTimeout	24	static
../Core/Src/RFM/rf69.c:586:6:recv1	16	static
../Core/Src/RFM/rf69.c:602:6:send1	24	static
../Core/Src/RFM/rf69.c:640:6:waitPacketSent	16	static
../Core/Src/RFM/rf69.c:661:9:maxMessageLength	4	static
../Core/Src/RFM/rf69.c:666:6:printRegister	24	static
../Core/Src/RFM/rf69.c:672:6:printRegisters	16	static
../Core/Src/RFM/rf69.c:685:9:headerTo	4	static
../Core/Src/RFM/rf69.c:690:9:headerFrom	4	static
../Core/Src/RFM/rf69.c:695:9:headerId	4	static
../Core/Src/RFM/rf69.c:700:9:headerFlags	4	static
../Core/Src/RFM/rf69.c:705:9:lastRssi	4	static
