../Core/Src/main.c:71:6:bootloader_main	16	static
../Core/Src/main.c:100:1:__io_putchar	16	static
../Core/Src/main.c:112:5:main	8	static
../Core/Src/main.c:163:6:SystemClock_Config	88	static
../Core/Src/main.c:218:13:MX_CRC_Init	8	static
../Core/Src/main.c:244:13:MX_SPI1_Init	8	static
../Core/Src/main.c:282:13:MX_UART5_Init	8	static
../Core/Src/main.c:315:13:MX_USART2_UART_Init	8	static
../Core/Src/main.c:348:13:MX_USART3_UART_Init	8	static
../Core/Src/main.c:381:13:MX_GPIO_Init	48	static
../Core/Src/main.c:431:6:Error_Handler	4	static,ignoring_inline_asm
