../Core/Src/DISPLAY/GFX_FUNCTIONS.c:26:6:drawPixel	16	static
../Core/Src/DISPLAY/GFX_FUNCTIONS.c:31:6:fillRect	32	static
../Core/Src/DISPLAY/GFX_FUNCTIONS.c:50:6:writePixel	16	static
../Core/Src/DISPLAY/GFX_FUNCTIONS.c:55:6:writeLine	48	static
../Core/Src/DISPLAY/GFX_FUNCTIONS.c:95:7:drawFastVLine	32	static
../Core/Src/DISPLAY/GFX_FUNCTIONS.c:99:7:drawFastHLine	32	static
../Core/Src/DISPLAY/GFX_FUNCTIONS.c:104:6:drawLine	40	static
../Core/Src/DISPLAY/GFX_FUNCTIONS.c:117:6:drawCircle	40	static
../Core/Src/DISPLAY/GFX_FUNCTIONS.c:151:6:drawCircleHelper	40	static
../Core/Src/DISPLAY/GFX_FUNCTIONS.c:187:6:fillCircleHelper	40	static
../Core/Src/DISPLAY/GFX_FUNCTIONS.c:224:6:fillCircle	32	static
../Core/Src/DISPLAY/GFX_FUNCTIONS.c:232:6:drawRect	24	static
../Core/Src/DISPLAY/GFX_FUNCTIONS.c:240:6:drawRoundRect	40	static
../Core/Src/DISPLAY/GFX_FUNCTIONS.c:257:6:fillRoundRect	40	static
../Core/Src/DISPLAY/GFX_FUNCTIONS.c:269:6:drawTriangle	32	static
../Core/Src/DISPLAY/GFX_FUNCTIONS.c:277:6:fillTriangle	72	static
../Core/Src/DISPLAY/GFX_FUNCTIONS.c:354:6:fillScreen	24	static
../Core/Src/DISPLAY/GFX_FUNCTIONS.c:360:6:testLines	56	static
../Core/Src/DISPLAY/GFX_FUNCTIONS.c:403:6:testFastLines	32	static
../Core/Src/DISPLAY/GFX_FUNCTIONS.c:412:6:testRects	56	static
../Core/Src/DISPLAY/GFX_FUNCTIONS.c:427:6:testFilledRects	56	static
../Core/Src/DISPLAY/GFX_FUNCTIONS.c:444:6:testFilledCircles	40	static
../Core/Src/DISPLAY/GFX_FUNCTIONS.c:457:6:testCircles	40	static
../Core/Src/DISPLAY/GFX_FUNCTIONS.c:473:6:testTriangles	56	static
../Core/Src/DISPLAY/GFX_FUNCTIONS.c:490:6:testFilledTriangles	56	static
../Core/Src/DISPLAY/GFX_FUNCTIONS.c:503:6:testRoundRects	56	static
../Core/Src/DISPLAY/GFX_FUNCTIONS.c:520:6:testFilledRoundRects	48	static
../Core/Src/DISPLAY/GFX_FUNCTIONS.c:535:6:testFillScreen	8	static
../Core/Src/DISPLAY/GFX_FUNCTIONS.c:544:6:testAll	8	static
../Core/Src/DISPLAY/GFX_FUNCTIONS.c:559:6:ClearDisplay	32	static
../Core/Src/DISPLAY/GFX_FUNCTIONS.c:574:6:ScrollDisplay	32	static
../Core/Src/DISPLAY/GFX_FUNCTIONS.c:594:6:DisplayMessage	32	static
../Core/Src/DISPLAY/GFX_FUNCTIONS.c:614:6:print_To_display	96	static
