../Core/Src/DISPLAY/menu_UI.c:31:6:displayMainMenu	32	static
../Core/Src/DISPLAY/menu_UI.c:67:6:displayTotalControlMenu	48	static
../Core/Src/DISPLAY/menu_UI.c:124:6:displaySeparateControlMenu	64	static
../Core/Src/DISPLAY/menu_UI.c:170:6:displayDeviceControlMenu	64	static
../Core/Src/DISPLAY/menu_UI.c:218:6:displayClockSettingsMenu	32	static
../Core/Src/DISPLAY/menu_UI.c:246:6:alarm_A_setMenu	32	static
../Core/Src/DISPLAY/menu_UI.c:274:6:alarm_B_setMenu	32	static
../Core/Src/DISPLAY/menu_UI.c:302:6:displaySetAlarmMenu	96	static
../Core/Src/DISPLAY/menu_UI.c:336:6:displaySetTimeMenu	128	static
../Core/Src/DISPLAY/menu_UI.c:402:6:displaySetDateMenu	144	static
../Core/Src/DISPLAY/menu_UI.c:476:6:handleIncrementDecrement	8	static
../Core/Src/DISPLAY/menu_UI.c:558:6:drawCleanButton	48	static
../Core/Src/DISPLAY/menu_UI.c:574:6:drawTitleBar	48	static
../Core/Src/DISPLAY/menu_UI.c:587:6:drawSingleButton	48	static
../Core/Src/DISPLAY/menu_UI.c:617:6:updateButtonSelection	48	static
../Core/Src/DISPLAY/menu_UI.c:646:6:ST7735_WriteCenteredTimeDate	88	static
