../Core/Src/DISPLAY/menu_UI.c:31:6:displayMainMenu	32	static
../Core/Src/DISPLAY/menu_UI.c:67:6:displayTotalControlMenu	48	static
../Core/Src/DISPLAY/menu_UI.c:124:6:displaySeparateControlMenu	80	static
../Core/Src/DISPLAY/menu_UI.c:177:6:displayDeviceControlMenu	64	static
../Core/Src/DISPLAY/menu_UI.c:225:6:displayClockSettingsMenu	32	static
../Core/Src/DISPLAY/menu_UI.c:253:6:alarm_A_setMenu	32	static
../Core/Src/DISPLAY/menu_UI.c:281:6:alarm_B_setMenu	32	static
../Core/Src/DISPLAY/menu_UI.c:309:6:displaySetAlarmMenu	96	static
../Core/Src/DISPLAY/menu_UI.c:343:6:displaySetTimeMenu	128	static
../Core/Src/DISPLAY/menu_UI.c:409:6:displaySetDateMenu	144	static
../Core/Src/DISPLAY/menu_UI.c:483:6:handleIncrementDecrement	8	static
../Core/Src/DISPLAY/menu_UI.c:565:6:drawCleanButton	48	static
../Core/Src/DISPLAY/menu_UI.c:581:6:drawTitleBar	48	static
../Core/Src/DISPLAY/menu_UI.c:594:6:drawSingleButton	48	static
../Core/Src/DISPLAY/menu_UI.c:624:6:updateButtonSelection	48	static
../Core/Src/DISPLAY/menu_UI.c:653:6:ST7735_WriteCenteredTimeDate	88	static
