../Core/Src/DISPLAY/menu_UI.c:31:6:displayMainMenu	32	static
../Core/Src/DISPLAY/menu_UI.c:67:6:displayTotalControlMenu	48	static
../Core/Src/DISPLAY/menu_UI.c:124:6:displaySeparateControlMenu	80	static
../Core/Src/DISPLAY/menu_UI.c:177:6:displayDeviceControlMenu	64	static
../Core/Src/DISPLAY/menu_UI.c:225:6:displayClockSettingsMenu	32	static
../Core/Src/DISPLAY/menu_UI.c:253:6:alarm_A_setMenu	40	static
../Core/Src/DISPLAY/menu_UI.c:284:6:alarm_B_setMenu	40	static
../Core/Src/DISPLAY/menu_UI.c:316:6:displaySetAlarmMenu	96	static
../Core/Src/DISPLAY/menu_UI.c:350:6:displaySetTimeMenu	128	static
../Core/Src/DISPLAY/menu_UI.c:415:6:displayAlarmSetTimeMenu	120	static
../Core/Src/DISPLAY/menu_UI.c:482:6:displaySetDateMenu	144	static
../Core/Src/DISPLAY/menu_UI.c:556:6:displayDeviceSelectForAlarm	104	static
../Core/Src/DISPLAY/menu_UI.c:626:6:handleIncrementDecrement	8	static
../Core/Src/DISPLAY/menu_UI.c:739:6:drawCleanButton	48	static
../Core/Src/DISPLAY/menu_UI.c:756:6:drawTitleBar	48	static
../Core/Src/DISPLAY/menu_UI.c:770:6:drawSingleButton	48	static
../Core/Src/DISPLAY/menu_UI.c:800:6:updateButtonSelection	48	static
../Core/Src/DISPLAY/menu_UI.c:829:6:ST7735_WriteCenteredTimeDate	88	static
