../Core/Src/MQTT/MQTTSim800.c:34:6:SIM800_MQTT_StateMachineHandler	240	static
../Core/Src/MQTT/MQTTSim800.c:151:6:Sim800_RxCallBack	8	static
../Core/Src/MQTT/MQTTSim800.c:214:6:clearRxBuffer	8	static
../Core/Src/MQTT/MQTTSim800.c:225:6:clearMqttBuffer	8	static
../Core/Src/MQTT/MQTTSim800.c:239:5:SIM800_SendCommand	24	static
../Core/Src/MQTT/MQTTSim800.c:362:6:MQTT_Pub	328	static
../Core/Src/MQTT/MQTTSim800.c:385:6:MQTT_PubUint8	48	static
../Core/Src/MQTT/MQTTSim800.c:398:6:MQTT_PubUint16	48	static
../Core/Src/MQTT/MQTTSim800.c:411:6:MQTT_PubUint32	48	static
../Core/Src/MQTT/MQTTSim800.c:424:6:MQTT_PubFloat	48	static
../Core/Src/MQTT/MQTTSim800.c:437:6:MQTT_PubDouble	56	static
../Core/Src/MQTT/MQTTSim800.c:449:6:MQTT_PingReq	32	static
../Core/Src/MQTT/MQTTSim800.c:462:6:MQTT_Sub	304	static
../Core/Src/MQTT/MQTTSim800.c:484:6:MQTT_Receive	56	static
