Archive member included to satisfy reference by file (symbol)

C:/ST/STM32CubeIDE_1.16.1/STM32CubeIDE/plugins/com.st.stm32cube.ide.mcu.externaltools.gnu-tools-for-stm32.13.3.rel1.win32_1.0.0.202411081344/tools/bin/../lib/gcc/arm-none-eabi/13.3.1/../../../../arm-none-eabi/lib/thumb/v7e-m+fp/hard\libc_nano.a(libc_a-exit.o)
                              C:/ST/STM32CubeIDE_1.16.1/STM32CubeIDE/plugins/com.st.stm32cube.ide.mcu.externaltools.gnu-tools-for-stm32.13.3.rel1.win32_1.0.0.202411081344/tools/bin/../lib/gcc/arm-none-eabi/13.3.1/../../../../arm-none-eabi/lib/thumb/v7e-m+fp/hard/crt0.o (exit)
C:/ST/STM32CubeIDE_1.16.1/STM32CubeIDE/plugins/com.st.stm32cube.ide.mcu.externaltools.gnu-tools-for-stm32.13.3.rel1.win32_1.0.0.202411081344/tools/bin/../lib/gcc/arm-none-eabi/13.3.1/../../../../arm-none-eabi/lib/thumb/v7e-m+fp/hard\libc_nano.a(libc_a-malloc.o)
                              ./Core/Src/cJSON.o (malloc)
C:/ST/STM32CubeIDE_1.16.1/STM32CubeIDE/plugins/com.st.stm32cube.ide.mcu.externaltools.gnu-tools-for-stm32.13.3.rel1.win32_1.0.0.202411081344/tools/bin/../lib/gcc/arm-none-eabi/13.3.1/../../../../arm-none-eabi/lib/thumb/v7e-m+fp/hard\libc_nano.a(libc_a-mallocr.o)
                              C:/ST/STM32CubeIDE_1.16.1/STM32CubeIDE/plugins/com.st.stm32cube.ide.mcu.externaltools.gnu-tools-for-stm32.13.3.rel1.win32_1.0.0.202411081344/tools/bin/../lib/gcc/arm-none-eabi/13.3.1/../../../../arm-none-eabi/lib/thumb/v7e-m+fp/hard\libc_nano.a(libc_a-malloc.o) (_malloc_r)
C:/ST/STM32CubeIDE_1.16.1/STM32CubeIDE/plugins/com.st.stm32cube.ide.mcu.externaltools.gnu-tools-for-stm32.13.3.rel1.win32_1.0.0.202411081344/tools/bin/../lib/gcc/arm-none-eabi/13.3.1/../../../../arm-none-eabi/lib/thumb/v7e-m+fp/hard\libc_nano.a(libc_a-mlock.o)
                              C:/ST/STM32CubeIDE_1.16.1/STM32CubeIDE/plugins/com.st.stm32cube.ide.mcu.externaltools.gnu-tools-for-stm32.13.3.rel1.win32_1.0.0.202411081344/tools/bin/../lib/gcc/arm-none-eabi/13.3.1/../../../../arm-none-eabi/lib/thumb/v7e-m+fp/hard\libc_nano.a(libc_a-mallocr.o) (__malloc_lock)
C:/ST/STM32CubeIDE_1.16.1/STM32CubeIDE/plugins/com.st.stm32cube.ide.mcu.externaltools.gnu-tools-for-stm32.13.3.rel1.win32_1.0.0.202411081344/tools/bin/../lib/gcc/arm-none-eabi/13.3.1/../../../../arm-none-eabi/lib/thumb/v7e-m+fp/hard\libc_nano.a(libc_a-realloc.o)
                              ./Core/Src/cJSON.o (realloc)
C:/ST/STM32CubeIDE_1.16.1/STM32CubeIDE/plugins/com.st.stm32cube.ide.mcu.externaltools.gnu-tools-for-stm32.13.3.rel1.win32_1.0.0.202411081344/tools/bin/../lib/gcc/arm-none-eabi/13.3.1/../../../../arm-none-eabi/lib/thumb/v7e-m+fp/hard\libc_nano.a(libc_a-reallocr.o)
                              C:/ST/STM32CubeIDE_1.16.1/STM32CubeIDE/plugins/com.st.stm32cube.ide.mcu.externaltools.gnu-tools-for-stm32.13.3.rel1.win32_1.0.0.202411081344/tools/bin/../lib/gcc/arm-none-eabi/13.3.1/../../../../arm-none-eabi/lib/thumb/v7e-m+fp/hard\libc_nano.a(libc_a-realloc.o) (_realloc_r)
C:/ST/STM32CubeIDE_1.16.1/STM32CubeIDE/plugins/com.st.stm32cube.ide.mcu.externaltools.gnu-tools-for-stm32.13.3.rel1.win32_1.0.0.202411081344/tools/bin/../lib/gcc/arm-none-eabi/13.3.1/../../../../arm-none-eabi/lib/thumb/v7e-m+fp/hard\libc_nano.a(libc_a-strtod.o)
                              ./Core/Src/cJSON.o (strtod)
C:/ST/STM32CubeIDE_1.16.1/STM32CubeIDE/plugins/com.st.stm32cube.ide.mcu.externaltools.gnu-tools-for-stm32.13.3.rel1.win32_1.0.0.202411081344/tools/bin/../lib/gcc/arm-none-eabi/13.3.1/../../../../arm-none-eabi/lib/thumb/v7e-m+fp/hard\libc_nano.a(libc_a-ctype_.o)
                              ./Core/Src/cJSON.o (_ctype_)
C:/ST/STM32CubeIDE_1.16.1/STM32CubeIDE/plugins/com.st.stm32cube.ide.mcu.externaltools.gnu-tools-for-stm32.13.3.rel1.win32_1.0.0.202411081344/tools/bin/../lib/gcc/arm-none-eabi/13.3.1/../../../../arm-none-eabi/lib/thumb/v7e-m+fp/hard\libc_nano.a(libc_a-findfp.o)
                              C:/ST/STM32CubeIDE_1.16.1/STM32CubeIDE/plugins/com.st.stm32cube.ide.mcu.externaltools.gnu-tools-for-stm32.13.3.rel1.win32_1.0.0.202411081344/tools/bin/../lib/gcc/arm-none-eabi/13.3.1/../../../../arm-none-eabi/lib/thumb/v7e-m+fp/hard\libc_nano.a(libc_a-exit.o) (__stdio_exit_handler)
C:/ST/STM32CubeIDE_1.16.1/STM32CubeIDE/plugins/com.st.stm32cube.ide.mcu.externaltools.gnu-tools-for-stm32.13.3.rel1.win32_1.0.0.202411081344/tools/bin/../lib/gcc/arm-none-eabi/13.3.1/../../../../arm-none-eabi/lib/thumb/v7e-m+fp/hard\libc_nano.a(libc_a-fwalk.o)
                              C:/ST/STM32CubeIDE_1.16.1/STM32CubeIDE/plugins/com.st.stm32cube.ide.mcu.externaltools.gnu-tools-for-stm32.13.3.rel1.win32_1.0.0.202411081344/tools/bin/../lib/gcc/arm-none-eabi/13.3.1/../../../../arm-none-eabi/lib/thumb/v7e-m+fp/hard\libc_nano.a(libc_a-findfp.o) (_fwalk_sglue)
C:/ST/STM32CubeIDE_1.16.1/STM32CubeIDE/plugins/com.st.stm32cube.ide.mcu.externaltools.gnu-tools-for-stm32.13.3.rel1.win32_1.0.0.202411081344/tools/bin/../lib/gcc/arm-none-eabi/13.3.1/../../../../arm-none-eabi/lib/thumb/v7e-m+fp/hard\libc_nano.a(libc_a-printf.o)
[...]
Memory Configuration

Name             Origin             Length             Attributes
RAM              0x20000000         0x00020000         xrw
FLASH            0x08008000         0x00078000         xr
*default*        0x00000000         0xffffffff

Linker script and memory map

LOAD C:/ST/STM32CubeIDE_1.16.1/STM32CubeIDE/plugins/com.st.stm32cube.ide.mcu.externaltools.gnu-tools-for-stm32.13.3.rel1.win32_1.0.0.202411081344/tools/bin/../lib/gcc/arm-none-eabi/13.3.1/thumb/v7e-m+fp/hard/crti.o
LOAD C:/ST/STM32CubeIDE_1.16.1/STM32CubeIDE/plugins/com.st.stm32cube.ide.mcu.externaltools.gnu-tools-for-stm32.13.3.rel1.win32_1.0.0.202411081344/tools/bin/../lib/gcc/arm-none-eabi/13.3.1/thumb/v7e-m+fp/hard/crtbegin.o
LOAD C:/ST/STM32CubeIDE_1.16.1/STM32CubeIDE/plugins/com.st.stm32cube.ide.mcu.externaltools.gnu-tools-for-stm32.13.3.rel1.win32_1.0.0.202411081344/tools/bin/../lib/gcc/arm-none-eabi/13.3.1/../../../../arm-none-eabi/lib/thumb/v7e-m+fp/hard/crt0.o
LOAD ./Core/Src/GFX_FUNCTIONS.o
LOAD ./Core/Src/ST7735.o
LOAD ./Core/Src/cJSON.o
LOAD ./Core/Src/cJSON_Utils.o
LOAD ./Core/Src/display_app.o
LOAD ./Core/Src/display_ctrl.o
LOAD ./Core/Src/fonts.o
LOAD ./Core/Src/main.o
LOAD ./Core/Src/stm32f4xx_hal_msp.o
LOAD ./Core/Src/stm32f4xx_hal_timebase_tim.o
LOAD ./Core/Src/stm32f4xx_it.o
LOAD ./Core/Src/syscalls.o
LOAD ./Core/Src/system_stm32f4xx.o
LOAD ./Core/Src/user_app.o
LOAD ./Core/Startup/startup_stm32f446retx.o
LOAD ./Drivers/STM32F4xx_HAL_Driver/Src/stm32f4xx_hal.o
LOAD ./Drivers/STM32F4xx_HAL_Driver/Src/stm32f4xx_hal_cortex.o
LOAD ./Drivers/STM32F4xx_HAL_Driver/Src/stm32f4xx_hal_dma.o
LOAD ./Drivers/STM32F4xx_HAL_Driver/Src/stm32f4xx_hal_dma_ex.o
LOAD ./Drivers/STM32F4xx_HAL_Driver/Src/stm32f4xx_hal_exti.o
LOAD ./Drivers/STM32F4xx_HAL_Driver/Src/stm32f4xx_hal_flash.o
LOAD ./Drivers/STM32F4xx_HAL_Driver/Src/stm32f4xx_hal_flash_ex.o
LOAD ./Drivers/STM32F4xx_HAL_Driver/Src/stm32f4xx_hal_flash_ramfunc.o
LOAD ./Drivers/STM32F4xx_HAL_Driver/Src/stm32f4xx_hal_gpio.o
LOAD ./Drivers/STM32F4xx_HAL_Driver/Src/stm32f4xx_hal_pwr.o
LOAD ./Drivers/STM32F4xx_HAL_Driver/Src/stm32f4xx_hal_pwr_ex.o
LOAD ./Drivers/STM32F4xx_HAL_Driver/Src/stm32f4xx_hal_rcc.o
LOAD ./Drivers/STM32F4xx_HAL_Driver/Src/stm32f4xx_hal_rcc_ex.o
LOAD ./Drivers/STM32F4xx_HAL_Driver/Src/stm32f4xx_hal_spi.o
LOAD ./Drivers/STM32F4xx_HAL_Driver/Src/stm32f4xx_hal_tim.o
LOAD ./Drivers/STM32F4xx_HAL_Driver/Src/stm32f4xx_hal_tim_ex.o
LOAD ./Drivers/STM32F4xx_HAL_Driver/Src/stm32f4xx_hal_uart.o
LOAD ./RTOS/freeRTOS/croutine.o
LOAD ./RTOS/freeRTOS/event_groups.o
LOAD ./RTOS/freeRTOS/list.o
LOAD ./RTOS/freeRTOS/queue.o
LOAD ./RTOS/freeRTOS/stream_buffer.o
LOAD ./RTOS/freeRTOS/tasks.o
LOAD ./RTOS/freeRTOS/timers.o
LOAD ./RTOS/freeRTOS/portable/GCC/ARM_CM4F/port.o
LOAD ./RTOS/freeRTOS/portable/MemMang/heap_4.o
START GROUP
LOAD C:/ST/STM32CubeIDE_1.16.1/STM32CubeIDE/plugins/com.st.stm32cube.ide.mcu.externaltools.gnu-tools-for-stm32.13.3.rel1.win32_1.0.0.202411081344/tools/bin/../lib/gcc/arm-none-eabi/13.3.1/../../../../arm-none-eabi/lib/thumb/v7e-m+fp/hard\libc_nano.a
LOAD C:/ST/STM32CubeIDE_1.16.1/STM32CubeIDE/plugins/com.st.stm32cube.ide.mcu.externaltools.gnu-tools-for-stm32.13.3.rel1.win32_1.0.0.202411081344/tools/bin/../lib/gcc/arm-none-eabi/13.3.1/../../../../arm-none-eabi/lib/thumb/v7e-m+fp/hard\libm.a
END GROUP
START GROUP
LOAD C:/ST/STM32CubeIDE_1.16.1/STM32CubeIDE/plugins/com.st.stm32cube.ide.mcu.externaltools.gnu-tools-for-stm32.13.3.rel1.win32_1.0.0.202411081344/tools/bin/../lib/gcc/arm-none-eabi/13.3.1/thumb/v7e-m+fp/hard\libgcc.a
LOAD C:/ST/STM32CubeIDE_1.16.1/STM32CubeIDE/plugins/com.st.stm32cube.ide.mcu.externaltools.gnu-tools-for-stm32.13.3.rel1.win32_1.0.0.202411081344/tools/bin/../lib/gcc/arm-none-eabi/13.3.1/../../../../arm-none-eabi/lib/thumb/v7e-m+fp/hard\libc_nano.a
END GROUP
START GROUP
LOAD C:/ST/STM32CubeIDE_1.16.1/STM32CubeIDE/plugins/com.st.stm32cube.ide.mcu.externaltools.gnu-tools-for-stm32.13.3.rel1.win32_1.0.0.202411081344/tools/bin/../lib/gcc/arm-none-eabi/13.3.1/thumb/v7e-m+fp/hard\libgcc.a
LOAD C:/ST/STM32CubeIDE_1.16.1/STM32CubeIDE/plugins/com.st.stm32cube.ide.mcu.externaltools.gnu-tools-for-stm32.13.3.rel1.win32_1.0.0.202411081344/tools/bin/../lib/gcc/arm-none-eabi/13.3.1/../../../../arm-none-eabi/lib/thumb/v7e-m+fp/hard\libc_nano.a
LOAD C:/ST/STM32CubeIDE_1.16.1/STM32CubeIDE/plugins/com.st.stm32cube.ide.mcu.externaltools.gnu-tools-for-stm32.13.3.rel1.win32_1.0.0.202411081344/tools/bin/../lib/gcc/arm-none-eabi/13.3.1/../../../../arm-none-eabi/lib/thumb/v7e-m+fp/hard\libnosys.a
END GROUP
START GROUP
LOAD C:/ST/STM32CubeIDE_1.16.1/STM32CubeIDE/plugins/com.st.stm32cube.ide.mcu.externaltools.gnu-tools-for-stm32.13.3.rel1.win32_1.0.0.202411081344/tools/bin/../lib/gcc/arm-none-eabi/13.3.1/thumb/v7e-m+fp/hard\libgcc.a
LOAD C:/ST/STM32CubeIDE_1.16.1/STM32CubeIDE/plugins/com.st.stm32cube.ide.mcu.externaltools.gnu-tools-for-stm32.13.3.rel1.win32_1.0.0.202411081344/tools/bin/../lib/gcc/arm-none-eabi/13.3.1/../../../../arm-none-eabi/lib/thumb/v7e-m+fp/hard\libc_nano.a
LOAD C:/ST/STM32CubeIDE_1.16.1/STM32CubeIDE/plugins/com.st.stm32cube.ide.mcu.externaltools.gnu-tools-for-stm32.13.3.rel1.win32_1.0.0.202411081344/tools/bin/../lib/gcc/arm-none-eabi/13.3.1/../../../../arm-none-eabi/lib/thumb/v7e-m+fp/hard\libnosys.a
END GROUP
LOAD C:/ST/STM32CubeIDE_1.16.1/STM32CubeIDE/plugins/com.st.stm32cube.ide.mcu.externaltools.gnu-tools-for-stm32.13.3.rel1.win32_1.0.0.202411081344/tools/bin/../lib/gcc/arm-none-eabi/13.3.1/thumb/v7e-m+fp/hard/crtend.o
LOAD C:/ST/STM32CubeIDE_1.16.1/STM32CubeIDE/plugins/com.st.stm32cube.ide.mcu.externaltools.gnu-tools-for-stm32.13.3.rel1.win32_1.0.0.202411081344/tools/bin/../lib/gcc/arm-none-eabi/13.3.1/thumb/v7e-m+fp/hard/crtn.o
                0x20020000                        _estack = (ORIGIN (RAM) + LENGTH (RAM))
                0x00000200                        _Min_Heap_Size = 0x200
                0x00000400                        _Min_Stack_Size = 0x400

.isr_vector     0x08008000      0x1c4
                0x08008000                        . = ALIGN (0x4)
 *(.isr_vector)
 .isr_vector    0x08008000      0x1c4 ./Core/Startup/startup_stm32f446retx.o
                0x08008000                g_pfnVectors
                0x080081c4                        . = ALIGN (0x4)

.text           0x080081d0    0x10068
                0x080081d0                        . = ALIGN (0x4)
 *(.text)
 .text          0x080081d0       0x40 C:/ST/STM32CubeIDE_1.16.1/STM32CubeIDE/plugins/com.st.stm32cube.ide.mcu.externaltools.gnu-tools-for-stm32.13.3.rel1.win32_1.0.0.202411081344/tools/bin/../lib/gcc/arm-none-eabi/13.3.1/thumb/v7e-m+fp/hard/crtbegin.o
 .text          0x08008210       0x14 C:/ST/STM32CubeIDE_1.16.1/STM32CubeIDE/plugins/com.st.stm32cube.ide.mcu.externaltools.gnu-tools-for-stm32.13.3.rel1.win32_1.0.0.202411081344/tools/bin/../lib/gcc/arm-none-eabi/13.3.1/../../../../arm-none-eabi/lib/thumb/v7e-m+fp/hard\libc_nano.a(libc_a-strcmp.o)
                0x08008210                strcmp
 .text          0x08008224       0x10 C:/ST/STM32CubeIDE_1.16.1/STM32CubeIDE/plugins/com.st.stm32cube.ide.mcu.externaltools.gnu-tools-for-stm32.13.3.rel1.win32_1.0.0.202411081344/tools/bin/../lib/gcc/arm-none-eabi/13.3.1/../../../../arm-none-eabi/lib/thumb/v7e-m+fp/hard\libc_nano.a(libc_a-strlen.o)
                0x08008224                strlen
 *fill*         0x08008234        0xc 
 .text          0x08008240       0xa0 C:/ST/STM32CubeIDE_1.16.1/STM32CubeIDE/plugins/com.st.stm32cube.ide.mcu.externaltools.gnu-tools-for-stm32.13.3.rel1.win32_1.0.0.202411081344/tools/bin/../lib/gcc/arm-none-eabi/13.3.1/../../../../arm-none-eabi/lib/thumb/v7e-m+fp/hard\libc_nano.a(libc_a-memchr.o)
                0x08008240                memchr
 .text          0x080082e0      0x378 C:/ST/STM32CubeIDE_1.16.1/STM32CubeIDE/plugins/com.st.stm32cube.ide.mcu.externaltools.gnu-tools-for-stm32.13.3.rel1.win32_1.0.0.202411081344/tools/bin/../lib/gcc/arm-none-eabi/13.3.1/thumb/v7e-m+fp/hard\libgcc.a(_arm_addsubdf3.o)
                0x080082e0                __aeabi_drsub
                0x080082e8                __aeabi_dsub
                0x080082e8                __subdf3
                0x080082ec                __aeabi_dadd
                0x080082ec                __adddf3
                0x08008564                __floatunsidf
                0x08008564                __aeabi_ui2d
                0x08008584                __floatsidf
                0x08008584                __aeabi_i2d
                0x080085a8                __aeabi_f2d
                0x080085a8                __extendsfdf2
                0x080085ec                __floatundidf
                0x080085ec                __aeabi_ul2d
                0x080085fc                __floatdidf
                0x080085fc                __aeabi_l2d
 .text          0x08008658      0x424 C:/ST/STM32CubeIDE_1.16.1/STM32CubeIDE/plugins/com.st.stm32cube.ide.mcu.externaltools.gnu-tools-for-stm32.13.3.rel1.win32_1.0.0.202411081344/tools/bin/../lib/gcc/arm-none-eabi/13.3.1/thumb/v7e-m+fp/hard\libgcc.a(_arm_muldivdf3.o)
                0x08008658                __aeabi_dmul
                0x08008658                __muldf3
                0x080088ac                __divdf3
                0x080088ac                __aeabi_ddiv
 .text          0x08008a7c      0x110 C:/ST/STM32CubeIDE_1.16.1/STM32CubeIDE/plugins/com.st.stm32cube.ide.mcu.externaltools.gnu-tools-for-stm32.13.3.rel1.win32_1.0.0.202411081344/tools/bin/../lib/gcc/arm-none-eabi/13.3.1/thumb/v7e-m+fp/hard\libgcc.a(_arm_cmpdf2.o)
                0x08008a7c                __gtdf2
                0x08008a7c                __gedf2
                0x08008a84                __ltdf2
                0x08008a84                __ledf2
                0x08008a8c                __nedf2
                0x08008a8c                __eqdf2
                0x08008a8c                __cmpdf2
                0x08008b08                __aeabi_cdrcmple
                0x08008b18                __aeabi_cdcmpeq
                0x08008b18                __aeabi_cdcmple
                0x08008b28                __aeabi_dcmpeq
                0x08008b3c                __aeabi_dcmplt
                0x08008b50                __aeabi_dcmple
                0x08008b64                __aeabi_dcmpge
                0x08008b78                __aeabi_dcmpgt
 .text          0x08008b8c       0x2c C:/ST/STM32CubeIDE_1.16.1/STM32CubeIDE/plugins/com.st.stm32cube.ide.mcu.externaltools.gnu-tools-for-stm32.13.3.rel1.win32_1.0.0.202411081344/tools/bin/../lib/gcc/arm-none-eabi/13.3.1/thumb/v7e-m+fp/hard\libgcc.a(_arm_unorddf2.o)
                0x08008b8c                __unorddf2
                0x08008b8c                __aeabi_dcmpun
 .text          0x08008bb8       0x50 C:/ST/STM32CubeIDE_1.16.1/STM32CubeIDE/plugins/com.st.stm32cube.ide.mcu.externaltools.gnu-tools-for-stm32.13.3.rel1.win32_1.0.0.202411081344/tools/bin/../lib/gcc/arm-none-eabi/13.3.1/thumb/v7e-m+fp/hard\libgcc.a(_arm_fixdfsi.o)
                0x08008bb8                __aeabi_d2iz
                0x08008bb8                __fixdfsi
 .text          0x08008c08       0x40 C:/ST/STM32CubeIDE_1.16.1/STM32CubeIDE/plugins/com.st.stm32cube.ide.mcu.externaltools.gnu-tools-for-stm32.13.3.rel1.win32_1.0.0.202411081344/tools/bin/../lib/gcc/arm-none-eabi/13.3.1/thumb/v7e-m+fp/hard\libgcc.a(_arm_fixunsdfsi.o)
                0x08008c08                __aeabi_d2uiz
                0x08008c08                __fixunsdfsi
 .text          0x08008c48       0x30 C:/ST/STM32CubeIDE_1.16.1/STM32CubeIDE/plugins/com.st.stm32cube.ide.mcu.externaltools.gnu-tools-for-stm32.13.3.rel1.win32_1.0.0.202411081344/tools/bin/../lib/gcc/arm-none-eabi/13.3.1/thumb/v7e-m+fp/hard\libgcc.a(_aeabi_uldivmod.o)
                0x08008c48                __aeabi_uldivmod
 .text          0x08008c78       0x30 C:/ST/STM32CubeIDE_1.16.1/STM32CubeIDE/plugins/com.st.stm32cube.ide.mcu.externaltools.gnu-tools-for-stm32.13.3.rel1.win32_1.0.0.202411081344/tools/bin/../lib/gcc/arm-none-eabi/13.3.1/thumb/v7e-m+fp/hard\libgcc.a(_fixdfdi.o)
                0x08008c78                __fixdfdi
                0x08008c78                __aeabi_d2lz
 .text          0x08008ca8       0x3c C:/ST/STM32CubeIDE_1.16.1/STM32CubeIDE/plugins/com.st.stm32cube.ide.mcu.externaltools.gnu-tools-for-stm32.13.3.rel1.win32_1.0.0.202411081344/tools/bin/../lib/gcc/arm-none-eabi/13.3.1/thumb/v7e-m+fp/hard\libgcc.a(_fixunsdfdi.o)
                0x08008ca8                __fixunsdfdi
                0x08008ca8                __aeabi_d2ulz
 .text          0x08008ce4      0x2f8 C:/ST/STM32CubeIDE_1.16.1/STM32CubeIDE/plugins/com.st.stm32cube.ide.mcu.externaltools.gnu-tools-for-stm32.13.3.rel1.win32_1.0.0.202411081344/tools/bin/../lib/gcc/arm-none-eabi/13.3.1/thumb/v7e-m+fp/hard\libgcc.a(_udivmoddi4.o)
                0x08008ce4                __udivmoddi4
 .text          0x08008fdc        0x4 C:/ST/STM32CubeIDE_1.16.1/STM32CubeIDE/plugins/com.st.stm32cube.ide.mcu.externaltools.gnu-tools-for-stm32.13.3.rel1.win32_1.0.0.202411081344/tools/bin/../lib/gcc/arm-none-eabi/13.3.1/thumb/v7e-m+fp/hard\libgcc.a(_dvmd_tls.o)
                0x08008fdc                __aeabi_idiv0
                0x08008fdc                __aeabi_ldiv0
 *(.text*)
 .text.drawPixel
                0x08008fe0       0x26 ./Core/Src/GFX_FUNCTIONS.o
                0x08008fe0                drawPixel
 .text.fillRect
                0x08009006       0x38 ./Core/Src/GFX_FUNCTIONS.o
                0x08009006                fillRect
 .text.writePixel
                0x0800903e       0x2a ./Core/Src/GFX_FUNCTIONS.o
                0x0800903e                writePixel
 .text.writeLine
                0x08009068      0x144 ./Core/Src/GFX_FUNCTIONS.o
                0x08009068                writeLine
 .text.drawFastVLine
                0x080091ac       0x4a ./Core/Src/GFX_FUNCTIONS.o
                0x080091ac                drawFastVLine
 .text.drawFastHLine
                0x080091f6       0x4a ./Core/Src/GFX_FUNCTIONS.o
                0x080091f6                drawFastHLine
 .text.drawLine
                0x08009240       0xc4 ./Core/Src/GFX_FUNCTIONS.o
                0x08009240                drawLine
 .text.drawCircleHelper
                0x08009304      0x1a8 ./Core/Src/GFX_FUNCTIONS.o
                0x08009304                drawCircleHelper
 .text.fillCircleHelper
                0x080094ac      0x19c ./Core/Src/GFX_FUNCTIONS.o
                0x080094ac                fillCircleHelper
 .text.drawRoundRect
                0x08009648      0x19a ./Core/Src/GFX_FUNCTIONS.o
                0x08009648                drawRoundRect
 .text.fillRoundRect
                0x080097e2       0xf2 ./Core/Src/GFX_FUNCTIONS.o
                0x080097e2                fillRoundRect
 .text.fillScreen
                0x080098d4       0x34 ./Core/Src/GFX_FUNCTIONS.o
                0x080098d4                fillScreen
 .text.ST7735_Select
                0x08009908       0x18 ./Core/Src/ST7735.o
                0x08009908                ST7735_Select
 .text.ST7735_Unselect
                0x08009920       0x18 ./Core/Src/ST7735.o
                0x08009920                ST7735_Unselect
 .text.ST7735_Reset
                0x08009938       0x28 ./Core/Src/ST7735.o
                0x08009938                ST7735_Reset
 .text.ST7735_WriteCommand
                0x08009960       0x34 ./Core/Src/ST7735.o
                0x08009960                ST7735_WriteCommand
 .text.ST7735_WriteData
                0x08009994       0x34 ./Core/Src/ST7735.o
                0x08009994                ST7735_WriteData
 .text.DisplayInit
                0x080099c8       0x92 ./Core/Src/ST7735.o
                0x080099c8                DisplayInit
 *fill*         0x08009a5a        0x2 
 .text.ST7735_SetAddressWindow
                0x08009a5c       0x90 ./Core/Src/ST7735.o
                0x08009a5c                ST7735_SetAddressWindow
 .text.ST7735_Init
                0x08009aec       0x58 ./Core/Src/ST7735.o
                0x08009aec                ST7735_Init
 .text.ST7735_SetRotation
                0x08009b44      0x100 ./Core/Src/ST7735.o
                0x08009b44                ST7735_SetRotation
 .text.ST7735_DrawPixel
                0x08009c44       0x7c ./Core/Src/ST7735.o
                0x08009c44                ST7735_DrawPixel
 .text.ST7735_WriteChar
                0x08009cc0       0xee ./Core/Src/ST7735.o
                0x08009cc0                ST7735_WriteChar
 *fill*         0x08009dae        0x2 
 .text.ST7735_WriteString
                0x08009db0       0xa8 ./Core/Src/ST7735.o
                0x08009db0                ST7735_WriteString
 .text.ST7735_FillRectangle
                0x08009e58      0x110 ./Core/Src/ST7735.o
                0x08009e58                ST7735_FillRectangle
 .text.case_insensitive_strcmp
                0x08009f68       0xd8 ./Core/Src/cJSON.o
 .text.cJSON_strdup
                0x0800a040       0x50 ./Core/Src/cJSON.o
 .text.cJSON_New_Item
                0x0800a090       0x2c ./Core/Src/cJSON.o
 .text.cJSON_Delete
                0x0800a0bc       0xa0 ./Core/Src/cJSON.o
                0x0800a0bc                cJSON_Delete
 .text.get_decimal_point
                0x0800a15c       0x10 ./Core/Src/cJSON.o
 *fill*         0x0800a16c        0x4 
 .text.parse_number
                0x0800a170      0x198 ./Core/Src/cJSON.o
 .text.ensure   0x0800a308      0x134 ./Core/Src/cJSON.o
 .text.update_offset
                0x0800a43c       0x42 ./Core/Src/cJSON.o
 *fill*         0x0800a47e        0x2 
 .text.compare_double
                0x0800a480       0x90 ./Core/Src/cJSON.o
 .text.print_number
                0x0800a510      0x1e0 ./Core/Src/cJSON.o
 .text.parse_hex4
                0x0800a6f0       0xc4 ./Core/Src/cJSON.o
 .text.utf16_literal_to_utf8
                0x0800a7b4      0x1d0 ./Core/Src/cJSON.o
 .text.parse_string
                0x0800a984      0x290 ./Core/Src/cJSON.o
 .text.print_string_ptr
                0x0800ac14      0x260 ./Core/Src/cJSON.o
 .text.print_string
                0x0800ae74       0x20 ./Core/Src/cJSON.o
 .text.buffer_skip_whitespace
                0x0800ae94       0x80 ./Core/Src/cJSON.o
 .text.skip_utf8_bom
                0x0800af14       0x68 ./Core/Src/cJSON.o
 .text.cJSON_ParseWithOpts
                0x0800af7c       0x38 ./Core/Src/cJSON.o
                0x0800af7c                cJSON_ParseWithOpts
 .text.cJSON_ParseWithLengthOpts
                0x0800afb4      0x134 ./Core/Src/cJSON.o
                0x0800afb4                cJSON_ParseWithLengthOpts
 .text.cJSON_Parse
                0x0800b0e8       0x1c ./Core/Src/cJSON.o
                0x0800b0e8                cJSON_Parse
 .text.print    0x0800b104      0x114 ./Core/Src/cJSON.o
 .text.cJSON_PrintUnformatted
                0x0800b218       0x20 ./Core/Src/cJSON.o
                0x0800b218                cJSON_PrintUnformatted
 .text.parse_value
                0x0800b238      0x1d8 ./Core/Src/cJSON.o
 .text.print_value
                0x0800b410      0x1c8 ./Core/Src/cJSON.o
 .text.parse_array
                0x0800b5d8      0x188 ./Core/Src/cJSON.o
 .text.print_array
                0x0800b760      0x10c ./Core/Src/cJSON.o
 .text.parse_object
                0x0800b86c      0x218 ./Core/Src/cJSON.o
 .text.print_object
                0x0800ba84      0x23c ./Core/Src/cJSON.o
 .text.get_object_item
                0x0800bcc0       0x90 ./Core/Src/cJSON.o
 .text.cJSON_GetObjectItem
                0x0800bd50       0x1e ./Core/Src/cJSON.o
                0x0800bd50                cJSON_GetObjectItem
 .text.suffix_object
                0x0800bd6e       0x22 ./Core/Src/cJSON.o
 .text.add_item_to_array
                0x0800bd90       0x6c ./Core/Src/cJSON.o
 .text.cast_away_const
                0x0800bdfc       0x16 ./Core/Src/cJSON.o
 .text.add_item_to_object
                0x0800be12       0xaa ./Core/Src/cJSON.o
 .text.cJSON_AddNumberToObject
                0x0800bebc       0x48 ./Core/Src/cJSON.o
                0x0800bebc                cJSON_AddNumberToObject
 *fill*         0x0800bf04        0x4 
 .text.cJSON_CreateNumber
                0x0800bf08       0x90 ./Core/Src/cJSON.o
                0x0800bf08                cJSON_CreateNumber
 .text.cJSON_CreateObject
                0x0800bf98       0x28 ./Core/Src/cJSON.o
                0x0800bf98                cJSON_CreateObject
 .text.cJSON_IsNumber
                0x0800bfc0       0x2e ./Core/Src/cJSON.o
                0x0800bfc0                cJSON_IsNumber
 *fill*         0x0800bfee        0x2 
 .text.drawCleanButton
                0x0800bff0      0x11c ./Core/Src/display_ctrl.o
                0x0800bff0                drawCleanButton
 .text.drawTitleBar
                0x0800c10c       0x80 ./Core/Src/display_ctrl.o
                0x0800c10c                drawTitleBar
 .text.drawStatusInfo
                0x0800c18c       0x44 ./Core/Src/display_ctrl.o
                0x0800c18c                drawStatusInfo
 .text.displayMainMenu
                0x0800c1d0       0x9c ./Core/Src/display_ctrl.o
                0x0800c1d0                displayMainMenu
 .text.displayTotalControlMenu
                0x0800c26c      0x110 ./Core/Src/display_ctrl.o
                0x0800c26c                displayTotalControlMenu
 .text.displaySeparateControlMenu
                0x0800c37c       0xf0 ./Core/Src/display_ctrl.o
                0x0800c37c                displaySeparateControlMenu
 .text.displayDeviceControlMenu
                0x0800c46c      0x138 ./Core/Src/display_ctrl.o
                0x0800c46c                displayDeviceControlMenu
 .text.setDeviceState
                0x0800c5a4      0x1ac ./Core/Src/display_ctrl.o
                0x0800c5a4                setDeviceState
 .text.setAllDevicesState
                0x0800c750      0x1bc ./Core/Src/display_ctrl.o
                0x0800c750                setAllDevicesState
 .text.syncDisplayDeviceStates
                0x0800c90c       0x5c ./Core/Src/display_ctrl.o
                0x0800c90c                syncDisplayDeviceStates
 .text.showActionFeedback
                0x0800c968       0x5c ./Core/Src/display_ctrl.o
                0x0800c968                showActionFeedback
 .text.handleNavigation
                0x0800c9c4      0x344 ./Core/Src/display_ctrl.o
                0x0800c9c4                handleNavigation
 .text.HAL_GPIO_EXTI_Callback
                0x0800cd08       0x70 ./Core/Src/display_ctrl.o
                0x0800cd08                HAL_GPIO_EXTI_Callback
 .text.Menu_Handler
                0x0800cd78        0xc ./Core/Src/display_ctrl.o
                0x0800cd78                Menu_Handler
 .text.initializeMenu
                0x0800cd84       0x70 ./Core/Src/display_ctrl.o
                0x0800cd84                initializeMenu
 .text.__io_putchar
                0x0800cdf4       0x24 ./Core/Src/main.o
                0x0800cdf4                __io_putchar
 .text.main     0x0800ce18       0xac ./Core/Src/main.o
                0x0800ce18                main
 .text.SystemClock_Config
                0x0800cec4       0xe4 ./Core/Src/main.o
                0x0800cec4                SystemClock_Config
 .text.MX_SPI1_Init
                0x0800cfa8       0x70 ./Core/Src/main.o
 .text.MX_SPI2_Init
                0x0800d018       0x68 ./Core/Src/main.o
 .text.MX_USART2_UART_Init
                0x0800d080       0x54 ./Core/Src/main.o
 .text.MX_USART3_UART_Init
                0x0800d0d4       0x54 ./Core/Src/main.o
 .text.MX_GPIO_Init
                0x0800d128      0x17c ./Core/Src/main.o
 .text.HAL_TIM_PeriodElapsedCallback
                0x0800d2a4       0x24 ./Core/Src/main.o
                0x0800d2a4                HAL_TIM_PeriodElapsedCallback
 .text.Error_Handler
                0x0800d2c8        0xc ./Core/Src/main.o
                0x0800d2c8                Error_Handler
 .text.HAL_MspInit
                0x0800d2d4       0x50 ./Core/Src/stm32f4xx_hal_msp.o
                0x0800d2d4                HAL_MspInit
 .text.HAL_SPI_MspInit
                0x0800d324      0x14c ./Core/Src/stm32f4xx_hal_msp.o
                0x0800d324                HAL_SPI_MspInit
 .text.HAL_UART_MspInit
                0x0800d470      0x14c ./Core/Src/stm32f4xx_hal_msp.o
                0x0800d470                HAL_UART_MspInit
 .text.HAL_InitTick
                0x0800d5bc       0xe8 ./Core/Src/stm32f4xx_hal_timebase_tim.o
                0x0800d5bc                HAL_InitTick
 .text.NMI_Handler
                0x0800d6a4        0x8 ./Core/Src/stm32f4xx_it.o
                0x0800d6a4                NMI_Handler
 .text.HardFault_Handler
                0x0800d6ac        0x8 ./Core/Src/stm32f4xx_it.o
                0x0800d6ac                HardFault_Handler
 .text.MemManage_Handler
                0x0800d6b4        0x8 ./Core/Src/stm32f4xx_it.o
                0x0800d6b4                MemManage_Handler
 .text.BusFault_Handler
                0x0800d6bc        0x8 ./Core/Src/stm32f4xx_it.o
                0x0800d6bc                BusFault_Handler
 .text.UsageFault_Handler
                0x0800d6c4        0x8 ./Core/Src/stm32f4xx_it.o
                0x0800d6c4                UsageFault_Handler
 .text.DebugMon_Handler
                0x0800d6cc        0xe ./Core/Src/stm32f4xx_it.o
                0x0800d6cc                DebugMon_Handler
 .text.EXTI9_5_IRQHandler
                0x0800d6da       0x10 ./Core/Src/stm32f4xx_it.o
                0x0800d6da                EXTI9_5_IRQHandler
 *fill*         0x0800d6ea        0x2 
 .text.TIM1_UP_TIM10_IRQHandler
                0x0800d6ec       0x14 ./Core/Src/stm32f4xx_it.o
                0x0800d6ec                TIM1_UP_TIM10_IRQHandler
 .text.SPI2_IRQHandler
                0x0800d700       0x14 ./Core/Src/stm32f4xx_it.o
                0x0800d700                SPI2_IRQHandler
 .text.USART3_IRQHandler
                0x0800d714       0x14 ./Core/Src/stm32f4xx_it.o
                0x0800d714                USART3_IRQHandler
 .text.EXTI15_10_IRQHandler
                0x0800d728       0x18 ./Core/Src/stm32f4xx_it.o
                0x0800d728                EXTI15_10_IRQHandler
 .text._getpid  0x0800d740       0x10 ./Core/Src/syscalls.o
                0x0800d740                _getpid
 .text._kill    0x0800d750       0x20 ./Core/Src/syscalls.o
                0x0800d750                _kill
 .text._exit    0x0800d770       0x16 ./Core/Src/syscalls.o
                0x0800d770                _exit
 .text._read    0x0800d786       0x3a ./Core/Src/syscalls.o
                0x0800d786                _read
 .text._write   0x0800d7c0       0x38 ./Core/Src/syscalls.o
                0x0800d7c0                _write
 .text._close   0x0800d7f8       0x18 ./Core/Src/syscalls.o
                0x0800d7f8                _close
 .text._fstat   0x0800d810       0x20 ./Core/Src/syscalls.o
                0x0800d810                _fstat
 .text._isatty  0x0800d830       0x16 ./Core/Src/syscalls.o
                0x0800d830                _isatty
 .text._lseek   0x0800d846       0x1a ./Core/Src/syscalls.o
                0x0800d846                _lseek
 .text.SystemInit
                0x0800d860       0x2c ./Core/Src/system_stm32f4xx.o
                0x0800d860                SystemInit
 .text.__NVIC_SystemReset
                0x0800d88c       0x2c ./Core/Src/user_app.o
 .text.setup_freeRTOS
                0x0800d8b8      0x13c ./Core/Src/user_app.o
                0x0800d8b8                setup_freeRTOS
 .text.Display_Handler
                0x0800d9f4        0xe ./Core/Src/user_app.o
                0x0800d9f4                Display_Handler
 *fill*         0x0800da02        0x2 
 .text.SPI_handler
                0x0800da04      0x428 ./Core/Src/user_app.o
                0x0800da04                SPI_handler
 .text.UART_handler
                0x0800de2c      0x404 ./Core/Src/user_app.o
                0x0800de2c                UART_handler
 .text.HAL_SPI_RxCpltCallback
                0x0800e230       0x84 ./Core/Src/user_app.o
                0x0800e230                HAL_SPI_RxCpltCallback
 .text.HAL_UART_RxCpltCallback
                0x0800e2b4       0x80 ./Core/Src/user_app.o
                0x0800e2b4                HAL_UART_RxCpltCallback
 .text.updateToDisplayMenu
                0x0800e334       0x50 ./Core/Src/user_app.o
                0x0800e334                updateToDisplayMenu
 .text.Reset_Handler
                0x0800e384       0x50 ./Core/Startup/startup_stm32f446retx.o
                0x0800e384                Reset_Handler
 .text.Default_Handler
                0x0800e3d4        0x2 ./Core/Startup/startup_stm32f446retx.o
                0x0800e3d4                RTC_Alarm_IRQHandler
                0x0800e3d4                EXTI2_IRQHandler
                0x0800e3d4                TIM8_CC_IRQHandler
                0x0800e3d4                FMPI2C1_EV_IRQHandler
                0x0800e3d4                SPI4_IRQHandler
                0x0800e3d4                TIM1_CC_IRQHandler
                0x0800e3d4                DMA2_Stream5_IRQHandler
                0x0800e3d4                DMA1_Stream5_IRQHandler
                0x0800e3d4                PVD_IRQHandler
                0x0800e3d4                SDIO_IRQHandler
                0x0800e3d4                TAMP_STAMP_IRQHandler
                0x0800e3d4                CAN2_RX1_IRQHandler
                0x0800e3d4                EXTI3_IRQHandler
                0x0800e3d4                TIM8_TRG_COM_TIM14_IRQHandler
                0x0800e3d4                TIM8_UP_TIM13_IRQHandler
                0x0800e3d4                I2C3_ER_IRQHandler
                0x0800e3d4                EXTI0_IRQHandler
                0x0800e3d4                I2C2_EV_IRQHandler
                0x0800e3d4                DMA1_Stream2_IRQHandler
                0x0800e3d4                CAN1_RX0_IRQHandler
                0x0800e3d4                FPU_IRQHandler
                0x0800e3d4                OTG_HS_WKUP_IRQHandler
                0x0800e3d4                CAN2_SCE_IRQHandler
                0x0800e3d4                DMA2_Stream2_IRQHandler
                0x0800e3d4                SPI1_IRQHandler
                0x0800e3d4                TIM6_DAC_IRQHandler
                0x0800e3d4                TIM1_BRK_TIM9_IRQHandler
                0x0800e3d4                DCMI_IRQHandler
                0x0800e3d4                CAN2_RX0_IRQHandler
                0x0800e3d4                DMA2_Stream3_IRQHandler
                0x0800e3d4                SAI2_IRQHandler
                0x0800e3d4                USART6_IRQHandler
                0x0800e3d4                CAN1_RX1_IRQHandler
                0x0800e3d4                UART5_IRQHandler
                0x0800e3d4                DMA2_Stream0_IRQHandler
                0x0800e3d4                TIM4_IRQHandler
                0x0800e3d4                QUADSPI_IRQHandler
                0x0800e3d4                I2C1_EV_IRQHandler
                0x0800e3d4                DMA1_Stream6_IRQHandler
                0x0800e3d4                DMA1_Stream1_IRQHandler
                0x0800e3d4                UART4_IRQHandler
                0x0800e3d4                TIM3_IRQHandler
                0x0800e3d4                RCC_IRQHandler
                0x0800e3d4                TIM8_BRK_TIM12_IRQHandler
                0x0800e3d4                Default_Handler
                0x0800e3d4                CEC_IRQHandler
                0x0800e3d4                ADC_IRQHandler
                0x0800e3d4                DMA1_Stream7_IRQHandler
                0x0800e3d4                TIM7_IRQHandler
                0x0800e3d4                CAN2_TX_IRQHandler
                0x0800e3d4                TIM5_IRQHandler
                0x0800e3d4                DMA2_Stream7_IRQHandler
                0x0800e3d4                I2C3_EV_IRQHandler
                0x0800e3d4                RTC_WKUP_IRQHandler
                0x0800e3d4                SPDIF_RX_IRQHandler
                0x0800e3d4                OTG_HS_EP1_IN_IRQHandler
                0x0800e3d4                DMA1_Stream0_IRQHandler
                0x0800e3d4                CAN1_TX_IRQHandler
                0x0800e3d4                FMPI2C1_ER_IRQHandler
                0x0800e3d4                EXTI4_IRQHandler
                0x0800e3d4                OTG_HS_EP1_OUT_IRQHandler
                0x0800e3d4                WWDG_IRQHandler
                0x0800e3d4                TIM2_IRQHandler
                0x0800e3d4                OTG_FS_WKUP_IRQHandler
                0x0800e3d4                TIM1_TRG_COM_TIM11_IRQHandler
                0x0800e3d4                OTG_HS_IRQHandler
                0x0800e3d4                EXTI1_IRQHandler
                0x0800e3d4                USART2_IRQHandler
                0x0800e3d4                I2C2_ER_IRQHandler
                0x0800e3d4                DMA2_Stream1_IRQHandler
                0x0800e3d4                CAN1_SCE_IRQHandler
                0x0800e3d4                FLASH_IRQHandler
                0x0800e3d4                DMA2_Stream4_IRQHandler
                0x0800e3d4                USART1_IRQHandler
                0x0800e3d4                OTG_FS_IRQHandler
                0x0800e3d4                SPI3_IRQHandler
                0x0800e3d4                DMA1_Stream4_IRQHandler
                0x0800e3d4                I2C1_ER_IRQHandler
                0x0800e3d4                FMC_IRQHandler
                0x0800e3d4                DMA2_Stream6_IRQHandler
                0x0800e3d4                SAI1_IRQHandler
                0x0800e3d4                DMA1_Stream3_IRQHandler
 *fill*         0x0800e3d6        0x2 
 .text.HAL_Init
                0x0800e3d8       0x44 ./Drivers/STM32F4xx_HAL_Driver/Src/stm32f4xx_hal.o
                0x0800e3d8                HAL_Init
 .text.HAL_IncTick
                0x0800e41c       0x28 ./Drivers/STM32F4xx_HAL_Driver/Src/stm32f4xx_hal.o
                0x0800e41c                HAL_IncTick
 .text.HAL_GetTick
                0x0800e444       0x18 ./Drivers/STM32F4xx_HAL_Driver/Src/stm32f4xx_hal.o
                0x0800e444                HAL_GetTick
 .text.HAL_Delay
                0x0800e45c       0x48 ./Drivers/STM32F4xx_HAL_Driver/Src/stm32f4xx_hal.o
                0x0800e45c                HAL_Delay
 .text.__NVIC_SetPriorityGrouping
                0x0800e4a4       0x48 ./Drivers/STM32F4xx_HAL_Driver/Src/stm32f4xx_hal_cortex.o
 .text.__NVIC_GetPriorityGrouping
                0x0800e4ec       0x1c ./Drivers/STM32F4xx_HAL_Driver/Src/stm32f4xx_hal_cortex.o
 .text.__NVIC_EnableIRQ
                0x0800e508       0x3c ./Drivers/STM32F4xx_HAL_Driver/Src/stm32f4xx_hal_cortex.o
 .text.__NVIC_SetPriority
                0x0800e544       0x54 ./Drivers/STM32F4xx_HAL_Driver/Src/stm32f4xx_hal_cortex.o
 .text.NVIC_EncodePriority
                0x0800e598       0x66 ./Drivers/STM32F4xx_HAL_Driver/Src/stm32f4xx_hal_cortex.o
 .text.HAL_NVIC_SetPriorityGrouping
                0x0800e5fe       0x16 ./Drivers/STM32F4xx_HAL_Driver/Src/stm32f4xx_hal_cortex.o
                0x0800e5fe                HAL_NVIC_SetPriorityGrouping
 .text.HAL_NVIC_SetPriority
                0x0800e614       0x38 ./Drivers/STM32F4xx_HAL_Driver/Src/stm32f4xx_hal_cortex.o
                0x0800e614                HAL_NVIC_SetPriority
 .text.HAL_NVIC_EnableIRQ
                0x0800e64c       0x1c ./Drivers/STM32F4xx_HAL_Driver/Src/stm32f4xx_hal_cortex.o
                0x0800e64c                HAL_NVIC_EnableIRQ
 .text.HAL_DMA_Abort
                0x0800e668       0xe0 ./Drivers/STM32F4xx_HAL_Driver/Src/stm32f4xx_hal_dma.o
                0x0800e668                HAL_DMA_Abort
 .text.HAL_DMA_Abort_IT
                0x0800e748       0x44 ./Drivers/STM32F4xx_HAL_Driver/Src/stm32f4xx_hal_dma.o
                0x0800e748                HAL_DMA_Abort_IT
 .text.HAL_GPIO_Init
                0x0800e78c      0x328 ./Drivers/STM32F4xx_HAL_Driver/Src/stm32f4xx_hal_gpio.o
                0x0800e78c                HAL_GPIO_Init
 .text.HAL_GPIO_ReadPin
                0x0800eab4       0x30 ./Drivers/STM32F4xx_HAL_Driver/Src/stm32f4xx_hal_gpio.o
                0x0800eab4                HAL_GPIO_ReadPin
 .text.HAL_GPIO_WritePin
                0x0800eae4       0x32 ./Drivers/STM32F4xx_HAL_Driver/Src/stm32f4xx_hal_gpio.o
                0x0800eae4                HAL_GPIO_WritePin
 .text.HAL_GPIO_TogglePin
                0x0800eb16       0x34 ./Drivers/STM32F4xx_HAL_Driver/Src/stm32f4xx_hal_gpio.o
                0x0800eb16                HAL_GPIO_TogglePin
 *fill*         0x0800eb4a        0x2 
 .text.HAL_GPIO_EXTI_IRQHandler
                0x0800eb4c       0x30 ./Drivers/STM32F4xx_HAL_Driver/Src/stm32f4xx_hal_gpio.o
                0x0800eb4c                HAL_GPIO_EXTI_IRQHandler
 .text.HAL_PWREx_EnableOverDrive
                0x0800eb7c       0xa0 ./Drivers/STM32F4xx_HAL_Driver/Src/stm32f4xx_hal_pwr_ex.o
                0x0800eb7c                HAL_PWREx_EnableOverDrive
 .text.HAL_RCC_ClockConfig
                0x0800ec1c      0x1cc ./Drivers/STM32F4xx_HAL_Driver/Src/stm32f4xx_hal_rcc.o
                0x0800ec1c                HAL_RCC_ClockConfig
 .text.HAL_RCC_GetHCLKFreq
                0x0800ede8       0x18 ./Drivers/STM32F4xx_HAL_Driver/Src/stm32f4xx_hal_rcc.o
                0x0800ede8                HAL_RCC_GetHCLKFreq
 .text.HAL_RCC_GetPCLK1Freq
                0x0800ee00       0x28 ./Drivers/STM32F4xx_HAL_Driver/Src/stm32f4xx_hal_rcc.o
                0x0800ee00                HAL_RCC_GetPCLK1Freq
 .text.HAL_RCC_GetPCLK2Freq
                0x0800ee28       0x28 ./Drivers/STM32F4xx_HAL_Driver/Src/stm32f4xx_hal_rcc.o
                0x0800ee28                HAL_RCC_GetPCLK2Freq
 .text.HAL_RCC_GetClockConfig
                0x0800ee50       0x64 ./Drivers/STM32F4xx_HAL_Driver/Src/stm32f4xx_hal_rcc.o
                0x0800ee50                HAL_RCC_GetClockConfig
 .text.HAL_RCC_GetSysClockFreq
                0x0800eeb4      0x354 ./Drivers/STM32F4xx_HAL_Driver/Src/stm32f4xx_hal_rcc_ex.o
                0x0800eeb4                HAL_RCC_GetSysClockFreq
 .text.HAL_RCC_OscConfig
                0x0800f208      0x53c ./Drivers/STM32F4xx_HAL_Driver/Src/stm32f4xx_hal_rcc_ex.o
                0x0800f208                HAL_RCC_OscConfig
 .text.HAL_SPI_Init
                0x0800f744      0x112 ./Drivers/STM32F4xx_HAL_Driver/Src/stm32f4xx_hal_spi.o
                0x0800f744                HAL_SPI_Init
 .text.HAL_SPI_Transmit
                0x0800f856      0x288 ./Drivers/STM32F4xx_HAL_Driver/Src/stm32f4xx_hal_spi.o
                0x0800f856                HAL_SPI_Transmit
 *fill*         0x0800fade        0x2 
 .text.HAL_SPI_Receive_IT
                0x0800fae0      0x130 ./Drivers/STM32F4xx_HAL_Driver/Src/stm32f4xx_hal_spi.o
                0x0800fae0                HAL_SPI_Receive_IT
 .text.HAL_SPI_TransmitReceive_IT
                0x0800fc10      0x11c ./Drivers/STM32F4xx_HAL_Driver/Src/stm32f4xx_hal_spi.o
                0x0800fc10                HAL_SPI_TransmitReceive_IT
 .text.HAL_SPI_IRQHandler
                0x0800fd2c      0x200 ./Drivers/STM32F4xx_HAL_Driver/Src/stm32f4xx_hal_spi.o
                0x0800fd2c                HAL_SPI_IRQHandler
 .text.HAL_SPI_TxRxCpltCallback
                0x0800ff2c       0x14 ./Drivers/STM32F4xx_HAL_Driver/Src/stm32f4xx_hal_spi.o
                0x0800ff2c                HAL_SPI_TxRxCpltCallback
 .text.HAL_SPI_ErrorCallback
                0x0800ff40       0x14 ./Drivers/STM32F4xx_HAL_Driver/Src/stm32f4xx_hal_spi.o
                0x0800ff40                HAL_SPI_ErrorCallback
 .text.SPI_DMAAbortOnError
                0x0800ff54       0x28 ./Drivers/STM32F4xx_HAL_Driver/Src/stm32f4xx_hal_spi.o
 .text.SPI_2linesRxISR_8BIT
                0x0800ff7c       0x64 ./Drivers/STM32F4xx_HAL_Driver/Src/stm32f4xx_hal_spi.o
 .text.SPI_2linesTxISR_8BIT
                0x0800ffe0       0x60 ./Drivers/STM32F4xx_HAL_Driver/Src/stm32f4xx_hal_spi.o
 .text.SPI_2linesRxISR_16BIT
                0x08010040       0x60 ./Drivers/STM32F4xx_HAL_Driver/Src/stm32f4xx_hal_spi.o
 .text.SPI_2linesTxISR_16BIT
                0x080100a0       0x5e ./Drivers/STM32F4xx_HAL_Driver/Src/stm32f4xx_hal_spi.o
 .text.SPI_RxISR_8BIT
                0x080100fe       0x4a ./Drivers/STM32F4xx_HAL_Driver/Src/stm32f4xx_hal_spi.o
 .text.SPI_RxISR_16BIT
                0x08010148       0x46 ./Drivers/STM32F4xx_HAL_Driver/Src/stm32f4xx_hal_spi.o
 *fill*         0x0801018e        0x2 
 .text.SPI_WaitFlagStateUntilTimeout
                0x08010190      0x110 ./Drivers/STM32F4xx_HAL_Driver/Src/stm32f4xx_hal_spi.o
 .text.SPI_EndRxTransaction
                0x080102a0       0xca ./Drivers/STM32F4xx_HAL_Driver/Src/stm32f4xx_hal_spi.o
 *fill*         0x0801036a        0x2 
 .text.SPI_EndRxTxTransaction
                0x0801036c       0xa8 ./Drivers/STM32F4xx_HAL_Driver/Src/stm32f4xx_hal_spi.o
 .text.SPI_CloseRxTx_ISR
                0x08010414       0xe8 ./Drivers/STM32F4xx_HAL_Driver/Src/stm32f4xx_hal_spi.o
 .text.SPI_CloseRx_ISR
                0x080104fc       0x7e ./Drivers/STM32F4xx_HAL_Driver/Src/stm32f4xx_hal_spi.o
 .text.HAL_TIM_Base_Init
                0x0801057a       0x9e ./Drivers/STM32F4xx_HAL_Driver/Src/stm32f4xx_hal_tim.o
                0x0801057a                HAL_TIM_Base_Init
 .text.HAL_TIM_Base_MspInit
                0x08010618       0x14 ./Drivers/STM32F4xx_HAL_Driver/Src/stm32f4xx_hal_tim.o
                0x08010618                HAL_TIM_Base_MspInit
 .text.HAL_TIM_Base_Start_IT
                0x0801062c       0xe0 ./Drivers/STM32F4xx_HAL_Driver/Src/stm32f4xx_hal_tim.o
                0x0801062c                HAL_TIM_Base_Start_IT
 .text.HAL_TIM_IRQHandler
                0x0801070c      0x1e0 ./Drivers/STM32F4xx_HAL_Driver/Src/stm32f4xx_hal_tim.o
                0x0801070c                HAL_TIM_IRQHandler
 .text.HAL_TIM_OC_DelayElapsedCallback
                0x080108ec       0x14 ./Drivers/STM32F4xx_HAL_Driver/Src/stm32f4xx_hal_tim.o
                0x080108ec                HAL_TIM_OC_DelayElapsedCallback
 .text.HAL_TIM_IC_CaptureCallback
                0x08010900       0x14 ./Drivers/STM32F4xx_HAL_Driver/Src/stm32f4xx_hal_tim.o
                0x08010900                HAL_TIM_IC_CaptureCallback
 .text.HAL_TIM_PWM_PulseFinishedCallback
                0x08010914       0x14 ./Drivers/STM32F4xx_HAL_Driver/Src/stm32f4xx_hal_tim.o
                0x08010914                HAL_TIM_PWM_PulseFinishedCallback
 .text.HAL_TIM_TriggerCallback
                0x08010928       0x14 ./Drivers/STM32F4xx_HAL_Driver/Src/stm32f4xx_hal_tim.o
                0x08010928                HAL_TIM_TriggerCallback
 .text.TIM_Base_SetConfig
                0x0801093c      0x14c ./Drivers/STM32F4xx_HAL_Driver/Src/stm32f4xx_hal_tim.o
                0x0801093c                TIM_Base_SetConfig
 .text.HAL_TIMEx_CommutCallback
                0x08010a88       0x14 ./Drivers/STM32F4xx_HAL_Driver/Src/stm32f4xx_hal_tim_ex.o
                0x08010a88                HAL_TIMEx_CommutCallback
 .text.HAL_TIMEx_BreakCallback
                0x08010a9c       0x14 ./Drivers/STM32F4xx_HAL_Driver/Src/stm32f4xx_hal_tim_ex.o
                0x08010a9c                HAL_TIMEx_BreakCallback
 .text.HAL_UART_Init
                0x08010ab0       0xa0 ./Drivers/STM32F4xx_HAL_Driver/Src/stm32f4xx_hal_uart.o
                0x08010ab0                HAL_UART_Init
 .text.HAL_UART_Transmit
                0x08010b50      0x116 ./Drivers/STM32F4xx_HAL_Driver/Src/stm32f4xx_hal_uart.o
                0x08010b50                HAL_UART_Transmit
 .text.HAL_UART_Receive_IT
                0x08010c66       0x4a ./Drivers/STM32F4xx_HAL_Driver/Src/stm32f4xx_hal_uart.o
                0x08010c66                HAL_UART_Receive_IT
 .text.HAL_UART_IRQHandler
                0x08010cb0      0x554 ./Drivers/STM32F4xx_HAL_Driver/Src/stm32f4xx_hal_uart.o
                0x08010cb0                HAL_UART_IRQHandler
 .text.HAL_UART_TxCpltCallback
                0x08011204       0x14 ./Drivers/STM32F4xx_HAL_Driver/Src/stm32f4xx_hal_uart.o
                0x08011204                HAL_UART_TxCpltCallback
 .text.HAL_UART_ErrorCallback
                0x08011218       0x14 ./Drivers/STM32F4xx_HAL_Driver/Src/stm32f4xx_hal_uart.o
                0x08011218                HAL_UART_ErrorCallback
 .text.HAL_UARTEx_RxEventCallback
                0x0801122c       0x18 ./Drivers/STM32F4xx_HAL_Driver/Src/stm32f4xx_hal_uart.o
                0x0801122c                HAL_UARTEx_RxEventCallback
 .text.UART_WaitOnFlagUntilTimeout
                0x08011244       0xb2 ./Drivers/STM32F4xx_HAL_Driver/Src/stm32f4xx_hal_uart.o
 .text.UART_Start_Receive_IT
                0x080112f6       0x74 ./Drivers/STM32F4xx_HAL_Driver/Src/stm32f4xx_hal_uart.o
                0x080112f6                UART_Start_Receive_IT
 .text.UART_EndRxTransfer
                0x0801136a       0xc6 ./Drivers/STM32F4xx_HAL_Driver/Src/stm32f4xx_hal_uart.o
 .text.UART_DMAAbortOnError
                0x08011430       0x22 ./Drivers/STM32F4xx_HAL_Driver/Src/stm32f4xx_hal_uart.o
 .text.UART_Transmit_IT
                0x08011452       0xa0 ./Drivers/STM32F4xx_HAL_Driver/Src/stm32f4xx_hal_uart.o
 .text.UART_EndTransmit_IT
                0x080114f2       0x30 ./Drivers/STM32F4xx_HAL_Driver/Src/stm32f4xx_hal_uart.o
 .text.UART_Receive_IT
                0x08011522      0x17c ./Drivers/STM32F4xx_HAL_Driver/Src/stm32f4xx_hal_uart.o
 *fill*         0x0801169e        0x2 
 .text.UART_SetConfig
                0x080116a0      0x4e8 ./Drivers/STM32F4xx_HAL_Driver/Src/stm32f4xx_hal_uart.o
 .text.vListInitialise
                0x08011b88       0x40 ./RTOS/freeRTOS/list.o
                0x08011b88                vListInitialise
 .text.vListInitialiseItem
                0x08011bc8       0x1a ./RTOS/freeRTOS/list.o
                0x08011bc8                vListInitialiseItem
 .text.vListInsertEnd
                0x08011be2       0x48 ./RTOS/freeRTOS/list.o
                0x08011be2                vListInsertEnd
 .text.vListInsert
                0x08011c2a       0x72 ./RTOS/freeRTOS/list.o
                0x08011c2a                vListInsert
 .text.uxListRemove
                0x08011c9c       0x54 ./RTOS/freeRTOS/list.o
                0x08011c9c                uxListRemove
 .text.xQueueGenericReset
                0x08011cf0       0xd4 ./RTOS/freeRTOS/queue.o
                0x08011cf0                xQueueGenericReset
 .text.xQueueGenericCreate
                0x08011dc4       0xc4 ./RTOS/freeRTOS/queue.o
                0x08011dc4                xQueueGenericCreate
 .text.prvInitialiseNewQueue
                0x08011e88       0x46 ./RTOS/freeRTOS/queue.o
 .text.prvInitialiseMutex
                0x08011ece       0x34 ./RTOS/freeRTOS/queue.o
 .text.xQueueCreateMutex
                0x08011f02       0x30 ./RTOS/freeRTOS/queue.o
                0x08011f02                xQueueCreateMutex
 *fill*         0x08011f32        0x2 
 .text.xQueueGenericSend
                0x08011f34      0x204 ./RTOS/freeRTOS/queue.o
                0x08011f34                xQueueGenericSend
 .text.xQueueGenericSendFromISR
                0x08012138      0x15c ./RTOS/freeRTOS/queue.o
                0x08012138                xQueueGenericSendFromISR
 .text.xQueueReceive
                0x08012294      0x1c4 ./RTOS/freeRTOS/queue.o
                0x08012294                xQueueReceive
 .text.xQueueSemaphoreTake
                0x08012458      0x220 ./RTOS/freeRTOS/queue.o
                0x08012458                xQueueSemaphoreTake
 .text.prvGetDisinheritPriorityAfterTimeout
                0x08012678       0x30 ./RTOS/freeRTOS/queue.o
 .text.prvCopyDataToQueue
                0x080126a8       0xd4 ./RTOS/freeRTOS/queue.o
 .text.prvCopyDataFromQueue
                0x0801277c       0x4c ./RTOS/freeRTOS/queue.o
 .text.prvUnlockQueue
                0x080127c8       0xa4 ./RTOS/freeRTOS/queue.o
 .text.prvIsQueueEmpty
                0x0801286c       0x2c ./RTOS/freeRTOS/queue.o
 .text.prvIsQueueFull
                0x08012898       0x30 ./RTOS/freeRTOS/queue.o
 .text.vQueueAddToRegistry
                0x080128c8       0x54 ./RTOS/freeRTOS/queue.o
                0x080128c8                vQueueAddToRegistry
 .text.vQueueWaitForMessageRestricted
                0x0801291c       0x68 ./RTOS/freeRTOS/queue.o
                0x0801291c                vQueueWaitForMessageRestricted
 .text.xTaskCreate
                0x08012984       0x82 ./RTOS/freeRTOS/tasks.o
                0x08012984                xTaskCreate
 .text.prvInitialiseNewTask
                0x08012a06      0x12e ./RTOS/freeRTOS/tasks.o
 .text.prvAddNewTaskToReadyList
                0x08012b34       0xdc ./RTOS/freeRTOS/tasks.o
 .text.vTaskDelay
                0x08012c10       0x6c ./RTOS/freeRTOS/tasks.o
                0x08012c10                vTaskDelay
 .text.vTaskStartScheduler
                0x08012c7c       0xa4 ./RTOS/freeRTOS/tasks.o
                0x08012c7c                vTaskStartScheduler
 .text.vTaskSuspendAll
                0x08012d20       0x1c ./RTOS/freeRTOS/tasks.o
                0x08012d20                vTaskSuspendAll
 .text.xTaskResumeAll
                0x08012d3c      0x13c ./RTOS/freeRTOS/tasks.o
                0x08012d3c                xTaskResumeAll
 .text.xTaskGetTickCount
                0x08012e78       0x20 ./RTOS/freeRTOS/tasks.o
                0x08012e78                xTaskGetTickCount
 .text.xTaskIncrementTick
                0x08012e98      0x174 ./RTOS/freeRTOS/tasks.o
                0x08012e98                xTaskIncrementTick
 .text.vTaskSwitchContext
                0x0801300c       0xb8 ./RTOS/freeRTOS/tasks.o
                0x0801300c                vTaskSwitchContext
 .text.vTaskPlaceOnEventList
                0x080130c4       0x4c ./RTOS/freeRTOS/tasks.o
                0x080130c4                vTaskPlaceOnEventList
 .text.vTaskPlaceOnEventListRestricted
                0x08013110       0x58 ./RTOS/freeRTOS/tasks.o
                0x08013110                vTaskPlaceOnEventListRestricted
 .text.xTaskRemoveFromEventList
                0x08013168       0xc8 ./RTOS/freeRTOS/tasks.o
                0x08013168                xTaskRemoveFromEventList
 .text.vTaskInternalSetTimeOutState
                0x08013230       0x2c ./RTOS/freeRTOS/tasks.o
                0x08013230                vTaskInternalSetTimeOutState
 .text.xTaskCheckForTimeOut
                0x0801325c       0xd0 ./RTOS/freeRTOS/tasks.o
                0x0801325c                xTaskCheckForTimeOut
 .text.vTaskMissedYield
                0x0801332c       0x18 ./RTOS/freeRTOS/tasks.o
                0x0801332c                vTaskMissedYield
 .text.prvIdleTask
                0x08013344       0x30 ./RTOS/freeRTOS/tasks.o
 .text.prvInitialiseTaskLists
                0x08013374       0x80 ./RTOS/freeRTOS/tasks.o
 .text.prvCheckTasksWaitingTermination
                0x080133f4       0x5c ./RTOS/freeRTOS/tasks.o
 .text.prvDeleteTCB
                0x08013450       0x20 ./RTOS/freeRTOS/tasks.o
 .text.prvResetNextTaskUnblockTime
                0x08013470       0x38 ./RTOS/freeRTOS/tasks.o
 .text.xTaskGetSchedulerState
                0x080134a8       0x3c ./RTOS/freeRTOS/tasks.o
                0x080134a8                xTaskGetSchedulerState
 .text.xTaskPriorityInherit
                0x080134e4       0xec ./RTOS/freeRTOS/tasks.o
                0x080134e4                xTaskPriorityInherit
 .text.xTaskPriorityDisinherit
                0x080135d0       0xf8 ./RTOS/freeRTOS/tasks.o
                0x080135d0                xTaskPriorityDisinherit
 .text.vTaskPriorityDisinheritAfterTimeout
                0x080136c8      0x120 ./RTOS/freeRTOS/tasks.o
                0x080136c8                vTaskPriorityDisinheritAfterTimeout
 .text.pvTaskIncrementMutexHeldCount
                0x080137e8       0x28 ./RTOS/freeRTOS/tasks.o
                0x080137e8                pvTaskIncrementMutexHeldCount
 .text.prvAddCurrentTaskToDelayedList
                0x08013810       0xcc ./RTOS/freeRTOS/tasks.o
 .text.xTimerCreateTimerTask
                0x080138dc       0x68 ./RTOS/freeRTOS/timers.o
                0x080138dc                xTimerCreateTimerTask
 .text.xTimerGenericCommand
                0x08013944       0x9c ./RTOS/freeRTOS/timers.o
                0x08013944                xTimerGenericCommand
 .text.prvProcessExpiredTimer
                0x080139e0       0x9c ./RTOS/freeRTOS/timers.o
 .text.prvTimerTask
                0x08013a7c       0x26 ./RTOS/freeRTOS/timers.o
 *fill*         0x08013aa2        0x2 
 .text.prvProcessTimerOrBlockTask
                0x08013aa4       0x9c ./RTOS/freeRTOS/timers.o
 .text.prvGetNextExpireTime
                0x08013b40       0x48 ./RTOS/freeRTOS/timers.o
 .text.prvSampleTimeNow
                0x08013b88       0x40 ./RTOS/freeRTOS/timers.o
 .text.prvInsertTimerInActiveList
                0x08013bc8       0x84 ./RTOS/freeRTOS/timers.o
 .text.prvProcessReceivedCommands
                0x08013c4c      0x194 ./RTOS/freeRTOS/timers.o
 .text.prvSwitchTimerLists
                0x08013de0       0xcc ./RTOS/freeRTOS/timers.o
 .text.prvCheckForValidListAndQueue
                0x08013eac       0x6c ./RTOS/freeRTOS/timers.o
 .text.pxPortInitialiseStack
                0x08013f18       0x68 ./RTOS/freeRTOS/portable/GCC/ARM_CM4F/port.o
                0x08013f18                pxPortInitialiseStack
 .text.prvTaskExitError
                0x08013f80       0x5c ./RTOS/freeRTOS/portable/GCC/ARM_CM4F/port.o
 *fill*         0x08013fdc        0x4 
 .text.SVC_Handler
                0x08013fe0       0x28 ./RTOS/freeRTOS/portable/GCC/ARM_CM4F/port.o
                0x08013fe0                SVC_Handler
 .text.prvPortStartFirstTask
                0x08014008       0x2c ./RTOS/freeRTOS/portable/GCC/ARM_CM4F/port.o
 .text.xPortStartScheduler
                0x08014034      0x148 ./RTOS/freeRTOS/portable/GCC/ARM_CM4F/port.o
                0x08014034                xPortStartScheduler
 .text.vPortEnterCritical
                0x0801417c       0x64 ./RTOS/freeRTOS/portable/GCC/ARM_CM4F/port.o
                0x0801417c                vPortEnterCritical
 .text.vPortExitCritical
                0x080141e0       0x54 ./RTOS/freeRTOS/portable/GCC/ARM_CM4F/port.o
                0x080141e0                vPortExitCritical
 *fill*         0x08014234        0xc 
 .text.PendSV_Handler
                0x08014240       0x68 ./RTOS/freeRTOS/portable/GCC/ARM_CM4F/port.o
                0x08014240                PendSV_Handler
 .text.SysTick_Handler
                0x080142a8       0x44 ./RTOS/freeRTOS/portable/GCC/ARM_CM4F/port.o
                0x080142a8                SysTick_Handler
 .text.vPortSetupTimerInterrupt
                0x080142ec       0x48 ./RTOS/freeRTOS/portable/GCC/ARM_CM4F/port.o
                0x080142ec                vPortSetupTimerInterrupt
 .text.vPortEnableVFP
                0x08014334       0x18 ./RTOS/freeRTOS/portable/GCC/ARM_CM4F/port.o
 .text.vPortValidateInterruptPriority
                0x0801434c       0x84 ./RTOS/freeRTOS/portable/GCC/ARM_CM4F/port.o
                0x0801434c                vPortValidateInterruptPriority
 .text.pvPortMalloc
                0x080143d0      0x1c4 ./RTOS/freeRTOS/portable/MemMang/heap_4.o
                0x080143d0                pvPortMalloc
 .text.vPortFree
                0x08014594       0xc8 ./RTOS/freeRTOS/portable/MemMang/heap_4.o
                0x08014594                vPortFree
 .text.prvHeapInit
                0x0801465c       0xc4 ./RTOS/freeRTOS/portable/MemMang/heap_4.o
 .text.prvInsertBlockIntoFreeList
                0x08014720       0xb4 ./RTOS/freeRTOS/portable/MemMang/heap_4.o
 .text.malloc   0x080147d4       0x10 C:/ST/STM32CubeIDE_1.16.1/STM32CubeIDE/plugins/com.st.stm32cube.ide.mcu.externaltools.gnu-tools-for-stm32.13.3.rel1.win32_1.0.0.202411081344/tools/bin/../lib/gcc/arm-none-eabi/13.3.1/../../../../arm-none-eabi/lib/thumb/v7e-m+fp/hard\libc_nano.a(libc_a-malloc.o)
                0x080147d4                malloc
 .text.free     0x080147e4       0x10 C:/ST/STM32CubeIDE_1.16.1/STM32CubeIDE/plugins/com.st.stm32cube.ide.mcu.externaltools.gnu-tools-for-stm32.13.3.rel1.win32_1.0.0.202411081344/tools/bin/../lib/gcc/arm-none-eabi/13.3.1/../../../../arm-none-eabi/lib/thumb/v7e-m+fp/hard\libc_nano.a(libc_a-malloc.o)
                0x080147e4                free
 .text.sbrk_aligned
                0x080147f4       0x44 C:/ST/STM32CubeIDE_1.16.1/STM32CubeIDE/plugins/com.st.stm32cube.ide.mcu.externaltools.gnu-tools-for-stm32.13.3.rel1.win32_1.0.0.202411081344/tools/bin/../lib/gcc/arm-none-eabi/13.3.1/../../../../arm-none-eabi/lib/thumb/v7e-m+fp/hard\libc_nano.a(libc_a-mallocr.o)
 .text._malloc_r
                0x08014838      0x100 C:/ST/STM32CubeIDE_1.16.1/STM32CubeIDE/plugins/com.st.stm32cube.ide.mcu.externaltools.gnu-tools-for-stm32.13.3.rel1.win32_1.0.0.202411081344/tools/bin/../lib/gcc/arm-none-eabi/13.3.1/../../../../arm-none-eabi/lib/thumb/v7e-m+fp/hard\libc_nano.a(libc_a-mallocr.o)
                0x08014838                _malloc_r
 .text.__malloc_lock
                0x08014938        0xc C:/ST/STM32CubeIDE_1.16.1/STM32CubeIDE/plugins/com.st.stm32cube.ide.mcu.externaltools.gnu-tools-for-stm32.13.3.rel1.win32_1.0.0.202411081344/tools/bin/../lib/gcc/arm-none-eabi/13.3.1/../../../../arm-none-eabi/lib/thumb/v7e-m+fp/hard\libc_nano.a(libc_a-mlock.o)
                0x08014938                __malloc_lock
 .text.__malloc_unlock
                0x08014944        0xc C:/ST/STM32CubeIDE_1.16.1/STM32CubeIDE/plugins/com.st.stm32cube.ide.mcu.externaltools.gnu-tools-for-stm32.13.3.rel1.win32_1.0.0.202411081344/tools/bin/../lib/gcc/arm-none-eabi/13.3.1/../../../../arm-none-eabi/lib/thumb/v7e-m+fp/hard\libc_nano.a(libc_a-mlock.o)
                0x08014944                __malloc_unlock
 .text.realloc  0x08014950       0x10 C:/ST/STM32CubeIDE_1.16.1/STM32CubeIDE/plugins/com.st.stm32cube.ide.mcu.externaltools.gnu-tools-for-stm32.13.3.rel1.win32_1.0.0.202411081344/tools/bin/../lib/gcc/arm-none-eabi/13.3.1/../../../../arm-none-eabi/lib/thumb/v7e-m+fp/hard\libc_nano.a(libc_a-realloc.o)
                0x08014950                realloc
 .text._realloc_r
                0x08014960       0x5c C:/ST/STM32CubeIDE_1.16.1/STM32CubeIDE/plugins/com.st.stm32cube.ide.mcu.externaltools.gnu-tools-for-stm32.13.3.rel1.win32_1.0.0.202411081344/tools/bin/../lib/gcc/arm-none-eabi/13.3.1/../../../../arm-none-eabi/lib/thumb/v7e-m+fp/hard\libc_nano.a(libc_a-reallocr.o)
                0x08014960                _realloc_r
 .text.sulp     0x080149bc       0x3c C:/ST/STM32CubeIDE_1.16.1/STM32CubeIDE/plugins/com.st.stm32cube.ide.mcu.externaltools.gnu-tools-for-stm32.13.3.rel1.win32_1.0.0.202411081344/tools/bin/../lib/gcc/arm-none-eabi/13.3.1/../../../../arm-none-eabi/lib/thumb/v7e-m+fp/hard\libc_nano.a(libc_a-strtod.o)
 .text._strtod_l
                0x080149f8      0xbc8 C:/ST/STM32CubeIDE_1.16.1/STM32CubeIDE/plugins/com.st.stm32cube.ide.mcu.externaltools.gnu-tools-for-stm32.13.3.rel1.win32_1.0.0.202411081344/tools/bin/../lib/gcc/arm-none-eabi/13.3.1/../../../../arm-none-eabi/lib/thumb/v7e-m+fp/hard\libc_nano.a(libc_a-strtod.o)
                0x080149f8                _strtod_l
 .text.strtod   0x080155c0       0x18 C:/ST/STM32CubeIDE_1.16.1/STM32CubeIDE/plugins/com.st.stm32cube.ide.mcu.externaltools.gnu-tools-for-stm32.13.3.rel1.win32_1.0.0.202411081344/tools/bin/../lib/gcc/arm-none-eabi/13.3.1/../../../../arm-none-eabi/lib/thumb/v7e-m+fp/hard\libc_nano.a(libc_a-strtod.o)
                0x080155c0                strtod
 .text.std      0x080155d8       0x6c C:/ST/STM32CubeIDE_1.16.1/STM32CubeIDE/plugins/com.st.stm32cube.ide.mcu.externaltools.gnu-tools-for-stm32.13.3.rel1.win32_1.0.0.202411081344/tools/bin/../lib/gcc/arm-none-eabi/13.3.1/../../../../arm-none-eabi/lib/thumb/v7e-m+fp/hard\libc_nano.a(libc_a-findfp.o)
 .text.stdio_exit_handler
                0x08015644       0x18 C:/ST/STM32CubeIDE_1.16.1/STM32CubeIDE/plugins/com.st.stm32cube.ide.mcu.externaltools.gnu-tools-for-stm32.13.3.rel1.win32_1.0.0.202411081344/tools/bin/../lib/gcc/arm-none-eabi/13.3.1/../../../../arm-none-eabi/lib/thumb/v7e-m+fp/hard\libc_nano.a(libc_a-findfp.o)
 .text.cleanup_stdio
                0x0801565c       0x40 C:/ST/STM32CubeIDE_1.16.1/STM32CubeIDE/plugins/com.st.stm32cube.ide.mcu.externaltools.gnu-tools-for-stm32.13.3.rel1.win32_1.0.0.202411081344/tools/bin/../lib/gcc/arm-none-eabi/13.3.1/../../../../arm-none-eabi/lib/thumb/v7e-m+fp/hard\libc_nano.a(libc_a-findfp.o)
 .text.global_stdio_init.part.0
                0x0801569c       0x3c C:/ST/STM32CubeIDE_1.16.1/STM32CubeIDE/plugins/com.st.stm32cube.ide.mcu.externaltools.gnu-tools-for-stm32.13.3.rel1.win32_1.0.0.202411081344/tools/bin/../lib/gcc/arm-none-eabi/13.3.1/../../../../arm-none-eabi/lib/thumb/v7e-m+fp/hard\libc_nano.a(libc_a-findfp.o)
 .text.__sfp_lock_acquire
                0x080156d8        0xc C:/ST/STM32CubeIDE_1.16.1/STM32CubeIDE/plugins/com.st.stm32cube.ide.mcu.externaltools.gnu-tools-for-stm32.13.3.rel1.win32_1.0.0.202411081344/tools/bin/../lib/gcc/arm-none-eabi/13.3.1/../../../../arm-none-eabi/lib/thumb/v7e-m+fp/hard\libc_nano.a(libc_a-findfp.o)
                0x080156d8                __sfp_lock_acquire
 .text.__sfp_lock_release
                0x080156e4        0xc C:/ST/STM32CubeIDE_1.16.1/STM32CubeIDE/plugins/com.st.stm32cube.ide.mcu.externaltools.gnu-tools-for-stm32.13.3.rel1.win32_1.0.0.202411081344/tools/bin/../lib/gcc/arm-none-eabi/13.3.1/../../../../arm-none-eabi/lib/thumb/v7e-m+fp/hard\libc_nano.a(libc_a-findfp.o)
                0x080156e4                __sfp_lock_release
 .text.__sinit  0x080156f0       0x30 C:/ST/STM32CubeIDE_1.16.1/STM32CubeIDE/plugins/com.st.stm32cube.ide.mcu.externaltools.gnu-tools-for-stm32.13.3.rel1.win32_1.0.0.202411081344/tools/bin/../lib/gcc/arm-none-eabi/13.3.1/../../../../arm-none-eabi/lib/thumb/v7e-m+fp/hard\libc_nano.a(libc_a-findfp.o)
                0x080156f0                __sinit
 .text._fwalk_sglue
                0x08015720       0x3c C:/ST/STM32CubeIDE_1.16.1/STM32CubeIDE/plugins/com.st.stm32cube.ide.mcu.externaltools.gnu-tools-for-stm32.13.3.rel1.win32_1.0.0.202411081344/tools/bin/../lib/gcc/arm-none-eabi/13.3.1/../../../../arm-none-eabi/lib/thumb/v7e-m+fp/hard\libc_nano.a(libc_a-fwalk.o)
                0x08015720                _fwalk_sglue
 .text.printf   0x0801575c       0x24 C:/ST/STM32CubeIDE_1.16.1/STM32CubeIDE/plugins/com.st.stm32cube.ide.mcu.externaltools.gnu-tools-for-stm32.13.3.rel1.win32_1.0.0.202411081344/tools/bin/../lib/gcc/arm-none-eabi/13.3.1/../../../../arm-none-eabi/lib/thumb/v7e-m+fp/hard\libc_nano.a(libc_a-printf.o)
                0x0801575c                iprintf
                0x0801575c                printf
 .text._puts_r  0x08015780       0xaa C:/ST/STM32CubeIDE_1.16.1/STM32CubeIDE/plugins/com.st.stm32cube.ide.mcu.externaltools.gnu-tools-for-stm32.13.3.rel1.win32_1.0.0.202411081344/tools/bin/../lib/gcc/arm-none-eabi/13.3.1/../../../../arm-none-eabi/lib/thumb/v7e-m+fp/hard\libc_nano.a(libc_a-puts.o)
                0x08015780                _puts_r
 *fill*         0x0801582a        0x2 
 .text.puts     0x0801582c       0x10 C:/ST/STM32CubeIDE_1.16.1/STM32CubeIDE/plugins/com.st.stm32cube.ide.mcu.externaltools.gnu-tools-for-stm32.13.3.rel1.win32_1.0.0.202411081344/tools/bin/../lib/gcc/arm-none-eabi/13.3.1/../../../../arm-none-eabi/lib/thumb/v7e-m+fp/hard\libc_nano.a(libc_a-puts.o)
                0x0801582c                puts
 .text.snprintf
                0x0801583c       0x6c C:/ST/STM32CubeIDE_1.16.1/STM32CubeIDE/plugins/com.st.stm32cube.ide.mcu.externaltools.gnu-tools-for-stm32.13.3.rel1.win32_1.0.0.202411081344/tools/bin/../lib/gcc/arm-none-eabi/13.3.1/../../../../arm-none-eabi/lib/thumb/v7e-m+fp/hard\libc_nano.a(libc_a-snprintf.o)
                0x0801583c                sniprintf
                0x0801583c                snprintf
 .text.sprintf  0x080158a8       0x44 C:/ST/STM32CubeIDE_1.16.1/STM32CubeIDE/plugins/com.st.stm32cube.ide.mcu.externaltools.gnu-tools-for-stm32.13.3.rel1.win32_1.0.0.202411081344/tools/bin/../lib/gcc/arm-none-eabi/13.3.1/../../../../arm-none-eabi/lib/thumb/v7e-m+fp/hard\libc_nano.a(libc_a-sprintf.o)
                0x080158a8                siprintf
                0x080158a8                sprintf
 .text.sscanf   0x080158ec       0x58 C:/ST/STM32CubeIDE_1.16.1/STM32CubeIDE/plugins/com.st.stm32cube.ide.mcu.externaltools.gnu-tools-for-stm32.13.3.rel1.win32_1.0.0.202411081344/tools/bin/../lib/gcc/arm-none-eabi/13.3.1/../../../../arm-none-eabi/lib/thumb/v7e-m+fp/hard\libc_nano.a(libc_a-sscanf.o)
                0x080158ec                siscanf
                0x080158ec                sscanf
 .text.__sread  0x08015944       0x22 C:/ST/STM32CubeIDE_1.16.1/STM32CubeIDE/plugins/com.st.stm32cube.ide.mcu.externaltools.gnu-tools-for-stm32.13.3.rel1.win32_1.0.0.202411081344/tools/bin/../lib/gcc/arm-none-eabi/13.3.1/../../../../arm-none-eabi/lib/thumb/v7e-m+fp/hard\libc_nano.a(libc_a-stdio.o)
                0x08015944                __sread
 .text.__seofread
                0x08015966        0x4 C:/ST/STM32CubeIDE_1.16.1/STM32CubeIDE/plugins/com.st.stm32cube.ide.mcu.externaltools.gnu-tools-for-stm32.13.3.rel1.win32_1.0.0.202411081344/tools/bin/../lib/gcc/arm-none-eabi/13.3.1/../../../../arm-none-eabi/lib/thumb/v7e-m+fp/hard\libc_nano.a(libc_a-stdio.o)
                0x08015966                __seofread
 .text.__swrite
                0x0801596a       0x38 C:/ST/STM32CubeIDE_1.16.1/STM32CubeIDE/plugins/com.st.stm32cube.ide.mcu.externaltools.gnu-tools-for-stm32.13.3.rel1.win32_1.0.0.202411081344/tools/bin/../lib/gcc/arm-none-eabi/13.3.1/../../../../arm-none-eabi/lib/thumb/v7e-m+fp/hard\libc_nano.a(libc_a-stdio.o)
                0x0801596a                __swrite
 .text.__sseek  0x080159a2       0x24 C:/ST/STM32CubeIDE_1.16.1/STM32CubeIDE/plugins/com.st.stm32cube.ide.mcu.externaltools.gnu-tools-for-stm32.13.3.rel1.win32_1.0.0.202411081344/tools/bin/../lib/gcc/arm-none-eabi/13.3.1/../../../../arm-none-eabi/lib/thumb/v7e-m+fp/hard\libc_nano.a(libc_a-stdio.o)
                0x080159a2                __sseek
 .text.__sclose
                0x080159c6        0x8 C:/ST/STM32CubeIDE_1.16.1/STM32CubeIDE/plugins/com.st.stm32cube.ide.mcu.externaltools.gnu-tools-for-stm32.13.3.rel1.win32_1.0.0.202411081344/tools/bin/../lib/gcc/arm-none-eabi/13.3.1/../../../../arm-none-eabi/lib/thumb/v7e-m+fp/hard\libc_nano.a(libc_a-stdio.o)
                0x080159c6                __sclose
 .text.__swbuf_r
                0x080159ce       0x7c C:/ST/STM32CubeIDE_1.16.1/STM32CubeIDE/plugins/com.st.stm32cube.ide.mcu.externaltools.gnu-tools-for-stm32.13.3.rel1.win32_1.0.0.202411081344/tools/bin/../lib/gcc/arm-none-eabi/13.3.1/../../../../arm-none-eabi/lib/thumb/v7e-m+fp/hard\libc_nano.a(libc_a-wbuf.o)
                0x080159ce                __swbuf_r
 *fill*         0x08015a4a        0x2 
 .text.__swsetup_r
                0x08015a4c       0xac C:/ST/STM32CubeIDE_1.16.1/STM32CubeIDE/plugins/com.st.stm32cube.ide.mcu.externaltools.gnu-tools-for-stm32.13.3.rel1.win32_1.0.0.202411081344/tools/bin/../lib/gcc/arm-none-eabi/13.3.1/../../../../arm-none-eabi/lib/thumb/v7e-m+fp/hard\libc_nano.a(libc_a-wsetup.o)
                0x08015a4c                __swsetup_r
 .text.memset   0x08015af8       0x10 C:/ST/STM32CubeIDE_1.16.1/STM32CubeIDE/plugins/com.st.stm32cube.ide.mcu.externaltools.gnu-tools-for-stm32.13.3.rel1.win32_1.0.0.202411081344/tools/bin/../lib/gcc/arm-none-eabi/13.3.1/../../../../arm-none-eabi/lib/thumb/v7e-m+fp/hard\libc_nano.a(libc_a-memset.o)
                0x08015af8                memset
 .text.strncmp  0x08015b08       0x24 C:/ST/STM32CubeIDE_1.16.1/STM32CubeIDE/plugins/com.st.stm32cube.ide.mcu.externaltools.gnu-tools-for-stm32.13.3.rel1.win32_1.0.0.202411081344/tools/bin/../lib/gcc/arm-none-eabi/13.3.1/../../../../arm-none-eabi/lib/thumb/v7e-m+fp/hard\libc_nano.a(libc_a-strncmp.o)
                0x08015b08                strncmp
 .text._close_r
                0x08015b2c       0x20 C:/ST/STM32CubeIDE_1.16.1/STM32CubeIDE/plugins/com.st.stm32cube.ide.mcu.externaltools.gnu-tools-for-stm32.13.3.rel1.win32_1.0.0.202411081344/tools/bin/../lib/gcc/arm-none-eabi/13.3.1/../../../../arm-none-eabi/lib/thumb/v7e-m+fp/hard\libc_nano.a(libc_a-closer.o)
                0x08015b2c                _close_r
 .text._lseek_r
                0x08015b4c       0x24 C:/ST/STM32CubeIDE_1.16.1/STM32CubeIDE/plugins/com.st.stm32cube.ide.mcu.externaltools.gnu-tools-for-stm32.13.3.rel1.win32_1.0.0.202411081344/tools/bin/../lib/gcc/arm-none-eabi/13.3.1/../../../../arm-none-eabi/lib/thumb/v7e-m+fp/hard\libc_nano.a(libc_a-lseekr.o)
                0x08015b4c                _lseek_r
 .text._read_r  0x08015b70       0x24 C:/ST/STM32CubeIDE_1.16.1/STM32CubeIDE/plugins/com.st.stm32cube.ide.mcu.externaltools.gnu-tools-for-stm32.13.3.rel1.win32_1.0.0.202411081344/tools/bin/../lib/gcc/arm-none-eabi/13.3.1/../../../../arm-none-eabi/lib/thumb/v7e-m+fp/hard\libc_nano.a(libc_a-readr.o)
                0x08015b70                _read_r
 .text._sbrk_r  0x08015b94       0x20 C:/ST/STM32CubeIDE_1.16.1/STM32CubeIDE/plugins/com.st.stm32cube.ide.mcu.externaltools.gnu-tools-for-stm32.13.3.rel1.win32_1.0.0.202411081344/tools/bin/../lib/gcc/arm-none-eabi/13.3.1/../../../../arm-none-eabi/lib/thumb/v7e-m+fp/hard\libc_nano.a(libc_a-sbrkr.o)
                0x08015b94                _sbrk_r
 .text._write_r
                0x08015bb4       0x24 C:/ST/STM32CubeIDE_1.16.1/STM32CubeIDE/plugins/com.st.stm32cube.ide.mcu.externaltools.gnu-tools-for-stm32.13.3.rel1.win32_1.0.0.202411081344/tools/bin/../lib/gcc/arm-none-eabi/13.3.1/../../../../arm-none-eabi/lib/thumb/v7e-m+fp/hard\libc_nano.a(libc_a-writer.o)
                0x08015bb4                _write_r
 .text.__errno  0x08015bd8        0xc C:/ST/STM32CubeIDE_1.16.1/STM32CubeIDE/plugins/com.st.stm32cube.ide.mcu.externaltools.gnu-tools-for-stm32.13.3.rel1.win32_1.0.0.202411081344/tools/bin/../lib/gcc/arm-none-eabi/13.3.1/../../../../arm-none-eabi/lib/thumb/v7e-m+fp/hard\libc_nano.a(libc_a-errno.o)
                0x08015bd8                __errno
 .text.__libc_init_array
                0x08015be4       0x48 C:/ST/STM32CubeIDE_1.16.1/STM32CubeIDE/plugins/com.st.stm32cube.ide.mcu.externaltools.gnu-tools-for-stm32.13.3.rel1.win32_1.0.0.202411081344/tools/bin/../lib/gcc/arm-none-eabi/13.3.1/../../../../arm-none-eabi/lib/thumb/v7e-m+fp/hard\libc_nano.a(libc_a-init.o)
                0x08015be4                __libc_init_array
 .text.__retarget_lock_init_recursive
                0x08015c2c        0x2 C:/ST/STM32CubeIDE_1.16.1/STM32CubeIDE/plugins/com.st.stm32cube.ide.mcu.externaltools.gnu-tools-for-stm32.13.3.rel1.win32_1.0.0.202411081344/tools/bin/../lib/gcc/arm-none-eabi/13.3.1/../../../../arm-none-eabi/lib/thumb/v7e-m+fp/hard\libc_nano.a(libc_a-lock.o)
                0x08015c2c                __retarget_lock_init_recursive
 .text.__retarget_lock_acquire_recursive
                0x08015c2e        0x2 C:/ST/STM32CubeIDE_1.16.1/STM32CubeIDE/plugins/com.st.stm32cube.ide.mcu.externaltools.gnu-tools-for-stm32.13.3.rel1.win32_1.0.0.202411081344/tools/bin/../lib/gcc/arm-none-eabi/13.3.1/../../../../arm-none-eabi/lib/thumb/v7e-m+fp/hard\libc_nano.a(libc_a-lock.o)
                0x08015c2e                __retarget_lock_acquire_recursive
 .text.__retarget_lock_release_recursive
                0x08015c30        0x2 C:/ST/STM32CubeIDE_1.16.1/STM32CubeIDE/plugins/com.st.stm32cube.ide.mcu.externaltools.gnu-tools-for-stm32.13.3.rel1.win32_1.0.0.202411081344/tools/bin/../lib/gcc/arm-none-eabi/13.3.1/../../../../arm-none-eabi/lib/thumb/v7e-m+fp/hard\libc_nano.a(libc_a-lock.o)
                0x08015c30                __retarget_lock_release_recursive
 .text.memcpy   0x08015c32       0x1c C:/ST/STM32CubeIDE_1.16.1/STM32CubeIDE/plugins/com.st.stm32cube.ide.mcu.externaltools.gnu-tools-for-stm32.13.3.rel1.win32_1.0.0.202411081344/tools/bin/../lib/gcc/arm-none-eabi/13.3.1/../../../../arm-none-eabi/lib/thumb/v7e-m+fp/hard\libc_nano.a(libc_a-memcpy-stub.o)
                0x08015c32                memcpy
 *fill*         0x08015c4e        0x2 
 .text.nan      0x08015c50       0x10 C:/ST/STM32CubeIDE_1.16.1/STM32CubeIDE/plugins/com.st.stm32cube.ide.mcu.externaltools.gnu-tools-for-stm32.13.3.rel1.win32_1.0.0.202411081344/tools/bin/../lib/gcc/arm-none-eabi/13.3.1/../../../../arm-none-eabi/lib/thumb/v7e-m+fp/hard\libc_nano.a(libm_a-s_nan.o)
                0x08015c50                nan
 .text._free_r  0x08015c60       0x94 C:/ST/STM32CubeIDE_1.16.1/STM32CubeIDE/plugins/com.st.stm32cube.ide.mcu.externaltools.gnu-tools-for-stm32.13.3.rel1.win32_1.0.0.202411081344/tools/bin/../lib/gcc/arm-none-eabi/13.3.1/../../../../arm-none-eabi/lib/thumb/v7e-m+fp/hard\libc_nano.a(libc_a-freer.o)
                0x08015c60                _free_r
 .text.rshift   0x08015cf4       0xa4 C:/ST/STM32CubeIDE_1.16.1/STM32CubeIDE/plugins/com.st.stm32cube.ide.mcu.externaltools.gnu-tools-for-stm32.13.3.rel1.win32_1.0.0.202411081344/tools/bin/../lib/gcc/arm-none-eabi/13.3.1/../../../../arm-none-eabi/lib/thumb/v7e-m+fp/hard\libc_nano.a(libc_a-gdtoa-gethex.o)
 .text.__hexdig_fun
                0x08015d98       0x2a C:/ST/STM32CubeIDE_1.16.1/STM32CubeIDE/plugins/com.st.stm32cube.ide.mcu.externaltools.gnu-tools-for-stm32.13.3.rel1.win32_1.0.0.202411081344/tools/bin/../lib/gcc/arm-none-eabi/13.3.1/../../../../arm-none-eabi/lib/thumb/v7e-m+fp/hard\libc_nano.a(libc_a-gdtoa-gethex.o)
                0x08015d98                __hexdig_fun
 *fill*         0x08015dc2        0x2 
 .text.__gethex
                0x08015dc4      0x420 C:/ST/STM32CubeIDE_1.16.1/STM32CubeIDE/plugins/com.st.stm32cube.ide.mcu.externaltools.gnu-tools-for-stm32.13.3.rel1.win32_1.0.0.202411081344/tools/bin/../lib/gcc/arm-none-eabi/13.3.1/../../../../arm-none-eabi/lib/thumb/v7e-m+fp/hard\libc_nano.a(libc_a-gdtoa-gethex.o)
                0x08015dc4                __gethex
 .text.L_shift  0x080161e4       0x24 C:/ST/STM32CubeIDE_1.16.1/STM32CubeIDE/plugins/com.st.stm32cube.ide.mcu.externaltools.gnu-tools-for-stm32.13.3.rel1.win32_1.0.0.202411081344/tools/bin/../lib/gcc/arm-none-eabi/13.3.1/../../../../arm-none-eabi/lib/thumb/v7e-m+fp/hard\libc_nano.a(libc_a-gdtoa-hexnan.o)
 .text.__match  0x08016208       0x28 C:/ST/STM32CubeIDE_1.16.1/STM32CubeIDE/plugins/com.st.stm32cube.ide.mcu.externaltools.gnu-tools-for-stm32.13.3.rel1.win32_1.0.0.202411081344/tools/bin/../lib/gcc/arm-none-eabi/13.3.1/../../../../arm-none-eabi/lib/thumb/v7e-m+fp/hard\libc_nano.a(libc_a-gdtoa-hexnan.o)
                0x08016208                __match
 .text.__hexnan
                0x08016230      0x136 C:/ST/STM32CubeIDE_1.16.1/STM32CubeIDE/plugins/com.st.stm32cube.ide.mcu.externaltools.gnu-tools-for-stm32.13.3.rel1.win32_1.0.0.202411081344/tools/bin/../lib/gcc/arm-none-eabi/13.3.1/../../../../arm-none-eabi/lib/thumb/v7e-m+fp/hard\libc_nano.a(libc_a-gdtoa-hexnan.o)
                0x08016230                __hexnan
 .text.__ascii_mbtowc
                0x08016366       0x24 C:/ST/STM32CubeIDE_1.16.1/STM32CubeIDE/plugins/com.st.stm32cube.ide.mcu.externaltools.gnu-tools-for-stm32.13.3.rel1.win32_1.0.0.202411081344/tools/bin/../lib/gcc/arm-none-eabi/13.3.1/../../../../arm-none-eabi/lib/thumb/v7e-m+fp/hard\libc_nano.a(libc_a-mbtowc_r.o)
                0x08016366                __ascii_mbtowc
 *fill*         0x0801638a        0x2 
 .text._Balloc  0x0801638c       0x80 C:/ST/STM32CubeIDE_1.16.1/STM32CubeIDE/plugins/com.st.stm32cube.ide.mcu.externaltools.gnu-tools-for-stm32.13.3.rel1.win32_1.0.0.202411081344/tools/bin/../lib/gcc/arm-none-eabi/13.3.1/../../../../arm-none-eabi/lib/thumb/v7e-m+fp/hard\libc_nano.a(libc_a-mprec.o)
                0x0801638c                _Balloc
 .text._Bfree   0x0801640c       0x44 C:/ST/STM32CubeIDE_1.16.1/STM32CubeIDE/plugins/com.st.stm32cube.ide.mcu.externaltools.gnu-tools-for-stm32.13.3.rel1.win32_1.0.0.202411081344/tools/bin/../lib/gcc/arm-none-eabi/13.3.1/../../../../arm-none-eabi/lib/thumb/v7e-m+fp/hard\libc_nano.a(libc_a-mprec.o)
                0x0801640c                _Bfree
 .text.__multadd
                0x08016450       0x8c C:/ST/STM32CubeIDE_1.16.1/STM32CubeIDE/plugins/com.st.stm32cube.ide.mcu.externaltools.gnu-tools-for-stm32.13.3.rel1.win32_1.0.0.202411081344/tools/bin/../lib/gcc/arm-none-eabi/13.3.1/../../../../arm-none-eabi/lib/thumb/v7e-m+fp/hard\libc_nano.a(libc_a-mprec.o)
                0x08016450                __multadd
 .text.__s2b    0x080164dc       0x94 C:/ST/STM32CubeIDE_1.16.1/STM32CubeIDE/plugins/com.st.stm32cube.ide.mcu.externaltools.gnu-tools-for-stm32.13.3.rel1.win32_1.0.0.202411081344/tools/bin/../lib/gcc/arm-none-eabi/13.3.1/../../../../arm-none-eabi/lib/thumb/v7e-m+fp/hard\libc_nano.a(libc_a-mprec.o)
                0x080164dc                __s2b
 .text.__hi0bits
                0x08016570       0x3e C:/ST/STM32CubeIDE_1.16.1/STM32CubeIDE/plugins/com.st.stm32cube.ide.mcu.externaltools.gnu-tools-for-stm32.13.3.rel1.win32_1.0.0.202411081344/tools/bin/../lib/gcc/arm-none-eabi/13.3.1/../../../../arm-none-eabi/lib/thumb/v7e-m+fp/hard\libc_nano.a(libc_a-mprec.o)
                0x08016570                __hi0bits
 .text.__lo0bits
                0x080165ae       0x5a C:/ST/STM32CubeIDE_1.16.1/STM32CubeIDE/plugins/com.st.stm32cube.ide.mcu.externaltools.gnu-tools-for-stm32.13.3.rel1.win32_1.0.0.202411081344/tools/bin/../lib/gcc/arm-none-eabi/13.3.1/../../../../arm-none-eabi/lib/thumb/v7e-m+fp/hard\libc_nano.a(libc_a-mprec.o)
                0x080165ae                __lo0bits
 .text.__i2b    0x08016608       0x2c C:/ST/STM32CubeIDE_1.16.1/STM32CubeIDE/plugins/com.st.stm32cube.ide.mcu.externaltools.gnu-tools-for-stm32.13.3.rel1.win32_1.0.0.202411081344/tools/bin/../lib/gcc/arm-none-eabi/13.3.1/../../../../arm-none-eabi/lib/thumb/v7e-m+fp/hard\libc_nano.a(libc_a-mprec.o)
                0x08016608                __i2b
 .text.__multiply
                0x08016634      0x144 C:/ST/STM32CubeIDE_1.16.1/STM32CubeIDE/plugins/com.st.stm32cube.ide.mcu.externaltools.gnu-tools-for-stm32.13.3.rel1.win32_1.0.0.202411081344/tools/bin/../lib/gcc/arm-none-eabi/13.3.1/../../../../arm-none-eabi/lib/thumb/v7e-m+fp/hard\libc_nano.a(libc_a-mprec.o)
                0x08016634                __multiply
 .text.__pow5mult
                0x08016778       0xb4 C:/ST/STM32CubeIDE_1.16.1/STM32CubeIDE/plugins/com.st.stm32cube.ide.mcu.externaltools.gnu-tools-for-stm32.13.3.rel1.win32_1.0.0.202411081344/tools/bin/../lib/gcc/arm-none-eabi/13.3.1/../../../../arm-none-eabi/lib/thumb/v7e-m+fp/hard\libc_nano.a(libc_a-mprec.o)
                0x08016778                __pow5mult
 .text.__lshift
                0x0801682c       0xd8 C:/ST/STM32CubeIDE_1.16.1/STM32CubeIDE/plugins/com.st.stm32cube.ide.mcu.externaltools.gnu-tools-for-stm32.13.3.rel1.win32_1.0.0.202411081344/tools/bin/../lib/gcc/arm-none-eabi/13.3.1/../../../../arm-none-eabi/lib/thumb/v7e-m+fp/hard\libc_nano.a(libc_a-mprec.o)
                0x0801682c                __lshift
 .text.__mcmp   0x08016904       0x36 C:/ST/STM32CubeIDE_1.16.1/STM32CubeIDE/plugins/com.st.stm32cube.ide.mcu.externaltools.gnu-tools-for-stm32.13.3.rel1.win32_1.0.0.202411081344/tools/bin/../lib/gcc/arm-none-eabi/13.3.1/../../../../arm-none-eabi/lib/thumb/v7e-m+fp/hard\libc_nano.a(libc_a-mprec.o)
                0x08016904                __mcmp
 *fill*         0x0801693a        0x2 
 .text.__mdiff  0x0801693c      0x128 C:/ST/STM32CubeIDE_1.16.1/STM32CubeIDE/plugins/com.st.stm32cube.ide.mcu.externaltools.gnu-tools-for-stm32.13.3.rel1.win32_1.0.0.202411081344/tools/bin/../lib/gcc/arm-none-eabi/13.3.1/../../../../arm-none-eabi/lib/thumb/v7e-m+fp/hard\libc_nano.a(libc_a-mprec.o)
                0x0801693c                __mdiff
 .text.__ulp    0x08016a64       0x4c C:/ST/STM32CubeIDE_1.16.1/STM32CubeIDE/plugins/com.st.stm32cube.ide.mcu.externaltools.gnu-tools-for-stm32.13.3.rel1.win32_1.0.0.202411081344/tools/bin/../lib/gcc/arm-none-eabi/13.3.1/../../../../arm-none-eabi/lib/thumb/v7e-m+fp/hard\libc_nano.a(libc_a-mprec.o)
                0x08016a64                __ulp
 .text.__b2d    0x08016ab0       0x94 C:/ST/STM32CubeIDE_1.16.1/STM32CubeIDE/plugins/com.st.stm32cube.ide.mcu.externaltools.gnu-tools-for-stm32.13.3.rel1.win32_1.0.0.202411081344/tools/bin/../lib/gcc/arm-none-eabi/13.3.1/../../../../arm-none-eabi/lib/thumb/v7e-m+fp/hard\libc_nano.a(libc_a-mprec.o)
                0x08016ab0                __b2d
 .text.__d2b    0x08016b44       0xb0 C:/ST/STM32CubeIDE_1.16.1/STM32CubeIDE/plugins/com.st.stm32cube.ide.mcu.externaltools.gnu-tools-for-stm32.13.3.rel1.win32_1.0.0.202411081344/tools/bin/../lib/gcc/arm-none-eabi/13.3.1/../../../../arm-none-eabi/lib/thumb/v7e-m+fp/hard\libc_nano.a(libc_a-mprec.o)
                0x08016b44                __d2b
 .text.__ratio  0x08016bf4       0x64 C:/ST/STM32CubeIDE_1.16.1/STM32CubeIDE/plugins/com.st.stm32cube.ide.mcu.externaltools.gnu-tools-for-stm32.13.3.rel1.win32_1.0.0.202411081344/tools/bin/../lib/gcc/arm-none-eabi/13.3.1/../../../../arm-none-eabi/lib/thumb/v7e-m+fp/hard\libc_nano.a(libc_a-mprec.o)
                0x08016bf4                __ratio
 .text.__copybits
                0x08016c58       0x46 C:/ST/STM32CubeIDE_1.16.1/STM32CubeIDE/plugins/com.st.stm32cube.ide.mcu.externaltools.gnu-tools-for-stm32.13.3.rel1.win32_1.0.0.202411081344/tools/bin/../lib/gcc/arm-none-eabi/13.3.1/../../../../arm-none-eabi/lib/thumb/v7e-m+fp/hard\libc_nano.a(libc_a-mprec.o)
                0x08016c58                __copybits
 .text.__any_on
                0x08016c9e       0x42 C:/ST/STM32CubeIDE_1.16.1/STM32CubeIDE/plugins/com.st.stm32cube.ide.mcu.externaltools.gnu-tools-for-stm32.13.3.rel1.win32_1.0.0.202411081344/tools/bin/../lib/gcc/arm-none-eabi/13.3.1/../../../../arm-none-eabi/lib/thumb/v7e-m+fp/hard\libc_nano.a(libc_a-mprec.o)
                0x08016c9e                __any_on
 .text._malloc_usable_size_r
                0x08016ce0       0x10 C:/ST/STM32CubeIDE_1.16.1/STM32CubeIDE/plugins/com.st.stm32cube.ide.mcu.externaltools.gnu-tools-for-stm32.13.3.rel1.win32_1.0.0.202411081344/tools/bin/../lib/gcc/arm-none-eabi/13.3.1/../../../../arm-none-eabi/lib/thumb/v7e-m+fp/hard\libc_nano.a(libc_a-msizer.o)
                0x08016ce0                _malloc_usable_size_r
 .text.__ascii_wctomb
                0x08016cf0       0x1a C:/ST/STM32CubeIDE_1.16.1/STM32CubeIDE/plugins/com.st.stm32cube.ide.mcu.externaltools.gnu-tools-for-stm32.13.3.rel1.win32_1.0.0.202411081344/tools/bin/../lib/gcc/arm-none-eabi/13.3.1/../../../../arm-none-eabi/lib/thumb/v7e-m+fp/hard\libc_nano.a(libc_a-wctomb_r.o)
                0x08016cf0                __ascii_wctomb
 .text.__ssputs_r
                0x08016d0a       0xb6 C:/ST/STM32CubeIDE_1.16.1/STM32CubeIDE/plugins/com.st.stm32cube.ide.mcu.externaltools.gnu-tools-for-stm32.13.3.rel1.win32_1.0.0.202411081344/tools/bin/../lib/gcc/arm-none-eabi/13.3.1/../../../../arm-none-eabi/lib/thumb/v7e-m+fp/hard\libc_nano.a(libc_a-nano-svfprintf.o)
                0x08016d0a                __ssputs_r
 .text._svfprintf_r
                0x08016dc0      0x1f8 C:/ST/STM32CubeIDE_1.16.1/STM32CubeIDE/plugins/com.st.stm32cube.ide.mcu.externaltools.gnu-tools-for-stm32.13.3.rel1.win32_1.0.0.202411081344/tools/bin/../lib/gcc/arm-none-eabi/13.3.1/../../../../arm-none-eabi/lib/thumb/v7e-m+fp/hard\libc_nano.a(libc_a-nano-svfprintf.o)
                0x08016dc0                _svfiprintf_r
                0x08016dc0                _svfprintf_r
 .text._sungetc_r
                0x08016fb8       0x7a C:/ST/STM32CubeIDE_1.16.1/STM32CubeIDE/plugins/com.st.stm32cube.ide.mcu.externaltools.gnu-tools-for-stm32.13.3.rel1.win32_1.0.0.202411081344/tools/bin/../lib/gcc/arm-none-eabi/13.3.1/../../../../arm-none-eabi/lib/thumb/v7e-m+fp/hard\libc_nano.a(libc_a-nano-svfscanf.o)
                0x08016fb8                _sungetc_r
 .text.__ssrefill_r
                0x08017032       0x3a C:/ST/STM32CubeIDE_1.16.1/STM32CubeIDE/plugins/com.st.stm32cube.ide.mcu.externaltools.gnu-tools-for-stm32.13.3.rel1.win32_1.0.0.202411081344/tools/bin/../lib/gcc/arm-none-eabi/13.3.1/../../../../arm-none-eabi/lib/thumb/v7e-m+fp/hard\libc_nano.a(libc_a-nano-svfscanf.o)
                0x08017032                __ssrefill_r
 .text.__ssvfscanf_r
                0x0801706c      0x2ec C:/ST/STM32CubeIDE_1.16.1/STM32CubeIDE/plugins/com.st.stm32cube.ide.mcu.externaltools.gnu-tools-for-stm32.13.3.rel1.win32_1.0.0.202411081344/tools/bin/../lib/gcc/arm-none-eabi/13.3.1/../../../../arm-none-eabi/lib/thumb/v7e-m+fp/hard\libc_nano.a(libc_a-nano-svfscanf.o)
                0x0801706c                __ssvfiscanf_r
                0x0801706c                __ssvfscanf_r
 .text.__sfputc_r
                0x08017358       0x2e C:/ST/STM32CubeIDE_1.16.1/STM32CubeIDE/plugins/com.st.stm32cube.ide.mcu.externaltools.gnu-tools-for-stm32.13.3.rel1.win32_1.0.0.202411081344/tools/bin/../lib/gcc/arm-none-eabi/13.3.1/../../../../arm-none-eabi/lib/thumb/v7e-m+fp/hard\libc_nano.a(libc_a-nano-vfprintf.o)
 .text.__sfputs_r
                0x08017386       0x24 C:/ST/STM32CubeIDE_1.16.1/STM32CubeIDE/plugins/com.st.stm32cube.ide.mcu.externaltools.gnu-tools-for-stm32.13.3.rel1.win32_1.0.0.202411081344/tools/bin/../lib/gcc/arm-none-eabi/13.3.1/../../../../arm-none-eabi/lib/thumb/v7e-m+fp/hard\libc_nano.a(libc_a-nano-vfprintf.o)
                0x08017386                __sfputs_r
 *fill*         0x080173aa        0x2 
 .text._vfprintf_r
                0x080173ac      0x230 C:/ST/STM32CubeIDE_1.16.1/STM32CubeIDE/plugins/com.st.stm32cube.ide.mcu.externaltools.gnu-tools-for-stm32.13.3.rel1.win32_1.0.0.202411081344/tools/bin/../lib/gcc/arm-none-eabi/13.3.1/../../../../arm-none-eabi/lib/thumb/v7e-m+fp/hard\libc_nano.a(libc_a-nano-vfprintf.o)
                0x080173ac                _vfprintf_r
                0x080173ac                _vfiprintf_r
 .text._printf_common
                0x080175dc       0xda C:/ST/STM32CubeIDE_1.16.1/STM32CubeIDE/plugins/com.st.stm32cube.ide.mcu.externaltools.gnu-tools-for-stm32.13.3.rel1.win32_1.0.0.202411081344/tools/bin/../lib/gcc/arm-none-eabi/13.3.1/../../../../arm-none-eabi/lib/thumb/v7e-m+fp/hard\libc_nano.a(libc_a-nano-vfprintf_i.o)
                0x080175dc                _printf_common
 *fill*         0x080176b6        0x2 
 .text._printf_i
                0x080176b8      0x23c C:/ST/STM32CubeIDE_1.16.1/STM32CubeIDE/plugins/com.st.stm32cube.ide.mcu.externaltools.gnu-tools-for-stm32.13.3.rel1.win32_1.0.0.202411081344/tools/bin/../lib/gcc/arm-none-eabi/13.3.1/../../../../arm-none-eabi/lib/thumb/v7e-m+fp/hard\libc_nano.a(libc_a-nano-vfprintf_i.o)
                0x080176b8                _printf_i
 .text._scanf_chars
                0x080178f4       0xb4 C:/ST/STM32CubeIDE_1.16.1/STM32CubeIDE/plugins/com.st.stm32cube.ide.mcu.externaltools.gnu-tools-for-stm32.13.3.rel1.win32_1.0.0.202411081344/tools/bin/../lib/gcc/arm-none-eabi/13.3.1/../../../../arm-none-eabi/lib/thumb/v7e-m+fp/hard\libc_nano.a(libc_a-nano-vfscanf_i.o)
                0x080178f4                _scanf_chars
 .text._scanf_i
                0x080179a8      0x1e8 C:/ST/STM32CubeIDE_1.16.1/STM32CubeIDE/plugins/com.st.stm32cube.ide.mcu.externaltools.gnu-tools-for-stm32.13.3.rel1.win32_1.0.0.202411081344/tools/bin/../lib/gcc/arm-none-eabi/13.3.1/../../../../arm-none-eabi/lib/thumb/v7e-m+fp/hard\libc_nano.a(libc_a-nano-vfscanf_i.o)
                0x080179a8                _scanf_i
 .text.__sflush_r
                0x08017b90      0x108 C:/ST/STM32CubeIDE_1.16.1/STM32CubeIDE/plugins/com.st.stm32cube.ide.mcu.externaltools.gnu-tools-for-stm32.13.3.rel1.win32_1.0.0.202411081344/tools/bin/../lib/gcc/arm-none-eabi/13.3.1/../../../../arm-none-eabi/lib/thumb/v7e-m+fp/hard\libc_nano.a(libc_a-fflush.o)
                0x08017b90                __sflush_r
 .text._fflush_r
                0x08017c98       0x50 C:/ST/STM32CubeIDE_1.16.1/STM32CubeIDE/plugins/com.st.stm32cube.ide.mcu.externaltools.gnu-tools-for-stm32.13.3.rel1.win32_1.0.0.202411081344/tools/bin/../lib/gcc/arm-none-eabi/13.3.1/../../../../arm-none-eabi/lib/thumb/v7e-m+fp/hard\libc_nano.a(libc_a-fflush.o)
                0x08017c98                _fflush_r
 .text.__swhatbuf_r
                0x08017ce8       0x4c C:/ST/STM32CubeIDE_1.16.1/STM32CubeIDE/plugins/com.st.stm32cube.ide.mcu.externaltools.gnu-tools-for-stm32.13.3.rel1.win32_1.0.0.202411081344/tools/bin/../lib/gcc/arm-none-eabi/13.3.1/../../../../arm-none-eabi/lib/thumb/v7e-m+fp/hard\libc_nano.a(libc_a-makebuf.o)
                0x08017ce8                __swhatbuf_r
 .text.__smakebuf_r
                0x08017d34       0x78 C:/ST/STM32CubeIDE_1.16.1/STM32CubeIDE/plugins/com.st.stm32cube.ide.mcu.externaltools.gnu-tools-for-stm32.13.3.rel1.win32_1.0.0.202411081344/tools/bin/../lib/gcc/arm-none-eabi/13.3.1/../../../../arm-none-eabi/lib/thumb/v7e-m+fp/hard\libc_nano.a(libc_a-makebuf.o)
                0x08017d34                __smakebuf_r
 .text.__sccl   0x08017dac       0x72 C:/ST/STM32CubeIDE_1.16.1/STM32CubeIDE/plugins/com.st.stm32cube.ide.mcu.externaltools.gnu-tools-for-stm32.13.3.rel1.win32_1.0.0.202411081344/tools/bin/../lib/gcc/arm-none-eabi/13.3.1/../../../../arm-none-eabi/lib/thumb/v7e-m+fp/hard\libc_nano.a(libc_a-sccl.o)
                0x08017dac                __sccl
 .text.__submore
                0x08017e1e       0x74 C:/ST/STM32CubeIDE_1.16.1/STM32CubeIDE/plugins/com.st.stm32cube.ide.mcu.externaltools.gnu-tools-for-stm32.13.3.rel1.win32_1.0.0.202411081344/tools/bin/../lib/gcc/arm-none-eabi/13.3.1/../../../../arm-none-eabi/lib/thumb/v7e-m+fp/hard\libc_nano.a(libc_a-ungetc.o)
                0x08017e1e                __submore
 .text.memmove  0x08017e92       0x34 C:/ST/STM32CubeIDE_1.16.1/STM32CubeIDE/plugins/com.st.stm32cube.ide.mcu.externaltools.gnu-tools-for-stm32.13.3.rel1.win32_1.0.0.202411081344/tools/bin/../lib/gcc/arm-none-eabi/13.3.1/../../../../arm-none-eabi/lib/thumb/v7e-m+fp/hard\libc_nano.a(libc_a-memmove.o)
                0x08017e92                memmove
 *fill*         0x08017ec6        0x2 
 .text._fstat_r
                0x08017ec8       0x24 C:/ST/STM32CubeIDE_1.16.1/STM32CubeIDE/plugins/com.st.stm32cube.ide.mcu.externaltools.gnu-tools-for-stm32.13.3.rel1.win32_1.0.0.202411081344/tools/bin/../lib/gcc/arm-none-eabi/13.3.1/../../../../arm-none-eabi/lib/thumb/v7e-m+fp/hard\libc_nano.a(libc_a-fstatr.o)
                0x08017ec8                _fstat_r
 .text._isatty_r
                0x08017eec       0x20 C:/ST/STM32CubeIDE_1.16.1/STM32CubeIDE/plugins/com.st.stm32cube.ide.mcu.externaltools.gnu-tools-for-stm32.13.3.rel1.win32_1.0.0.202411081344/tools/bin/../lib/gcc/arm-none-eabi/13.3.1/../../../../arm-none-eabi/lib/thumb/v7e-m+fp/hard\libc_nano.a(libc_a-isattyr.o)
                0x08017eec                _isatty_r
 .text.__assert_func
                0x08017f0c       0x3c C:/ST/STM32CubeIDE_1.16.1/STM32CubeIDE/plugins/com.st.stm32cube.ide.mcu.externaltools.gnu-tools-for-stm32.13.3.rel1.win32_1.0.0.202411081344/tools/bin/../lib/gcc/arm-none-eabi/13.3.1/../../../../arm-none-eabi/lib/thumb/v7e-m+fp/hard\libc_nano.a(libc_a-assert.o)
                0x08017f0c                __assert_func
 .text._calloc_r
                0x08017f48       0x28 C:/ST/STM32CubeIDE_1.16.1/STM32CubeIDE/plugins/com.st.stm32cube.ide.mcu.externaltools.gnu-tools-for-stm32.13.3.rel1.win32_1.0.0.202411081344/tools/bin/../lib/gcc/arm-none-eabi/13.3.1/../../../../arm-none-eabi/lib/thumb/v7e-m+fp/hard\libc_nano.a(libc_a-callocr.o)
                0x08017f48                _calloc_r
 .text._strtol_l.isra.0
                0x08017f70       0xf4 C:/ST/STM32CubeIDE_1.16.1/STM32CubeIDE/plugins/com.st.stm32cube.ide.mcu.externaltools.gnu-tools-for-stm32.13.3.rel1.win32_1.0.0.202411081344/tools/bin/../lib/gcc/arm-none-eabi/13.3.1/../../../../arm-none-eabi/lib/thumb/v7e-m+fp/hard\libc_nano.a(libc_a-strtol.o)
 .text._strtol_r
                0x08018064        0x4 C:/ST/STM32CubeIDE_1.16.1/STM32CubeIDE/plugins/com.st.stm32cube.ide.mcu.externaltools.gnu-tools-for-stm32.13.3.rel1.win32_1.0.0.202411081344/tools/bin/../lib/gcc/arm-none-eabi/13.3.1/../../../../arm-none-eabi/lib/thumb/v7e-m+fp/hard\libc_nano.a(libc_a-strtol.o)
                0x08018064                _strtol_r
 .text._strtoul_l.isra.0
                0x08018068       0xdc C:/ST/STM32CubeIDE_1.16.1/STM32CubeIDE/plugins/com.st.stm32cube.ide.mcu.externaltools.gnu-tools-for-stm32.13.3.rel1.win32_1.0.0.202411081344/tools/bin/../lib/gcc/arm-none-eabi/13.3.1/../../../../arm-none-eabi/lib/thumb/v7e-m+fp/hard\libc_nano.a(libc_a-strtoul.o)
 .text._strtoul_r
                0x08018144        0x4 C:/ST/STM32CubeIDE_1.16.1/STM32CubeIDE/plugins/com.st.stm32cube.ide.mcu.externaltools.gnu-tools-for-stm32.13.3.rel1.win32_1.0.0.202411081344/tools/bin/../lib/gcc/arm-none-eabi/13.3.1/../../../../arm-none-eabi/lib/thumb/v7e-m+fp/hard\libc_nano.a(libc_a-strtoul.o)
                0x08018144                _strtoul_r
 .text.fprintf  0x08018148       0x24 C:/ST/STM32CubeIDE_1.16.1/STM32CubeIDE/plugins/com.st.stm32cube.ide.mcu.externaltools.gnu-tools-for-stm32.13.3.rel1.win32_1.0.0.202411081344/tools/bin/../lib/gcc/arm-none-eabi/13.3.1/../../../../arm-none-eabi/lib/thumb/v7e-m+fp/hard\libc_nano.a(libc_a-fprintf.o)
                0x08018148                fiprintf
                0x08018148                fprintf
 .text.abort    0x0801816c        0xe C:/ST/STM32CubeIDE_1.16.1/STM32CubeIDE/plugins/com.st.stm32cube.ide.mcu.externaltools.gnu-tools-for-stm32.13.3.rel1.win32_1.0.0.202411081344/tools/bin/../lib/gcc/arm-none-eabi/13.3.1/../../../../arm-none-eabi/lib/thumb/v7e-m+fp/hard\libc_nano.a(libc_a-abort.o)
                0x0801816c                abort
 .text._raise_r
                0x0801817a       0x50 C:/ST/STM32CubeIDE_1.16.1/STM32CubeIDE/plugins/com.st.stm32cube.ide.mcu.externaltools.gnu-tools-for-stm32.13.3.rel1.win32_1.0.0.202411081344/tools/bin/../lib/gcc/arm-none-eabi/13.3.1/../../../../arm-none-eabi/lib/thumb/v7e-m+fp/hard\libc_nano.a(libc_a-signal.o)
                0x0801817a                _raise_r
 *fill*         0x080181ca        0x2 
 .text.raise    0x080181cc       0x10 C:/ST/STM32CubeIDE_1.16.1/STM32CubeIDE/plugins/com.st.stm32cube.ide.mcu.externaltools.gnu-tools-for-stm32.13.3.rel1.win32_1.0.0.202411081344/tools/bin/../lib/gcc/arm-none-eabi/13.3.1/../../../../arm-none-eabi/lib/thumb/v7e-m+fp/hard\libc_nano.a(libc_a-signal.o)
                0x080181cc                raise
 .text._kill_r  0x080181dc       0x24 C:/ST/STM32CubeIDE_1.16.1/STM32CubeIDE/plugins/com.st.stm32cube.ide.mcu.externaltools.gnu-tools-for-stm32.13.3.rel1.win32_1.0.0.202411081344/tools/bin/../lib/gcc/arm-none-eabi/13.3.1/../../../../arm-none-eabi/lib/thumb/v7e-m+fp/hard\libc_nano.a(libc_a-signalr.o)
                0x080181dc                _kill_r
 .text._getpid_r