Archive member included to satisfy reference by file (symbol)

C:/ST/STM32CubeIDE_1.16.1/STM32CubeIDE/plugins/com.st.stm32cube.ide.mcu.externaltools.gnu-tools-for-stm32.13.3.rel1.win32_1.0.0.202411081344/tools/bin/../lib/gcc/arm-none-eabi/13.3.1/../../../../arm-none-eabi/lib/thumb/v7e-m+fp/hard\libc_nano.a(libc_a-exit.o)
                              C:/ST/STM32CubeIDE_1.16.1/STM32CubeIDE/plugins/com.st.stm32cube.ide.mcu.externaltools.gnu-tools-for-stm32.13.3.rel1.win32_1.0.0.202411081344/tools/bin/../lib/gcc/arm-none-eabi/13.3.1/../../../../arm-none-eabi/lib/thumb/v7e-m+fp/hard/crt0.o (exit)
C:/ST/STM32CubeIDE_1.16.1/STM32CubeIDE/plugins/com.st.stm32cube.ide.mcu.externaltools.gnu-tools-for-stm32.13.3.rel1.win32_1.0.0.202411081344/tools/bin/../lib/gcc/arm-none-eabi/13.3.1/../../../../arm-none-eabi/lib/thumb/v7e-m+fp/hard\libc_nano.a(libc_a-malloc.o)
                              ./Core/Src/cJSON/cJSON.o (malloc)
C:/ST/STM32CubeIDE_1.16.1/STM32CubeIDE/plugins/com.st.stm32cube.ide.mcu.externaltools.gnu-tools-for-stm32.13.3.rel1.win32_1.0.0.202411081344/tools/bin/../lib/gcc/arm-none-eabi/13.3.1/../../../../arm-none-eabi/lib/thumb/v7e-m+fp/hard\libc_nano.a(libc_a-mallocr.o)
                              C:/ST/STM32CubeIDE_1.16.1/STM32CubeIDE/plugins/com.st.stm32cube.ide.mcu.externaltools.gnu-tools-for-stm32.13.3.rel1.win32_1.0.0.202411081344/tools/bin/../lib/gcc/arm-none-eabi/13.3.1/../../../../arm-none-eabi/lib/thumb/v7e-m+fp/hard\libc_nano.a(libc_a-malloc.o) (_malloc_r)
C:/ST/STM32CubeIDE_1.16.1/STM32CubeIDE/plugins/com.st.stm32cube.ide.mcu.externaltools.gnu-tools-for-stm32.13.3.rel1.win32_1.0.0.202411081344/tools/bin/../lib/gcc/arm-none-eabi/13.3.1/../../../../arm-none-eabi/lib/thumb/v7e-m+fp/hard\libc_nano.a(libc_a-mlock.o)
                              C:/ST/STM32CubeIDE_1.16.1/STM32CubeIDE/plugins/com.st.stm32cube.ide.mcu.externaltools.gnu-tools-for-stm32.13.3.rel1.win32_1.0.0.202411081344/tools/bin/../lib/gcc/arm-none-eabi/13.3.1/../../../../arm-none-eabi/lib/thumb/v7e-m+fp/hard\libc_nano.a(libc_a-mallocr.o) (__malloc_lock)
C:/ST/STM32CubeIDE_1.16.1/STM32CubeIDE/plugins/com.st.stm32cube.ide.mcu.externaltools.gnu-tools-for-stm32.13.3.rel1.win32_1.0.0.202411081344/tools/bin/../lib/gcc/arm-none-eabi/13.3.1/../../../../arm-none-eabi/lib/thumb/v7e-m+fp/hard\libc_nano.a(libc_a-realloc.o)
                              ./Core/Src/cJSON/cJSON.o (realloc)
C:/ST/STM32CubeIDE_1.16.1/STM32CubeIDE/plugins/com.st.stm32cube.ide.mcu.externaltools.gnu-tools-for-stm32.13.3.rel1.win32_1.0.0.202411081344/tools/bin/../lib/gcc/arm-none-eabi/13.3.1/../../../../arm-none-eabi/lib/thumb/v7e-m+fp/hard\libc_nano.a(libc_a-reallocr.o)
                              C:/ST/STM32CubeIDE_1.16.1/STM32CubeIDE/plugins/com.st.stm32cube.ide.mcu.externaltools.gnu-tools-for-stm32.13.3.rel1.win32_1.0.0.202411081344/tools/bin/../lib/gcc/arm-none-eabi/13.3.1/../../../../arm-none-eabi/lib/thumb/v7e-m+fp/hard\libc_nano.a(libc_a-realloc.o) (_realloc_r)
C:/ST/STM32CubeIDE_1.16.1/STM32CubeIDE/plugins/com.st.stm32cube.ide.mcu.externaltools.gnu-tools-for-stm32.13.3.rel1.win32_1.0.0.202411081344/tools/bin/../lib/gcc/arm-none-eabi/13.3.1/../../../../arm-none-eabi/lib/thumb/v7e-m+fp/hard\libc_nano.a(libc_a-strtod.o)
                              ./Core/Src/cJSON/cJSON.o (strtod)
C:/ST/STM32CubeIDE_1.16.1/STM32CubeIDE/plugins/com.st.stm32cube.ide.mcu.externaltools.gnu-tools-for-stm32.13.3.rel1.win32_1.0.0.202411081344/tools/bin/../lib/gcc/arm-none-eabi/13.3.1/../../../../arm-none-eabi/lib/thumb/v7e-m+fp/hard\libc_nano.a(libc_a-ctype_.o)
                              ./Core/Src/cJSON/cJSON.o (_ctype_)
C:/ST/STM32CubeIDE_1.16.1/STM32CubeIDE/plugins/com.st.stm32cube.ide.mcu.externaltools.gnu-tools-for-stm32.13.3.rel1.win32_1.0.0.202411081344/tools/bin/../lib/gcc/arm-none-eabi/13.3.1/../../../../arm-none-eabi/lib/thumb/v7e-m+fp/hard\libc_nano.a(libc_a-nano-vfprintf_float.o)
                              (_printf_float)
C:/ST/STM32CubeIDE_1.16.1/STM32CubeIDE/plugins/com.st.stm32cube.ide.mcu.externaltools.gnu-tools-for-stm32.13.3.rel1.win32_1.0.0.202411081344/tools/bin/../lib/gcc/arm-none-eabi/13.3.1/../../../../arm-none-eabi/lib/thumb/v7e-m+fp/hard\libc_nano.a(libc_a-nano-vfprintf_i.o)
                              C:/ST/STM32CubeIDE_1.16.1/STM32CubeIDE/plugins/com.st.stm32cube.ide.mcu.externaltools.gnu-tools-for-stm32.13.3.rel1.win32_1.0.0.202411081344/tools/bin/../lib/gcc/arm-none-eabi/13.3.1/../../../../arm-none-eabi/lib/thumb/v7e-m+fp/hard\libc_nano.a(libc_a-nano-vfprintf_float.o) (_printf_common)
C:/ST/STM32CubeIDE_1.16.1/STM32CubeIDE/plugins/com.st.stm32cube.ide.mcu.externaltools.gnu-tools-for-stm32.13.3.rel1.win32_1.0.0.202411081344/tools/bin/../lib/gcc/arm-none-eabi/13.3.1/../../../../arm-none-eabi/lib/thumb/v7e-m+fp/hard\libc_nano.a(libc_a-findfp.o)
[...]
Memory Configuration

Name             Origin             Length             Attributes
RAM              0x20000000         0x00020000         xrw
FLASH            0x08008000         0x00078000         xr
*default*        0x00000000         0xffffffff

Linker script and memory map

LOAD C:/ST/STM32CubeIDE_1.16.1/STM32CubeIDE/plugins/com.st.stm32cube.ide.mcu.externaltools.gnu-tools-for-stm32.13.3.rel1.win32_1.0.0.202411081344/tools/bin/../lib/gcc/arm-none-eabi/13.3.1/thumb/v7e-m+fp/hard/crti.o
LOAD C:/ST/STM32CubeIDE_1.16.1/STM32CubeIDE/plugins/com.st.stm32cube.ide.mcu.externaltools.gnu-tools-for-stm32.13.3.rel1.win32_1.0.0.202411081344/tools/bin/../lib/gcc/arm-none-eabi/13.3.1/thumb/v7e-m+fp/hard/crtbegin.o
LOAD C:/ST/STM32CubeIDE_1.16.1/STM32CubeIDE/plugins/com.st.stm32cube.ide.mcu.externaltools.gnu-tools-for-stm32.13.3.rel1.win32_1.0.0.202411081344/tools/bin/../lib/gcc/arm-none-eabi/13.3.1/../../../../arm-none-eabi/lib/thumb/v7e-m+fp/hard/crt0.o
LOAD ./Core/Src/MQTT/MQTTConnectClient.o
LOAD ./Core/Src/MQTT/MQTTDeserializePublish.o
LOAD ./Core/Src/MQTT/MQTTFormat.o
LOAD ./Core/Src/MQTT/MQTTPacket.o
LOAD ./Core/Src/MQTT/MQTTSerializePublish.o
LOAD ./Core/Src/MQTT/MQTTSim800.o
LOAD ./Core/Src/MQTT/MQTTSubscribeClient.o
LOAD ./Core/Src/MQTT/MQTTUnsubscribeClient.o
LOAD ./Core/Src/ST7735/GFX_FUNCTIONS.o
LOAD ./Core/Src/ST7735/ST7735.o
LOAD ./Core/Src/ST7735/fonts.o
LOAD ./Core/Src/ST7735/onwords_logo.o
LOAD ./Core/Src/cJSON/cJSON.o
LOAD ./Core/Src/cJSON/cJSON_Utils.o
LOAD ./Core/Src/display_ctrl.o
LOAD ./Core/Src/gsm_app.o
LOAD ./Core/Src/main.o
LOAD ./Core/Src/spi_rec.o
LOAD ./Core/Src/stm32f4xx_hal_msp.o
LOAD ./Core/Src/stm32f4xx_hal_timebase_tim.o
LOAD ./Core/Src/stm32f4xx_it.o
LOAD ./Core/Src/syscalls.o
LOAD ./Core/Src/system_stm32f4xx.o
LOAD ./Core/Src/uart_rec.o
LOAD ./Core/Src/user_app.o
LOAD ./Core/Startup/startup_stm32f446retx.o
LOAD ./Drivers/STM32F4xx_HAL_Driver/Src/stm32f4xx_hal.o
LOAD ./Drivers/STM32F4xx_HAL_Driver/Src/stm32f4xx_hal_cortex.o
LOAD ./Drivers/STM32F4xx_HAL_Driver/Src/stm32f4xx_hal_dma.o
LOAD ./Drivers/STM32F4xx_HAL_Driver/Src/stm32f4xx_hal_dma_ex.o
LOAD ./Drivers/STM32F4xx_HAL_Driver/Src/stm32f4xx_hal_exti.o
LOAD ./Drivers/STM32F4xx_HAL_Driver/Src/stm32f4xx_hal_flash.o
LOAD ./Drivers/STM32F4xx_HAL_Driver/Src/stm32f4xx_hal_flash_ex.o
LOAD ./Drivers/STM32F4xx_HAL_Driver/Src/stm32f4xx_hal_flash_ramfunc.o
LOAD ./Drivers/STM32F4xx_HAL_Driver/Src/stm32f4xx_hal_gpio.o
LOAD ./Drivers/STM32F4xx_HAL_Driver/Src/stm32f4xx_hal_pwr.o
LOAD ./Drivers/STM32F4xx_HAL_Driver/Src/stm32f4xx_hal_pwr_ex.o
LOAD ./Drivers/STM32F4xx_HAL_Driver/Src/stm32f4xx_hal_rcc.o
LOAD ./Drivers/STM32F4xx_HAL_Driver/Src/stm32f4xx_hal_rcc_ex.o
LOAD ./Drivers/STM32F4xx_HAL_Driver/Src/stm32f4xx_hal_spi.o
LOAD ./Drivers/STM32F4xx_HAL_Driver/Src/stm32f4xx_hal_tim.o
LOAD ./Drivers/STM32F4xx_HAL_Driver/Src/stm32f4xx_hal_tim_ex.o
LOAD ./Drivers/STM32F4xx_HAL_Driver/Src/stm32f4xx_hal_uart.o
LOAD ./RTOS/freeRTOS/croutine.o
LOAD ./RTOS/freeRTOS/event_groups.o
LOAD ./RTOS/freeRTOS/list.o
LOAD ./RTOS/freeRTOS/queue.o
LOAD ./RTOS/freeRTOS/stream_buffer.o
LOAD ./RTOS/freeRTOS/tasks.o
LOAD ./RTOS/freeRTOS/timers.o
LOAD ./RTOS/freeRTOS/portable/GCC/ARM_CM4F/port.o
LOAD ./RTOS/freeRTOS/portable/MemMang/heap_4.o
START GROUP
LOAD C:/ST/STM32CubeIDE_1.16.1/STM32CubeIDE/plugins/com.st.stm32cube.ide.mcu.externaltools.gnu-tools-for-stm32.13.3.rel1.win32_1.0.0.202411081344/tools/bin/../lib/gcc/arm-none-eabi/13.3.1/../../../../arm-none-eabi/lib/thumb/v7e-m+fp/hard\libc_nano.a
LOAD C:/ST/STM32CubeIDE_1.16.1/STM32CubeIDE/plugins/com.st.stm32cube.ide.mcu.externaltools.gnu-tools-for-stm32.13.3.rel1.win32_1.0.0.202411081344/tools/bin/../lib/gcc/arm-none-eabi/13.3.1/../../../../arm-none-eabi/lib/thumb/v7e-m+fp/hard\libm.a
END GROUP
START GROUP
LOAD C:/ST/STM32CubeIDE_1.16.1/STM32CubeIDE/plugins/com.st.stm32cube.ide.mcu.externaltools.gnu-tools-for-stm32.13.3.rel1.win32_1.0.0.202411081344/tools/bin/../lib/gcc/arm-none-eabi/13.3.1/thumb/v7e-m+fp/hard\libgcc.a
LOAD C:/ST/STM32CubeIDE_1.16.1/STM32CubeIDE/plugins/com.st.stm32cube.ide.mcu.externaltools.gnu-tools-for-stm32.13.3.rel1.win32_1.0.0.202411081344/tools/bin/../lib/gcc/arm-none-eabi/13.3.1/../../../../arm-none-eabi/lib/thumb/v7e-m+fp/hard\libc_nano.a
END GROUP
START GROUP
LOAD C:/ST/STM32CubeIDE_1.16.1/STM32CubeIDE/plugins/com.st.stm32cube.ide.mcu.externaltools.gnu-tools-for-stm32.13.3.rel1.win32_1.0.0.202411081344/tools/bin/../lib/gcc/arm-none-eabi/13.3.1/thumb/v7e-m+fp/hard\libgcc.a
LOAD C:/ST/STM32CubeIDE_1.16.1/STM32CubeIDE/plugins/com.st.stm32cube.ide.mcu.externaltools.gnu-tools-for-stm32.13.3.rel1.win32_1.0.0.202411081344/tools/bin/../lib/gcc/arm-none-eabi/13.3.1/../../../../arm-none-eabi/lib/thumb/v7e-m+fp/hard\libc_nano.a
LOAD C:/ST/STM32CubeIDE_1.16.1/STM32CubeIDE/plugins/com.st.stm32cube.ide.mcu.externaltools.gnu-tools-for-stm32.13.3.rel1.win32_1.0.0.202411081344/tools/bin/../lib/gcc/arm-none-eabi/13.3.1/../../../../arm-none-eabi/lib/thumb/v7e-m+fp/hard\libnosys.a
END GROUP
START GROUP
LOAD C:/ST/STM32CubeIDE_1.16.1/STM32CubeIDE/plugins/com.st.stm32cube.ide.mcu.externaltools.gnu-tools-for-stm32.13.3.rel1.win32_1.0.0.202411081344/tools/bin/../lib/gcc/arm-none-eabi/13.3.1/thumb/v7e-m+fp/hard\libgcc.a
LOAD C:/ST/STM32CubeIDE_1.16.1/STM32CubeIDE/plugins/com.st.stm32cube.ide.mcu.externaltools.gnu-tools-for-stm32.13.3.rel1.win32_1.0.0.202411081344/tools/bin/../lib/gcc/arm-none-eabi/13.3.1/../../../../arm-none-eabi/lib/thumb/v7e-m+fp/hard\libc_nano.a
LOAD C:/ST/STM32CubeIDE_1.16.1/STM32CubeIDE/plugins/com.st.stm32cube.ide.mcu.externaltools.gnu-tools-for-stm32.13.3.rel1.win32_1.0.0.202411081344/tools/bin/../lib/gcc/arm-none-eabi/13.3.1/../../../../arm-none-eabi/lib/thumb/v7e-m+fp/hard\libnosys.a
END GROUP
LOAD C:/ST/STM32CubeIDE_1.16.1/STM32CubeIDE/plugins/com.st.stm32cube.ide.mcu.externaltools.gnu-tools-for-stm32.13.3.rel1.win32_1.0.0.202411081344/tools/bin/../lib/gcc/arm-none-eabi/13.3.1/thumb/v7e-m+fp/hard/crtend.o
LOAD C:/ST/STM32CubeIDE_1.16.1/STM32CubeIDE/plugins/com.st.stm32cube.ide.mcu.externaltools.gnu-tools-for-stm32.13.3.rel1.win32_1.0.0.202411081344/tools/bin/../lib/gcc/arm-none-eabi/13.3.1/thumb/v7e-m+fp/hard/crtn.o
                0x20020000                        _estack = (ORIGIN (RAM) + LENGTH (RAM))
                0x00000200                        _Min_Heap_Size = 0x200
                0x00000400                        _Min_Stack_Size = 0x400

.isr_vector     0x08008000      0x1c4
                0x08008000                        . = ALIGN (0x4)
 *(.isr_vector)
 .isr_vector    0x08008000      0x1c4 ./Core/Startup/startup_stm32f446retx.o
                0x08008000                g_pfnVectors
                0x080081c4                        . = ALIGN (0x4)

.text           0x080081d0    0x134ac
                0x080081d0                        . = ALIGN (0x4)
 *(.text)
 .text          0x080081d0       0x40 C:/ST/STM32CubeIDE_1.16.1/STM32CubeIDE/plugins/com.st.stm32cube.ide.mcu.externaltools.gnu-tools-for-stm32.13.3.rel1.win32_1.0.0.202411081344/tools/bin/../lib/gcc/arm-none-eabi/13.3.1/thumb/v7e-m+fp/hard/crtbegin.o
 .text          0x08008210       0x14 C:/ST/STM32CubeIDE_1.16.1/STM32CubeIDE/plugins/com.st.stm32cube.ide.mcu.externaltools.gnu-tools-for-stm32.13.3.rel1.win32_1.0.0.202411081344/tools/bin/../lib/gcc/arm-none-eabi/13.3.1/../../../../arm-none-eabi/lib/thumb/v7e-m+fp/hard\libc_nano.a(libc_a-strcmp.o)
                0x08008210                strcmp
 *fill*         0x08008224        0xc 
 .text          0x08008230       0xa0 C:/ST/STM32CubeIDE_1.16.1/STM32CubeIDE/plugins/com.st.stm32cube.ide.mcu.externaltools.gnu-tools-for-stm32.13.3.rel1.win32_1.0.0.202411081344/tools/bin/../lib/gcc/arm-none-eabi/13.3.1/../../../../arm-none-eabi/lib/thumb/v7e-m+fp/hard\libc_nano.a(libc_a-memchr.o)
                0x08008230                memchr
 .text          0x080082d0       0x10 C:/ST/STM32CubeIDE_1.16.1/STM32CubeIDE/plugins/com.st.stm32cube.ide.mcu.externaltools.gnu-tools-for-stm32.13.3.rel1.win32_1.0.0.202411081344/tools/bin/../lib/gcc/arm-none-eabi/13.3.1/../../../../arm-none-eabi/lib/thumb/v7e-m+fp/hard\libc_nano.a(libc_a-strlen.o)
                0x080082d0                strlen
 .text          0x080082e0      0x378 C:/ST/STM32CubeIDE_1.16.1/STM32CubeIDE/plugins/com.st.stm32cube.ide.mcu.externaltools.gnu-tools-for-stm32.13.3.rel1.win32_1.0.0.202411081344/tools/bin/../lib/gcc/arm-none-eabi/13.3.1/thumb/v7e-m+fp/hard\libgcc.a(_arm_addsubdf3.o)
                0x080082e0                __aeabi_drsub
                0x080082e8                __aeabi_dsub
                0x080082e8                __subdf3
                0x080082ec                __aeabi_dadd
                0x080082ec                __adddf3
                0x08008564                __floatunsidf
                0x08008564                __aeabi_ui2d
                0x08008584                __floatsidf
                0x08008584                __aeabi_i2d
                0x080085a8                __aeabi_f2d
                0x080085a8                __extendsfdf2
                0x080085ec                __floatundidf
                0x080085ec                __aeabi_ul2d
                0x080085fc                __floatdidf
                0x080085fc                __aeabi_l2d
 .text          0x08008658      0x424 C:/ST/STM32CubeIDE_1.16.1/STM32CubeIDE/plugins/com.st.stm32cube.ide.mcu.externaltools.gnu-tools-for-stm32.13.3.rel1.win32_1.0.0.202411081344/tools/bin/../lib/gcc/arm-none-eabi/13.3.1/thumb/v7e-m+fp/hard\libgcc.a(_arm_muldivdf3.o)
                0x08008658                __aeabi_dmul
                0x08008658                __muldf3
                0x080088ac                __divdf3
                0x080088ac                __aeabi_ddiv
 .text          0x08008a7c      0x110 C:/ST/STM32CubeIDE_1.16.1/STM32CubeIDE/plugins/com.st.stm32cube.ide.mcu.externaltools.gnu-tools-for-stm32.13.3.rel1.win32_1.0.0.202411081344/tools/bin/../lib/gcc/arm-none-eabi/13.3.1/thumb/v7e-m+fp/hard\libgcc.a(_arm_cmpdf2.o)
                0x08008a7c                __gtdf2
                0x08008a7c                __gedf2
                0x08008a84                __ltdf2
                0x08008a84                __ledf2
                0x08008a8c                __nedf2
                0x08008a8c                __eqdf2
                0x08008a8c                __cmpdf2
                0x08008b08                __aeabi_cdrcmple
                0x08008b18                __aeabi_cdcmpeq
                0x08008b18                __aeabi_cdcmple
                0x08008b28                __aeabi_dcmpeq
                0x08008b3c                __aeabi_dcmplt
                0x08008b50                __aeabi_dcmple
                0x08008b64                __aeabi_dcmpge
                0x08008b78                __aeabi_dcmpgt
 .text          0x08008b8c       0x2c C:/ST/STM32CubeIDE_1.16.1/STM32CubeIDE/plugins/com.st.stm32cube.ide.mcu.externaltools.gnu-tools-for-stm32.13.3.rel1.win32_1.0.0.202411081344/tools/bin/../lib/gcc/arm-none-eabi/13.3.1/thumb/v7e-m+fp/hard\libgcc.a(_arm_unorddf2.o)
                0x08008b8c                __unorddf2
                0x08008b8c                __aeabi_dcmpun
 .text          0x08008bb8       0x50 C:/ST/STM32CubeIDE_1.16.1/STM32CubeIDE/plugins/com.st.stm32cube.ide.mcu.externaltools.gnu-tools-for-stm32.13.3.rel1.win32_1.0.0.202411081344/tools/bin/../lib/gcc/arm-none-eabi/13.3.1/thumb/v7e-m+fp/hard\libgcc.a(_arm_fixdfsi.o)
                0x08008bb8                __aeabi_d2iz
                0x08008bb8                __fixdfsi
 .text          0x08008c08       0x40 C:/ST/STM32CubeIDE_1.16.1/STM32CubeIDE/plugins/com.st.stm32cube.ide.mcu.externaltools.gnu-tools-for-stm32.13.3.rel1.win32_1.0.0.202411081344/tools/bin/../lib/gcc/arm-none-eabi/13.3.1/thumb/v7e-m+fp/hard\libgcc.a(_arm_fixunsdfsi.o)
                0x08008c08                __aeabi_d2uiz
                0x08008c08                __fixunsdfsi
 .text          0x08008c48       0x30 C:/ST/STM32CubeIDE_1.16.1/STM32CubeIDE/plugins/com.st.stm32cube.ide.mcu.externaltools.gnu-tools-for-stm32.13.3.rel1.win32_1.0.0.202411081344/tools/bin/../lib/gcc/arm-none-eabi/13.3.1/thumb/v7e-m+fp/hard\libgcc.a(_aeabi_uldivmod.o)
                0x08008c48                __aeabi_uldivmod
 .text          0x08008c78       0x30 C:/ST/STM32CubeIDE_1.16.1/STM32CubeIDE/plugins/com.st.stm32cube.ide.mcu.externaltools.gnu-tools-for-stm32.13.3.rel1.win32_1.0.0.202411081344/tools/bin/../lib/gcc/arm-none-eabi/13.3.1/thumb/v7e-m+fp/hard\libgcc.a(_fixdfdi.o)
                0x08008c78                __fixdfdi
                0x08008c78                __aeabi_d2lz
 .text          0x08008ca8       0x3c C:/ST/STM32CubeIDE_1.16.1/STM32CubeIDE/plugins/com.st.stm32cube.ide.mcu.externaltools.gnu-tools-for-stm32.13.3.rel1.win32_1.0.0.202411081344/tools/bin/../lib/gcc/arm-none-eabi/13.3.1/thumb/v7e-m+fp/hard\libgcc.a(_fixunsdfdi.o)
                0x08008ca8                __fixunsdfdi
                0x08008ca8                __aeabi_d2ulz
 .text          0x08008ce4      0x2f8 C:/ST/STM32CubeIDE_1.16.1/STM32CubeIDE/plugins/com.st.stm32cube.ide.mcu.externaltools.gnu-tools-for-stm32.13.3.rel1.win32_1.0.0.202411081344/tools/bin/../lib/gcc/arm-none-eabi/13.3.1/thumb/v7e-m+fp/hard\libgcc.a(_udivmoddi4.o)
                0x08008ce4                __udivmoddi4
 .text          0x08008fdc        0x4 C:/ST/STM32CubeIDE_1.16.1/STM32CubeIDE/plugins/com.st.stm32cube.ide.mcu.externaltools.gnu-tools-for-stm32.13.3.rel1.win32_1.0.0.202411081344/tools/bin/../lib/gcc/arm-none-eabi/13.3.1/thumb/v7e-m+fp/hard\libgcc.a(_dvmd_tls.o)
                0x08008fdc                __aeabi_idiv0
                0x08008fdc                __aeabi_ldiv0
 *(.text*)
 .text.MQTTSerialize_connectLength
                0x08008fe0       0xc2 ./Core/Src/MQTT/MQTTConnectClient.o
                0x08008fe0                MQTTSerialize_connectLength
 *fill*         0x080090a2        0x2 
 .text.MQTTSerialize_connect
                0x080090a4      0x1d8 ./Core/Src/MQTT/MQTTConnectClient.o
                0x080090a4                MQTTSerialize_connect
 .text.MQTTDeserialize_publish
                0x0800927c       0xe4 ./Core/Src/MQTT/MQTTDeserializePublish.o
                0x0800927c                MQTTDeserialize_publish
 .text.MQTTPacket_encode
                0x08009360       0x5e ./Core/Src/MQTT/MQTTPacket.o
                0x08009360                MQTTPacket_encode
 .text.MQTTPacket_decode
                0x080093be       0x78 ./Core/Src/MQTT/MQTTPacket.o
                0x080093be                MQTTPacket_decode
 *fill*         0x08009436        0x2 
 .text.MQTTPacket_len
                0x08009438       0x54 ./Core/Src/MQTT/MQTTPacket.o
                0x08009438                MQTTPacket_len
 .text.bufchar  0x0800948c       0x40 ./Core/Src/MQTT/MQTTPacket.o
                0x0800948c                bufchar
 .text.MQTTPacket_decodeBuf
                0x080094cc       0x2c ./Core/Src/MQTT/MQTTPacket.o
                0x080094cc                MQTTPacket_decodeBuf
 .text.readInt  0x080094f8       0x36 ./Core/Src/MQTT/MQTTPacket.o
                0x080094f8                readInt
 .text.readChar
                0x0800952e       0x28 ./Core/Src/MQTT/MQTTPacket.o
                0x0800952e                readChar
 .text.writeChar
                0x08009556       0x2a ./Core/Src/MQTT/MQTTPacket.o
                0x08009556                writeChar
 .text.writeInt
                0x08009580       0x52 ./Core/Src/MQTT/MQTTPacket.o
                0x08009580                writeInt
 .text.writeCString
                0x080095d2       0x3e ./Core/Src/MQTT/MQTTPacket.o
                0x080095d2                writeCString
 .text.writeMQTTString
                0x08009610       0x5c ./Core/Src/MQTT/MQTTPacket.o
                0x08009610                writeMQTTString
 .text.readMQTTLenString
                0x0800966c       0x62 ./Core/Src/MQTT/MQTTPacket.o
                0x0800966c                readMQTTLenString
 .text.MQTTstrlen
                0x080096ce       0x32 ./Core/Src/MQTT/MQTTPacket.o
                0x080096ce                MQTTstrlen
 .text.MQTTSerialize_publishLength
                0x08009700       0x40 ./Core/Src/MQTT/MQTTSerializePublish.o
                0x08009700                MQTTSerialize_publishLength
 .text.MQTTSerialize_publish
                0x08009740       0xec ./Core/Src/MQTT/MQTTSerializePublish.o
                0x08009740                MQTTSerialize_publish
 .text.SIM800_MQTT_StateMachineHandler
                0x0800982c      0x2dc ./Core/Src/MQTT/MQTTSim800.o
                0x0800982c                SIM800_MQTT_StateMachineHandler
 .text.Sim800_RxCallBack
                0x08009b08      0x19c ./Core/Src/MQTT/MQTTSim800.o
                0x08009b08                Sim800_RxCallBack
 .text.clearRxBuffer
                0x08009ca4       0x24 ./Core/Src/MQTT/MQTTSim800.o
                0x08009ca4                clearRxBuffer
 .text.clearMqttBuffer
                0x08009cc8       0x2c ./Core/Src/MQTT/MQTTSim800.o
                0x08009cc8                clearMqttBuffer
 .text.SIM800_SendCommand
                0x08009cf4       0x6c ./Core/Src/MQTT/MQTTSim800.o
                0x08009cf4                SIM800_SendCommand
 .text.MQTT_Pub
                0x08009d60       0xdc ./Core/Src/MQTT/MQTTSim800.o
                0x08009d60                MQTT_Pub
 .text.MQTT_Sub
                0x08009e3c       0xa8 ./Core/Src/MQTT/MQTTSim800.o
                0x08009e3c                MQTT_Sub
 .text.MQTT_Receive
                0x08009ee4       0x98 ./Core/Src/MQTT/MQTTSim800.o
                0x08009ee4                MQTT_Receive
 .text.MQTTSerialize_subscribeLength
                0x08009f7c       0x4e ./Core/Src/MQTT/MQTTSubscribeClient.o
                0x08009f7c                MQTTSerialize_subscribeLength
 .text.MQTTSerialize_subscribe
                0x08009fca       0xf8 ./Core/Src/MQTT/MQTTSubscribeClient.o
                0x08009fca                MQTTSerialize_subscribe
 .text.drawPixel
                0x0800a0c2       0x26 ./Core/Src/ST7735/GFX_FUNCTIONS.o
                0x0800a0c2                drawPixel
 .text.fillRect
                0x0800a0e8       0x38 ./Core/Src/ST7735/GFX_FUNCTIONS.o
                0x0800a0e8                fillRect
 .text.writePixel
                0x0800a120       0x2a ./Core/Src/ST7735/GFX_FUNCTIONS.o
                0x0800a120                writePixel
 .text.writeLine
                0x0800a14a      0x144 ./Core/Src/ST7735/GFX_FUNCTIONS.o
                0x0800a14a                writeLine
 .text.drawFastVLine
                0x0800a28e       0x4a ./Core/Src/ST7735/GFX_FUNCTIONS.o
                0x0800a28e                drawFastVLine
 .text.drawFastHLine
                0x0800a2d8       0x4a ./Core/Src/ST7735/GFX_FUNCTIONS.o
                0x0800a2d8                drawFastHLine
 .text.drawLine
                0x0800a322       0xc4 ./Core/Src/ST7735/GFX_FUNCTIONS.o
                0x0800a322                drawLine
 .text.drawCircleHelper
                0x0800a3e6      0x1a8 ./Core/Src/ST7735/GFX_FUNCTIONS.o
                0x0800a3e6                drawCircleHelper
 .text.fillCircleHelper
                0x0800a58e      0x19c ./Core/Src/ST7735/GFX_FUNCTIONS.o
                0x0800a58e                fillCircleHelper
 .text.drawRoundRect
                0x0800a72a      0x19a ./Core/Src/ST7735/GFX_FUNCTIONS.o
                0x0800a72a                drawRoundRect
 .text.fillRoundRect
                0x0800a8c4       0xf2 ./Core/Src/ST7735/GFX_FUNCTIONS.o
                0x0800a8c4                fillRoundRect
 *fill*         0x0800a9b6        0x2 
 .text.fillScreen
                0x0800a9b8       0x34 ./Core/Src/ST7735/GFX_FUNCTIONS.o
                0x0800a9b8                fillScreen
 .text.ST7735_Select
                0x0800a9ec       0x18 ./Core/Src/ST7735/ST7735.o
                0x0800a9ec                ST7735_Select
 .text.ST7735_Unselect
                0x0800aa04       0x18 ./Core/Src/ST7735/ST7735.o
                0x0800aa04                ST7735_Unselect
 .text.ST7735_Reset
                0x0800aa1c       0x28 ./Core/Src/ST7735/ST7735.o
                0x0800aa1c                ST7735_Reset
 .text.ST7735_WriteCommand
                0x0800aa44       0x34 ./Core/Src/ST7735/ST7735.o
                0x0800aa44                ST7735_WriteCommand
 .text.ST7735_WriteData
                0x0800aa78       0x34 ./Core/Src/ST7735/ST7735.o
                0x0800aa78                ST7735_WriteData
 .text.DisplayInit
                0x0800aaac       0x92 ./Core/Src/ST7735/ST7735.o
                0x0800aaac                DisplayInit
 *fill*         0x0800ab3e        0x2 
 .text.ST7735_SetAddressWindow
                0x0800ab40       0x90 ./Core/Src/ST7735/ST7735.o
                0x0800ab40                ST7735_SetAddressWindow
 .text.ST7735_Init
                0x0800abd0       0x58 ./Core/Src/ST7735/ST7735.o
                0x0800abd0                ST7735_Init
 .text.ST7735_SetRotation
                0x0800ac28      0x100 ./Core/Src/ST7735/ST7735.o
                0x0800ac28                ST7735_SetRotation
 .text.ST7735_DrawPixel
                0x0800ad28       0x7c ./Core/Src/ST7735/ST7735.o
                0x0800ad28                ST7735_DrawPixel
 .text.ST7735_WriteChar
                0x0800ada4       0xee ./Core/Src/ST7735/ST7735.o
                0x0800ada4                ST7735_WriteChar
 *fill*         0x0800ae92        0x2 
 .text.ST7735_WriteString
                0x0800ae94       0xa8 ./Core/Src/ST7735/ST7735.o
                0x0800ae94                ST7735_WriteString
 .text.ST7735_FillRectangle
                0x0800af3c      0x110 ./Core/Src/ST7735/ST7735.o
                0x0800af3c                ST7735_FillRectangle
 .text.displayOnwardsLogoOptimized
                0x0800b04c       0x74 ./Core/Src/ST7735/onwords_logo.o
                0x0800b04c                displayOnwardsLogoOptimized
 .text.showStartupLogoAndMenu
                0x0800b0c0       0x20 ./Core/Src/ST7735/onwords_logo.o
                0x0800b0c0                showStartupLogoAndMenu
 .text.case_insensitive_strcmp
                0x0800b0e0       0xd8 ./Core/Src/cJSON/cJSON.o
 .text.cJSON_strdup
                0x0800b1b8       0x50 ./Core/Src/cJSON/cJSON.o
 .text.cJSON_New_Item
                0x0800b208       0x2c ./Core/Src/cJSON/cJSON.o
 .text.cJSON_Delete
                0x0800b234       0xa0 ./Core/Src/cJSON/cJSON.o
                0x0800b234                cJSON_Delete
 .text.get_decimal_point
                0x0800b2d4       0x10 ./Core/Src/cJSON/cJSON.o
 *fill*         0x0800b2e4        0x4 
 .text.parse_number
                0x0800b2e8      0x198 ./Core/Src/cJSON/cJSON.o
 .text.ensure   0x0800b480      0x134 ./Core/Src/cJSON/cJSON.o
 .text.update_offset
                0x0800b5b4       0x42 ./Core/Src/cJSON/cJSON.o
 *fill*         0x0800b5f6        0x2 
 .text.compare_double
                0x0800b5f8       0x90 ./Core/Src/cJSON/cJSON.o
 .text.print_number
                0x0800b688      0x1e0 ./Core/Src/cJSON/cJSON.o
 .text.parse_hex4
                0x0800b868       0xc4 ./Core/Src/cJSON/cJSON.o
 .text.utf16_literal_to_utf8
                0x0800b92c      0x1d0 ./Core/Src/cJSON/cJSON.o
 .text.parse_string
                0x0800bafc      0x290 ./Core/Src/cJSON/cJSON.o
 .text.print_string_ptr
                0x0800bd8c      0x260 ./Core/Src/cJSON/cJSON.o
 .text.print_string
                0x0800bfec       0x20 ./Core/Src/cJSON/cJSON.o
 .text.buffer_skip_whitespace
                0x0800c00c       0x80 ./Core/Src/cJSON/cJSON.o
 .text.skip_utf8_bom
                0x0800c08c       0x68 ./Core/Src/cJSON/cJSON.o
 .text.cJSON_ParseWithOpts
                0x0800c0f4       0x38 ./Core/Src/cJSON/cJSON.o
                0x0800c0f4                cJSON_ParseWithOpts
 .text.cJSON_ParseWithLengthOpts
                0x0800c12c      0x134 ./Core/Src/cJSON/cJSON.o
                0x0800c12c                cJSON_ParseWithLengthOpts
 .text.cJSON_Parse
                0x0800c260       0x1c ./Core/Src/cJSON/cJSON.o
                0x0800c260                cJSON_Parse
 .text.print    0x0800c27c      0x114 ./Core/Src/cJSON/cJSON.o
 .text.cJSON_PrintUnformatted
                0x0800c390       0x20 ./Core/Src/cJSON/cJSON.o
                0x0800c390                cJSON_PrintUnformatted
 .text.parse_value
                0x0800c3b0      0x1d8 ./Core/Src/cJSON/cJSON.o
 .text.print_value
                0x0800c588      0x1c8 ./Core/Src/cJSON/cJSON.o
 .text.parse_array
                0x0800c750      0x188 ./Core/Src/cJSON/cJSON.o
 .text.print_array
                0x0800c8d8      0x10c ./Core/Src/cJSON/cJSON.o
 .text.parse_object
                0x0800c9e4      0x218 ./Core/Src/cJSON/cJSON.o
 .text.print_object
                0x0800cbfc      0x23c ./Core/Src/cJSON/cJSON.o
 .text.get_object_item
                0x0800ce38       0x90 ./Core/Src/cJSON/cJSON.o
 .text.cJSON_GetObjectItem
                0x0800cec8       0x1e ./Core/Src/cJSON/cJSON.o
                0x0800cec8                cJSON_GetObjectItem
 .text.suffix_object
                0x0800cee6       0x22 ./Core/Src/cJSON/cJSON.o
 .text.add_item_to_array
                0x0800cf08       0x6c ./Core/Src/cJSON/cJSON.o
 .text.cast_away_const
                0x0800cf74       0x16 ./Core/Src/cJSON/cJSON.o
 .text.add_item_to_object
                0x0800cf8a       0xaa ./Core/Src/cJSON/cJSON.o
 .text.cJSON_AddNumberToObject
                0x0800d034       0x48 ./Core/Src/cJSON/cJSON.o
                0x0800d034                cJSON_AddNumberToObject
 *fill*         0x0800d07c        0x4 
 .text.cJSON_CreateNumber
                0x0800d080       0x90 ./Core/Src/cJSON/cJSON.o
                0x0800d080                cJSON_CreateNumber
 .text.cJSON_CreateObject
                0x0800d110       0x28 ./Core/Src/cJSON/cJSON.o
                0x0800d110                cJSON_CreateObject
 .text.cJSON_IsNumber
                0x0800d138       0x2e ./Core/Src/cJSON/cJSON.o
                0x0800d138                cJSON_IsNumber
 .text.cJSON_IsString
                0x0800d166       0x2e ./Core/Src/cJSON/cJSON.o
                0x0800d166                cJSON_IsString
 .text.Display_Handler
                0x0800d194        0xe ./Core/Src/display_ctrl.o
                0x0800d194                Display_Handler
 *fill*         0x0800d1a2        0x2 
 .text.updateToDisplayMenu
                0x0800d1a4       0x54 ./Core/Src/display_ctrl.o
                0x0800d1a4                updateToDisplayMenu
 .text.drawSingleButton
                0x0800d1f8      0x1e8 ./Core/Src/display_ctrl.o
                0x0800d1f8                drawSingleButton
 .text.updateButtonSelection
                0x0800d3e0      0x1fc ./Core/Src/display_ctrl.o
                0x0800d3e0                updateButtonSelection
 .text.updateStatusInfo
                0x0800d5dc       0x44 ./Core/Src/display_ctrl.o
                0x0800d5dc                updateStatusInfo
 .text.updateDeviceCount
                0x0800d620       0x54 ./Core/Src/display_ctrl.o
                0x0800d620                updateDeviceCount
 .text.updateDeviceControlStatus
                0x0800d674       0x58 ./Core/Src/display_ctrl.o
                0x0800d674                updateDeviceControlStatus
 .text.drawTitleBar
                0x0800d6cc       0x80 ./Core/Src/display_ctrl.o
                0x0800d6cc                drawTitleBar
 .text.displayMainMenu
                0x0800d74c       0xf8 ./Core/Src/display_ctrl.o
                0x0800d74c                displayMainMenu
 .text.displayTotalControlMenu
                0x0800d844      0x1bc ./Core/Src/display_ctrl.o
                0x0800d844                displayTotalControlMenu
 .text.displaySeparateControlMenu
                0x0800da00      0x1b4 ./Core/Src/display_ctrl.o
                0x0800da00                displaySeparateControlMenu
 .text.displayDeviceControlMenu
                0x0800dbb4      0x1f0 ./Core/Src/display_ctrl.o
                0x0800dbb4                displayDeviceControlMenu
 .text.setDeviceState
                0x0800dda4      0x1e8 ./Core/Src/display_ctrl.o
                0x0800dda4                setDeviceState
 .text.setAllDevicesState
                0x0800df8c      0x1fc ./Core/Src/display_ctrl.o
                0x0800df8c                setAllDevicesState
 .text.syncDisplayDeviceStates
                0x0800e188       0x5c ./Core/Src/display_ctrl.o
                0x0800e188                syncDisplayDeviceStates
 .text.handleNavigation
                0x0800e1e4      0x378 ./Core/Src/display_ctrl.o
                0x0800e1e4                handleNavigation
 .text.Menu_Handler
                0x0800e55c       0x48 ./Core/Src/display_ctrl.o
                0x0800e55c                Menu_Handler
 .text.HAL_GPIO_EXTI_Callback
                0x0800e5a4       0x70 ./Core/Src/display_ctrl.o
                0x0800e5a4                HAL_GPIO_EXTI_Callback
 .text.initializeMenu
                0x0800e614       0xa0 ./Core/Src/display_ctrl.o
                0x0800e614                initializeMenu
 .text.GSM_init
                0x0800e6b4       0x64 ./Core/Src/gsm_app.o
                0x0800e6b4                GSM_init
 .text.GSM_MQTT_Task
                0x0800e718      0x15c ./Core/Src/gsm_app.o
                0x0800e718                GSM_MQTT_Task
 .text.millis   0x0800e874        0xe ./Core/Src/gsm_app.o
                0x0800e874                millis
 .text.main     0x0800e882       0x30 ./Core/Src/main.o
                0x0800e882                main
 *fill*         0x0800e8b2        0x2 
 .text.SystemClock_Config
                0x0800e8b4       0xe4 ./Core/Src/main.o
                0x0800e8b4                SystemClock_Config
 .text.MX_SPI1_Init
                0x0800e998       0x70 ./Core/Src/main.o
 .text.MX_SPI2_Init
                0x0800ea08       0x68 ./Core/Src/main.o
 .text.MX_SPI3_Init
                0x0800ea70       0x6c ./Core/Src/main.o
 .text.MX_UART4_Init
                0x0800eadc       0x54 ./Core/Src/main.o
 .text.MX_USART2_UART_Init
                0x0800eb30       0x54 ./Core/Src/main.o
 .text.MX_USART3_UART_Init
                0x0800eb84       0x54 ./Core/Src/main.o
 .text.MX_GPIO_Init
                0x0800ebd8      0x1b0 ./Core/Src/main.o
 .text.HAL_TIM_PeriodElapsedCallback
                0x0800ed88       0x24 ./Core/Src/main.o
                0x0800ed88                HAL_TIM_PeriodElapsedCallback
 .text.Error_Handler
                0x0800edac        0xc ./Core/Src/main.o
                0x0800edac                Error_Handler
 .text.SPI_Handler
                0x0800edb8      0x104 ./Core/Src/spi_rec.o
                0x0800edb8                SPI_Handler
 .text.process_spi_json
                0x0800eebc      0x1dc ./Core/Src/spi_rec.o
                0x0800eebc                process_spi_json
 .text.HAL_SPI_RxCpltCallback
                0x0800f098       0x98 ./Core/Src/spi_rec.o
                0x0800f098                HAL_SPI_RxCpltCallback
 .text.HAL_MspInit
                0x0800f130       0x50 ./Core/Src/stm32f4xx_hal_msp.o
                0x0800f130                HAL_MspInit
 .text.HAL_SPI_MspInit
                0x0800f180      0x1d4 ./Core/Src/stm32f4xx_hal_msp.o
                0x0800f180                HAL_SPI_MspInit
 .text.HAL_UART_MspInit
                0x0800f354      0x1c8 ./Core/Src/stm32f4xx_hal_msp.o
                0x0800f354                HAL_UART_MspInit
 .text.HAL_InitTick
                0x0800f51c       0xe8 ./Core/Src/stm32f4xx_hal_timebase_tim.o
                0x0800f51c                HAL_InitTick
 .text.NMI_Handler
                0x0800f604        0x8 ./Core/Src/stm32f4xx_it.o
                0x0800f604                NMI_Handler
 .text.HardFault_Handler
                0x0800f60c        0x8 ./Core/Src/stm32f4xx_it.o
                0x0800f60c                HardFault_Handler
 .text.MemManage_Handler
                0x0800f614        0x8 ./Core/Src/stm32f4xx_it.o
                0x0800f614                MemManage_Handler
 .text.BusFault_Handler
                0x0800f61c        0x8 ./Core/Src/stm32f4xx_it.o
                0x0800f61c                BusFault_Handler
 .text.UsageFault_Handler
                0x0800f624        0x8 ./Core/Src/stm32f4xx_it.o
                0x0800f624                UsageFault_Handler
 .text.DebugMon_Handler
                0x0800f62c        0xe ./Core/Src/stm32f4xx_it.o
                0x0800f62c                DebugMon_Handler
 .text.EXTI9_5_IRQHandler
                0x0800f63a       0x10 ./Core/Src/stm32f4xx_it.o
                0x0800f63a                EXTI9_5_IRQHandler
 *fill*         0x0800f64a        0x2 
 .text.TIM1_UP_TIM10_IRQHandler
                0x0800f64c       0x14 ./Core/Src/stm32f4xx_it.o
                0x0800f64c                TIM1_UP_TIM10_IRQHandler
 .text.SPI2_IRQHandler
                0x0800f660       0x14 ./Core/Src/stm32f4xx_it.o
                0x0800f660                SPI2_IRQHandler
 .text.USART3_IRQHandler
                0x0800f674       0x14 ./Core/Src/stm32f4xx_it.o
                0x0800f674                USART3_IRQHandler
 .text.EXTI15_10_IRQHandler
                0x0800f688       0x18 ./Core/Src/stm32f4xx_it.o
                0x0800f688                EXTI15_10_IRQHandler
 .text.UART4_IRQHandler
                0x0800f6a0       0x14 ./Core/Src/stm32f4xx_it.o
                0x0800f6a0                UART4_IRQHandler
 .text._getpid  0x0800f6b4       0x10 ./Core/Src/syscalls.o
                0x0800f6b4                _getpid
 .text._kill    0x0800f6c4       0x20 ./Core/Src/syscalls.o
                0x0800f6c4                _kill
 .text._exit    0x0800f6e4       0x16 ./Core/Src/syscalls.o
                0x0800f6e4                _exit
 .text._read    0x0800f6fa       0x3a ./Core/Src/syscalls.o
                0x0800f6fa                _read
 .text._write   0x0800f734       0x38 ./Core/Src/syscalls.o
                0x0800f734                _write
 .text._close   0x0800f76c       0x18 ./Core/Src/syscalls.o
                0x0800f76c                _close
 .text._fstat   0x0800f784       0x20 ./Core/Src/syscalls.o
                0x0800f784                _fstat
 .text._isatty  0x0800f7a4       0x16 ./Core/Src/syscalls.o
                0x0800f7a4                _isatty
 .text._lseek   0x0800f7ba       0x1a ./Core/Src/syscalls.o
                0x0800f7ba                _lseek
 .text.SystemInit
                0x0800f7d4       0x2c ./Core/Src/system_stm32f4xx.o
                0x0800f7d4                SystemInit
 .text.__NVIC_SystemReset
                0x0800f800       0x2c ./Core/Src/uart_rec.o
 .text.UART_Handler
                0x0800f82c      0x10c ./Core/Src/uart_rec.o
                0x0800f82c                UART_Handler
 .text.send_json_response
                0x0800f938       0x5c ./Core/Src/uart_rec.o
                0x0800f938                send_json_response
 .text.handle_get_status_request
                0x0800f994       0x84 ./Core/Src/uart_rec.o
                0x0800f994                handle_get_status_request
 .text.handle_device_control
                0x0800fa18      0x1b8 ./Core/Src/uart_rec.o
                0x0800fa18                handle_device_control
 .text.process_json
                0x0800fbd0       0x6c ./Core/Src/uart_rec.o
                0x0800fbd0                process_json
 .text.HAL_UART_RxCpltCallback
                0x0800fc3c       0xb0 ./Core/Src/uart_rec.o
                0x0800fc3c                HAL_UART_RxCpltCallback
 .text.setup_freeRTOS
                0x0800fcec      0x15c ./Core/Src/user_app.o
                0x0800fcec                setup_freeRTOS
 .text.user_app_init
                0x0800fe48       0x80 ./Core/Src/user_app.o
                0x0800fe48                user_app_init
 .text.vApplicationStackOverflowHook
                0x0800fec8       0x1c ./Core/Src/user_app.o
                0x0800fec8                vApplicationStackOverflowHook
 .text.print_task_info
                0x0800fee4       0x34 ./Core/Src/user_app.o
                0x0800fee4                print_task_info
 .text.safe_printf
                0x0800ff18       0x7c ./Core/Src/user_app.o
                0x0800ff18                safe_printf
 .text.Reset_Handler
                0x0800ff94       0x50 ./Core/Startup/startup_stm32f446retx.o
                0x0800ff94                Reset_Handler
 .text.Default_Handler
                0x0800ffe4        0x2 ./Core/Startup/startup_stm32f446retx.o
                0x0800ffe4                RTC_Alarm_IRQHandler
                0x0800ffe4                EXTI2_IRQHandler
                0x0800ffe4                TIM8_CC_IRQHandler
                0x0800ffe4                FMPI2C1_EV_IRQHandler
                0x0800ffe4                SPI4_IRQHandler
                0x0800ffe4                TIM1_CC_IRQHandler
                0x0800ffe4                DMA2_Stream5_IRQHandler
                0x0800ffe4                DMA1_Stream5_IRQHandler
                0x0800ffe4                PVD_IRQHandler
                0x0800ffe4                SDIO_IRQHandler
                0x0800ffe4                TAMP_STAMP_IRQHandler
                0x0800ffe4                CAN2_RX1_IRQHandler
                0x0800ffe4                EXTI3_IRQHandler
                0x0800ffe4                TIM8_TRG_COM_TIM14_IRQHandler
                0x0800ffe4                TIM8_UP_TIM13_IRQHandler
                0x0800ffe4                I2C3_ER_IRQHandler
                0x0800ffe4                EXTI0_IRQHandler
                0x0800ffe4                I2C2_EV_IRQHandler
                0x0800ffe4                DMA1_Stream2_IRQHandler
                0x0800ffe4                CAN1_RX0_IRQHandler
                0x0800ffe4                FPU_IRQHandler
                0x0800ffe4                OTG_HS_WKUP_IRQHandler
                0x0800ffe4                CAN2_SCE_IRQHandler
                0x0800ffe4                DMA2_Stream2_IRQHandler
                0x0800ffe4                SPI1_IRQHandler
                0x0800ffe4                TIM6_DAC_IRQHandler
                0x0800ffe4                TIM1_BRK_TIM9_IRQHandler
                0x0800ffe4                DCMI_IRQHandler
                0x0800ffe4                CAN2_RX0_IRQHandler
                0x0800ffe4                DMA2_Stream3_IRQHandler
                0x0800ffe4                SAI2_IRQHandler
                0x0800ffe4                USART6_IRQHandler
                0x0800ffe4                CAN1_RX1_IRQHandler
                0x0800ffe4                UART5_IRQHandler
                0x0800ffe4                DMA2_Stream0_IRQHandler
                0x0800ffe4                TIM4_IRQHandler
                0x0800ffe4                QUADSPI_IRQHandler
                0x0800ffe4                I2C1_EV_IRQHandler
                0x0800ffe4                DMA1_Stream6_IRQHandler
                0x0800ffe4                DMA1_Stream1_IRQHandler
                0x0800ffe4                TIM3_IRQHandler
                0x0800ffe4                RCC_IRQHandler
                0x0800ffe4                TIM8_BRK_TIM12_IRQHandler
                0x0800ffe4                Default_Handler
                0x0800ffe4                CEC_IRQHandler
                0x0800ffe4                ADC_IRQHandler
                0x0800ffe4                DMA1_Stream7_IRQHandler
                0x0800ffe4                TIM7_IRQHandler
                0x0800ffe4                CAN2_TX_IRQHandler
                0x0800ffe4                TIM5_IRQHandler
                0x0800ffe4                DMA2_Stream7_IRQHandler
                0x0800ffe4                I2C3_EV_IRQHandler
                0x0800ffe4                RTC_WKUP_IRQHandler
                0x0800ffe4                SPDIF_RX_IRQHandler
                0x0800ffe4                OTG_HS_EP1_IN_IRQHandler
                0x0800ffe4                DMA1_Stream0_IRQHandler
                0x0800ffe4                CAN1_TX_IRQHandler
                0x0800ffe4                FMPI2C1_ER_IRQHandler
                0x0800ffe4                EXTI4_IRQHandler
                0x0800ffe4                OTG_HS_EP1_OUT_IRQHandler
                0x0800ffe4                WWDG_IRQHandler
                0x0800ffe4                TIM2_IRQHandler
                0x0800ffe4                OTG_FS_WKUP_IRQHandler
                0x0800ffe4                TIM1_TRG_COM_TIM11_IRQHandler
                0x0800ffe4                OTG_HS_IRQHandler
                0x0800ffe4                EXTI1_IRQHandler
                0x0800ffe4                USART2_IRQHandler
                0x0800ffe4                I2C2_ER_IRQHandler
                0x0800ffe4                DMA2_Stream1_IRQHandler
                0x0800ffe4                CAN1_SCE_IRQHandler
                0x0800ffe4                FLASH_IRQHandler
                0x0800ffe4                DMA2_Stream4_IRQHandler
                0x0800ffe4                USART1_IRQHandler
                0x0800ffe4                OTG_FS_IRQHandler
                0x0800ffe4                SPI3_IRQHandler
                0x0800ffe4                DMA1_Stream4_IRQHandler
                0x0800ffe4                I2C1_ER_IRQHandler
                0x0800ffe4                FMC_IRQHandler
                0x0800ffe4                DMA2_Stream6_IRQHandler
                0x0800ffe4                SAI1_IRQHandler
                0x0800ffe4                DMA1_Stream3_IRQHandler
 *fill*         0x0800ffe6        0x2 
 .text.HAL_Init
                0x0800ffe8       0x44 ./Drivers/STM32F4xx_HAL_Driver/Src/stm32f4xx_hal.o
                0x0800ffe8                HAL_Init
 .text.HAL_IncTick
                0x0801002c       0x28 ./Drivers/STM32F4xx_HAL_Driver/Src/stm32f4xx_hal.o
                0x0801002c                HAL_IncTick
 .text.HAL_GetTick
                0x08010054       0x18 ./Drivers/STM32F4xx_HAL_Driver/Src/stm32f4xx_hal.o
                0x08010054                HAL_GetTick
 .text.HAL_Delay
                0x0801006c       0x48 ./Drivers/STM32F4xx_HAL_Driver/Src/stm32f4xx_hal.o
                0x0801006c                HAL_Delay
 .text.__NVIC_SetPriorityGrouping
                0x080100b4       0x48 ./Drivers/STM32F4xx_HAL_Driver/Src/stm32f4xx_hal_cortex.o
 .text.__NVIC_GetPriorityGrouping
                0x080100fc       0x1c ./Drivers/STM32F4xx_HAL_Driver/Src/stm32f4xx_hal_cortex.o
 .text.__NVIC_EnableIRQ
                0x08010118       0x3c ./Drivers/STM32F4xx_HAL_Driver/Src/stm32f4xx_hal_cortex.o
 .text.__NVIC_SetPriority
                0x08010154       0x54 ./Drivers/STM32F4xx_HAL_Driver/Src/stm32f4xx_hal_cortex.o
 .text.NVIC_EncodePriority
                0x080101a8       0x66 ./Drivers/STM32F4xx_HAL_Driver/Src/stm32f4xx_hal_cortex.o
 .text.HAL_NVIC_SetPriorityGrouping
                0x0801020e       0x16 ./Drivers/STM32F4xx_HAL_Driver/Src/stm32f4xx_hal_cortex.o
                0x0801020e                HAL_NVIC_SetPriorityGrouping
 .text.HAL_NVIC_SetPriority
                0x08010224       0x38 ./Drivers/STM32F4xx_HAL_Driver/Src/stm32f4xx_hal_cortex.o
                0x08010224                HAL_NVIC_SetPriority
 .text.HAL_NVIC_EnableIRQ
                0x0801025c       0x1c ./Drivers/STM32F4xx_HAL_Driver/Src/stm32f4xx_hal_cortex.o
                0x0801025c                HAL_NVIC_EnableIRQ
 .text.HAL_DMA_Abort
                0x08010278       0xe0 ./Drivers/STM32F4xx_HAL_Driver/Src/stm32f4xx_hal_dma.o
                0x08010278                HAL_DMA_Abort
 .text.HAL_DMA_Abort_IT
                0x08010358       0x44 ./Drivers/STM32F4xx_HAL_Driver/Src/stm32f4xx_hal_dma.o
                0x08010358                HAL_DMA_Abort_IT
 .text.HAL_GPIO_Init
                0x0801039c      0x328 ./Drivers/STM32F4xx_HAL_Driver/Src/stm32f4xx_hal_gpio.o
                0x0801039c                HAL_GPIO_Init
 .text.HAL_GPIO_ReadPin
                0x080106c4       0x30 ./Drivers/STM32F4xx_HAL_Driver/Src/stm32f4xx_hal_gpio.o
                0x080106c4                HAL_GPIO_ReadPin
 .text.HAL_GPIO_WritePin
                0x080106f4       0x32 ./Drivers/STM32F4xx_HAL_Driver/Src/stm32f4xx_hal_gpio.o
                0x080106f4                HAL_GPIO_WritePin
 .text.HAL_GPIO_TogglePin
                0x08010726       0x34 ./Drivers/STM32F4xx_HAL_Driver/Src/stm32f4xx_hal_gpio.o
                0x08010726                HAL_GPIO_TogglePin
 *fill*         0x0801075a        0x2 
 .text.HAL_GPIO_EXTI_IRQHandler
                0x0801075c       0x30 ./Drivers/STM32F4xx_HAL_Driver/Src/stm32f4xx_hal_gpio.o
                0x0801075c                HAL_GPIO_EXTI_IRQHandler
 .text.HAL_PWREx_EnableOverDrive
                0x0801078c       0xa0 ./Drivers/STM32F4xx_HAL_Driver/Src/stm32f4xx_hal_pwr_ex.o
                0x0801078c                HAL_PWREx_EnableOverDrive
 .text.HAL_RCC_ClockConfig
                0x0801082c      0x1cc ./Drivers/STM32F4xx_HAL_Driver/Src/stm32f4xx_hal_rcc.o
                0x0801082c                HAL_RCC_ClockConfig
 .text.HAL_RCC_GetHCLKFreq
                0x080109f8       0x18 ./Drivers/STM32F4xx_HAL_Driver/Src/stm32f4xx_hal_rcc.o
                0x080109f8                HAL_RCC_GetHCLKFreq
 .text.HAL_RCC_GetPCLK1Freq
                0x08010a10       0x28 ./Drivers/STM32F4xx_HAL_Driver/Src/stm32f4xx_hal_rcc.o
                0x08010a10                HAL_RCC_GetPCLK1Freq
 .text.HAL_RCC_GetPCLK2Freq
                0x08010a38       0x28 ./Drivers/STM32F4xx_HAL_Driver/Src/stm32f4xx_hal_rcc.o
                0x08010a38                HAL_RCC_GetPCLK2Freq
 .text.HAL_RCC_GetClockConfig
                0x08010a60       0x64 ./Drivers/STM32F4xx_HAL_Driver/Src/stm32f4xx_hal_rcc.o
                0x08010a60                HAL_RCC_GetClockConfig
 .text.HAL_RCC_GetSysClockFreq
                0x08010ac4      0x354 ./Drivers/STM32F4xx_HAL_Driver/Src/stm32f4xx_hal_rcc_ex.o
                0x08010ac4                HAL_RCC_GetSysClockFreq
 .text.HAL_RCC_OscConfig
                0x08010e18      0x53c ./Drivers/STM32F4xx_HAL_Driver/Src/stm32f4xx_hal_rcc_ex.o
                0x08010e18                HAL_RCC_OscConfig
 .text.HAL_SPI_Init
                0x08011354      0x112 ./Drivers/STM32F4xx_HAL_Driver/Src/stm32f4xx_hal_spi.o
                0x08011354                HAL_SPI_Init
 .text.HAL_SPI_Transmit
                0x08011466      0x288 ./Drivers/STM32F4xx_HAL_Driver/Src/stm32f4xx_hal_spi.o
                0x08011466                HAL_SPI_Transmit
 *fill*         0x080116ee        0x2 
 .text.HAL_SPI_Receive_IT
                0x080116f0      0x130 ./Drivers/STM32F4xx_HAL_Driver/Src/stm32f4xx_hal_spi.o
                0x080116f0                HAL_SPI_Receive_IT
 .text.HAL_SPI_TransmitReceive_IT
                0x08011820      0x11c ./Drivers/STM32F4xx_HAL_Driver/Src/stm32f4xx_hal_spi.o
                0x08011820                HAL_SPI_TransmitReceive_IT
 .text.HAL_SPI_IRQHandler
                0x0801193c      0x200 ./Drivers/STM32F4xx_HAL_Driver/Src/stm32f4xx_hal_spi.o
                0x0801193c                HAL_SPI_IRQHandler
 .text.HAL_SPI_TxRxCpltCallback
                0x08011b3c       0x14 ./Drivers/STM32F4xx_HAL_Driver/Src/stm32f4xx_hal_spi.o
                0x08011b3c                HAL_SPI_TxRxCpltCallback
 .text.HAL_SPI_ErrorCallback
                0x08011b50       0x14 ./Drivers/STM32F4xx_HAL_Driver/Src/stm32f4xx_hal_spi.o
                0x08011b50                HAL_SPI_ErrorCallback
 .text.SPI_DMAAbortOnError
                0x08011b64       0x28 ./Drivers/STM32F4xx_HAL_Driver/Src/stm32f4xx_hal_spi.o
 .text.SPI_2linesRxISR_8BIT
                0x08011b8c       0x64 ./Drivers/STM32F4xx_HAL_Driver/Src/stm32f4xx_hal_spi.o
 .text.SPI_2linesTxISR_8BIT
                0x08011bf0       0x60 ./Drivers/STM32F4xx_HAL_Driver/Src/stm32f4xx_hal_spi.o
 .text.SPI_2linesRxISR_16BIT
                0x08011c50       0x60 ./Drivers/STM32F4xx_HAL_Driver/Src/stm32f4xx_hal_spi.o
 .text.SPI_2linesTxISR_16BIT
                0x08011cb0       0x5e ./Drivers/STM32F4xx_HAL_Driver/Src/stm32f4xx_hal_spi.o
 .text.SPI_RxISR_8BIT
                0x08011d0e       0x4a ./Drivers/STM32F4xx_HAL_Driver/Src/stm32f4xx_hal_spi.o
 .text.SPI_RxISR_16BIT
                0x08011d58       0x46 ./Drivers/STM32F4xx_HAL_Driver/Src/stm32f4xx_hal_spi.o
 *fill*         0x08011d9e        0x2 
 .text.SPI_WaitFlagStateUntilTimeout
                0x08011da0      0x110 ./Drivers/STM32F4xx_HAL_Driver/Src/stm32f4xx_hal_spi.o
 .text.SPI_EndRxTransaction
                0x08011eb0       0xca ./Drivers/STM32F4xx_HAL_Driver/Src/stm32f4xx_hal_spi.o
 *fill*         0x08011f7a        0x2 
 .text.SPI_EndRxTxTransaction
                0x08011f7c       0xa8 ./Drivers/STM32F4xx_HAL_Driver/Src/stm32f4xx_hal_spi.o
 .text.SPI_CloseRxTx_ISR
                0x08012024       0xe8 ./Drivers/STM32F4xx_HAL_Driver/Src/stm32f4xx_hal_spi.o
 .text.SPI_CloseRx_ISR
                0x0801210c       0x7e ./Drivers/STM32F4xx_HAL_Driver/Src/stm32f4xx_hal_spi.o
 .text.HAL_TIM_Base_Init
                0x0801218a       0x9e ./Drivers/STM32F4xx_HAL_Driver/Src/stm32f4xx_hal_tim.o
                0x0801218a                HAL_TIM_Base_Init
 .text.HAL_TIM_Base_MspInit
                0x08012228       0x14 ./Drivers/STM32F4xx_HAL_Driver/Src/stm32f4xx_hal_tim.o
                0x08012228                HAL_TIM_Base_MspInit
 .text.HAL_TIM_Base_Start_IT
                0x0801223c       0xe0 ./Drivers/STM32F4xx_HAL_Driver/Src/stm32f4xx_hal_tim.o
                0x0801223c                HAL_TIM_Base_Start_IT
 .text.HAL_TIM_IRQHandler
                0x0801231c      0x1e0 ./Drivers/STM32F4xx_HAL_Driver/Src/stm32f4xx_hal_tim.o
                0x0801231c                HAL_TIM_IRQHandler
 .text.HAL_TIM_OC_DelayElapsedCallback
                0x080124fc       0x14 ./Drivers/STM32F4xx_HAL_Driver/Src/stm32f4xx_hal_tim.o
                0x080124fc                HAL_TIM_OC_DelayElapsedCallback
 .text.HAL_TIM_IC_CaptureCallback
                0x08012510       0x14 ./Drivers/STM32F4xx_HAL_Driver/Src/stm32f4xx_hal_tim.o
                0x08012510                HAL_TIM_IC_CaptureCallback
 .text.HAL_TIM_PWM_PulseFinishedCallback
                0x08012524       0x14 ./Drivers/STM32F4xx_HAL_Driver/Src/stm32f4xx_hal_tim.o
                0x08012524                HAL_TIM_PWM_PulseFinishedCallback
 .text.HAL_TIM_TriggerCallback
                0x08012538       0x14 ./Drivers/STM32F4xx_HAL_Driver/Src/stm32f4xx_hal_tim.o
                0x08012538                HAL_TIM_TriggerCallback
 .text.TIM_Base_SetConfig
                0x0801254c      0x14c ./Drivers/STM32F4xx_HAL_Driver/Src/stm32f4xx_hal_tim.o
                0x0801254c                TIM_Base_SetConfig
 .text.HAL_TIMEx_CommutCallback
                0x08012698       0x14 ./Drivers/STM32F4xx_HAL_Driver/Src/stm32f4xx_hal_tim_ex.o
                0x08012698                HAL_TIMEx_CommutCallback
 .text.HAL_TIMEx_BreakCallback
                0x080126ac       0x14 ./Drivers/STM32F4xx_HAL_Driver/Src/stm32f4xx_hal_tim_ex.o
                0x080126ac                HAL_TIMEx_BreakCallback
 .text.HAL_UART_Init
                0x080126c0       0xa0 ./Drivers/STM32F4xx_HAL_Driver/Src/stm32f4xx_hal_uart.o
                0x080126c0                HAL_UART_Init
 .text.HAL_UART_Transmit
                0x08012760      0x116 ./Drivers/STM32F4xx_HAL_Driver/Src/stm32f4xx_hal_uart.o
                0x08012760                HAL_UART_Transmit
 .text.HAL_UART_Transmit_IT
                0x08012876       0x6c ./Drivers/STM32F4xx_HAL_Driver/Src/stm32f4xx_hal_uart.o
                0x08012876                HAL_UART_Transmit_IT
 .text.HAL_UART_Receive_IT
                0x080128e2       0x4a ./Drivers/STM32F4xx_HAL_Driver/Src/stm32f4xx_hal_uart.o
                0x080128e2                HAL_UART_Receive_IT
 .text.HAL_UART_IRQHandler
                0x0801292c      0x554 ./Drivers/STM32F4xx_HAL_Driver/Src/stm32f4xx_hal_uart.o
                0x0801292c                HAL_UART_IRQHandler
 .text.HAL_UART_TxCpltCallback
                0x08012e80       0x14 ./Drivers/STM32F4xx_HAL_Driver/Src/stm32f4xx_hal_uart.o
                0x08012e80                HAL_UART_TxCpltCallback
 .text.HAL_UART_ErrorCallback
                0x08012e94       0x14 ./Drivers/STM32F4xx_HAL_Driver/Src/stm32f4xx_hal_uart.o
                0x08012e94                HAL_UART_ErrorCallback
 .text.HAL_UARTEx_RxEventCallback
                0x08012ea8       0x18 ./Drivers/STM32F4xx_HAL_Driver/Src/stm32f4xx_hal_uart.o
                0x08012ea8                HAL_UARTEx_RxEventCallback
 .text.UART_WaitOnFlagUntilTimeout
                0x08012ec0       0xb2 ./Drivers/STM32F4xx_HAL_Driver/Src/stm32f4xx_hal_uart.o
 .text.UART_Start_Receive_IT
                0x08012f72       0x74 ./Drivers/STM32F4xx_HAL_Driver/Src/stm32f4xx_hal_uart.o
                0x08012f72                UART_Start_Receive_IT
 .text.UART_EndRxTransfer
                0x08012fe6       0xc6 ./Drivers/STM32F4xx_HAL_Driver/Src/stm32f4xx_hal_uart.o
 .text.UART_DMAAbortOnError
                0x080130ac       0x22 ./Drivers/STM32F4xx_HAL_Driver/Src/stm32f4xx_hal_uart.o
 .text.UART_Transmit_IT
                0x080130ce       0xa0 ./Drivers/STM32F4xx_HAL_Driver/Src/stm32f4xx_hal_uart.o
 .text.UART_EndTransmit_IT
                0x0801316e       0x30 ./Drivers/STM32F4xx_HAL_Driver/Src/stm32f4xx_hal_uart.o
 .text.UART_Receive_IT
                0x0801319e      0x17c ./Drivers/STM32F4xx_HAL_Driver/Src/stm32f4xx_hal_uart.o
 *fill*         0x0801331a        0x2 
 .text.UART_SetConfig
                0x0801331c      0x4e8 ./Drivers/STM32F4xx_HAL_Driver/Src/stm32f4xx_hal_uart.o
 .text.vListInitialise
                0x08013804       0x40 ./RTOS/freeRTOS/list.o
                0x08013804                vListInitialise
 .text.vListInitialiseItem
                0x08013844       0x1a ./RTOS/freeRTOS/list.o
                0x08013844                vListInitialiseItem
 .text.vListInsertEnd
                0x0801385e       0x48 ./RTOS/freeRTOS/list.o
                0x0801385e                vListInsertEnd
 .text.vListInsert
                0x080138a6       0x72 ./RTOS/freeRTOS/list.o
                0x080138a6                vListInsert
 .text.uxListRemove
                0x08013918       0x54 ./RTOS/freeRTOS/list.o
                0x08013918                uxListRemove
 .text.xQueueGenericReset
                0x0801396c       0xd4 ./RTOS/freeRTOS/queue.o
                0x0801396c                xQueueGenericReset
 .text.xQueueGenericCreate
                0x08013a40       0xc4 ./RTOS/freeRTOS/queue.o
                0x08013a40                xQueueGenericCreate
 .text.prvInitialiseNewQueue
                0x08013b04       0x46 ./RTOS/freeRTOS/queue.o
 .text.prvInitialiseMutex
                0x08013b4a       0x34 ./RTOS/freeRTOS/queue.o
 .text.xQueueCreateMutex
                0x08013b7e       0x30 ./RTOS/freeRTOS/queue.o
                0x08013b7e                xQueueCreateMutex
 *fill*         0x08013bae        0x2 
 .text.xQueueGenericSend
                0x08013bb0      0x204 ./RTOS/freeRTOS/queue.o
                0x08013bb0                xQueueGenericSend
 .text.xQueueGenericSendFromISR
                0x08013db4      0x15c ./RTOS/freeRTOS/queue.o
                0x08013db4                xQueueGenericSendFromISR
 .text.xQueueReceive
                0x08013f10      0x1c4 ./RTOS/freeRTOS/queue.o
                0x08013f10                xQueueReceive
 .text.xQueueSemaphoreTake
                0x080140d4      0x220 ./RTOS/freeRTOS/queue.o
                0x080140d4                xQueueSemaphoreTake
 .text.prvGetDisinheritPriorityAfterTimeout
                0x080142f4       0x30 ./RTOS/freeRTOS/queue.o
 .text.prvCopyDataToQueue
                0x08014324       0xd4 ./RTOS/freeRTOS/queue.o
 .text.prvCopyDataFromQueue
                0x080143f8       0x4c ./RTOS/freeRTOS/queue.o
 .text.prvUnlockQueue
                0x08014444       0xa4 ./RTOS/freeRTOS/queue.o
 .text.prvIsQueueEmpty
                0x080144e8       0x2c ./RTOS/freeRTOS/queue.o
 .text.prvIsQueueFull
                0x08014514       0x30 ./RTOS/freeRTOS/queue.o
 .text.vQueueAddToRegistry
                0x08014544       0x54 ./RTOS/freeRTOS/queue.o
                0x08014544                vQueueAddToRegistry
 .text.vQueueWaitForMessageRestricted
                0x08014598       0x68 ./RTOS/freeRTOS/queue.o
                0x08014598                vQueueWaitForMessageRestricted
 .text.xTaskCreate
                0x08014600       0x82 ./RTOS/freeRTOS/tasks.o
                0x08014600                xTaskCreate
 .text.prvInitialiseNewTask
                0x08014682      0x12e ./RTOS/freeRTOS/tasks.o
 .text.prvAddNewTaskToReadyList
                0x080147b0       0xdc ./RTOS/freeRTOS/tasks.o
 .text.vTaskDelay
                0x0801488c       0x6c ./RTOS/freeRTOS/tasks.o
                0x0801488c                vTaskDelay
 .text.eTaskGetState
                0x080148f8       0xf4 ./RTOS/freeRTOS/tasks.o
                0x080148f8                eTaskGetState
 .text.vTaskStartScheduler
                0x080149ec       0xa4 ./RTOS/freeRTOS/tasks.o
                0x080149ec                vTaskStartScheduler
 .text.vTaskSuspendAll
                0x08014a90       0x1c ./RTOS/freeRTOS/tasks.o
                0x08014a90                vTaskSuspendAll
 .text.xTaskResumeAll
                0x08014aac      0x13c ./RTOS/freeRTOS/tasks.o
                0x08014aac                xTaskResumeAll
 .text.xTaskGetTickCount
                0x08014be8       0x20 ./RTOS/freeRTOS/tasks.o
                0x08014be8                xTaskGetTickCount
 .text.uxTaskGetSystemState
                0x08014c08      0x11c ./RTOS/freeRTOS/tasks.o
                0x08014c08                uxTaskGetSystemState
 .text.xTaskIncrementTick
                0x08014d24      0x174 ./RTOS/freeRTOS/tasks.o
                0x08014d24                xTaskIncrementTick
 .text.vTaskSwitchContext
                0x08014e98      0x104 ./RTOS/freeRTOS/tasks.o
                0x08014e98                vTaskSwitchContext
 .text.vTaskPlaceOnEventList
                0x08014f9c       0x4c ./RTOS/freeRTOS/tasks.o
                0x08014f9c                vTaskPlaceOnEventList
 .text.vTaskPlaceOnEventListRestricted
                0x08014fe8       0x58 ./RTOS/freeRTOS/tasks.o
                0x08014fe8                vTaskPlaceOnEventListRestricted
 .text.xTaskRemoveFromEventList
                0x08015040       0xc8 ./RTOS/freeRTOS/tasks.o
                0x08015040                xTaskRemoveFromEventList
 .text.vTaskInternalSetTimeOutState
                0x08015108       0x2c ./RTOS/freeRTOS/tasks.o
                0x08015108                vTaskInternalSetTimeOutState
 .text.xTaskCheckForTimeOut
                0x08015134       0xd0 ./RTOS/freeRTOS/tasks.o
                0x08015134                xTaskCheckForTimeOut
 .text.vTaskMissedYield
                0x08015204       0x18 ./RTOS/freeRTOS/tasks.o
                0x08015204                vTaskMissedYield
 .text.prvIdleTask
                0x0801521c       0x30 ./RTOS/freeRTOS/tasks.o
 .text.prvInitialiseTaskLists
                0x0801524c       0x80 ./RTOS/freeRTOS/tasks.o
 .text.prvCheckTasksWaitingTermination
                0x080152cc       0x5c ./RTOS/freeRTOS/tasks.o
 .text.vTaskGetInfo
                0x08015328       0xcc ./RTOS/freeRTOS/tasks.o
                0x08015328                vTaskGetInfo
 .text.prvListTasksWithinSingleList
                0x080153f4       0xa4 ./RTOS/freeRTOS/tasks.o
 .text.prvTaskCheckFreeStackSpace
                0x08015498       0x38 ./RTOS/freeRTOS/tasks.o
 .text.prvDeleteTCB
                0x080154d0       0x20 ./RTOS/freeRTOS/tasks.o
 .text.prvResetNextTaskUnblockTime
                0x080154f0       0x38 ./RTOS/freeRTOS/tasks.o
 .text.xTaskGetSchedulerState
                0x08015528       0x3c ./RTOS/freeRTOS/tasks.o
                0x08015528                xTaskGetSchedulerState
 .text.xTaskPriorityInherit
                0x08015564       0xec ./RTOS/freeRTOS/tasks.o
                0x08015564                xTaskPriorityInherit
 .text.xTaskPriorityDisinherit
                0x08015650       0xf8 ./RTOS/freeRTOS/tasks.o
                0x08015650                xTaskPriorityDisinherit
 .text.vTaskPriorityDisinheritAfterTimeout
                0x08015748      0x120 ./RTOS/freeRTOS/tasks.o
                0x08015748                vTaskPriorityDisinheritAfterTimeout
 .text.prvWriteNameToBuffer
                0x08015868       0x4a ./RTOS/freeRTOS/tasks.o
 *fill*         0x080158b2        0x2 
 .text.vTaskList
                0x080158b4      0x12c ./RTOS/freeRTOS/tasks.o
                0x080158b4                vTaskList
 .text.pvTaskIncrementMutexHeldCount
                0x080159e0       0x28 ./RTOS/freeRTOS/tasks.o
                0x080159e0                pvTaskIncrementMutexHeldCount
 .text.prvAddCurrentTaskToDelayedList
                0x08015a08       0xcc ./RTOS/freeRTOS/tasks.o
 .text.xTimerCreateTimerTask
                0x08015ad4       0x68 ./RTOS/freeRTOS/timers.o
                0x08015ad4                xTimerCreateTimerTask
 .text.xTimerGenericCommand
                0x08015b3c       0x9c ./RTOS/freeRTOS/timers.o
                0x08015b3c                xTimerGenericCommand
 .text.prvProcessExpiredTimer
                0x08015bd8       0x9c ./RTOS/freeRTOS/timers.o
 .text.prvTimerTask
                0x08015c74       0x26 ./RTOS/freeRTOS/timers.o
 *fill*         0x08015c9a        0x2 
 .text.prvProcessTimerOrBlockTask
                0x08015c9c       0x9c ./RTOS/freeRTOS/timers.o
 .text.prvGetNextExpireTime
                0x08015d38       0x48 ./RTOS/freeRTOS/timers.o
 .text.prvSampleTimeNow
                0x08015d80       0x40 ./RTOS/freeRTOS/timers.o
 .text.prvInsertTimerInActiveList
                0x08015dc0       0x84 ./RTOS/freeRTOS/timers.o
 .text.prvProcessReceivedCommands
                0x08015e44      0x194 ./RTOS/freeRTOS/timers.o
 .text.prvSwitchTimerLists
                0x08015fd8       0xcc ./RTOS/freeRTOS/timers.o
 .text.prvCheckForValidListAndQueue
                0x080160a4       0x6c ./RTOS/freeRTOS/timers.o
 .text.pxPortInitialiseStack
                0x08016110       0x68 ./RTOS/freeRTOS/portable/GCC/ARM_CM4F/port.o
                0x08016110                pxPortInitialiseStack
 .text.prvTaskExitError
                0x08016178       0x5c ./RTOS/freeRTOS/portable/GCC/ARM_CM4F/port.o
 *fill*         0x080161d4        0xc 
 .text.SVC_Handler
                0x080161e0       0x28 ./RTOS/freeRTOS/portable/GCC/ARM_CM4F/port.o
                0x080161e0                SVC_Handler
 .text.prvPortStartFirstTask
                0x08016208       0x2c ./RTOS/freeRTOS/portable/GCC/ARM_CM4F/port.o
 .text.xPortStartScheduler
                0x08016234      0x148 ./RTOS/freeRTOS/portable/GCC/ARM_CM4F/port.o
                0x08016234                xPortStartScheduler
 .text.vPortEnterCritical
                0x0801637c       0x64 ./RTOS/freeRTOS/portable/GCC/ARM_CM4F/port.o
                0x0801637c                vPortEnterCritical
 .text.vPortExitCritical
                0x080163e0       0x54 ./RTOS/freeRTOS/portable/GCC/ARM_CM4F/port.o
                0x080163e0                vPortExitCritical
 *fill*         0x08016434        0xc 
 .text.PendSV_Handler
                0x08016440       0x68 ./RTOS/freeRTOS/portable/GCC/ARM_CM4F/port.o
                0x08016440                PendSV_Handler
 .text.SysTick_Handler
                0x080164a8       0x44 ./RTOS/freeRTOS/portable/GCC/ARM_CM4F/port.o
                0x080164a8                SysTick_Handler
 .text.vPortSetupTimerInterrupt
                0x080164ec       0x48 ./RTOS/freeRTOS/portable/GCC/ARM_CM4F/port.o
                0x080164ec                vPortSetupTimerInterrupt
 .text.vPortEnableVFP
                0x08016534       0x18 ./RTOS/freeRTOS/portable/GCC/ARM_CM4F/port.o
 .text.vPortValidateInterruptPriority
                0x0801654c       0x84 ./RTOS/freeRTOS/portable/GCC/ARM_CM4F/port.o
                0x0801654c                vPortValidateInterruptPriority
 .text.pvPortMalloc
                0x080165d0      0x1c4 ./RTOS/freeRTOS/portable/MemMang/heap_4.o
                0x080165d0                pvPortMalloc
 .text.vPortFree
                0x08016794       0xc8 ./RTOS/freeRTOS/portable/MemMang/heap_4.o
                0x08016794                vPortFree
 .text.prvHeapInit
                0x0801685c       0xc4 ./RTOS/freeRTOS/portable/MemMang/heap_4.o
 .text.prvInsertBlockIntoFreeList
                0x08016920       0xb4 ./RTOS/freeRTOS/portable/MemMang/heap_4.o
 .text.malloc   0x080169d4       0x10 C:/ST/STM32CubeIDE_1.16.1/STM32CubeIDE/plugins/com.st.stm32cube.ide.mcu.externaltools.gnu-tools-for-stm32.13.3.rel1.win32_1.0.0.202411081344/tools/bin/../lib/gcc/arm-none-eabi/13.3.1/../../../../arm-none-eabi/lib/thumb/v7e-m+fp/hard\libc_nano.a(libc_a-malloc.o)
                0x080169d4                malloc
 .text.free     0x080169e4       0x10 C:/ST/STM32CubeIDE_1.16.1/STM32CubeIDE/plugins/com.st.stm32cube.ide.mcu.externaltools.gnu-tools-for-stm32.13.3.rel1.win32_1.0.0.202411081344/tools/bin/../lib/gcc/arm-none-eabi/13.3.1/../../../../arm-none-eabi/lib/thumb/v7e-m+fp/hard\libc_nano.a(libc_a-malloc.o)
                0x080169e4                free
 .text.sbrk_aligned
                0x080169f4       0x44 C:/ST/STM32CubeIDE_1.16.1/STM32CubeIDE/plugins/com.st.stm32cube.ide.mcu.externaltools.gnu-tools-for-stm32.13.3.rel1.win32_1.0.0.202411081344/tools/bin/../lib/gcc/arm-none-eabi/13.3.1/../../../../arm-none-eabi/lib/thumb/v7e-m+fp/hard\libc_nano.a(libc_a-mallocr.o)
 .text._malloc_r
                0x08016a38      0x100 C:/ST/STM32CubeIDE_1.16.1/STM32CubeIDE/plugins/com.st.stm32cube.ide.mcu.externaltools.gnu-tools-for-stm32.13.3.rel1.win32_1.0.0.202411081344/tools/bin/../lib/gcc/arm-none-eabi/13.3.1/../../../../arm-none-eabi/lib/thumb/v7e-m+fp/hard\libc_nano.a(libc_a-mallocr.o)
                0x08016a38                _malloc_r
 .text.__malloc_lock
                0x08016b38        0xc C:/ST/STM32CubeIDE_1.16.1/STM32CubeIDE/plugins/com.st.stm32cube.ide.mcu.externaltools.gnu-tools-for-stm32.13.3.rel1.win32_1.0.0.202411081344/tools/bin/../lib/gcc/arm-none-eabi/13.3.1/../../../../arm-none-eabi/lib/thumb/v7e-m+fp/hard\libc_nano.a(libc_a-mlock.o)
                0x08016b38                __malloc_lock
 .text.__malloc_unlock
                0x08016b44        0xc C:/ST/STM32CubeIDE_1.16.1/STM32CubeIDE/plugins/com.st.stm32cube.ide.mcu.externaltools.gnu-tools-for-stm32.13.3.rel1.win32_1.0.0.202411081344/tools/bin/../lib/gcc/arm-none-eabi/13.3.1/../../../../arm-none-eabi/lib/thumb/v7e-m+fp/hard\libc_nano.a(libc_a-mlock.o)
                0x08016b44                __malloc_unlock
 .text.realloc  0x08016b50       0x10 C:/ST/STM32CubeIDE_1.16.1/STM32CubeIDE/plugins/com.st.stm32cube.ide.mcu.externaltools.gnu-tools-for-stm32.13.3.rel1.win32_1.0.0.202411081344/tools/bin/../lib/gcc/arm-none-eabi/13.3.1/../../../../arm-none-eabi/lib/thumb/v7e-m+fp/hard\libc_nano.a(libc_a-realloc.o)
                0x08016b50                realloc
 .text._realloc_r
                0x08016b60       0x5c C:/ST/STM32CubeIDE_1.16.1/STM32CubeIDE/plugins/com.st.stm32cube.ide.mcu.externaltools.gnu-tools-for-stm32.13.3.rel1.win32_1.0.0.202411081344/tools/bin/../lib/gcc/arm-none-eabi/13.3.1/../../../../arm-none-eabi/lib/thumb/v7e-m+fp/hard\libc_nano.a(libc_a-reallocr.o)
                0x08016b60                _realloc_r
 .text.sulp     0x08016bbc       0x3c C:/ST/STM32CubeIDE_1.16.1/STM32CubeIDE/plugins/com.st.stm32cube.ide.mcu.externaltools.gnu-tools-for-stm32.13.3.rel1.win32_1.0.0.202411081344/tools/bin/../lib/gcc/arm-none-eabi/13.3.1/../../../../arm-none-eabi/lib/thumb/v7e-m+fp/hard\libc_nano.a(libc_a-strtod.o)
 .text._strtod_l
                0x08016bf8      0xbc8 C:/ST/STM32CubeIDE_1.16.1/STM32CubeIDE/plugins/com.st.stm32cube.ide.mcu.externaltools.gnu-tools-for-stm32.13.3.rel1.win32_1.0.0.202411081344/tools/bin/../lib/gcc/arm-none-eabi/13.3.1/../../../../arm-none-eabi/lib/thumb/v7e-m+fp/hard\libc_nano.a(libc_a-strtod.o)
                0x08016bf8                _strtod_l
 .text.strtod   0x080177c0       0x18 C:/ST/STM32CubeIDE_1.16.1/STM32CubeIDE/plugins/com.st.stm32cube.ide.mcu.externaltools.gnu-tools-for-stm32.13.3.rel1.win32_1.0.0.202411081344/tools/bin/../lib/gcc/arm-none-eabi/13.3.1/../../../../arm-none-eabi/lib/thumb/v7e-m+fp/hard\libc_nano.a(libc_a-strtod.o)
                0x080177c0                strtod
 .text.__cvt    0x080177d8       0xca C:/ST/STM32CubeIDE_1.16.1/STM32CubeIDE/plugins/com.st.stm32cube.ide.mcu.externaltools.gnu-tools-for-stm32.13.3.rel1.win32_1.0.0.202411081344/tools/bin/../lib/gcc/arm-none-eabi/13.3.1/../../../../arm-none-eabi/lib/thumb/v7e-m+fp/hard\libc_nano.a(libc_a-nano-vfprintf_float.o)
                0x080177d8                __cvt
 .text.__exponent
                0x080178a2       0x74 C:/ST/STM32CubeIDE_1.16.1/STM32CubeIDE/plugins/com.st.stm32cube.ide.mcu.externaltools.gnu-tools-for-stm32.13.3.rel1.win32_1.0.0.202411081344/tools/bin/../lib/gcc/arm-none-eabi/13.3.1/../../../../arm-none-eabi/lib/thumb/v7e-m+fp/hard\libc_nano.a(libc_a-nano-vfprintf_float.o)
                0x080178a2                __exponent
 *fill*         0x08017916        0x2 
 .text._printf_float
                0x08017918      0x454 C:/ST/STM32CubeIDE_1.16.1/STM32CubeIDE/plugins/com.st.stm32cube.ide.mcu.externaltools.gnu-tools-for-stm32.13.3.rel1.win32_1.0.0.202411081344/tools/bin/../lib/gcc/arm-none-eabi/13.3.1/../../../../arm-none-eabi/lib/thumb/v7e-m+fp/hard\libc_nano.a(libc_a-nano-vfprintf_float.o)
                0x08017918                _printf_float
 .text._printf_common
                0x08017d6c       0xda C:/ST/STM32CubeIDE_1.16.1/STM32CubeIDE/plugins/com.st.stm32cube.ide.mcu.externaltools.gnu-tools-for-stm32.13.3.rel1.win32_1.0.0.202411081344/tools/bin/../lib/gcc/arm-none-eabi/13.3.1/../../../../arm-none-eabi/lib/thumb/v7e-m+fp/hard\libc_nano.a(libc_a-nano-vfprintf_i.o)
                0x08017d6c                _printf_common
 *fill*         0x08017e46        0x2 
 .text._printf_i
                0x08017e48      0x23c C:/ST/STM32CubeIDE_1.16.1/STM32CubeIDE/plugins/com.st.stm32cube.ide.mcu.externaltools.gnu-tools-for-stm32.13.3.rel1.win32_1.0.0.202411081344/tools/bin/../lib/gcc/arm-none-eabi/13.3.1/../../../../arm-none-eabi/lib/thumb/v7e-m+fp/hard\libc_nano.a(libc_a-nano-vfprintf_i.o)
                0x08017e48                _printf_i
 .text.std      0x08018084       0x6c C:/ST/STM32CubeIDE_1.16.1/STM32CubeIDE/plugins/com.st.stm32cube.ide.mcu.externaltools.gnu-tools-for-stm32.13.3.rel1.win32_1.0.0.202411081344/tools/bin/../lib/gcc/arm-none-eabi/13.3.1/../../../../arm-none-eabi/lib/thumb/v7e-m+fp/hard\libc_nano.a(libc_a-findfp.o)
 .text.stdio_exit_handler
                0x080180f0       0x18 C:/ST/STM32CubeIDE_1.16.1/STM32CubeIDE/plugins/com.st.stm32cube.ide.mcu.externaltools.gnu-tools-for-stm32.13.3.rel1.win32_1.0.0.202411081344/tools/bin/../lib/gcc/arm-none-eabi/13.3.1/../../../../arm-none-eabi/lib/thumb/v7e-m+fp/hard\libc_nano.a(libc_a-findfp.o)
 .text.cleanup_stdio
                0x08018108       0x40 C:/ST/STM32CubeIDE_1.16.1/STM32CubeIDE/plugins/com.st.stm32cube.ide.mcu.externaltools.gnu-tools-for-stm32.13.3.rel1.win32_1.0.0.202411081344/tools/bin/../lib/gcc/arm-none-eabi/13.3.1/../../../../arm-none-eabi/lib/thumb/v7e-m+fp/hard\libc_nano.a(libc_a-findfp.o)
 .text.global_stdio_init.part.0
                0x08018148       0x3c C:/ST/STM32CubeIDE_1.16.1/STM32CubeIDE/plugins/com.st.stm32cube.ide.mcu.externaltools.gnu-tools-for-stm32.13.3.rel1.win32_1.0.0.202411081344/tools/bin/../lib/gcc/arm-none-eabi/13.3.1/../../../../arm-none-eabi/lib/thumb/v7e-m+fp/hard\libc_nano.a(libc_a-findfp.o)
 .text.__sfp_lock_acquire
                0x08018184        0xc C:/ST/STM32CubeIDE_1.16.1/STM32CubeIDE/plugins/com.st.stm32cube.ide.mcu.externaltools.gnu-tools-for-stm32.13.3.rel1.win32_1.0.0.202411081344/tools/bin/../lib/gcc/arm-none-eabi/13.3.1/../../../../arm-none-eabi/lib/thumb/v7e-m+fp/hard\libc_nano.a(libc_a-findfp.o)
                0x08018184                __sfp_lock_acquire
 .text.__sfp_lock_release
                0x08018190        0xc C:/ST/STM32CubeIDE_1.16.1/STM32CubeIDE/plugins/com.st.stm32cube.ide.mcu.externaltools.gnu-tools-for-stm32.13.3.rel1.win32_1.0.0.202411081344/tools/bin/../lib/gcc/arm-none-eabi/13.3.1/../../../../arm-none-eabi/lib/thumb/v7e-m+fp/hard\libc_nano.a(libc_a-findfp.o)
                0x08018190                __sfp_lock_release
 .text.__sinit  0x0801819c       0x30 C:/ST/STM32CubeIDE_1.16.1/STM32CubeIDE/plugins/com.st.stm32cube.ide.mcu.externaltools.gnu-tools-for-stm32.13.3.rel1.win32_1.0.0.202411081344/tools/bin/../lib/gcc/arm-none-eabi/13.3.1/../../../../arm-none-eabi/lib/thumb/v7e-m+fp/hard\libc_nano.a(libc_a-findfp.o)
                0x0801819c                __sinit
 .text._fwalk_sglue
                0x080181cc       0x3c C:/ST/STM32CubeIDE_1.16.1/STM32CubeIDE/plugins/com.st.stm32cube.ide.mcu.externaltools.gnu-tools-for-stm32.13.3.rel1.win32_1.0.0.202411081344/tools/bin/../lib/gcc/arm-none-eabi/13.3.1/../../../../arm-none-eabi/lib/thumb/v7e-m+fp/hard\libc_nano.a(libc_a-fwalk.o)
                0x080181cc                _fwalk_sglue
 .text.snprintf
                0x08018208       0x6c C:/ST/STM32CubeIDE_1.16.1/STM32CubeIDE/plugins/com.st.stm32cube.ide.mcu.externaltools.gnu-tools-for-stm32.13.3.rel1.win32_1.0.0.202411081344/tools/bin/../lib/gcc/arm-none-eabi/13.3.1/../../../../arm-none-eabi/lib/thumb/v7e-m+fp/hard\libc_nano.a(libc_a-snprintf.o)
                0x08018208                sniprintf
                0x08018208                snprintf
 .text.sprintf  0x08018274       0x44 C:/ST/STM32CubeIDE_1.16.1/STM32CubeIDE/plugins/com.st.stm32cube.ide.mcu.externaltools.gnu-tools-for-stm32.13.3.rel1.win32_1.0.0.202411081344/tools/bin/../lib/gcc/arm-none-eabi/13.3.1/../../../../arm-none-eabi/lib/thumb/v7e-m+fp/hard\libc_nano.a(libc_a-sprintf.o)
                0x08018274                siprintf
                0x08018274                sprintf
 .text.sscanf   0x080182b8       0x58 C:/ST/STM32CubeIDE_1.16.1/STM32CubeIDE/plugins/com.st.stm32cube.ide.mcu.externaltools.gnu-tools-for-stm32.13.3.rel1.win32_1.0.0.202411081344/tools/bin/../lib/gcc/arm-none-eabi/13.3.1/../../../../arm-none-eabi/lib/thumb/v7e-m+fp/hard\libc_nano.a(libc_a-sscanf.o)
                0x080182b8                siscanf
                0x080182b8                sscanf
 .text.__sread  0x08018310       0x22 C:/ST/STM32CubeIDE_1.16.1/STM32CubeIDE/plugins/com.st.stm32cube.ide.mcu.externaltools.gnu-tools-for-stm32.13.3.rel1.win32_1.0.0.202411081344/tools/bin/../lib/gcc/arm-none-eabi/13.3.1/../../../../arm-none-eabi/lib/thumb/v7e-m+fp/hard\libc_nano.a(libc_a-stdio.o)
                0x08018310                __sread
 .text.__seofread
                0x08018332        0x4 C:/ST/STM32CubeIDE_1.16.1/STM32CubeIDE/plugins/com.st.stm32cube.ide.mcu.externaltools.gnu-tools-for-stm32.13.3.rel1.win32_1.0.0.202411081344/tools/bin/../lib/gcc/arm-none-eabi/13.3.1/../../../../arm-none-eabi/lib/thumb/v7e-m+fp/hard\libc_nano.a(libc_a-stdio.o)
                0x08018332                __seofread
 .text.__swrite
                0x08018336       0x38 C:/ST/STM32CubeIDE_1.16.1/STM32CubeIDE/plugins/com.st.stm32cube.ide.mcu.externaltools.gnu-tools-for-stm32.13.3.rel1.win32_1.0.0.202411081344/tools/bin/../lib/gcc/arm-none-eabi/13.3.1/../../../../arm-none-eabi/lib/thumb/v7e-m+fp/hard\libc_nano.a(libc_a-stdio.o)
                0x08018336                __swrite
 .text.__sseek  0x0801836e       0x24 C:/ST/STM32CubeIDE_1.16.1/STM32CubeIDE/plugins/com.st.stm32cube.ide.mcu.externaltools.gnu-tools-for-stm32.13.3.rel1.win32_1.0.0.202411081344/tools/bin/../lib/gcc/arm-none-eabi/13.3.1/../../../../arm-none-eabi/lib/thumb/v7e-m+fp/hard\libc_nano.a(libc_a-stdio.o)
                0x0801836e                __sseek
 .text.__sclose
                0x08018392        0x8 C:/ST/STM32CubeIDE_1.16.1/STM32CubeIDE/plugins/com.st.stm32cube.ide.mcu.externaltools.gnu-tools-for-stm32.13.3.rel1.win32_1.0.0.202411081344/tools/bin/../lib/gcc/arm-none-eabi/13.3.1/../../../../arm-none-eabi/lib/thumb/v7e-m+fp/hard\libc_nano.a(libc_a-stdio.o)
                0x08018392                __sclose
 .text._vsnprintf_r
                0x0801839a       0x5c C:/ST/STM32CubeIDE_1.16.1/STM32CubeIDE/plugins/com.st.stm32cube.ide.mcu.externaltools.gnu-tools-for-stm32.13.3.rel1.win32_1.0.0.202411081344/tools/bin/../lib/gcc/arm-none-eabi/13.3.1/../../../../arm-none-eabi/lib/thumb/v7e-m+fp/hard\libc_nano.a(libc_a-vsnprintf.o)
                0x0801839a                _vsniprintf_r
                0x0801839a                _vsnprintf_r
 *fill*         0x080183f6        0x2 
 .text.vsnprintf
                0x080183f8       0x1c C:/ST/STM32CubeIDE_1.16.1/STM32CubeIDE/plugins/com.st.stm32cube.ide.mcu.externaltools.gnu-tools-for-stm32.13.3.rel1.win32_1.0.0.202411081344/tools/bin/../lib/gcc/arm-none-eabi/13.3.1/../../../../arm-none-eabi/lib/thumb/v7e-m+fp/hard\libc_nano.a(libc_a-vsnprintf.o)
                0x080183f8                vsniprintf
                0x080183f8                vsnprintf
 .text.__swbuf_r
                0x08018414       0x7c C:/ST/STM32CubeIDE_1.16.1/STM32CubeIDE/plugins/com.st.stm32cube.ide.mcu.externaltools.gnu-tools-for-stm32.13.3.rel1.win32_1.0.0.202411081344/tools/bin/../lib/gcc/arm-none-eabi/13.3.1/../../../../arm-none-eabi/lib/thumb/v7e-m+fp/hard\libc_nano.a(libc_a-wbuf.o)
                0x08018414                __swbuf_r
 .text.__swsetup_r
                0x08018490       0xac C:/ST/STM32CubeIDE_1.16.1/STM32CubeIDE/plugins/com.st.stm32cube.ide.mcu.externaltools.gnu-tools-for-stm32.13.3.rel1.win32_1.0.0.202411081344/tools/bin/../lib/gcc/arm-none-eabi/13.3.1/../../../../arm-none-eabi/lib/thumb/v7e-m+fp/hard\libc_nano.a(libc_a-wsetup.o)
                0x08018490                __swsetup_r
 .text.memset   0x0801853c       0x10 C:/ST/STM32CubeIDE_1.16.1/STM32CubeIDE/plugins/com.st.stm32cube.ide.mcu.externaltools.gnu-tools-for-stm32.13.3.rel1.win32_1.0.0.202411081344/tools/bin/../lib/gcc/arm-none-eabi/13.3.1/../../../../arm-none-eabi/lib/thumb/v7e-m+fp/hard\libc_nano.a(libc_a-memset.o)
                0x0801853c                memset
 .text.strncmp  0x0801854c       0x24 C:/ST/STM32CubeIDE_1.16.1/STM32CubeIDE/plugins/com.st.stm32cube.ide.mcu.externaltools.gnu-tools-for-stm32.13.3.rel1.win32_1.0.0.202411081344/tools/bin/../lib/gcc/arm-none-eabi/13.3.1/../../../../arm-none-eabi/lib/thumb/v7e-m+fp/hard\libc_nano.a(libc_a-strncmp.o)
                0x0801854c                strncmp
 .text.strncpy  0x08018570       0x26 C:/ST/STM32CubeIDE_1.16.1/STM32CubeIDE/plugins/com.st.stm32cube.ide.mcu.externaltools.gnu-tools-for-stm32.13.3.rel1.win32_1.0.0.202411081344/tools/bin/../lib/gcc/arm-none-eabi/13.3.1/../../../../arm-none-eabi/lib/thumb/v7e-m+fp/hard\libc_nano.a(libc_a-strncpy.o)
                0x08018570                strncpy
 .text.strstr   0x08018596       0x2c C:/ST/STM32CubeIDE_1.16.1/STM32CubeIDE/plugins/com.st.stm32cube.ide.mcu.externaltools.gnu-tools-for-stm32.13.3.rel1.win32_1.0.0.202411081344/tools/bin/../lib/gcc/arm-none-eabi/13.3.1/../../../../arm-none-eabi/lib/thumb/v7e-m+fp/hard\libc_nano.a(libc_a-strstr.o)
                0x08018596                strstr
 *fill*         0x080185c2        0x2 
 .text._localeconv_r
                0x080185c4        0x8 C:/ST/STM32CubeIDE_1.16.1/STM32CubeIDE/plugins/com.st.stm32cube.ide.mcu.externaltools.gnu-tools-for-stm32.13.3.rel1.win32_1.0.0.202411081344/tools/bin/../lib/gcc/arm-none-eabi/13.3.1/../../../../arm-none-eabi/lib/thumb/v7e-m+fp/hard\libc_nano.a(libc_a-localeconv.o)
                0x080185c4                _localeconv_r
 .text._close_r
                0x080185cc       0x20 C:/ST/STM32CubeIDE_1.16.1/STM32CubeIDE/plugins/com.st.stm32cube.ide.mcu.externaltools.gnu-tools-for-stm32.13.3.rel1.win32_1.0.0.202411081344/tools/bin/../lib/gcc/arm-none-eabi/13.3.1/../../../../arm-none-eabi/lib/thumb/v7e-m+fp/hard\libc_nano.a(libc_a-closer.o)
                0x080185cc                _close_r
 .text._lseek_r
                0x080185ec       0x24 C:/ST/STM32CubeIDE_1.16.1/STM32CubeIDE/plugins/com.st.stm32cube.ide.mcu.externaltools.gnu-tools-for-stm32.13.3.rel1.win32_1.0.0.202411081344/tools/bin/../lib/gcc/arm-none-eabi/13.3.1/../../../../arm-none-eabi/lib/thumb/v7e-m+fp/hard\libc_nano.a(libc_a-lseekr.o)
                0x080185ec                _lseek_r
 .text._read_r  0x08018610       0x24 C:/ST/STM32CubeIDE_1.16.1/STM32CubeIDE/plugins/com.st.stm32cube.ide.mcu.externaltools.gnu-tools-for-stm32.13.3.rel1.win32_1.0.0.202411081344/tools/bin/../lib/gcc/arm-none-eabi/13.3.1/../../../../arm-none-eabi/lib/thumb/v7e-m+fp/hard\libc_nano.a(libc_a-readr.o)
                0x08018610                _read_r
 .text._sbrk_r  0x08018634       0x20 C:/ST/STM32CubeIDE_1.16.1/STM32CubeIDE/plugins/com.st.stm32cube.ide.mcu.externaltools.gnu-tools-for-stm32.13.3.rel1.win32_1.0.0.202411081344/tools/bin/../lib/gcc/arm-none-eabi/13.3.1/../../../../arm-none-eabi/lib/thumb/v7e-m+fp/hard\libc_nano.a(libc_a-sbrkr.o)
                0x08018634                _sbrk_r
 .text._write_r
                0x08018654       0x24 C:/ST/STM32CubeIDE_1.16.1/STM32CubeIDE/plugins/com.st.stm32cube.ide.mcu.externaltools.gnu-tools-for-stm32.13.3.rel1.win32_1.0.0.202411081344/tools/bin/../lib/gcc/arm-none-eabi/13.3.1/../../../../arm-none-eabi/lib/thumb/v7e-m+fp/hard\libc_nano.a(libc_a-writer.o)
                0x08018654                _write_r
 .text.__errno  0x08018678        0xc C:/ST/STM32CubeIDE_1.16.1/STM32CubeIDE/plugins/com.st.stm32cube.ide.mcu.externaltools.gnu-tools-for-stm32.13.3.rel1.win32_1.0.0.202411081344/tools/bin/../lib/gcc/arm-none-eabi/13.3.1/../../../../arm-none-eabi/lib/thumb/v7e-m+fp/hard\libc_nano.a(libc_a-errno.o)
                0x08018678                __errno
 .text.__libc_init_array
                0x08018684       0x48 C:/ST/STM32CubeIDE_1.16.1/STM32CubeIDE/plugins/com.st.stm32cube.ide.mcu.externaltools.gnu-tools-for-stm32.13.3.rel1.win32_1.0.0.202411081344/tools/bin/../lib/gcc/arm-none-eabi/13.3.1/../../../../arm-none-eabi/lib/thumb/v7e-m+fp/hard\libc_nano.a(libc_a-init.o)
                0x08018684                __libc_init_array
 .text.__retarget_lock_init_recursive
                0x080186cc        0x2 C:/ST/STM32CubeIDE_1.16.1/STM32CubeIDE/plugins/com.st.stm32cube.ide.mcu.externaltools.gnu-tools-for-stm32.13.3.rel1.win32_1.0.0.202411081344/tools/bin/../lib/gcc/arm-none-eabi/13.3.1/../../../../arm-none-eabi/lib/thumb/v7e-m+fp/hard\libc_nano.a(libc_a-lock.o)
                0x080186cc                __retarget_lock_init_recursive
 .text.__retarget_lock_acquire_recursive
                0x080186ce        0x2 C:/ST/STM32CubeIDE_1.16.1/STM32CubeIDE/plugins/com.st.stm32cube.ide.mcu.externaltools.gnu-tools-for-stm32.13.3.rel1.win32_1.0.0.202411081344/tools/bin/../lib/gcc/arm-none-eabi/13.3.1/../../../../arm-none-eabi/lib/thumb/v7e-m+fp/hard\libc_nano.a(libc_a-lock.o)
                0x080186ce                __retarget_lock_acquire_recursive
 .text.__retarget_lock_release_recursive
                0x080186d0        0x2 C:/ST/STM32CubeIDE_1.16.1/STM32CubeIDE/plugins/com.st.stm32cube.ide.mcu.externaltools.gnu-tools-for-stm32.13.3.rel1.win32_1.0.0.202411081344/tools/bin/../lib/gcc/arm-none-eabi/13.3.1/../../../../arm-none-eabi/lib/thumb/v7e-m+fp/hard\libc_nano.a(libc_a-lock.o)
                0x080186d0                __retarget_lock_release_recursive
 .text.strcpy   0x080186d2       0x10 C:/ST/STM32CubeIDE_1.16.1/STM32CubeIDE/plugins/com.st.stm32cube.ide.mcu.externaltools.gnu-tools-for-stm32.13.3.rel1.win32_1.0.0.202411081344/tools/bin/../lib/gcc/arm-none-eabi/13.3.1/../../../../arm-none-eabi/lib/thumb/v7e-m+fp/hard\libc_nano.a(libc_a-strcpy.o)
                0x080186d2                strcpy
 .text.memcpy   0x080186e2       0x1c C:/ST/STM32CubeIDE_1.16.1/STM32CubeIDE/plugins/com.st.stm32cube.ide.mcu.externaltools.gnu-tools-for-stm32.13.3.rel1.win32_1.0.0.202411081344/tools/bin/../lib/gcc/arm-none-eabi/13.3.1/../../../../arm-none-eabi/lib/thumb/v7e-m+fp/hard\libc_nano.a(libc_a-memcpy-stub.o)
                0x080186e2                memcpy
 *fill*         0x080186fe        0x2 
 .text.nan      0x08018700       0x10 C:/ST/STM32CubeIDE_1.16.1/STM32CubeIDE/plugins/com.st.stm32cube.ide.mcu.externaltools.gnu-tools-for-stm32.13.3.rel1.win32_1.0.0.202411081344/tools/bin/../lib/gcc/arm-none-eabi/13.3.1/../../../../arm-none-eabi/lib/thumb/v7e-m+fp/hard\libc_nano.a(libm_a-s_nan.o)
                0x08018700                nan
 .text.quorem   0x08018710      0x110 C:/ST/STM32CubeIDE_1.16.1/STM32CubeIDE/plugins/com.st.stm32cube.ide.mcu.externaltools.gnu-tools-for-stm32.13.3.rel1.win32_1.0.0.202411081344/tools/bin/../lib/gcc/arm-none-eabi/13.3.1/../../../../arm-none-eabi/lib/thumb/v7e-m+fp/hard\libc_nano.a(libc_a-dtoa.o)
 .text._dtoa_r  0x08018820      0xba0 C:/ST/STM32CubeIDE_1.16.1/STM32CubeIDE/plugins/com.st.stm32cube.ide.mcu.externaltools.gnu-tools-for-stm32.13.3.rel1.win32_1.0.0.202411081344/tools/bin/../lib/gcc/arm-none-eabi/13.3.1/../../../../arm-none-eabi/lib/thumb/v7e-m+fp/hard\libc_nano.a(libc_a-dtoa.o)
                0x08018820                _dtoa_r
 .text._free_r  0x080193c0       0x94 C:/ST/STM32CubeIDE_1.16.1/STM32CubeIDE/plugins/com.st.stm32cube.ide.mcu.externaltools.gnu-tools-for-stm32.13.3.rel1.win32_1.0.0.202411081344/tools/bin/../lib/gcc/arm-none-eabi/13.3.1/../../../../arm-none-eabi/lib/thumb/v7e-m+fp/hard\libc_nano.a(libc_a-freer.o)
                0x080193c0                _free_r
 .text.rshift   0x08019454       0xa4 C:/ST/STM32CubeIDE_1.16.1/STM32CubeIDE/plugins/com.st.stm32cube.ide.mcu.externaltools.gnu-tools-for-stm32.13.3.rel1.win32_1.0.0.202411081344/tools/bin/../lib/gcc/arm-none-eabi/13.3.1/../../../../arm-none-eabi/lib/thumb/v7e-m+fp/hard\libc_nano.a(libc_a-gdtoa-gethex.o)
 .text.__hexdig_fun
                0x080194f8       0x2a C:/ST/STM32CubeIDE_1.16.1/STM32CubeIDE/plugins/com.st.stm32cube.ide.mcu.externaltools.gnu-tools-for-stm32.13.3.rel1.win32_1.0.0.202411081344/tools/bin/../lib/gcc/arm-none-eabi/13.3.1/../../../../arm-none-eabi/lib/thumb/v7e-m+fp/hard\libc_nano.a(libc_a-gdtoa-gethex.o)
                0x080194f8                __hexdig_fun
 *fill*         0x08019522        0x2 
 .text.__gethex
                0x08019524      0x420 C:/ST/STM32CubeIDE_1.16.1/STM32CubeIDE/plugins/com.st.stm32cube.ide.mcu.externaltools.gnu-tools-for-stm32.13.3.rel1.win32_1.0.0.202411081344/tools/bin/../lib/gcc/arm-none-eabi/13.3.1/../../../../arm-none-eabi/lib/thumb/v7e-m+fp/hard\libc_nano.a(libc_a-gdtoa-gethex.o)
                0x08019524                __gethex
 .text.L_shift  0x08019944       0x24 C:/ST/STM32CubeIDE_1.16.1/STM32CubeIDE/plugins/com.st.stm32cube.ide.mcu.externaltools.gnu-tools-for-stm32.13.3.rel1.win32_1.0.0.202411081344/tools/bin/../lib/gcc/arm-none-eabi/13.3.1/../../../../arm-none-eabi/lib/thumb/v7e-m+fp/hard\libc_nano.a(libc_a-gdtoa-hexnan.o)
 .text.__match  0x08019968       0x28 C:/ST/STM32CubeIDE_1.16.1/STM32CubeIDE/plugins/com.st.stm32cube.ide.mcu.externaltools.gnu-tools-for-stm32.13.3.rel1.win32_1.0.0.202411081344/tools/bin/../lib/gcc/arm-none-eabi/13.3.1/../../../../arm-none-eabi/lib/thumb/v7e-m+fp/hard\libc_nano.a(libc_a-gdtoa-hexnan.o)
                0x08019968                __match
 .text.__hexnan
                0x08019990      0x136 C:/ST/STM32CubeIDE_1.16.1/STM32CubeIDE/plugins/com.st.stm32cube.ide.mcu.externaltools.gnu-tools-for-stm32.13.3.rel1.win32_1.0.0.202411081344/tools/bin/../lib/gcc/arm-none-eabi/13.3.1/../../../../arm-none-eabi/lib/thumb/v7e-m+fp/hard\libc_nano.a(libc_a-gdtoa-hexnan.o)
                0x08019990                __hexnan
 .text.__ascii_mbtowc
                0x08019ac6       0x24 C:/ST/STM32CubeIDE_1.16.1/STM32CubeIDE/plugins/com.st.stm32cube.ide.mcu.externaltools.gnu-tools-for-stm32.13.3.rel1.win32_1.0.0.202411081344/tools/bin/../lib/gcc/arm-none-eabi/13.3.1/../../../../arm-none-eabi/lib/thumb/v7e-m+fp/hard\libc_nano.a(libc_a-mbtowc_r.o)
                0x08019ac6                __ascii_mbtowc
 *fill*         0x08019aea        0x2 
 .text._Balloc  0x08019aec       0x80 C:/ST/STM32CubeIDE_1.16.1/STM32CubeIDE/plugins/com.st.stm32cube.ide.mcu.externaltools.gnu-tools-for-stm32.13.3.rel1.win32_1.0.0.202411081344/tools/bin/../lib/gcc/arm-none-eabi/13.3.1/../../../../arm-none-eabi/lib/thumb/v7e-m+fp/hard\libc_nano.a(libc_a-mprec.o)
                0x08019aec                _Balloc
 .text._Bfree   0x08019b6c       0x44 C:/ST/STM32CubeIDE_1.16.1/STM32CubeIDE/plugins/com.st.stm32cube.ide.mcu.externaltools.gnu-tools-for-stm32.13.3.rel1.win32_1.0.0.202411081344/tools/bin/../lib/gcc/arm-none-eabi/13.3.1/../../../../arm-none-eabi/lib/thumb/v7e-m+fp/hard\libc_nano.a(libc_a-mprec.o)
                0x08019b6c                _Bfree
 .text.__multadd
                0x08019bb0       0x8c C:/ST/STM32CubeIDE_1.16.1/STM32CubeIDE/plugins/com.st.stm32cube.ide.mcu.externaltools.gnu-tools-for-stm32.13.3.rel1.win32_1.0.0.202411081344/tools/bin/../lib/gcc/arm-none-eabi/13.3.1/../../../../arm-none-eabi/lib/thumb/v7e-m+fp/hard\libc_nano.a(libc_a-mprec.o)
                0x08019bb0                __multadd
 .text.__s2b    0x08019c3c       0x94 C:/ST/STM32CubeIDE_1.16.1/STM32CubeIDE/plugins/com.st.stm32cube.ide.mcu.externaltools.gnu-tools-for-stm32.13.3.rel1.win32_1.0.0.202411081344/tools/bin/../lib/gcc/arm-none-eabi/13.3.1/../../../../arm-none-eabi/lib/thumb/v7e-m+fp/hard\libc_nano.a(libc_a-mprec.o)
                0x08019c3c                __s2b
 .text.__hi0bits
                0x08019cd0       0x3e C:/ST/STM32CubeIDE_1.16.1/STM32CubeIDE/plugins/com.st.stm32cube.ide.mcu.externaltools.gnu-tools-for-stm32.13.3.rel1.win32_1.0.0.202411081344/tools/bin/../lib/gcc/arm-none-eabi/13.3.1/../../../../arm-none-eabi/lib/thumb/v7e-m+fp/hard\libc_nano.a(libc_a-mprec.o)
                0x08019cd0                __hi0bits
 .text.__lo0bits
                0x08019d0e       0x5a C:/ST/STM32CubeIDE_1.16.1/STM32CubeIDE/plugins/com.st.stm32cube.ide.mcu.externaltools.gnu-tools-for-stm32.13.3.rel1.win32_1.0.0.202411081344/tools/bin/../lib/gcc/arm-none-eabi/13.3.1/../../../../arm-none-eabi/lib/thumb/v7e-m+fp/hard\libc_nano.a(libc_a-mprec.o)
                0x08019d0e                __lo0bits
 .text.__i2b    0x08019d68       0x2c C:/ST/STM32CubeIDE_1.16.1/STM32CubeIDE/plugins/com.st.stm32cube.ide.mcu.externaltools.gnu-tools-for-stm32.13.3.rel1.win32_1.0.0.202411081344/tools/bin/../lib/gcc/arm-none-eabi/13.3.1/../../../../arm-none-eabi/lib/thumb/v7e-m+fp/hard\libc_nano.a(libc_a-mprec.o)
                0x08019d68                __i2b
 .text.__multiply
                0x08019d94      0x144 C:/ST/STM32CubeIDE_1.16.1/STM32CubeIDE/plugins/com.st.stm32cube.ide.mcu.externaltools.gnu-tools-for-stm32.13.3.rel1.win32_1.0.0.202411081344/tools/bin/../lib/gcc/arm-none-eabi/13.3.1/../../../../arm-none-eabi/lib/thumb/v7e-m+fp/hard\libc_nano.a(libc_a-mprec.o)
                0x08019d94                __multiply
 .text.__pow5mult
                0x08019ed8       0xb4 C:/ST/STM32CubeIDE_1.16.1/STM32CubeIDE/plugins/com.st.stm32cube.ide.mcu.externaltools.gnu-tools-for-stm32.13.3.rel1.win32_1.0.0.202411081344/tools/bin/../lib/gcc/arm-none-eabi/13.3.1/../../../../arm-none-eabi/lib/thumb/v7e-m+fp/hard\libc_nano.a(libc_a-mprec.o)
                0x08019ed8                __pow5mult
 .text.__lshift
                0x08019f8c       0xd8 C:/ST/STM32CubeIDE_1.16.1/STM32CubeIDE/plugins/com.st.stm32cube.ide.mcu.externaltools.gnu-tools-for-stm32.13.3.rel1.win32_1.0.0.202411081344/tools/bin/../lib/gcc/arm-none-eabi/13.3.1/../../../../arm-none-eabi/lib/thumb/v7e-m+fp/hard\libc_nano.a(libc_a-mprec.o)
                0x08019f8c                __lshift
 .text.__mcmp   0x0801a064       0x36 C:/ST/STM32CubeIDE_1.16.1/STM32CubeIDE/plugins/com.st.stm32cube.ide.mcu.externaltools.gnu-tools-for-stm32.13.3.rel1.win32_1.0.0.202411081344/tools/bin/../lib/gcc/arm-none-eabi/13.3.1/../../../../arm-none-eabi/lib/thumb/v7e-m+fp/hard\libc_nano.a(libc_a-mprec.o)
                0x0801a064                __mcmp
 *fill*         0x0801a09a        0x2 
 .text.__mdiff  0x0801a09c      0x128 C:/ST/STM32CubeIDE_1.16.1/STM32CubeIDE/plugins/com.st.stm32cube.ide.mcu.externaltools.gnu-tools-for-stm32.13.3.rel1.win32_1.0.0.202411081344/tools/bin/../lib/gcc/arm-none-eabi/13.3.1/../../../../arm-none-eabi/lib/thumb/v7e-m+fp/hard\libc_nano.a(libc_a-mprec.o)
                0x0801a09c                __mdiff
 .text.__ulp    0x0801a1c4       0x4c C:/ST/STM32CubeIDE_1.16.1/STM32CubeIDE/plugins/com.st.stm32cube.ide.mcu.externaltools.gnu-tools-for-stm32.13.3.rel1.win32_1.0.0.202411081344/tools/bin/../lib/gcc/arm-none-eabi/13.3.1/../../../../arm-none-eabi/lib/thumb/v7e-m+fp/hard\libc_nano.a(libc_a-mprec.o)
                0x0801a1c4                __ulp
 .text.__b2d    0x0801a210       0x94 C:/ST/STM32CubeIDE_1.16.1/STM32CubeIDE/plugins/com.st.stm32cube.ide.mcu.externaltools.gnu-tools-for-stm32.13.3.rel1.win32_1.0.0.202411081344/tools/bin/../lib/gcc/arm-none-eabi/13.3.1/../../../../arm-none-eabi/lib/thumb/v7e-m+fp/hard\libc_nano.a(libc_a-mprec.o)
                0x0801a210                __b2d
 .text.__d2b    0x0801a2a4       0xb0 C:/ST/STM32CubeIDE_1.16.1/STM32CubeIDE/plugins/com.st.stm32cube.ide.mcu.externaltools.gnu-tools-for-stm32.13.3.rel1.win32_1.0.0.202411081344/tools/bin/../lib/gcc/arm-none-eabi/13.3.1/../../../../arm-none-eabi/lib/thumb/v7e-m+fp/hard\libc_nano.a(libc_a-mprec.o)
                0x0801a2a4                __d2b
 .text.__ratio  0x0801a354       0x64 C:/ST/STM32CubeIDE_1.16.1/STM32CubeIDE/plugins/com.st.stm32cube.ide.mcu.externaltools.gnu-tools-for-stm32.13.3.rel1.win32_1.0.0.202411081344/tools/bin/../lib/gcc/arm-none-eabi/13.3.1/../../../../arm-none-eabi/lib/thumb/v7e-m+fp/hard\libc_nano.a(libc_a-mprec.o)
                0x0801a354                __ratio
 .text.__copybits
                0x0801a3b8       0x46 C:/ST/STM32CubeIDE_1.16.1/STM32CubeIDE/plugins/com.st.stm32cube.ide.mcu.externaltools.gnu-tools-for-stm32.13.3.rel1.win32_1.0.0.202411081344/tools/bin/../lib/gcc/arm-none-eabi/13.3.1/../../../../arm-none-eabi/lib/thumb/v7e-m+fp/hard\libc_nano.a(libc_a-mprec.o)
                0x0801a3b8                __copybits
 .text.__any_on
                0x0801a3fe       0x42 C:/ST/STM32CubeIDE_1.16.1/STM32CubeIDE/plugins/com.st.stm32cube.ide.mcu.externaltools.gnu-tools-for-stm32.13.3.rel1.win32_1.0.0.202411081344/tools/bin/../lib/gcc/arm-none-eabi/13.3.1/../../../../arm-none-eabi/lib/thumb/v7e-m+fp/hard\libc_nano.a(libc_a-mprec.o)
                0x0801a3fe                __any_on
 .text._malloc_usable_size_r