Archive member included to satisfy reference by file (symbol)

../qtouch/lib/gcc\libqtm_touch_key_m324pb_0x0002.a(avr_touch_key_g_m324.o)
                              qtouch/touch.o (qtm_update_qtlib_timer)
../qtouch/lib/gcc\libqtm_acq_runtime_m324pb_0x0011.a(avr_acq_ruintime_g_m324.o)
                              qtouch/touch.o (qtm_acquisition_process)
c:/program files (x86)/atmel/studio/7.0/toolchain/avr8/avr8-gnu-toolchain/bin/../lib/gcc/avr/5.4.0/../../../../avr/lib/avr5\libm.a(addsf3.o)
                              cJSON.o (__subsf3)
c:/program files (x86)/atmel/studio/7.0/toolchain/avr8/avr8-gnu-toolchain/bin/../lib/gcc/avr/5.4.0/../../../../avr/lib/avr5\libm.a(addsf3x.o)
                              c:/program files (x86)/atmel/studio/7.0/toolchain/avr8/avr8-gnu-toolchain/bin/../lib/gcc/avr/5.4.0/../../../../avr/lib/avr5\libm.a(addsf3.o) (__addsf3x)
c:/program files (x86)/atmel/studio/7.0/toolchain/avr8/avr8-gnu-toolchain/bin/../lib/gcc/avr/5.4.0/../../../../avr/lib/avr5\libm.a(cmpsf2.o)
                              cJSON.o (__eqsf2)
c:/program files (x86)/atmel/studio/7.0/toolchain/avr8/avr8-gnu-toolchain/bin/../lib/gcc/avr/5.4.0/../../../../avr/lib/avr5\libm.a(fixsfsi.o)
                              cJSON.o (__fixsfsi)
c:/program files (x86)/atmel/studio/7.0/toolchain/avr8/avr8-gnu-toolchain/bin/../lib/gcc/avr/5.4.0/../../../../avr/lib/avr5\libm.a(fixunssfsi.o)
                              c:/program files (x86)/atmel/studio/7.0/toolchain/avr8/avr8-gnu-toolchain/bin/../lib/gcc/avr/5.4.0/../../../../avr/lib/avr5\libm.a(fixsfsi.o) (__fixunssfsi)
c:/program files (x86)/atmel/studio/7.0/toolchain/avr8/avr8-gnu-toolchain/bin/../lib/gcc/avr/5.4.0/../../../../avr/lib/avr5\libm.a(floatsisf.o)
                              cJSON.o (__floatsisf)
c:/program files (x86)/atmel/studio/7.0/toolchain/avr8/avr8-gnu-toolchain/bin/../lib/gcc/avr/5.4.0/../../../../avr/lib/avr5\libm.a(fp_cmp.o)
                              c:/program files (x86)/atmel/studio/7.0/toolchain/avr8/avr8-gnu-toolchain/bin/../lib/gcc/avr/5.4.0/../../../../avr/lib/avr5\libm.a(cmpsf2.o) (__fp_cmp)
c:/program files (x86)/atmel/studio/7.0/toolchain/avr8/avr8-gnu-toolchain/bin/../lib/gcc/avr/5.4.0/../../../../avr/lib/avr5\libm.a(fp_inf.o)
                              c:/program files (x86)/atmel/studio/7.0/toolchain/avr8/avr8-gnu-toolchain/bin/../lib/gcc/avr/5.4.0/../../../../avr/lib/avr5\libm.a(addsf3x.o) (__fp_inf)
c:/program files (x86)/atmel/studio/7.0/toolchain/avr8/avr8-gnu-toolchain/bin/../lib/gcc/avr/5.4.0/../../../../avr/lib/avr5\libm.a(fp_nan.o)
                              c:/program files (x86)/atmel/studio/7.0/toolchain/avr8/avr8-gnu-toolchain/bin/../lib/gcc/avr/5.4.0/../../../../avr/lib/avr5\libm.a(addsf3x.o) (__fp_nan)
c:/program files (x86)/atmel/studio/7.0/toolchain/avr8/avr8-gnu-toolchain/bin/../lib/gcc/avr/5.4.0/../../../../avr/lib/avr5\libm.a(fp_pscA.o)
                              c:/program files (x86)/atmel/studio/7.0/toolchain/avr8/avr8-gnu-toolchain/bin/../lib/gcc/avr/5.4.0/../../../../avr/lib/avr5\libm.a(addsf3x.o) (__fp_pscA)
c:/program files (x86)/atmel/studio/7.0/toolchain/avr8/avr8-gnu-toolchain/bin/../lib/gcc/avr/5.4.0/../../../../avr/lib/avr5\libm.a(fp_pscB.o)
                              c:/program files (x86)/atmel/studio/7.0/toolchain/avr8/avr8-gnu-toolchain/bin/../lib/gcc/avr/5.4.0/../../../../avr/lib/avr5\libm.a(addsf3x.o) (__fp_pscB)
c:/program files (x86)/atmel/studio/7.0/toolchain/avr8/avr8-gnu-toolchain/bin/../lib/gcc/avr/5.4.0/../../../../avr/lib/avr5\libm.a(fp_round.o)
                              c:/program files (x86)/atmel/studio/7.0/toolchain/avr8/avr8-gnu-toolchain/bin/../lib/gcc/avr/5.4.0/../../../../avr/lib/avr5\libm.a(addsf3.o) (__fp_round)
c:/program files (x86)/atmel/studio/7.0/toolchain/avr8/avr8-gnu-toolchain/bin/../lib/gcc/avr/5.4.0/../../../../avr/lib/avr5\libm.a(fp_split3.o)
                              c:/program files (x86)/atmel/studio/7.0/toolchain/avr8/avr8-gnu-toolchain/bin/../lib/gcc/avr/5.4.0/../../../../avr/lib/avr5\libm.a(addsf3x.o) (__fp_split3)
c:/program files (x86)/atmel/studio/7.0/toolchain/avr8/avr8-gnu-toolchain/bin/../lib/gcc/avr/5.4.0/../../../../avr/lib/avr5\libm.a(fp_zero.o)
                              c:/program files (x86)/atmel/studio/7.0/toolchain/avr8/avr8-gnu-toolchain/bin/../lib/gcc/avr/5.4.0/../../../../avr/lib/avr5\libm.a(addsf3x.o) (__fp_zero)
c:/program files (x86)/atmel/studio/7.0/toolchain/avr8/avr8-gnu-toolchain/bin/../lib/gcc/avr/5.4.0/../../../../avr/lib/avr5\libm.a(gesf2.o)
                              cJSON.o (__gesf2)
c:/program files (x86)/atmel/studio/7.0/toolchain/avr8/avr8-gnu-toolchain/bin/../lib/gcc/avr/5.4.0/../../../../avr/lib/avr5\libm.a(mulsf3.o)
                              cJSON.o (__mulsf3)
c:/program files (x86)/atmel/studio/7.0/toolchain/avr8/avr8-gnu-toolchain/bin/../lib/gcc/avr/5.4.0/../../../../avr/lib/avr5\libm.a(mulsf3x.o)
[...]
Memory Configuration

Name             Origin             Length             Attributes
text             0x00000000         0x00008000         xr
data             0x00800100         0x00000800         rw !x
eeprom           0x00810000         0x00000400         rw !x
fuse             0x00820000         0x00000003         rw !x
lock             0x00830000         0x00000400         rw !x
signature        0x00840000         0x00000400         rw !x
user_signatures  0x00850000         0x00000400         rw !x
*default*        0x00000000         0xffffffff

Linker script and memory map

Address of section .data set to 0x800100
LOAD C:/Program Files (x86)/Atmel/Studio/7.0/Packs/Atmel/ATmega_DFP/1.6.364/gcc/dev/atmega324pb/avr5/crtatmega324pb.o
LOAD atmel_start.o
LOAD cJSON.o
LOAD cJSON_Utils.o
LOAD driver_isr.o
LOAD examples/src/spi_basic_example.o
LOAD examples/src/touch_example.o
LOAD examples/src/usart_basic_example.o
LOAD main.o
LOAD qtouch/datastreamer/datastreamer_UART_avr.o
LOAD qtouch/touch.o
LOAD src/driver_init.o
LOAD src/protected_io.o
LOAD src/spi_basic.o
LOAD src/tc16.o
LOAD src/tc8.o
LOAD src/usart_basic.o
START GROUP
LOAD ../qtouch/lib/gcc\libqtm_touch_key_m324pb_0x0002.a
LOAD ../qtouch/lib/gcc\libqtm_acq_runtime_m324pb_0x0011.a
LOAD c:/program files (x86)/atmel/studio/7.0/toolchain/avr8/avr8-gnu-toolchain/bin/../lib/gcc/avr/5.4.0/../../../../avr/lib/avr5\libm.a
END GROUP
START GROUP
LOAD c:/program files (x86)/atmel/studio/7.0/toolchain/avr8/avr8-gnu-toolchain/bin/../lib/gcc/avr/5.4.0/avr5\libgcc.a
LOAD c:/program files (x86)/atmel/studio/7.0/toolchain/avr8/avr8-gnu-toolchain/bin/../lib/gcc/avr/5.4.0/../../../../avr/lib/avr5\libm.a
LOAD c:/program files (x86)/atmel/studio/7.0/toolchain/avr8/avr8-gnu-toolchain/bin/../lib/gcc/avr/5.4.0/../../../../avr/lib/avr5\libc.a
LOAD C:/Program Files (x86)/Atmel/Studio/7.0/Packs/Atmel/ATmega_DFP/1.6.364/gcc/dev/atmega324pb/avr5\libatmega324pb.a
END GROUP
                [0x00000000]                __TEXT_REGION_ORIGIN__ = DEFINED (__TEXT_REGION_ORIGIN__)?__TEXT_REGION_ORIGIN__:0x0
                [0x00800100]                __DATA_REGION_ORIGIN__ = DEFINED (__DATA_REGION_ORIGIN__)?__DATA_REGION_ORIGIN__:0x800060
                [0x00008000]                __TEXT_REGION_LENGTH__ = DEFINED (__TEXT_REGION_LENGTH__)?__TEXT_REGION_LENGTH__:0x20000
                [0x00000800]                __DATA_REGION_LENGTH__ = DEFINED (__DATA_REGION_LENGTH__)?__DATA_REGION_LENGTH__:0xffa0
                [0x00000400]                __EEPROM_REGION_LENGTH__ = DEFINED (__EEPROM_REGION_LENGTH__)?__EEPROM_REGION_LENGTH__:0x10000
                [0x00000003]                __FUSE_REGION_LENGTH__ = DEFINED (__FUSE_REGION_LENGTH__)?__FUSE_REGION_LENGTH__:0x400
                0x00000400                __LOCK_REGION_LENGTH__ = DEFINED (__LOCK_REGION_LENGTH__)?__LOCK_REGION_LENGTH__:0x400
                0x00000400                __SIGNATURE_REGION_LENGTH__ = DEFINED (__SIGNATURE_REGION_LENGTH__)?__SIGNATURE_REGION_LENGTH__:0x400
                0x00000400                __USER_SIGNATURE_REGION_LENGTH__ = DEFINED (__USER_SIGNATURE_REGION_LENGTH__)?__USER_SIGNATURE_REGION_LENGTH__:0x400

.hash
 *(.hash)

.dynsym
 *(.dynsym)

.dynstr
 *(.dynstr)

.gnu.version
 *(.gnu.version)

.gnu.version_d
 *(.gnu.version_d)

.gnu.version_r
 *(.gnu.version_r)

.rel.init
 *(.rel.init)

.rela.init
 *(.rela.init)

.rel.text
 *(.rel.text)
 *(.rel.text.*)
 *(.rel.gnu.linkonce.t*)

.rela.text
 *(.rela.text)
 *(.rela.text.*)
 *(.rela.gnu.linkonce.t*)

.rel.fini
 *(.rel.fini)

.rela.fini
 *(.rela.fini)

.rel.rodata
 *(.rel.rodata)
 *(.rel.rodata.*)
 *(.rel.gnu.linkonce.r*)

.rela.rodata
 *(.rela.rodata)
 *(.rela.rodata.*)
 *(.rela.gnu.linkonce.r*)

.rel.data
 *(.rel.data)
 *(.rel.data.*)
 *(.rel.gnu.linkonce.d*)

.rela.data
 *(.rela.data)
 *(.rela.data.*)
 *(.rela.gnu.linkonce.d*)

.rel.ctors
 *(.rel.ctors)

.rela.ctors
 *(.rela.ctors)

.rel.dtors
 *(.rel.dtors)

.rela.dtors
 *(.rela.dtors)

.rel.got
 *(.rel.got)

.rela.got
 *(.rela.got)

.rel.bss
 *(.rel.bss)

.rela.bss
 *(.rela.bss)

.rel.plt
 *(.rel.plt)

.rela.plt
 *(.rela.plt)

.text           0x00000000     0x3daa
 *(.vectors)
 .vectors       0x00000000       0xcc C:/Program Files (x86)/Atmel/Studio/7.0/Packs/Atmel/ATmega_DFP/1.6.364/gcc/dev/atmega324pb/avr5/crtatmega324pb.o
                0x00000000                __vector_default
                0x00000000                __vectors
 *(.vectors)
 *(.progmem.gcc*)
                0x000000cc                . = ALIGN (0x2)
                0x000000cc                __trampolines_start = .
 *(.trampolines)
 .trampolines   0x000000cc        0x0 linker stubs
 *(.trampolines*)
                0x000000cc                __trampolines_end = .
 *libprintf_flt.a:*(.progmem.data)
 *libc.a:*(.progmem.data)
 .progmem.data  0x000000cc        0xc c:/program files (x86)/atmel/studio/7.0/toolchain/avr8/avr8-gnu-toolchain/bin/../lib/gcc/avr/5.4.0/../../../../avr/lib/avr5\libc.a(vfscanf_std.o)
 *(.progmem*)
                0x000000d8                . = ALIGN (0x2)
 *(.jumptables)
 *(.jumptables*)
 *(.lowtext)
 *(.lowtext*)
                0x000000d8                __ctors_start = .
 *(.ctors)
                0x000000d8                __ctors_end = .
                0x000000d8                __dtors_start = .
 *(.dtors)
                0x000000d8                __dtors_end = .
 SORT(*)(.ctors)
 SORT(*)(.dtors)
 *(.init0)
 .init0         0x000000d8        0x0 C:/Program Files (x86)/Atmel/Studio/7.0/Packs/Atmel/ATmega_DFP/1.6.364/gcc/dev/atmega324pb/avr5/crtatmega324pb.o
                0x000000d8                __init
 *(.init0)
 *(.init1)
 *(.init1)
 *(.init2)
 .init2         0x000000d8        0xc C:/Program Files (x86)/Atmel/Studio/7.0/Packs/Atmel/ATmega_DFP/1.6.364/gcc/dev/atmega324pb/avr5/crtatmega324pb.o
 *(.init2)
 *(.init3)
 *(.init3)
 *(.init4)
 .init4         0x000000e4       0x16 c:/program files (x86)/atmel/studio/7.0/toolchain/avr8/avr8-gnu-toolchain/bin/../lib/gcc/avr/5.4.0/avr5\libgcc.a(_copy_data.o)
                0x000000e4                __do_copy_data
 .init4         0x000000fa       0x10 c:/program files (x86)/atmel/studio/7.0/toolchain/avr8/avr8-gnu-toolchain/bin/../lib/gcc/avr/5.4.0/avr5\libgcc.a(_clear_bss.o)
                0x000000fa                __do_clear_bss
 *(.init4)
 *(.init5)
 *(.init5)
 *(.init6)
 *(.init6)
 *(.init7)
 *(.init7)
 *(.init8)
 *(.init8)
 *(.init9)
 .init9         0x0000010a        0x8 C:/Program Files (x86)/Atmel/Studio/7.0/Packs/Atmel/ATmega_DFP/1.6.364/gcc/dev/atmega324pb/avr5/crtatmega324pb.o
 *(.init9)
 *(.text)
 .text          0x00000112        0x4 C:/Program Files (x86)/Atmel/Studio/7.0/Packs/Atmel/ATmega_DFP/1.6.364/gcc/dev/atmega324pb/avr5/crtatmega324pb.o
                0x00000112                __vector_38
                0x00000112                __vector_22
                0x00000112                __vector_28
                0x00000112                __vector_1
                0x00000112                __vector_32
                0x00000112                __vector_34
                0x00000112                __vector_24
                0x00000112                __vector_12
                0x00000112                __vector_46
                0x00000112                __bad_interrupt
                0x00000112                __vector_6
                0x00000112                __vector_31
                0x00000112                __vector_35
                0x00000112                __vector_3
                0x00000112                __vector_23
                0x00000112                __vector_30
                0x00000112                __vector_45
                0x00000112                __vector_25
                0x00000112                __vector_11
                0x00000112                __vector_13
                0x00000112                __vector_17
                0x00000112                __vector_7
                0x00000112                __vector_49
                0x00000112                __vector_41
                0x00000112                __vector_43
                0x00000112                __vector_27
                0x00000112                __vector_5
                0x00000112                __vector_33
                0x00000112                __vector_47
                0x00000112                __vector_37
                0x00000112                __vector_4
                0x00000112                __vector_44
                0x00000112                __vector_9
                0x00000112                __vector_2
                0x00000112                __vector_21
                0x00000112                __vector_15
                0x00000112                __vector_36
                0x00000112                __vector_29
                0x00000112                __vector_40
                0x00000112                __vector_8
                0x00000112                __vector_26
                0x00000112                __vector_48
                0x00000112                __vector_14
                0x00000112                __vector_10
                0x00000112                __vector_50
                0x00000112                __vector_18
                0x00000112                __vector_20
                0x00000112                __vector_42
                0x00000116                . = ALIGN (0x2)
 *(.text.*)
 .text.atmel_start_init
                0x00000116        0xa atmel_start.o
                0x00000116                atmel_start_init
 .text.get_decimal_point
                0x00000120        0x4 cJSON.o
 .text.compare_double
                0x00000124       0xc0 cJSON.o
 .text.suffix_object
                0x000001e4        0xe cJSON.o
 .text.add_item_to_array
                0x000001f2       0x86 cJSON.o
 .text.cast_away_const
                0x00000278        0x2 cJSON.o
 .text.update_offset
                0x0000027a       0x44 cJSON.o
 .text.cJSON_strdup
                0x000002be       0x5a cJSON.o
 .text.add_item_to_object
                0x00000318       0xba cJSON.o
 .text.ensure   0x000003d2      0x11e cJSON.o
 .text.cJSON_New_Item
                0x000004f0       0x1c cJSON.o
 .text.print_string_ptr
                0x0000050c      0x1ce cJSON.o
 .text.print_string
                0x000006da        0xc cJSON.o
 .text.print_number
                0x000006e6      0x23e cJSON.o
 .text.print_value
                0x00000924      0x166 cJSON.o
 .text.print    0x00000a8a      0x156 cJSON.o
 .text.print_array
                0x00000be0      0x112 cJSON.o
 .text.print_object
                0x00000cf2      0x238 cJSON.o
 .text.cJSON_Delete
                0x00000f2a       0x7e cJSON.o
                0x00000f2a                cJSON_Delete
 .text.cJSON_PrintUnformatted
                0x00000fa8        0xe cJSON.o
                0x00000fa8                cJSON_PrintUnformatted
 .text.cJSON_CreateString
                0x00000fb6       0x50 cJSON.o
                0x00000fb6                cJSON_CreateString
 .text.cJSON_AddStringToObject
                0x00001006       0x5a cJSON.o
                0x00001006                cJSON_AddStringToObject
 .text.cJSON_CreateObject
                0x00001060       0x18 cJSON.o
                0x00001060                cJSON_CreateObject
 .text.cJSON_free
                0x00001078        0xc cJSON.o
                0x00001078                cJSON_free
 .text.__vector_16
                0x00001084       0x4e driver_isr.o
                0x00001084                __vector_16
 .text.SPI_MasterInit
                0x000010d2       0x12 main.o
                0x000010d2                SPI_MasterInit
 .text.SPI_MasterTransmit
                0x000010e4       0x16 main.o
                0x000010e4                SPI_MasterTransmit
 .text.SPI_MasterTransmitString
                0x000010fa       0x38 main.o
                0x000010fa                SPI_MasterTransmitString
 .text.sendDeviceJson
                0x00001132       0x4a main.o
                0x00001132                sendDeviceJson
 .text.touchpin1
                0x0000117c       0x5e main.o
                0x0000117c                touchpin1
 .text.touchpin2
                0x000011da       0x5e main.o
                0x000011da                touchpin2
 .text.touchpin3
                0x00001238       0x4c main.o
                0x00001238                touchpin3
 .text.touchpin4
                0x00001284       0x4c main.o
                0x00001284                touchpin4
 .text.loop     0x000012d0       0x5e main.o
                0x000012d0                loop
 .text.main     0x0000132e       0x12 main.o
                0x0000132e                main
 .text.datastreamer_init
                0x00001340        0x2 qtouch/datastreamer/datastreamer_UART_avr.o
                0x00001340                datastreamer_init
 .text.datastreamer_transmit
                0x00001342       0x1e qtouch/datastreamer/datastreamer_UART_avr.o
                0x00001342                datastreamer_transmit
 .text.datastreamer_output
                0x00001360      0x11a qtouch/datastreamer/datastreamer_UART_avr.o
                0x00001360                datastreamer_output
 .text.touch_ptc_pin_config
                0x0000147a       0x1a qtouch/touch.o
 .text.qtm_measure_complete_callback
                0x00001494        0x8 qtouch/touch.o
 .text.touch_sensors_config
                0x0000149c       0x68 qtouch/touch.o
 .text.qtm_error_callback
                0x00001504        0xc qtouch/touch.o
 .text.Timer_set_comp_a
                0x00001510        0x4 qtouch/touch.o
                0x00001510                Timer_set_comp_a
 .text.touch_init
                0x00001514       0x1e qtouch/touch.o
                0x00001514                touch_init
 .text.touch_process
                0x00001532       0x6c qtouch/touch.o
                0x00001532                touch_process
 .text.touch_timer_handler
                0x0000159e       0x10 qtouch/touch.o
                0x0000159e                touch_timer_handler
 .text.mega_touch_timer
                0x000015ae       0x2e qtouch/touch.o
                0x000015ae                mega_touch_timer
 .text.get_sensor_node_signal
                0x000015dc       0x1a qtouch/touch.o
                0x000015dc                get_sensor_node_signal
 .text.get_sensor_node_reference
                0x000015f6       0x18 qtouch/touch.o
                0x000015f6                get_sensor_node_reference
 .text.get_sensor_cc_val
                0x0000160e       0x1a qtouch/touch.o
                0x0000160e                get_sensor_cc_val
 .text.get_sensor_state
                0x00001628       0x1e qtouch/touch.o
                0x00001628                get_sensor_state
 .text.__vector_39
                0x00001646       0x48 qtouch/touch.o
                0x00001646                __vector_39
 .text.SPI_0_initialization
                0x0000168e       0x2a src/driver_init.o
                0x0000168e                SPI_0_initialization
 .text.Timer_initialization
                0x000016b8        0x6 src/driver_init.o
                0x000016b8                Timer_initialization
 .text.TIMER_0_initialization
                0x000016be        0x6 src/driver_init.o
                0x000016be                TIMER_0_initialization
 .text.USART_initialization
                0x000016c4       0x1e src/driver_init.o
                0x000016c4                USART_initialization
 .text.system_init
                0x000016e2       0x62 src/driver_init.o
                0x000016e2                system_init
 .text.protected_write_io
                0x00001744        0xe src/protected_io.o
                0x00001744                protected_write_io
 .text.SPI_0_init
                0x00001752       0x1a src/spi_basic.o
                0x00001752                SPI_0_init
 .text.__vector_19
                0x0000176c       0x9c src/spi_basic.o
                0x0000176c                __vector_19
 .text.TIMER_0_init
                0x00001808        0xe src/tc16.o
                0x00001808                TIMER_0_init
 .text.Timer_init
                0x00001816       0x1a src/tc8.o
                0x00001816                Timer_init
 .text.USART_init
                0x00001830       0x22 src/usart_basic.o
                0x00001830                USART_init
 .text.USART_is_tx_ready
                0x00001852        0xc src/usart_basic.o
                0x00001852                USART_is_tx_ready
 .text.USART_is_tx_busy
                0x0000185e       0x14 src/usart_basic.o
                0x0000185e                USART_is_tx_busy
 .text.USART_write
                0x00001872        0xe src/usart_basic.o
                0x00001872                USART_write
 .text.check_for_aks_block
                0x00001880       0xd2 ../qtouch/lib/gcc\libqtm_touch_key_m324pb_0x0002.a(avr_touch_key_g_m324.o)
 .text.qtm_update_qtlib_timer
                0x00001952       0x16 ../qtouch/lib/gcc\libqtm_touch_key_m324pb_0x0002.a(avr_touch_key_g_m324.o)
                0x00001952                qtm_update_qtlib_timer
 .text.qtm_init_sensor_key
                0x00001968       0x3e ../qtouch/lib/gcc\libqtm_touch_key_m324pb_0x0002.a(avr_touch_key_g_m324.o)
                0x00001968                qtm_init_sensor_key
 .text.qtm_key_sensors_process
                0x000019a6      0x74e ../qtouch/lib/gcc\libqtm_touch_key_m324pb_0x0002.a(avr_touch_key_g_m324.o)
                0x000019a6                qtm_key_sensors_process
 .text.select_next_channel_to_measure
                0x000020f4       0x66 ../qtouch/lib/gcc\libqtm_acq_runtime_m324pb_0x0011.a(avr_acq_ruintime_g_m324.o)
 .text.qtm_measure_node
                0x0000215a      0x1a8 ../qtouch/lib/gcc\libqtm_acq_runtime_m324pb_0x0011.a(avr_acq_ruintime_g_m324.o)
 .text.qtm_acquisition_process
                0x00002302      0x2ce ../qtouch/lib/gcc\libqtm_acq_runtime_m324pb_0x0011.a(avr_acq_ruintime_g_m324.o)
                0x00002302                qtm_acquisition_process
 .text.qtm_ptc_init_acquisition_module
                0x000025d0      0x122 ../qtouch/lib/gcc\libqtm_acq_runtime_m324pb_0x0011.a(avr_acq_ruintime_g_m324.o)
                0x000025d0                qtm_ptc_init_acquisition_module
 .text.qtm_ptc_qtlib_assign_signal_memory
                0x000026f2       0x14 ../qtouch/lib/gcc\libqtm_acq_runtime_m324pb_0x0011.a(avr_acq_ruintime_g_m324.o)
                0x000026f2                qtm_ptc_qtlib_assign_signal_memory
 .text.qtm_ptc_start_measurement_seq
                0x00002706      0x1f2 ../qtouch/lib/gcc\libqtm_acq_runtime_m324pb_0x0011.a(avr_acq_ruintime_g_m324.o)
                0x00002706                qtm_ptc_start_measurement_seq
 .text.qtm_enable_sensor_node
                0x000028f8       0x3e ../qtouch/lib/gcc\libqtm_acq_runtime_m324pb_0x0011.a(avr_acq_ruintime_g_m324.o)
                0x000028f8                qtm_enable_sensor_node
 .text.qtm_calibrate_sensor_node
                0x00002936       0x80 ../qtouch/lib/gcc\libqtm_acq_runtime_m324pb_0x0011.a(avr_acq_ruintime_g_m324.o)
                0x00002936                qtm_calibrate_sensor_node
 .text.qtm_m324pb_ptc_handler_eoc
                0x000029b6       0x8a ../qtouch/lib/gcc\libqtm_acq_runtime_m324pb_0x0011.a(avr_acq_ruintime_g_m324.o)
                0x000029b6                qtm_m324pb_ptc_handler_eoc
 .text.avr-libc.fplib
                0x00002a40        0xe c:/program files (x86)/atmel/studio/7.0/toolchain/avr8/avr8-gnu-toolchain/bin/../lib/gcc/avr/5.4.0/../../../../avr/lib/avr5\libm.a(addsf3.o)
                0x00002a40                __subsf3
                0x00002a42                __addsf3
 .text.avr-libc.fplib
                0x00002a4e       0xcc c:/program files (x86)/atmel/studio/7.0/toolchain/avr8/avr8-gnu-toolchain/bin/../lib/gcc/avr/5.4.0/../../../../avr/lib/avr5\libm.a(addsf3x.o)
                0x00002a70                __addsf3x
 .text.avr-libc.fplib
                0x00002b1a        0xa c:/program files (x86)/atmel/studio/7.0/toolchain/avr8/avr8-gnu-toolchain/bin/../lib/gcc/avr/5.4.0/../../../../avr/lib/avr5\libm.a(cmpsf2.o)
                0x00002b1a                __nesf2
                0x00002b1a                __eqsf2
                0x00002b1a                __cmpsf2
                0x00002b1a                __ltsf2
                0x00002b1a                __lesf2
 .text.avr-libc.fplib
                0x00002b24       0x7a c:/program files (x86)/atmel/studio/7.0/toolchain/avr8/avr8-gnu-toolchain/bin/../lib/gcc/avr/5.4.0/../../../../avr/lib/avr5\libm.a(floatsisf.o)
                0x00002b24                __floatunsisf
                0x00002b28                __floatsisf
 .text.avr-libc.fplib
                0x00002b9e       0x48 c:/program files (x86)/atmel/studio/7.0/toolchain/avr8/avr8-gnu-toolchain/bin/../lib/gcc/avr/5.4.0/../../../../avr/lib/avr5\libm.a(fp_cmp.o)
                0x00002b9e                __fp_cmp
 .text.avr-libc.fplib
                0x00002be6        0xc c:/program files (x86)/atmel/studio/7.0/toolchain/avr8/avr8-gnu-toolchain/bin/../lib/gcc/avr/5.4.0/../../../../avr/lib/avr5\libm.a(fp_inf.o)
                0x00002be6                __fp_inf
 .text.avr-libc.fplib
                0x00002bf2        0x6 c:/program files (x86)/atmel/studio/7.0/toolchain/avr8/avr8-gnu-toolchain/bin/../lib/gcc/avr/5.4.0/../../../../avr/lib/avr5\libm.a(fp_nan.o)
                0x00002bf2                __fp_nan
 .text.avr-libc.fplib
                0x00002bf8        0xe c:/program files (x86)/atmel/studio/7.0/toolchain/avr8/avr8-gnu-toolchain/bin/../lib/gcc/avr/5.4.0/../../../../avr/lib/avr5\libm.a(fp_pscA.o)
                0x00002bf8                __fp_pscA
 .text.avr-libc.fplib
                0x00002c06        0xe c:/program files (x86)/atmel/studio/7.0/toolchain/avr8/avr8-gnu-toolchain/bin/../lib/gcc/avr/5.4.0/../../../../avr/lib/avr5\libm.a(fp_pscB.o)
                0x00002c06                __fp_pscB
 .text.avr-libc.fplib
                0x00002c14       0x22 c:/program files (x86)/atmel/studio/7.0/toolchain/avr8/avr8-gnu-toolchain/bin/../lib/gcc/avr/5.4.0/../../../../avr/lib/avr5\libm.a(fp_round.o)
                0x00002c14                __fp_round
 .text.avr-libc.fplib
                0x00002c36       0x44 c:/program files (x86)/atmel/studio/7.0/toolchain/avr8/avr8-gnu-toolchain/bin/../lib/gcc/avr/5.4.0/../../../../avr/lib/avr5\libm.a(fp_split3.o)
                0x00002c36                __fp_split3
                0x00002c46                __fp_splitA
 .text.avr-libc.fplib
                0x00002c7a        0xe c:/program files (x86)/atmel/studio/7.0/toolchain/avr8/avr8-gnu-toolchain/bin/../lib/gcc/avr/5.4.0/../../../../avr/lib/avr5\libm.a(fp_zero.o)
                0x00002c7a                __fp_zero
                0x00002c7c                __fp_szero
 .text.avr-libc.fplib
                0x00002c88        0xa c:/program files (x86)/atmel/studio/7.0/toolchain/avr8/avr8-gnu-toolchain/bin/../lib/gcc/avr/5.4.0/../../../../avr/lib/avr5\libm.a(gesf2.o)
                0x00002c88                __gesf2
                0x00002c88                __gtsf2
 .text.avr-libc.fplib
                0x00002c92        0x8 c:/program files (x86)/atmel/studio/7.0/toolchain/avr8/avr8-gnu-toolchain/bin/../lib/gcc/avr/5.4.0/../../../../avr/lib/avr5\libm.a(mulsf3.o)
                0x00002c92                __mulsf3
 .text.avr-libc.fplib
                0x00002c9a       0xd2 c:/program files (x86)/atmel/studio/7.0/toolchain/avr8/avr8-gnu-toolchain/bin/../lib/gcc/avr/5.4.0/../../../../avr/lib/avr5\libm.a(mulsf3x.o)
                0x00002cb8                __mulsf3x
                0x00002cbe                __mulsf3_pse
 .text.libgcc.mul
                0x00002d6c       0x1e c:/program files (x86)/atmel/studio/7.0/toolchain/avr8/avr8-gnu-toolchain/bin/../lib/gcc/avr/5.4.0/avr5\libgcc.a(_umulhisi3.o)
                0x00002d6c                __umulhisi3
 .text.avr-libc
                0x00002d8a      0x242 c:/program files (x86)/atmel/studio/7.0/toolchain/avr8/avr8-gnu-toolchain/bin/../lib/gcc/avr/5.4.0/../../../../avr/lib/avr5\libc.a(malloc.o)
                0x00002d8a                malloc
                0x00002eba                free
 .text.avr-libc
                0x00002fcc      0x18c c:/program files (x86)/atmel/studio/7.0/toolchain/avr8/avr8-gnu-toolchain/bin/../lib/gcc/avr/5.4.0/../../../../avr/lib/avr5\libc.a(realloc.o)
                0x00002fcc                realloc
 .text.avr-libc
                0x00003158       0x12 c:/program files (x86)/atmel/studio/7.0/toolchain/avr8/avr8-gnu-toolchain/bin/../lib/gcc/avr/5.4.0/../../../../avr/lib/avr5\libc.a(isspace.o)
                0x00003158                isspace
 .text.avr-libc
                0x0000316a       0x12 c:/program files (x86)/atmel/studio/7.0/toolchain/avr8/avr8-gnu-toolchain/bin/../lib/gcc/avr/5.4.0/../../../../avr/lib/avr5\libc.a(memcpy.o)
                0x0000316a                memcpy
 .text.avr-libc
                0x0000317c       0x44 c:/program files (x86)/atmel/studio/7.0/toolchain/avr8/avr8-gnu-toolchain/bin/../lib/gcc/avr/5.4.0/../../../../avr/lib/avr5\libc.a(sprintf.o)
                0x0000317c                sprintf
 .text.avr-libc
                0x000031c0       0x32 c:/program files (x86)/atmel/studio/7.0/toolchain/avr8/avr8-gnu-toolchain/bin/../lib/gcc/avr/5.4.0/../../../../avr/lib/avr5\libc.a(sscanf.o)
                0x000031c0                sscanf
 .text.avr-libc
                0x000031f2      0x3c2 c:/program files (x86)/atmel/studio/7.0/toolchain/avr8/avr8-gnu-toolchain/bin/../lib/gcc/avr/5.4.0/../../../../avr/lib/avr5\libc.a(vfprintf_std.o)
                0x000031f2                vfprintf
 .text.avr-libc
                0x000035b4      0x55a c:/program files (x86)/atmel/studio/7.0/toolchain/avr8/avr8-gnu-toolchain/bin/../lib/gcc/avr/5.4.0/../../../../avr/lib/avr5\libc.a(vfscanf_std.o)
                0x000038ec                vfscanf
 .text.avr-libc
                0x00003b0e        0x6 c:/program files (x86)/atmel/studio/7.0/toolchain/avr8/avr8-gnu-toolchain/bin/../lib/gcc/avr/5.4.0/../../../../avr/lib/avr5\libc.a(cty_isfalse.o)
                0x00003b0e                __ctype_isfalse
                0x00003b12                __ctype_istrue
 .text.avr-libc
                0x00003b14       0x16 c:/program files (x86)/atmel/studio/7.0/toolchain/avr8/avr8-gnu-toolchain/bin/../lib/gcc/avr/5.4.0/../../../../avr/lib/avr5\libc.a(strchr_P.o)
                0x00003b14                strchr_P
 .text.avr-libc
                0x00003b2a       0x16 c:/program files (x86)/atmel/studio/7.0/toolchain/avr8/avr8-gnu-toolchain/bin/../lib/gcc/avr/5.4.0/../../../../avr/lib/avr5\libc.a(strnlen_P.o)
                0x00003b2a                strnlen_P
 .text.avr-libc
                0x00003b40       0x16 c:/program files (x86)/atmel/studio/7.0/toolchain/avr8/avr8-gnu-toolchain/bin/../lib/gcc/avr/5.4.0/../../../../avr/lib/avr5\libc.a(strnlen.o)
                0x00003b40                strnlen
 .text.avr-libc
                0x00003b56       0x7c c:/program files (x86)/atmel/studio/7.0/toolchain/avr8/avr8-gnu-toolchain/bin/../lib/gcc/avr/5.4.0/../../../../avr/lib/avr5\libc.a(fgetc.o)
                0x00003b56                fgetc
 .text.avr-libc
                0x00003bd2       0x78 c:/program files (x86)/atmel/studio/7.0/toolchain/avr8/avr8-gnu-toolchain/bin/../lib/gcc/avr/5.4.0/../../../../avr/lib/avr5\libc.a(fputc.o)
                0x00003bd2                fputc
 .text.avr-libc
                0x00003c4a       0x32 c:/program files (x86)/atmel/studio/7.0/toolchain/avr8/avr8-gnu-toolchain/bin/../lib/gcc/avr/5.4.0/../../../../avr/lib/avr5\libc.a(ungetc.o)
                0x00003c4a                ungetc
 .text.avr-libc
                0x00003c7c       0xbc c:/program files (x86)/atmel/studio/7.0/toolchain/avr8/avr8-gnu-toolchain/bin/../lib/gcc/avr/5.4.0/../../../../avr/lib/avr5\libc.a(ultoa_invert.o)
                0x00003c7c                __ultoa_invert
 .text.libgcc.prologue
                0x00003d38       0x38 c:/program files (x86)/atmel/studio/7.0/toolchain/avr8/avr8-gnu-toolchain/bin/../lib/gcc/avr/5.4.0/avr5\libgcc.a(_prologue.o)
                0x00003d38                __prologue_saves__
 .text.libgcc.prologue
                0x00003d70       0x36 c:/program files (x86)/atmel/studio/7.0/toolchain/avr8/avr8-gnu-toolchain/bin/../lib/gcc/avr/5.4.0/avr5\libgcc.a(_epilogue.o)
                0x00003d70                __epilogue_restores__
                0x00003da6                . = ALIGN (0x2)
 *(.fini9)
 .fini9         0x00003da6        0x0 c:/program files (x86)/atmel/studio/7.0/toolchain/avr8/avr8-gnu-toolchain/bin/../lib/gcc/avr/5.4.0/avr5\libgcc.a(_exit.o)
                0x00003da6                _exit
                0x00003da6                exit
 *(.fini9)
 *(.fini8)
 *(.fini8)
 *(.fini7)
 *(.fini7)
 *(.fini6)
 *(.fini6)
 *(.fini5)
 *(.fini5)
 *(.fini4)
 *(.fini4)
 *(.fini3)
 *(.fini3)
 *(.fini2)
 *(.fini2)
 *(.fini1)
 *(.fini1)
 *(.fini0)
 .fini0         0x00003da6        0x4 c:/program files (x86)/atmel/studio/7.0/toolchain/avr8/avr8-gnu-toolchain/bin/../lib/gcc/avr/5.4.0/avr5\libgcc.a(_exit.o)
 *(.fini0)
                0x00003daa                _etext = .

.data           0x00800100       0xc4 load address 0x00003daa
                0x00800100                PROVIDE (__data_start, .)
 *(.data)
 .data          0x00800100        0x6 c:/program files (x86)/atmel/studio/7.0/toolchain/avr8/avr8-gnu-toolchain/bin/../lib/gcc/avr/5.4.0/../../../../avr/lib/avr5\libc.a(malloc.o)
                0x00800100                __malloc_heap_end
                0x00800102                __malloc_heap_start
                0x00800104                __malloc_margin
 *(.data*)
 .data.global_hooks
                0x00800106        0x6 cJSON.o
 .data.data     0x0080010c       0x13 qtouch/datastreamer/datastreamer_UART_avr.o
                0x0080010c                data
 .data.qtlib_key_set1
                0x0080011f        0x8 qtouch/touch.o
                0x0080011f                qtlib_key_set1
 .data.qtlib_key_configs_set1
                0x00800127        0xc qtouch/touch.o
                0x00800127                qtlib_key_configs_set1
 .data.qtlib_key_grp_config_set1
                0x00800133        0xa qtouch/touch.o
                0x00800133                qtlib_key_grp_config_set1
 .data.qtlib_acq_set1
                0x0080013d        0x6 qtouch/touch.o
                0x0080013d                qtlib_acq_set1
 .data.ptc_seq_node_cfg1
                0x00800143       0x28 qtouch/touch.o
                0x00800143                ptc_seq_node_cfg1
 .data.ptc_qtlib_acq_gen1
                0x0080016b        0x5 qtouch/touch.o
                0x0080016b                ptc_qtlib_acq_gen1
 *(.gnu.linkonce.d*)
 *(.rodata)
 *(.rodata*)
 .rodata.str1.1
                0x00800170       0x38 cJSON.o
 .rodata.str1.1
                0x008001a8       0x16 main.o
 .rodata.gain_setting_int_cap
                0x008001be        0x6 ../qtouch/lib/gcc\libqtm_acq_runtime_m324pb_0x0011.a(avr_acq_ruintime_g_m324.o)
 *(.gnu.linkonce.r*)
                0x008001c4                . = ALIGN (0x2)
                0x008001c4                _edata = .
                0x008001c4                PROVIDE (__data_end, .)

.bss            0x008001c4       0x70
                0x008001c4                PROVIDE (__bss_start, .)
 *(.bss)
 *(.bss*)
 .bss.second_counter_2
                0x008001c4        0x2 main.o
                0x008001c4                second_counter_2
 .bss.second_counter
                0x008001c6        0x2 main.o
                0x008001c6                second_counter
 .bss.sequence.2486
                0x008001c8        0x1 qtouch/datastreamer/datastreamer_UART_avr.o
 .bss.touch_time_counter.2335
                0x008001c9        0x2 qtouch/touch.o
 .bss.module_error_code
                0x008001cb        0x1 qtouch/touch.o
                0x008001cb                module_error_code
 .bss.measurement_done_touch
                0x008001cc        0x1 qtouch/touch.o
                0x008001cc                measurement_done_touch
 .bss.touch_postprocess_request
                0x008001cd        0x1 qtouch/touch.o
                0x008001cd                touch_postprocess_request
 .bss.time_to_measure_touch_flag
                0x008001ce        0x1 qtouch/touch.o
                0x008001ce                time_to_measure_touch_flag
 .bss.SPI_0_desc
                0x008001cf        0x7 src/spi_basic.o
 .bss.qtm_local_ms_timecount
                0x008001d6        0x2 ../qtouch/lib/gcc\libqtm_touch_key_m324pb_0x0002.a(avr_touch_key_g_m324.o)
                0x008001d6                qtm_local_ms_timecount
 .bss.ptc_seq_measure_complete_pointer
                0x008001d8        0x2 ../qtouch/lib/gcc\libqtm_acq_runtime_m324pb_0x0011.a(avr_acq_ruintime_g_m324.o)
 .bss.ptc_lockups
                0x008001da        0x2 ../qtouch/lib/gcc\libqtm_acq_runtime_m324pb_0x0011.a(avr_acq_ruintime_g_m324.o)
                0x008001da                ptc_lockups
 .bss.good_eocs
                0x008001dc        0x2 ../qtouch/lib/gcc\libqtm_acq_runtime_m324pb_0x0011.a(avr_acq_ruintime_g_m324.o)
                0x008001dc                good_eocs
 .bss.touch_seq_lib_state
                0x008001de        0x1 ../qtouch/lib/gcc\libqtm_acq_runtime_m324pb_0x0011.a(avr_acq_ruintime_g_m324.o)
 .bss.current_measure_channel
                0x008001df        0x2 ../qtouch/lib/gcc\libqtm_acq_runtime_m324pb_0x0011.a(avr_acq_ruintime_g_m324.o)
                0x008001df                current_measure_channel
 .bss.ptc_eoc_ok_flag
                0x008001e1        0x1 ../qtouch/lib/gcc\libqtm_acq_runtime_m324pb_0x0011.a(avr_acq_ruintime_g_m324.o)
                0x008001e1                ptc_eoc_ok_flag
 .bss.max_conversion_cycles
                0x008001e2        0x4 ../qtouch/lib/gcc\libqtm_acq_runtime_m324pb_0x0011.a(avr_acq_ruintime_g_m324.o)
                0x008001e2                max_conversion_cycles
 *(COMMON)
 COMMON         0x008001e6        0xc main.o
                0x008001e6                previous_key_status_3
                0x008001e7                touch_counter_1
                0x008001e8                key_status_4
                0x008001e9                key_status_2
                0x008001ea                previous_key_status_1
                0x008001eb                previous_key_status_4
                0x008001ec                previous_key_status_2
                0x008001ed                touch_counter_2
                0x008001ee                touch_counter_4
                0x008001ef                key_status_1
                0x008001f0                touch_counter_3
                0x008001f1                key_status_3
 COMMON         0x008001f2       0x3a qtouch/touch.o
                0x008001f2                qtlib_key_grp_data_set1
                0x008001f8                ptc_qtlib_node_stat1
                0x0080020c                touch_acq_signals_raw
                0x00800214                qtlib_key_data_set1
 COMMON         0x0080022c        0x4 ../qtouch/lib/gcc\libqtm_acq_runtime_m324pb_0x0011.a(avr_acq_ruintime_g_m324.o)
                0x0080022c                qtm_acquisition_control_working_set_ptr
                0x0080022e                qtm_raw_data_measurements_ptr
 COMMON         0x00800230        0x4 c:/program files (x86)/atmel/studio/7.0/toolchain/avr8/avr8-gnu-toolchain/bin/../lib/gcc/avr/5.4.0/../../../../avr/lib/avr5\libc.a(malloc.o)
                0x00800230                __brkval
                0x00800232                __flp
                0x00800234                PROVIDE (__bss_end, .)
                0x00003daa                __data_load_start = LOADADDR (.data)
                0x00003e6e                __data_load_end = (__data_load_start + SIZEOF (.data))

.noinit         0x00800234        0x0
                [!provide]                PROVIDE (__noinit_start, .)
 *(.noinit*)
                [!provide]                PROVIDE (__noinit_end, .)
                0x00800234                _end = .
                0x00800234                PROVIDE (__heap_start, .)

.eeprom         0x00810000        0x0
 *(.eeprom*)
                0x00810000                __eeprom_end = .

.fuse
 *(.fuse)
 *(.lfuse)
 *(.hfuse)
 *(.efuse)

.lock
 *(.lock*)

.signature
 *(.signature*)

.user_signatures
 *(.user_signatures*)

.stab
 *(.stab)

.stabstr
 *(.stabstr)

.stab.excl
 *(.stab.excl)

.stab.exclstr
 *(.stab.exclstr)

.stab.index
 *(.stab.index)

.stab.indexstr
 *(.stab.indexstr)

.comment        0x00000000       0x8c
 *(.comment)
 .comment       0x00000000       0x30 atmel_start.o
                                 0x31 (size before relaxing)
 .comment       0x00000030       0x31 cJSON.o
 .comment       0x00000030       0x31 driver_isr.o
 .comment       0x00000030       0x31 main.o
 .comment       0x00000030       0x31 qtouch/datastreamer/datastreamer_UART_avr.o
 .comment       0x00000030       0x31 qtouch/touch.o
 .comment       0x00000030       0x31 src/driver_init.o
 .comment       0x00000030       0x31 src/spi_basic.o
 .comment       0x00000030       0x31 src/tc16.o
 .comment       0x00000030       0x31 src/tc8.o
 .comment       0x00000030       0x31 src/usart_basic.o
 .comment       0x00000030       0x30 ../qtouch/lib/gcc\libqtm_touch_key_m324pb_0x0002.a(avr_touch_key_g_m324.o)
                                 0x31 (size before relaxing)
 .comment       0x00000060       0x31 ../qtouch/lib/gcc\libqtm_acq_runtime_m324pb_0x0011.a(avr_acq_ruintime_g_m324.o)
 .comment       0x00000060       0x31 c:/program files (x86)/atmel/studio/7.0/toolchain/avr8/avr8-gnu-toolchain/bin/../lib/gcc/avr/5.4.0/../../../../avr/lib/avr5\libc.a(malloc.o)
 .comment       0x00000060       0x31 c:/program files (x86)/atmel/studio/7.0/toolchain/avr8/avr8-gnu-toolchain/bin/../lib/gcc/avr/5.4.0/../../../../avr/lib/avr5\libc.a(realloc.o)
 .comment       0x00000060       0x31 c:/program files (x86)/atmel/studio/7.0/toolchain/avr8/avr8-gnu-toolchain/bin/../lib/gcc/avr/5.4.0/../../../../avr/lib/avr5\libc.a(sprintf.o)
 .comment       0x00000060       0x31 c:/program files (x86)/atmel/studio/7.0/toolchain/avr8/avr8-gnu-toolchain/bin/../lib/gcc/avr/5.4.0/../../../../avr/lib/avr5\libc.a(sscanf.o)
 .comment       0x00000060       0x2c c:/program files (x86)/atmel/studio/7.0/toolchain/avr8/avr8-gnu-toolchain/bin/../lib/gcc/avr/5.4.0/../../../../avr/lib/avr5\libc.a(vfprintf_std.o)
                                 0x2d (size before relaxing)
 .comment       0x0000008c       0x2d c:/program files (x86)/atmel/studio/7.0/toolchain/avr8/avr8-gnu-toolchain/bin/../lib/gcc/avr/5.4.0/../../../../avr/lib/avr5\libc.a(vfscanf_std.o)
 .comment       0x0000008c       0x31 c:/program files (x86)/atmel/studio/7.0/toolchain/avr8/avr8-gnu-toolchain/bin/../lib/gcc/avr/5.4.0/../../../../avr/lib/avr5\libc.a(fgetc.o)
 .comment       0x0000008c       0x31 c:/program files (x86)/atmel/studio/7.0/toolchain/avr8/avr8-gnu-toolchain/bin/../lib/gcc/avr/5.4.0/../../../../avr/lib/avr5\libc.a(fputc.o)
 .comment       0x0000008c       0x31 c:/program files (x86)/atmel/studio/7.0/toolchain/avr8/avr8-gnu-toolchain/bin/../lib/gcc/avr/5.4.0/../../../../avr/lib/avr5\libc.a(ungetc.o)

.note.gnu.avr.deviceinfo
                0x00000000       0x40
 .note.gnu.avr.deviceinfo
                0x00000000       0x40 C:/Program Files (x86)/Atmel/Studio/7.0/Packs/Atmel/ATmega_DFP/1.6.364/gcc/dev/atmega324pb/avr5/crtatmega324pb.o

.note.gnu.build-id
 *(.note.gnu.build-id)

.debug
 *(.debug)

.line
 *(.line)

.debug_srcinfo
 *(.debug_srcinfo)

.debug_sfnames
 *(.debug_sfnames)

.debug_aranges  0x00000000      0x6c0
 *(.debug_aranges)
 .debug_aranges
                0x00000000       0x20 atmel_start.o
 .debug_aranges
                0x00000020      0x3a0 cJSON.o
 .debug_aranges
                0x000003c0       0x20 driver_isr.o
 .debug_aranges
                0x000003e0       0x70 main.o
 .debug_aranges
                0x00000450       0x30 qtouch/datastreamer/datastreamer_UART_avr.o
 .debug_aranges
                0x00000480       0xb0 qtouch/touch.o
 .debug_aranges
                0x00000530       0x40 src/driver_init.o
 .debug_aranges
                0x00000570       0x20 src/protected_io.o
 .debug_aranges
                0x00000590       0x80 src/spi_basic.o
 .debug_aranges
                0x00000610       0x20 src/tc16.o
 .debug_aranges
                0x00000630       0x20 src/tc8.o
 .debug_aranges
                0x00000650       0x70 src/usart_basic.o

.debug_pubnames
 *(.debug_pubnames)

.debug_info     0x00000000     0x7122
 *(.debug_info .gnu.linkonce.wi.*)
 .debug_info    0x00000000      0x9bb C:/Program Files (x86)/Atmel/Studio/7.0/Packs/Atmel/ATmega_DFP/1.6.364/gcc/dev/atmega324pb/avr5/crtatmega324pb.o
 .debug_info    0x000009bb       0xa9 atmel_start.o
 .debug_info    0x00000a64     0x3f1c cJSON.o
 .debug_info    0x00004980       0x9e driver_isr.o
 .debug_info    0x00004a1e      0x6b3 main.o
 .debug_info    0x000050d1      0x389 qtouch/datastreamer/datastreamer_UART_avr.o
 .debug_info    0x0000545a      0xe10 qtouch/touch.o
 .debug_info    0x0000626a      0x82f src/driver_init.o
 .debug_info    0x00006a99       0x92 src/protected_io.o
 .debug_info    0x00006b2b      0x33e src/spi_basic.o
 .debug_info    0x00006e69       0x91 src/tc16.o
 .debug_info    0x00006efa       0x91 src/tc8.o
 .debug_info    0x00006f8b      0x197 src/usart_basic.o

.debug_abbrev   0x00000000     0x17e4
 *(.debug_abbrev)
 .debug_abbrev  0x00000000      0x934 C:/Program Files (x86)/Atmel/Studio/7.0/Packs/Atmel/ATmega_DFP/1.6.364/gcc/dev/atmega324pb/avr5/crtatmega324pb.o
 .debug_abbrev  0x00000934       0x63 atmel_start.o
 .debug_abbrev  0x00000997      0x3d8 cJSON.o
 .debug_abbrev  0x00000d6f       0x70 driver_isr.o
 .debug_abbrev  0x00000ddf      0x208 main.o
 .debug_abbrev  0x00000fe7      0x13f qtouch/datastreamer/datastreamer_UART_avr.o
 .debug_abbrev  0x00001126      0x289 qtouch/touch.o
 .debug_abbrev  0x000013af      0x154 src/driver_init.o
 .debug_abbrev  0x00001503       0x14 src/protected_io.o
 .debug_abbrev  0x00001517      0x17a src/spi_basic.o
 .debug_abbrev  0x00001691       0x51 src/tc16.o
 .debug_abbrev  0x000016e2       0x51 src/tc8.o
 .debug_abbrev  0x00001733       0xb1 src/usart_basic.o

.debug_line     0x00000000     0x42f4
 *(.debug_line .debug_line.* .debug_line_end)
 .debug_line    0x00000000      0x1ca C:/Program Files (x86)/Atmel/Studio/7.0/Packs/Atmel/ATmega_DFP/1.6.364/gcc/dev/atmega324pb/avr5/crtatmega324pb.o
 .debug_line    0x000001ca       0x8b atmel_start.o
 .debug_line    0x00000255     0x2c7e cJSON.o
 .debug_line    0x00002ed3       0xd8 driver_isr.o
 .debug_line    0x00002fab      0x439 main.o
 .debug_line    0x000033e4      0x242 qtouch/datastreamer/datastreamer_UART_avr.o
 .debug_line    0x00003626      0x40a qtouch/touch.o
 .debug_line    0x00003a30      0x25c src/driver_init.o
 .debug_line    0x00003c8c       0x67 src/protected_io.o
 .debug_line    0x00003cf3      0x2be src/spi_basic.o
 .debug_line    0x00003fb1       0xa9 src/tc16.o
 .debug_line    0x0000405a       0xba src/tc8.o
 .debug_line    0x00004114      0x1e0 src/usart_basic.o

.debug_frame    0x00000000     0x1638
 *(.debug_frame)
 .debug_frame   0x00000000       0x24 atmel_start.o
 .debug_frame   0x00000024     0x1004 cJSON.o
 .debug_frame   0x00001028       0x6c driver_isr.o
 .debug_frame   0x00001094       0xec main.o
 .debug_frame   0x00001180       0x68 qtouch/datastreamer/datastreamer_UART_avr.o
 .debug_frame   0x000011e8      0x1a4 qtouch/touch.o
 .debug_frame   0x0000138c       0x64 src/driver_init.o
 .debug_frame   0x000013f0      0x13c src/spi_basic.o
 .debug_frame   0x0000152c       0x24 src/tc16.o
 .debug_frame   0x00001550       0x24 src/tc8.o
 .debug_frame   0x00001574       0xc4 src/usart_basic.o

.debug_str      0x00000000     0x26c2
 *(.debug_str)
 .debug_str     0x00000000      0x35a C:/Program Files (x86)/Atmel/Studio/7.0/Packs/Atmel/ATmega_DFP/1.6.364/gcc/dev/atmega324pb/avr5/crtatmega324pb.o
 .debug_str     0x0000035a      0x19e atmel_start.o
                                0x1d2 (size before relaxing)
 .debug_str     0x000004f8      0xd54 cJSON.o
                                0xf12 (size before relaxing)
 .debug_str     0x0000124c       0x37 driver_isr.o
                                0x1ce (size before relaxing)
 .debug_str     0x00001283      0x1e7 main.o
                                0x447 (size before relaxing)
 .debug_str     0x0000146a      0x1a5 qtouch/datastreamer/datastreamer_UART_avr.o
                                0x37d (size before relaxing)
 .debug_str     0x0000160f      0xb9b qtouch/touch.o
                                0xee2 (size before relaxing)
 .debug_str     0x000021aa      0x25d src/driver_init.o
                                0x457 (size before relaxing)
 .debug_str     0x00002407      0x224 src/spi_basic.o
                                0x36b (size before relaxing)
 .debug_str     0x0000262b        0xe src/tc16.o
                                0x192 (size before relaxing)
 .debug_str     0x00002639        0xd src/tc8.o
                                0x18f (size before relaxing)
 .debug_str     0x00002646       0x7c src/usart_basic.o
                                0x267 (size before relaxing)

.debug_loc      0x00000000     0x80cd
 *(.debug_loc)
 .debug_loc     0x00000000     0x74ec cJSON.o
 .debug_loc     0x000074ec       0xcb driver_isr.o
 .debug_loc     0x000075b7      0x1d5 main.o
 .debug_loc     0x0000778c      0x174 qtouch/datastreamer/datastreamer_UART_avr.o
 .debug_loc     0x00007900      0x3af qtouch/touch.o
 .debug_loc     0x00007caf      0x221 src/driver_init.o
 .debug_loc     0x00007ed0      0x1fd src/spi_basic.o

.debug_macinfo
 *(.debug_macinfo)

.debug_weaknames
 *(.debug_weaknames)

.debug_funcnames
 *(.debug_funcnames)

.debug_typenames
 *(.debug_typenames)

.debug_varnames
 *(.debug_varnames)

.debug_pubtypes
 *(.debug_pubtypes)

.debug_ranges   0x00000000      0x668
 *(.debug_ranges)
 .debug_ranges  0x00000000       0x10 atmel_start.o
 .debug_ranges  0x00000010      0x408 cJSON.o
 .debug_ranges  0x00000418       0x10 driver_isr.o
 .debug_ranges  0x00000428       0x60 main.o
 .debug_ranges  0x00000488       0x20 qtouch/datastreamer/datastreamer_UART_avr.o
 .debug_ranges  0x000004a8       0xa0 qtouch/touch.o
 .debug_ranges  0x00000548       0x30 src/driver_init.o
 .debug_ranges  0x00000578       0x70 src/spi_basic.o
 .debug_ranges  0x000005e8       0x10 src/tc16.o
 .debug_ranges  0x000005f8       0x10 src/tc8.o
 .debug_ranges  0x00000608       0x60 src/usart_basic.o

.debug_macro
 *(.debug_macro)
OUTPUT(4LT_Touch.elf elf32-avr)
LOAD linker stubs
