../Core/Src/rf69.c:167:9:spiRead	32	static
../Core/Src/rf69.c:180:9:spiWrite	40	static
../Core/Src/rf69.c:193:9:spiBurstRead	40	static
../Core/Src/rf69.c:211:9:spiBurstWrite	40	static
../Core/Src/rf69.c:228:6:setIdleMode	16	static
../Core/Src/rf69.c:233:6:RF69_init	16	static
../Core/Src/rf69.c:300:6:readFifo	16	static
../Core/Src/rf69.c:338:8:temperatureRead	8	static
../Core/Src/rf69.c:348:6:setFrequency	24	static
../Core/Src/rf69.c:358:8:rssiRead	8	static
../Core/Src/rf69.c:363:6:setOpMode	32	static
../Core/Src/rf69.c:383:6:setModeIdle	8	static
../Core/Src/rf69.c:398:6:setSleep	8	static
../Core/Src/rf69.c:408:6:setModeRx	8	static
../Core/Src/rf69.c:423:6:setModeTx	8	static
../Core/Src/rf69.c:440:6:setTxPower	24	static
../Core/Src/rf69.c:485:6:setModemRegisters	16	static
../Core/Src/rf69.c:495:6:setModemConfig	32	static
../Core/Src/rf69.c:507:6:setPreambleLength	16	static
../Core/Src/rf69.c:513:6:setSyncWords	32	static
../Core/Src/rf69.c:533:6:setEncryptionKey	16	static
../Core/Src/rf69.c:546:6:available	24	static
../Core/Src/rf69.c:570:6:waitAvailableTimeout	24	static
../Core/Src/rf69.c:585:6:recv1	16	static
../Core/Src/rf69.c:601:6:send1	32	static
../Core/Src/rf69.c:639:6:waitPacketSent	24	static
../Core/Src/rf69.c:660:9:maxMessageLength	8	static
../Core/Src/rf69.c:665:6:printRegister	24	static
../Core/Src/rf69.c:671:6:printRegisters	16	static
../Core/Src/rf69.c:684:9:headerTo	8	static
../Core/Src/rf69.c:689:9:headerFrom	8	static
../Core/Src/rf69.c:694:9:headerId	8	static
../Core/Src/rf69.c:699:9:headerFlags	8	static
../Core/Src/rf69.c:704:9:lastRssi	8	static
