2025-07-03 09:37:45,842 [INFO] Activator:176 - 


2025-07-03 09:37:45,851 [INFO] Activator:177 - !SESSION log4j initialized
2025-07-03 09:37:55,404 [INFO] LogOutputStream:77 - [STDOUT_REDIRECT] 
2025-07-03 09:38:09,063 [INFO] ApplicationProperties:184 - Using Application install path: C:\ST\STM32CubeIDE_1.16.1\STM32CubeIDE\plugins\com.st.stm32cube.common.mx_6.14.1.202504091515
2025-07-03 09:38:09,095 [INFO] DbMcusXml:78 - Set database path to: C:\ST\STM32CubeIDE_1.16.1\STM32CubeIDE\plugins\com.st.stm32cube.common.mx_6.14.1.202504091515\\db\/mcu/
2025-07-03 09:38:09,096 [INFO] ApiDb:274 - Set plugin database path to: C:\ST\STM32CubeIDE_1.16.1\STM32CubeIDE\plugins\com.st.stm32cube.common.mx_6.14.1.202504091515\\db\/plugins/boardmanager/
2025-07-03 09:38:09,096 [WARN] ApiDb:259 - Overriding images path with different value:  => C:\ST\STM32CubeIDE_1.16.1\STM32CubeIDE\plugins\com.st.stm32cube.common.mx_6.14.1.202504091515\\db\/plugins/mcufinder/images/
2025-07-03 09:38:09,112 [INFO] ApiDb:250 - Set database path to: C:\Users\kjeya\.stmcufinder\plugins\mcufinder//mcu/
2025-07-03 09:38:09,115 [INFO] DbMcusAds:125 - Set database path to: C:\Users\kjeya\.stmcufinder\plugins\mcufinder//mcu/
2025-07-03 09:38:09,121 [INFO] CrossReferenceDbSqlite:203 - Set database path to: C:\Users\kjeya\.stmcufinder\plugins\mcufinder//mcu/cs/
2025-07-03 09:38:09,307 [INFO] RulesReader:64 - Compatibility file has been processed (302 Rules)
2025-07-03 09:38:09,447 [INFO] DbMcusXml:78 - Set database path to: C:\ST\STM32CubeIDE_1.16.1\STM32CubeIDE\plugins\com.st.stm32cube.common.mx_6.14.1.202504091515\\db\/mcu/
2025-07-03 09:38:09,447 [INFO] ApiDb:274 - Set plugin database path to: C:\ST\STM32CubeIDE_1.16.1\STM32CubeIDE\plugins\com.st.stm32cube.common.mx_6.14.1.202504091515\\db\/plugins/boardmanager/
2025-07-03 09:38:09,448 [INFO] ApiDb:261 - Set plugin images path to: C:\ST\STM32CubeIDE_1.16.1\STM32CubeIDE\plugins\com.st.stm32cube.common.mx_6.14.1.202504091515\\db\/plugins/mcufinder/images/
2025-07-03 09:38:09,449 [WARN] DbFile:41 - Overriding database path with different value: C:\Users\kjeya\.stmcufinder\plugins\mcufinder/ => C:\Users\kjeya\.stmcufinder\plugins\mcufinder
2025-07-03 09:38:09,449 [INFO] ApiDb:250 - Set database path to: C:\Users\kjeya\.stmcufinder\plugins\mcufinder//mcu/
2025-07-03 09:38:09,449 [WARN] DbFile:41 - Overriding database path with different value: C:\Users\kjeya\.stmcufinder\plugins\mcufinder/ => C:\Users\kjeya\.stmcufinder\plugins\mcufinder
2025-07-03 09:38:09,449 [INFO] DbMcusAds:125 - Set database path to: C:\Users\kjeya\.stmcufinder\plugins\mcufinder//mcu/
2025-07-03 09:38:09,449 [WARN] DbFile:41 - Overriding database path with different value: C:\Users\kjeya\.stmcufinder\plugins\mcufinder/ => C:\Users\kjeya\.stmcufinder\plugins\mcufinder
2025-07-03 09:38:09,450 [WARN] DbFile:41 - Overriding database path with different value: C:\Users\kjeya\.stmcufinder\plugins\mcufinder/ => C:\Users\kjeya\.stmcufinder\plugins\mcufinder
2025-07-03 09:38:09,450 [INFO] CrossReferenceDbSqlite:203 - Set database path to: C:\Users\kjeya\.stmcufinder\plugins\mcufinder//mcu/cs/
2025-07-03 09:38:09,620 [INFO] MainPanel:272 - HeapMemory: 268435456
2025-07-03 09:38:09,836 [INFO] DbMcusXml:78 - Set database path to: C:\ST\STM32CubeIDE_1.16.1\STM32CubeIDE\plugins\com.st.stm32cube.common.mx_6.14.1.202504091515\\db\/mcu/
2025-07-03 09:38:09,836 [INFO] ApiDb:274 - Set plugin database path to: C:\ST\STM32CubeIDE_1.16.1\STM32CubeIDE\plugins\com.st.stm32cube.common.mx_6.14.1.202504091515\\db\/plugins/boardmanager/
2025-07-03 09:38:09,836 [INFO] ApiDb:261 - Set plugin images path to: C:\ST\STM32CubeIDE_1.16.1\STM32CubeIDE\plugins\com.st.stm32cube.common.mx_6.14.1.202504091515\\db\/plugins/mcufinder/images/
2025-07-03 09:38:09,839 [WARN] DbFile:41 - Overriding database path with different value: C:\Users\kjeya\.stmcufinder\plugins\mcufinder/ => C:\Users\kjeya\.stmcufinder\plugins\mcufinder
2025-07-03 09:38:09,839 [INFO] ApiDb:250 - Set database path to: C:\Users\kjeya\.stmcufinder\plugins\mcufinder//mcu/
2025-07-03 09:38:09,839 [WARN] DbFile:41 - Overriding database path with different value: C:\Users\kjeya\.stmcufinder\plugins\mcufinder/ => C:\Users\kjeya\.stmcufinder\plugins\mcufinder
2025-07-03 09:38:09,839 [INFO] DbMcusAds:125 - Set database path to: C:\Users\kjeya\.stmcufinder\plugins\mcufinder//mcu/
2025-07-03 09:38:09,839 [WARN] DbFile:41 - Overriding database path with different value: C:\Users\kjeya\.stmcufinder\plugins\mcufinder/ => C:\Users\kjeya\.stmcufinder\plugins\mcufinder
2025-07-03 09:38:09,839 [WARN] DbFile:41 - Overriding database path with different value: C:\Users\kjeya\.stmcufinder\plugins\mcufinder/ => C:\Users\kjeya\.stmcufinder\plugins\mcufinder
2025-07-03 09:38:09,839 [INFO] CrossReferenceDbSqlite:203 - Set database path to: C:\Users\kjeya\.stmcufinder\plugins\mcufinder//mcu/cs/
2025-07-03 09:38:09,868 [INFO] ApplicationProperties:184 - Using Application install path: C:\ST\STM32CubeIDE_1.16.1\STM32CubeIDE\plugins\com.st.stm32cube.common.mx_6.14.1.202504091515
2025-07-03 09:38:09,869 [INFO] PluginManage:196 - Search for loadable plugins [exclusion list=, ]
2025-07-03 09:38:09,873 [INFO] PluginManage:310 - Check plugin analytics
2025-07-03 09:38:10,183 [INFO] AnalyticsPlugin:253 - Accepted Software Licenses: STM32CubeMX.6.11.1,STM32CubeMX.6.13.0
2025-07-03 09:38:10,185 [INFO] AnalyticsPlugin:255 - Accepted CMSIS Pack Licenses: STMicroelectronics.X-CUBE-TOUCHGFX.4.24.0,WES.I-CUBE-Cesium.1.3.0,STMicroelectronics.X-CUBE-TOUCHGFX.4.24.2
2025-07-03 09:38:10,185 [INFO] AnalyticsPlugin:257 - Accepted Firmware Licenses: FW.F4.1.28.0,FW.L4.1.18.0,FW.WL.1.3.0,FW.H7.1.11.0,FW.H7.1.12.0
2025-07-03 09:38:10,190 [INFO] PluginManage:359 - Loaded plugin analytics (category:tool,tabindex:-1)
2025-07-03 09:38:10,191 [INFO] PluginManage:310 - Check plugin cadmodel
2025-07-03 09:38:10,202 [INFO] CADModel:105 - Init CAD model plugin
2025-07-03 09:38:10,202 [INFO] PluginManage:359 - Loaded plugin cadmodel (category:power,tabindex:5)
2025-07-03 09:38:10,202 [INFO] PluginManage:310 - Check plugin clock
2025-07-03 09:38:10,232 [INFO] PluginManage:359 - Loaded plugin clock (category:base,tabindex:2)
2025-07-03 09:38:10,232 [INFO] PluginManage:310 - Check plugin ddr
2025-07-03 09:38:10,243 [INFO] PluginManage:359 - Loaded plugin ddr (category:tool,tabindex:6)
2025-07-03 09:38:10,244 [INFO] PluginManage:310 - Check plugin filemanager
2025-07-03 09:38:10,496 [INFO] PluginManage:359 - Loaded plugin filemanager (category:base,tabindex:10)
2025-07-03 09:38:10,496 [INFO] PluginManage:310 - Check plugin ipmanager
2025-07-03 09:38:10,504 [INFO] PluginManage:359 - Loaded plugin ipmanager (category:base,tabindex:5)
2025-07-03 09:38:10,504 [INFO] PluginManage:310 - Check plugin lpbam
2025-07-03 09:38:10,518 [INFO] PluginManage:359 - Loaded plugin lpbam (category:base,tabindex:0)
2025-07-03 09:38:10,518 [INFO] PluginManage:310 - Check plugin memorymap
2025-07-03 09:38:10,526 [INFO] PluginManage:359 - Loaded plugin memorymap (category:base,tabindex:4)
2025-07-03 09:38:10,526 [INFO] PluginManage:310 - Check plugin pinoutandconfiguration
2025-07-03 09:38:10,542 [INFO] PluginManage:359 - Loaded plugin pinoutandconfiguration (category:base,tabindex:1)
2025-07-03 09:38:10,542 [INFO] PluginManage:310 - Check plugin pinoutconfig
2025-07-03 09:38:10,683 [WARN] SupportedApi:132 - Cannot load RTOS API schema: s4s-elt-must-match.1: The content of 'definitions' must match (annotation?, (simpleType | complexType)?, (unique | key | keyref)*)). A problem was found starting at: attribute.
2025-07-03 09:38:10,852 [INFO] PluginManage:359 - Loaded plugin pinoutconfig (category:base,tabindex:0)
2025-07-03 09:38:10,852 [INFO] PluginManage:310 - Check plugin power
2025-07-03 09:38:10,865 [INFO] PluginManage:359 - Loaded plugin power (category:power,tabindex:4)
2025-07-03 09:38:10,865 [INFO] PluginManage:310 - Check plugin projectmanager
2025-07-03 09:38:10,890 [INFO] PluginManage:359 - Loaded plugin projectmanager (category:projectmanager,tabindex:4)
2025-07-03 09:38:10,890 [INFO] PluginManage:310 - Check plugin rif
2025-07-03 09:38:10,902 [INFO] PluginManage:359 - Loaded plugin rif (category:base,tabindex:3)
2025-07-03 09:38:10,904 [INFO] PluginManage:310 - Check plugin thirdparty
2025-07-03 09:38:11,096 [INFO] PluginManage:359 - Loaded plugin thirdparty (category:base,tabindex:-1)
2025-07-03 09:38:11,096 [INFO] PluginManage:310 - Check plugin tools
2025-07-03 09:38:11,096 [WARN] IntegrityCheckThread:84 - waiting for thirdparty lock release [integrity check]
2025-07-03 09:38:11,096 [INFO] IntegrityCheckThread:86 - entering critical section [integrity check]
2025-07-03 09:38:11,096 [INFO] ThirdPartyUpdaterWithRetryManager:70 - Updater plugin not ready yet. [1/15]
2025-07-03 09:38:11,099 [INFO] PluginManage:359 - Loaded plugin tools (category:base,tabindex:7)
2025-07-03 09:38:11,099 [INFO] PluginManage:310 - Check plugin tutovideos
2025-07-03 09:38:11,445 [INFO] PluginManage:359 - Loaded plugin tutovideos (category:base,tabindex:-1)
2025-07-03 09:38:11,445 [INFO] PluginManage:310 - Check plugin updater
2025-07-03 09:38:11,508 [INFO] PluginManage:359 - Loaded plugin updater (category:base,tabindex:12)
2025-07-03 09:38:11,508 [INFO] PluginManage:310 - Check plugin userauth
2025-07-03 09:38:11,519 [INFO] UserAuth:118 - Init User Auth plugin
2025-07-03 09:38:11,520 [INFO] PluginManage:359 - Loaded plugin userauth (category:base,tabindex:14)
2025-07-03 09:38:11,522 [INFO] PluginManage:283 - PluginManage : Loaded plugins [18]
2025-07-03 09:38:12,216 [INFO] PinOutPanel:1589 - setPackage(No Configuration,No Configuration)
2025-07-03 09:38:12,440 [INFO] CADModel:165 - CPN selected for project level
2025-07-03 09:38:12,440 [INFO] CADModel:114 - Register for checkConnection events
2025-07-03 09:38:12,478 [INFO] IPUIPlugin:80 - create IPUIPlugin
2025-07-03 09:38:12,482 [INFO] PluginManager:220 - loadIPPluginJar : add adc
2025-07-03 09:38:12,486 [INFO] IPUIPlugin:80 - create IPUIPlugin
2025-07-03 09:38:12,489 [INFO] PluginManager:220 - loadIPPluginJar : add aes
2025-07-03 09:38:12,495 [INFO] IPUIPlugin:80 - create IPUIPlugin
2025-07-03 09:38:12,495 [INFO] PluginManager:220 - loadIPPluginJar : add can
2025-07-03 09:38:12,497 [INFO] IPUIPlugin:80 - create IPUIPlugin
2025-07-03 09:38:12,497 [INFO] PluginManager:220 - loadIPPluginJar : add comp
2025-07-03 09:38:12,503 [INFO] IPUIPlugin:80 - create IPUIPlugin
2025-07-03 09:38:12,505 [INFO] PluginManager:220 - loadIPPluginJar : add cryp
2025-07-03 09:38:12,511 [INFO] IPUIPlugin:80 - create IPUIPlugin
2025-07-03 09:38:12,511 [INFO] PluginManager:220 - loadIPPluginJar : add ddr_ctrl_phy
2025-07-03 09:38:12,513 [INFO] IPUIPlugin:80 - create IPUIPlugin
2025-07-03 09:38:12,513 [INFO] PluginManager:220 - loadIPPluginJar : add dfsdm
2025-07-03 09:38:12,526 [INFO] IPUIPlugin:80 - create IPUIPlugin
2025-07-03 09:38:12,528 [INFO] PluginManager:220 - loadIPPluginJar : add dma
2025-07-03 09:38:12,534 [INFO] IPUIPlugin:80 - create IPUIPlugin
2025-07-03 09:38:12,535 [INFO] PluginManager:220 - loadIPPluginJar : add dma3
2025-07-03 09:38:12,541 [INFO] IPUIPlugin:80 - create IPUIPlugin
2025-07-03 09:38:12,541 [INFO] PluginManager:220 - loadIPPluginJar : add extmemmanager
2025-07-03 09:38:12,541 [INFO] IPUIPlugin:80 - create IPUIPlugin
2025-07-03 09:38:12,541 [INFO] PluginManager:220 - loadIPPluginJar : add fatfs
2025-07-03 09:38:12,554 [INFO] IPUIPlugin:80 - create IPUIPlugin
2025-07-03 09:38:12,554 [INFO] PluginManager:220 - loadIPPluginJar : add fmc
2025-07-03 09:38:12,565 [INFO] IPUIPlugin:80 - create IPUIPlugin
2025-07-03 09:38:12,565 [INFO] PluginManager:220 - loadIPPluginJar : add freertos
2025-07-03 09:38:12,568 [INFO] IPUIPlugin:80 - create IPUIPlugin
2025-07-03 09:38:12,568 [INFO] PluginManager:220 - loadIPPluginJar : add genericplugin
2025-07-03 09:38:12,573 [INFO] IPUIPlugin:80 - create IPUIPlugin
2025-07-03 09:38:12,573 [INFO] PluginManager:220 - loadIPPluginJar : add gfxmmu
2025-07-03 09:38:12,581 [INFO] IPUIPlugin:80 - create IPUIPlugin
2025-07-03 09:38:12,581 [INFO] PluginManager:220 - loadIPPluginJar : add gic
2025-07-03 09:38:12,589 [INFO] IPUIPlugin:80 - create IPUIPlugin
2025-07-03 09:38:12,589 [INFO] PluginManager:220 - loadIPPluginJar : add gpio
2025-07-03 09:38:12,593 [INFO] IPUIPlugin:80 - create IPUIPlugin
2025-07-03 09:38:12,595 [INFO] PluginManager:220 - loadIPPluginJar : add gtzc
2025-07-03 09:38:12,598 [INFO] IPUIPlugin:80 - create IPUIPlugin
2025-07-03 09:38:12,598 [INFO] PluginManager:220 - loadIPPluginJar : add hash
2025-07-03 09:38:12,604 [INFO] IPUIPlugin:80 - create IPUIPlugin
2025-07-03 09:38:12,604 [INFO] PluginManager:220 - loadIPPluginJar : add i2c
2025-07-03 09:38:12,606 [INFO] IPUIPlugin:80 - create IPUIPlugin
2025-07-03 09:38:12,606 [INFO] PluginManager:220 - loadIPPluginJar : add i2s
2025-07-03 09:38:12,613 [INFO] IPUIPlugin:80 - create IPUIPlugin
2025-07-03 09:38:12,613 [INFO] PluginManager:220 - loadIPPluginJar : add i3c
2025-07-03 09:38:12,619 [INFO] IPUIPlugin:80 - create IPUIPlugin
2025-07-03 09:38:12,619 [INFO] PluginManager:220 - loadIPPluginJar : add ipddr
2025-07-03 09:38:12,631 [INFO] IPUIPlugin:80 - create IPUIPlugin
2025-07-03 09:38:12,633 [INFO] PluginManager:220 - loadIPPluginJar : add linkedlist
2025-07-03 09:38:12,636 [INFO] IPUIPlugin:80 - create IPUIPlugin
2025-07-03 09:38:12,638 [INFO] PluginManager:220 - loadIPPluginJar : add lorawan
2025-07-03 09:38:12,641 [INFO] IPUIPlugin:80 - create IPUIPlugin
2025-07-03 09:38:12,641 [INFO] PluginManager:220 - loadIPPluginJar : add ltdc
2025-07-03 09:38:12,648 [INFO] IPUIPlugin:80 - create IPUIPlugin
2025-07-03 09:38:12,648 [INFO] PluginManager:220 - loadIPPluginJar : add mdma
2025-07-03 09:38:12,652 [INFO] IPUIPlugin:80 - create IPUIPlugin
2025-07-03 09:38:12,652 [INFO] PluginManager:220 - loadIPPluginJar : add nvic
2025-07-03 09:38:12,663 [INFO] IPUIPlugin:80 - create IPUIPlugin
2025-07-03 09:38:12,663 [INFO] PluginManager:220 - loadIPPluginJar : add opamp
2025-07-03 09:38:12,663 [INFO] IPUIPlugin:80 - create IPUIPlugin
2025-07-03 09:38:12,663 [INFO] PluginManager:220 - loadIPPluginJar : add openamp
2025-07-03 09:38:12,663 [INFO] IPUIPlugin:80 - create IPUIPlugin
2025-07-03 09:38:12,663 [INFO] PluginManager:220 - loadIPPluginJar : add pdm2pcm
2025-07-03 09:38:12,680 [INFO] IPUIPlugin:80 - create IPUIPlugin
2025-07-03 09:38:12,680 [INFO] PluginManager:220 - loadIPPluginJar : add plateformsettings
2025-07-03 09:38:12,687 [INFO] IPUIPlugin:80 - create IPUIPlugin
2025-07-03 09:38:12,687 [INFO] PluginManager:220 - loadIPPluginJar : add quadspi
2025-07-03 09:38:12,692 [INFO] IPUIPlugin:80 - create IPUIPlugin
2025-07-03 09:38:12,694 [INFO] PluginManager:220 - loadIPPluginJar : add radio
2025-07-03 09:38:12,699 [INFO] IPUIPlugin:80 - create IPUIPlugin
2025-07-03 09:38:12,699 [INFO] PluginManager:220 - loadIPPluginJar : add resmgrutility
2025-07-03 09:38:12,699 [INFO] IPUIPlugin:80 - create IPUIPlugin
2025-07-03 09:38:12,699 [INFO] PluginManager:220 - loadIPPluginJar : add sai
2025-07-03 09:38:12,710 [INFO] IPUIPlugin:80 - create IPUIPlugin
2025-07-03 09:38:12,710 [INFO] PluginManager:220 - loadIPPluginJar : add spi
2025-07-03 09:38:12,721 [INFO] IPUIPlugin:80 - create IPUIPlugin
2025-07-03 09:38:12,721 [INFO] PluginManager:220 - loadIPPluginJar : add stm32_wpan
2025-07-03 09:38:12,723 [INFO] IPUIPlugin:80 - create IPUIPlugin
2025-07-03 09:38:12,724 [INFO] PluginManager:220 - loadIPPluginJar : add tim
2025-07-03 09:38:12,730 [INFO] IPUIPlugin:80 - create IPUIPlugin
2025-07-03 09:38:12,730 [INFO] PluginManager:220 - loadIPPluginJar : add touchsensing
2025-07-03 09:38:12,734 [INFO] IPUIPlugin:80 - create IPUIPlugin
2025-07-03 09:38:12,734 [INFO] PluginManager:220 - loadIPPluginJar : add tracer_emb
2025-07-03 09:38:12,738 [INFO] IPUIPlugin:80 - create IPUIPlugin
2025-07-03 09:38:12,738 [INFO] PluginManager:220 - loadIPPluginJar : add ts
2025-07-03 09:38:12,741 [INFO] IPUIPlugin:80 - create IPUIPlugin
2025-07-03 09:38:12,741 [INFO] PluginManager:220 - loadIPPluginJar : add tsc
2025-07-03 09:38:12,745 [INFO] IPUIPlugin:80 - create IPUIPlugin
2025-07-03 09:38:12,745 [INFO] PluginManager:220 - loadIPPluginJar : add ucpd
2025-07-03 09:38:12,751 [INFO] IPUIPlugin:80 - create IPUIPlugin
2025-07-03 09:38:12,751 [INFO] PluginManager:220 - loadIPPluginJar : add usart
2025-07-03 09:38:12,756 [INFO] IPUIPlugin:80 - create IPUIPlugin
2025-07-03 09:38:12,759 [INFO] PluginManager:220 - loadIPPluginJar : add usbx
2025-07-03 09:38:12,937 [FATAL] Updater:351 - Updater called before beeing initialized
2025-07-03 09:38:12,983 [INFO] RulesReader:64 - Compatibility file has been processed (302 Rules)
2025-07-03 09:38:13,005 [INFO] RulesReader:64 - Compatibility file has been processed (302 Rules)
2025-07-03 09:38:13,016 [INFO] CADModel:165 - CPN selected for project level
2025-07-03 09:38:13,020 [INFO] CADModel:114 - Register for checkConnection events
2025-07-03 09:38:13,020 [FATAL] Updater:351 - Updater called before beeing initialized
2025-07-03 09:38:13,020 [ERROR] CADModel:125 - Updater not yet initialized, retry later 
2025-07-03 09:38:13,282 [FATAL] Updater:351 - Updater called before beeing initialized
2025-07-03 09:38:13,289 [INFO] CADModel:165 - CPN selected for project level
2025-07-03 09:38:13,289 [INFO] CADModel:114 - Register for checkConnection events
2025-07-03 09:38:13,289 [FATAL] Updater:351 - Updater called before beeing initialized
2025-07-03 09:38:13,289 [ERROR] CADModel:125 - Updater not yet initialized, retry later 
2025-07-03 09:38:13,312 [FATAL] Updater:351 - Updater called before beeing initialized
2025-07-03 09:38:13,571 [FATAL] Updater:351 - Updater called before beeing initialized
2025-07-03 09:38:13,578 [INFO] DbMcusAds:53 - JSON generation date=Thu Jun 19 14:02:37 IST 2025 (1750321957418)
2025-07-03 09:38:13,578 [FATAL] Updater:351 - Updater called before beeing initialized
2025-07-03 09:38:13,644 [WARN] DetailPanel:346 - Failed to get advertising image, set to default
2025-07-03 09:38:14,085 [FATAL] Updater:351 - Updater called before beeing initialized
2025-07-03 09:38:14,089 [FATAL] Updater:351 - Updater called before beeing initialized
2025-07-03 09:38:14,091 [FATAL] Updater:351 - Updater called before beeing initialized
2025-07-03 09:38:14,091 [WARN] DetailPanel:346 - Failed to get advertising image, set to default
2025-07-03 09:38:14,095 [FATAL] Updater:351 - Updater called before beeing initialized
2025-07-03 09:38:14,101 [INFO] ThirdPartyUpdaterWithRetryManager:70 - Updater plugin not ready yet. [2/15]
2025-07-03 09:38:14,244 [ERROR] Updater:1198 - MainUpdater not yet initialized. External WinMGr cannot be set.
2025-07-03 09:38:14,250 [INFO] Updater:1134 - Updater Version found : 6.14.1
2025-07-03 09:38:14,299 [INFO] ApplicationProperties:184 - Using Application install path: C:\ST\STM32CubeIDE_1.16.1\STM32CubeIDE\plugins\com.st.stm32cube.common.mx_6.14.1.202504091515
2025-07-03 09:38:15,930 [ERROR] LogOutputStream:75 - [STDERR_REDIRECT] Jul 03, 2025 9:38:15 AM java.util.prefs.WindowsPreferences <init>
2025-07-03 09:38:15,934 [ERROR] LogOutputStream:75 - [STDERR_REDIRECT] WARNING: Could not open/create prefs root node Software\JavaSoft\Prefs at root 0xffffffff80000002. Windows RegCreateKeyEx(...) returned error code 5.
2025-07-03 09:38:15,936 [ERROR] LogOutputStream:75 - [STDERR_REDIRECT] 
2025-07-03 09:38:16,827 [INFO] MainUpdater:2872 - connection check result : 10
2025-07-03 09:38:16,827 [INFO] MainUpdater:289 - Updater Check For Update Now.
2025-07-03 09:38:16,827 [INFO] MicroXplorer:498 - Change Database Version : DB.6.0.141
2025-07-03 09:38:16,837 [INFO] McuFinderGlobals:63 - Set McuFinder mode to 2 (CubeIDE integrated)
2025-07-03 09:38:16,839 [INFO] UserAuth:484 - Internet connection configuration mode: 1
2025-07-03 09:38:16,878 [INFO] JxBrowserEngine:152 - Initiate JxBrowser Engine with user profile folder
2025-07-03 09:38:17,102 [INFO] CheckServerUpdateThread:120 - End of CheckServer Thread
2025-07-03 09:38:17,664 [WARN] PackLoader:240 - Cannot read IP mode file for STMicroelectronics.FP-SNS-MOTENVWB1.1.4.0
2025-07-03 09:38:17,687 [WARN] PackLoader:240 - Cannot read IP mode file for STMicroelectronics.FP-ATR-ASTRA1.2.0.2
2025-07-03 09:38:17,697 [WARN] PackLoader:240 - Cannot read IP mode file for STMicroelectronics.FP-ATR-ASTRA1.2.0.1
2025-07-03 09:38:17,711 [WARN] PackLoader:240 - Cannot read IP mode file for STMicroelectronics.X-CUBE-SMBUS.2.1.0
2025-07-03 09:38:17,725 [WARN] PackLoader:240 - Cannot read IP mode file for STMicroelectronics.X-CUBE-WB05N.1.1.0
2025-07-03 09:38:17,740 [WARN] PackLoader:240 - Cannot read IP mode file for STMicroelectronics.X-CUBE-ST60.1.0.0
2025-07-03 09:38:17,803 [WARN] PackLoader:240 - Cannot read IP mode file for STMicroelectronics.X-CUBE-AZRTOS-F7.1.1.0
2025-07-03 09:38:17,823 [WARN] PackLoader:240 - Cannot read IP mode file for STMicroelectronics.FP-SNS-FLIGHT1.5.0.2
2025-07-03 09:38:17,891 [WARN] PackLoader:240 - Cannot read IP mode file for Infineon.AIROC-Wi-Fi-Bluetooth-STM32.1.7.0
2025-07-03 09:38:17,924 [WARN] PackLoader:240 - Cannot read IP mode file for STMicroelectronics.X-CUBE-DISPLAY.3.0.0
2025-07-03 09:38:17,944 [WARN] PackLoader:240 - Cannot read IP mode file for STMicroelectronics.X-CUBE-BLE1.7.0.0
2025-07-03 09:38:17,963 [WARN] PackLoader:240 - Cannot read IP mode file for STMicroelectronics.X-CUBE-NFC10.1.0.0
2025-07-03 09:38:17,986 [WARN] PackLoader:240 - Cannot read IP mode file for STMicroelectronics.X-CUBE-BLEMGR.4.0.0
2025-07-03 09:38:18,005 [WARN] PackLoader:240 - Cannot read IP mode file for emotas.I-CUBE-CANOPEN.1.3.0
2025-07-03 09:38:18,015 [WARN] PackLoader:240 - Cannot read IP mode file for STMicroelectronics.X-CUBE-AI.10.0.0
2025-07-03 09:38:18,056 [WARN] PackLoader:240 - Cannot read IP mode file for STMicroelectronics.FP-SNS-SMARTAG2.1.2.0
2025-07-03 09:38:18,133 [WARN] PackLoader:240 - Cannot read IP mode file for STMicroelectronics.FP-SNS-FLIGHT1.5.1.0
2025-07-03 09:38:18,347 [WARN] PackLoader:240 - Cannot read IP mode file for STMicroelectronics.X-CUBE-MEMS1.11.1.0
2025-07-03 09:38:18,564 [INFO] LogOutputStream:77 - [STDOUT_REDIRECT] 1 : Invalid condition id : UX_CORESTACK_Condition cause : null
2025-07-03 09:38:18,564 [INFO] LogOutputStream:77 - [STDOUT_REDIRECT] 1 : Invalid condition id : UX_CORESTACK_Condition cause : null
2025-07-03 09:38:18,564 [INFO] LogOutputStream:77 - [STDOUT_REDIRECT] 1 : Invalid condition id : UX_CORESTACK_Condition cause : null
2025-07-03 09:38:18,567 [INFO] LogOutputStream:77 - [STDOUT_REDIRECT] 1 : Invalid condition id : UX_CORESTACK_Condition cause : null
2025-07-03 09:38:18,569 [INFO] LogOutputStream:77 - [STDOUT_REDIRECT] 1 : Invalid condition id : UX_CORESTACK_Condition cause : null
2025-07-03 09:38:18,573 [WARN] PackLoader:240 - Cannot read IP mode file for STMicroelectronics.X-CUBE-AZRTOS-WL.2.0.0
2025-07-03 09:38:18,575 [WARN] PackLoader:240 - Cannot read IP mode file for STMicroelectronics.FP-SNS-MOTENV1.5.0.0
2025-07-03 09:38:18,591 [WARN] PackLoader:240 - Cannot read IP mode file for wolfSSL.I-CUBE-wolfMQTT.1.19.0
2025-07-03 09:38:18,611 [WARN] PackLoader:240 - Cannot read IP mode file for WES.I-CUBE-Cesium.1.3.0
2025-07-03 09:38:19,031 [WARN] PackLoader:240 - Cannot read IP mode file for STMicroelectronics.X-CUBE-BLE2.3.3.0
2025-07-03 09:38:19,066 [WARN] PackLoader:240 - Cannot read IP mode file for STMicroelectronics.X-CUBE-NFC9.1.0.0
2025-07-03 09:38:19,106 [WARN] PackLoader:240 - Cannot read IP mode file for STMicroelectronics.X-CUBE-BLE1.7.1.0
2025-07-03 09:38:19,177 [WARN] PackLoader:240 - Cannot read IP mode file for STMicroelectronics.X-CUBE-AI.10.1.0
2025-07-03 09:38:19,324 [WARN] PackLoader:240 - Cannot read IP mode file for STMicroelectronics.X-CUBE-MEMS1.11.2.0
2025-07-03 09:38:19,660 [WARN] PackLoader:240 - Cannot read IP mode file for STMicroelectronics.X-CUBE-AZRTOS-G0.1.1.0
2025-07-03 09:38:19,684 [WARN] PackLoader:240 - Cannot read IP mode file for STMicroelectronics.X-CUBE-SAFEA1.1.2.2
2025-07-03 09:38:19,706 [WARN] PackLoader:240 - Cannot read IP mode file for STMicroelectronics.X-CUBE-NFC4.3.0.0
2025-07-03 09:38:19,736 [WARN] PackLoader:240 - Cannot read IP mode file for EmbeddedOffice.I-CUBE-FS-RTOS.1.0.1
2025-07-03 09:38:19,757 [WARN] PackLoader:240 - Cannot read IP mode file for STMicroelectronics.X-CUBE-WB05N.2.0.0
2025-07-03 09:38:19,781 [WARN] PackLoader:240 - Cannot read IP mode file for STMicroelectronics.X-CUBE-TCPP.4.2.0
2025-07-03 09:38:19,808 [WARN] PackLoader:240 - Cannot read IP mode file for RealThread.X-CUBE-RT-Thread_Nano.4.1.1
2025-07-03 09:38:19,832 [WARN] PackLoader:240 - Cannot read IP mode file for STMicroelectronics.FP-ATR-SIGFOX1.3.2.0
2025-07-03 09:38:19,854 [WARN] ConditionMgr:438 - getConditionDescription Invalid condition id : Cortex-A Device cause : null
2025-07-03 09:38:19,872 [WARN] ConditionMgr:1044 - genDependencies : Invalid condition id : Cortex-A Device cause : null
2025-07-03 09:38:19,872 [WARN] ConditionMgr:1044 - genDependencies : Invalid condition id : Cortex-A Device cause : null
2025-07-03 09:38:19,872 [WARN] ConditionMgr:1044 - genDependencies : Invalid condition id : Cortex-A Device cause : null
2025-07-03 09:38:19,889 [WARN] PackLoader:240 - Cannot read IP mode file for STMicroelectronics.X-CUBE-EEPRMA1.5.1.0
2025-07-03 09:38:19,900 [WARN] PackLoader:240 - Cannot read IP mode file for wolfSSL.I-CUBE-wolfSSL.5.7.4
2025-07-03 09:38:19,920 [WARN] PackLoader:240 - Cannot read IP mode file for ITTIA_DB.I-CUBE-ITTIADB.8.9.0
2025-07-03 09:38:19,935 [WARN] PackLoader:240 - Cannot read IP mode file for STMicroelectronics.X-CUBE-ST67W61.1.0.0
2025-07-03 09:38:19,983 [WARN] PackLoader:240 - Cannot read IP mode file for SEGGER.I-CUBE-embOS.1.3.1
2025-07-03 09:38:20,022 [INFO] WebApp:169 - Instantiating new browser for Auth
2025-07-03 09:38:20,107 [WARN] PackLoader:240 - Cannot read IP mode file for STMicroelectronics.X-CUBE-ALGOBUILD.1.4.0
2025-07-03 09:38:20,385 [WARN] PackLoader:240 - Cannot read IP mode file for STMicroelectronics.X-CUBE-MEMS1.11.3.0
2025-07-03 09:38:20,598 [WARN] PackLoader:240 - Cannot read IP mode file for STMicroelectronics.X-CUBE-AI.9.1.0
2025-07-03 09:38:20,634 [WARN] PackLoader:240 - Cannot read IP mode file for STMicroelectronics.X-CUBE-PM33A1.1.0.0
2025-07-03 09:38:20,734 [WARN] PackLoader:240 - Cannot read IP mode file for STMicroelectronics.X-CUBE-AZRTOS-F4.1.1.0
2025-07-03 09:38:20,857 [WARN] PackLoader:240 - Cannot read IP mode file for Avnet-IotConnect.X-CUBE-IoTC-DA16k-PMOD.1.0.0
2025-07-03 09:38:20,886 [WARN] PackLoader:240 - Cannot read IP mode file for STMicroelectronics.X-CUBE-ISPU.2.1.0
2025-07-03 09:38:20,947 [WARN] PackLoader:240 - Cannot read IP mode file for STMicroelectronics.X-CUBE-AZRTOS-L5.2.0.0
2025-07-03 09:38:21,003 [WARN] PackLoader:240 - Cannot read IP mode file for STMicroelectronics.X-CUBE-NFC6.3.1.0
2025-07-03 09:38:21,324 [WARN] PackLoader:240 - Cannot read IP mode file for STMicroelectronics.X-CUBE-DPower.1.2.0
2025-07-03 09:38:21,641 [WARN] PackLoader:240 - Cannot read IP mode file for STMicroelectronics.X-CUBE-FREERTOS.1.3.1
2025-07-03 09:38:21,835 [WARN] PackLoader:240 - Cannot read IP mode file for STMicroelectronics.X-CUBE-FREERTOS.1.3.0
2025-07-03 09:38:22,119 [WARN] PackLoader:240 - Cannot read IP mode file for STMicroelectronics.X-CUBE-NFC7.1.0.1
2025-07-03 09:38:22,351 [WARN] PackLoader:240 - Cannot read IP mode file for STMicroelectronics.FP-SNS-STAIOTCFT.1.0.0
2025-07-03 09:38:22,788 [WARN] PackLoader:240 - Cannot read IP mode file for STMicroelectronics.X-CUBE-DPower.1.3.0
2025-07-03 09:38:23,252 [WARN] ConditionMgr:438 - getConditionDescription Invalid condition id : LAN8742 Phy interface Condition cause : null
2025-07-03 09:38:23,259 [WARN] PackLoader:240 - Cannot read IP mode file for STMicroelectronics.X-CUBE-AZRTOS-L4.2.0.0
2025-07-03 09:38:23,260 [WARN] ConditionMgr:1044 - genDependencies : Invalid condition id : LAN8742 Phy interface Condition cause : null
2025-07-03 09:38:23,262 [WARN] ConditionMgr:1044 - genDependencies : Invalid condition id : LAN8742 Phy interface Condition cause : null
2025-07-03 09:38:23,262 [WARN] ConditionMgr:1044 - genDependencies : Invalid condition id : LAN8742 Phy interface Condition cause : null
2025-07-03 09:38:23,466 [WARN] PackLoader:240 - Cannot read IP mode file for STMicroelectronics.X-CUBE-SFXS2LP1.4.0.0
2025-07-03 09:38:23,925 [WARN] PackLoader:240 - Cannot read IP mode file for STMicroelectronics.X-CUBE-AZRTOS-H7.3.3.0
2025-07-03 09:38:23,944 [WARN] PackLoader:240 - Cannot read IP mode file for STMicroelectronics.X-CUBE-IPS.3.0.0
2025-07-03 09:38:23,969 [WARN] ConditionMgr:438 - getConditionDescription Invalid condition id : UX DEVICE CLASS RTOS Condition cause : null
2025-07-03 09:38:23,969 [WARN] ConditionMgr:438 - getConditionDescription Invalid condition id : UX DEVICE CLASS RTOS Condition cause : null
2025-07-03 09:38:23,969 [WARN] PackLoader:240 - Cannot read IP mode file for STMicroelectronics.X-CUBE-AZRTOS-WB.2.0.0
2025-07-03 09:38:23,969 [WARN] ConditionMgr:1044 - genDependencies : Invalid condition id : UX DEVICE CLASS RTOS Condition cause : null
2025-07-03 09:38:23,969 [WARN] ConditionMgr:1044 - genDependencies : Invalid condition id : UX DEVICE CLASS RTOS Condition cause : null
2025-07-03 09:38:23,973 [WARN] ConditionMgr:1044 - genDependencies : Invalid condition id : UX DEVICE CLASS RTOS Condition cause : null
2025-07-03 09:38:23,973 [WARN] ConditionMgr:1044 - genDependencies : Invalid condition id : UX DEVICE CLASS RTOS Condition cause : null
2025-07-03 09:38:23,973 [WARN] ConditionMgr:1044 - genDependencies : Invalid condition id : UX DEVICE CLASS RTOS Condition cause : null
2025-07-03 09:38:23,976 [WARN] PackLoader:240 - Cannot read IP mode file for STMicroelectronics.X-CUBE-GNSS1.7.0.1
2025-07-03 09:38:23,992 [WARN] PackLoader:240 - Cannot read IP mode file for STMicroelectronics.X-CUBE-TOUCHGFX.4.25.0
2025-07-03 09:38:23,996 [WARN] PackLoader:240 - Cannot read IP mode file for STMicroelectronics.FP-SNS-STBOX1.2.0.0
2025-07-03 09:38:24,012 [WARN] PackLoader:240 - Cannot read IP mode file for STMicroelectronics.X-CUBE-SUBG2.5.0.0
2025-07-03 09:38:24,037 [WARN] PackLoader:240 - Cannot read IP mode file for STMicroelectronics.X-CUBE-AZRTOS-H7RS.1.1.0
2025-07-03 09:38:24,037 [WARN] PackLoader:240 - Cannot read IP mode file for Cesanta.I-CUBE-Mongoose.7.13.0
2025-07-03 09:38:24,054 [WARN] PackLoader:240 - Cannot read IP mode file for STMicroelectronics.X-CUBE-AZRTOS-G4.2.0.0
2025-07-03 09:38:24,069 [WARN] PackLoader:240 - Cannot read IP mode file for STMicroelectronics.X-CUBE-NFC7.2.0.0
2025-07-03 09:38:24,081 [WARN] PackLoader:240 - Cannot read IP mode file for STMicroelectronics.X-CUBE-IPS.3.1.0
2025-07-03 09:38:24,106 [WARN] PackLoader:240 - Cannot read IP mode file for STMicroelectronics.X-CUBE-ALS.1.0.2
2025-07-03 09:38:24,115 [WARN] PackLoader:240 - Cannot read IP mode file for STMicroelectronics.X-CUBE-TOUCHGFX.4.24.0
2025-07-03 09:38:24,249 [WARN] PackLoader:240 - Cannot read IP mode file for STMicroelectronics.X-CUBE-TOUCHGFX.4.24.2
2025-07-03 09:38:24,333 [WARN] PackLoader:240 - Cannot read IP mode file for STMicroelectronics.X-CUBE-TOUCHGFX.4.24.1
2025-07-03 09:38:24,341 [WARN] PackLoader:240 - Cannot read IP mode file for wolfSSL.I-CUBE-wolfTPM.3.4.0
2025-07-03 09:38:24,351 [WARN] PackLoader:240 - Cannot read IP mode file for portGmbH.I-Cube-SoM-uGOAL.1.1.0
2025-07-03 09:38:24,369 [WARN] PackLoader:240 - Cannot read IP mode file for STMicroelectronics.X-CUBE-AZRTOS-H7RS.1.0.0
2025-07-03 09:38:24,379 [WARN] PackLoader:240 - Cannot read IP mode file for STMicroelectronics.X-CUBE-TOF1.3.4.2
2025-07-03 09:38:24,416 [WARN] PackLoader:240 - Cannot read IP mode file for STMicroelectronics.X-CUBE-TOF1.3.4.3
2025-07-03 09:38:24,440 [WARN] PackLoader:240 - Cannot read IP mode file for wolfSSL.I-CUBE-wolfSSH.1.4.17
2025-07-03 09:38:24,442 [INFO] ThirdParty:978 - Integrity check success = true
2025-07-03 09:38:24,442 [INFO] IntegrityCheckThread:100 - exiting critical section [integrity check]
2025-07-03 09:38:24,442 [INFO] IntegrityCheckThread:103 - End integrity checks thread
2025-07-03 09:38:25,154 [INFO] WebApp:463 - Apply proxy settings
2025-07-03 09:38:25,154 [INFO] WebApp:548 - Chromium requires no authentication
2025-07-03 09:38:25,192 [INFO] WebApp:491 - Direct internet connection detected
2025-07-03 09:38:25,312 [INFO] WebApp:894 - Register for checkConnection events
2025-07-03 09:38:25,312 [INFO] WebApp:463 - Apply proxy settings
2025-07-03 09:38:25,312 [INFO] WebApp:548 - Chromium requires no authentication
2025-07-03 09:38:25,312 [INFO] WebApp:491 - Direct internet connection detected
2025-07-03 09:38:25,661 [INFO] WebApp:191 - Connection restablished
2025-07-03 09:38:25,760 [INFO] WebApp:225 - Starting web application
2025-07-03 09:38:25,760 [INFO] WebApp:593 - Web application path used C:\ST\STM32CubeIDE_1.16.1\STM32CubeIDE\plugins\com.st.stm32cube.common.mx_6.14.1.202504091515\db\plugins\mcufinder\reactClient1\index.html
2025-07-03 09:38:26,015 [INFO] UserAuth:484 - Internet connection configuration mode: 1
2025-07-03 09:43:55,944 [INFO] WebApp:194 - Connection lost
2025-07-03 09:43:56,135 [INFO] WebApp:191 - Connection restablished
2025-07-03 09:43:58,336 [INFO] WebApp:194 - Connection lost
2025-07-03 09:43:58,476 [INFO] WebApp:191 - Connection restablished
2025-07-03 10:08:00,759 [INFO] WebApp:194 - Connection lost
2025-07-03 10:08:00,973 [INFO] WebApp:191 - Connection restablished
2025-07-03 10:08:37,973 [INFO] WebApp:194 - Connection lost
2025-07-03 10:08:38,334 [INFO] WebApp:191 - Connection restablished
2025-07-03 10:08:40,969 [INFO] WebApp:194 - Connection lost
2025-07-03 10:08:41,209 [INFO] WebApp:191 - Connection restablished
2025-07-03 10:08:44,308 [INFO] WebApp:194 - Connection lost
2025-07-03 10:08:44,558 [INFO] WebApp:191 - Connection restablished
2025-07-03 11:01:32,522 [INFO] WebApp:194 - Connection lost
2025-07-03 11:01:37,507 [INFO] WebApp:191 - Connection restablished
2025-07-03 11:05:27,398 [INFO] WebApp:194 - Connection lost
2025-07-03 11:05:30,082 [INFO] WebApp:191 - Connection restablished
2025-07-03 11:05:32,336 [INFO] WebApp:194 - Connection lost
2025-07-03 11:05:32,471 [INFO] WebApp:191 - Connection restablished
2025-07-03 11:20:57,565 [INFO] WebApp:194 - Connection lost
2025-07-03 11:21:38,747 [INFO] WebApp:191 - Connection restablished
2025-07-03 11:21:38,943 [INFO] WebApp:194 - Connection lost
2025-07-03 11:21:39,101 [INFO] WebApp:191 - Connection restablished
2025-07-03 11:21:40,805 [INFO] WebApp:194 - Connection lost
2025-07-03 11:21:40,973 [INFO] WebApp:191 - Connection restablished
2025-07-03 11:21:49,810 [INFO] WebApp:194 - Connection lost
2025-07-03 11:21:52,571 [INFO] WebApp:191 - Connection restablished
2025-07-03 11:22:26,837 [INFO] WebApp:194 - Connection lost
2025-07-03 11:22:26,993 [INFO] WebApp:191 - Connection restablished
2025-07-03 11:23:26,836 [INFO] WebApp:194 - Connection lost
2025-07-03 11:23:31,219 [INFO] WebApp:191 - Connection restablished
2025-07-03 11:36:49,076 [INFO] WebApp:194 - Connection lost
2025-07-03 11:36:52,127 [INFO] WebApp:191 - Connection restablished
2025-07-03 11:36:52,309 [INFO] WebApp:194 - Connection lost
2025-07-03 11:36:52,482 [INFO] WebApp:191 - Connection restablished
2025-07-03 13:20:33,522 [INFO] WebApp:194 - Connection lost
2025-07-03 13:20:37,973 [INFO] WebApp:191 - Connection restablished
2025-07-03 13:20:37,985 [INFO] WebApp:194 - Connection lost
2025-07-03 13:20:38,316 [INFO] WebApp:191 - Connection restablished
2025-07-03 13:51:28,345 [INFO] WebApp:194 - Connection lost
2025-07-03 13:51:28,574 [INFO] WebApp:191 - Connection restablished
2025-07-03 14:29:37,459 [INFO] WebApp:194 - Connection lost
2025-07-03 14:29:39,617 [INFO] WebApp:191 - Connection restablished
2025-07-03 14:29:40,115 [INFO] WebApp:194 - Connection lost
2025-07-03 14:29:40,430 [INFO] WebApp:191 - Connection restablished
2025-07-03 14:29:43,306 [INFO] WebApp:194 - Connection lost
2025-07-03 14:29:43,598 [INFO] WebApp:191 - Connection restablished
2025-07-03 14:32:19,390 [INFO] WebApp:194 - Connection lost
2025-07-03 14:32:24,033 [INFO] WebApp:191 - Connection restablished
2025-07-03 14:36:55,591 [INFO] WebApp:194 - Connection lost
2025-07-03 14:37:00,214 [INFO] WebApp:191 - Connection restablished
2025-07-03 15:51:39,480 [INFO] WebApp:194 - Connection lost
2025-07-03 15:51:44,161 [INFO] WebApp:191 - Connection restablished
2025-07-03 15:51:44,297 [INFO] WebApp:194 - Connection lost
2025-07-03 15:51:44,715 [INFO] WebApp:191 - Connection restablished
2025-07-03 16:55:47,727 [INFO] WebApp:194 - Connection lost
2025-07-03 16:55:50,446 [INFO] WebApp:191 - Connection restablished
2025-07-03 16:55:52,253 [INFO] WebApp:194 - Connection lost
2025-07-03 16:55:52,495 [INFO] WebApp:191 - Connection restablished
2025-07-03 16:55:55,480 [INFO] WebApp:194 - Connection lost
2025-07-03 16:55:55,723 [INFO] WebApp:191 - Connection restablished
2025-07-03 17:09:33,984 [INFO] WebApp:194 - Connection lost
2025-07-03 17:09:34,334 [INFO] WebApp:191 - Connection restablished
2025-07-03 17:09:37,331 [INFO] WebApp:194 - Connection lost
2025-07-03 17:09:37,589 [INFO] WebApp:191 - Connection restablished
2025-07-03 18:08:53,501 [ERROR] LogOutputStream:75 - [STDERR_REDIRECT] 
2025-07-03 18:08:53,507 [ERROR] LogOutputStream:75 - [STDERR_REDIRECT] 
