2025-07-15 09:44:50,210 [INFO] Activator:176 - 


2025-07-15 09:44:50,218 [INFO] Activator:177 - !SESSION log4j initialized
2025-07-15 09:45:00,491 [INFO] LogOutputStream:77 - [STDOUT_REDIRECT] 
2025-07-15 09:45:02,136 [INFO] ApplicationProperties:184 - Using Application install path: C:\ST\STM32CubeIDE_1.16.1\STM32CubeIDE\plugins\com.st.stm32cube.common.mx_6.14.1.202504091515
2025-07-15 09:45:02,158 [INFO] DbMcusXml:78 - Set database path to: C:\ST\STM32CubeIDE_1.16.1\STM32CubeIDE\plugins\com.st.stm32cube.common.mx_6.14.1.202504091515\\db\/mcu/
2025-07-15 09:45:02,158 [INFO] ApiDb:274 - Set plugin database path to: C:\ST\STM32CubeIDE_1.16.1\STM32CubeIDE\plugins\com.st.stm32cube.common.mx_6.14.1.202504091515\\db\/plugins/boardmanager/
2025-07-15 09:45:02,158 [WARN] ApiDb:259 - Overriding images path with different value:  => C:\ST\STM32CubeIDE_1.16.1\STM32CubeIDE\plugins\com.st.stm32cube.common.mx_6.14.1.202504091515\\db\/plugins/mcufinder/images/
2025-07-15 09:45:02,166 [INFO] ApiDb:250 - Set database path to: C:\Users\kjeya\.stmcufinder\plugins\mcufinder//mcu/
2025-07-15 09:45:02,169 [INFO] DbMcusAds:125 - Set database path to: C:\Users\kjeya\.stmcufinder\plugins\mcufinder//mcu/
2025-07-15 09:45:02,172 [INFO] CrossReferenceDbSqlite:203 - Set database path to: C:\Users\kjeya\.stmcufinder\plugins\mcufinder//mcu/cs/
2025-07-15 09:45:02,430 [INFO] RulesReader:64 - Compatibility file has been processed (302 Rules)
2025-07-15 09:45:02,606 [INFO] DbMcusXml:78 - Set database path to: C:\ST\STM32CubeIDE_1.16.1\STM32CubeIDE\plugins\com.st.stm32cube.common.mx_6.14.1.202504091515\\db\/mcu/
2025-07-15 09:45:02,606 [INFO] ApiDb:274 - Set plugin database path to: C:\ST\STM32CubeIDE_1.16.1\STM32CubeIDE\plugins\com.st.stm32cube.common.mx_6.14.1.202504091515\\db\/plugins/boardmanager/
2025-07-15 09:45:02,606 [INFO] ApiDb:261 - Set plugin images path to: C:\ST\STM32CubeIDE_1.16.1\STM32CubeIDE\plugins\com.st.stm32cube.common.mx_6.14.1.202504091515\\db\/plugins/mcufinder/images/
2025-07-15 09:45:02,607 [WARN] DbFile:41 - Overriding database path with different value: C:\Users\kjeya\.stmcufinder\plugins\mcufinder/ => C:\Users\kjeya\.stmcufinder\plugins\mcufinder
2025-07-15 09:45:02,607 [INFO] ApiDb:250 - Set database path to: C:\Users\kjeya\.stmcufinder\plugins\mcufinder//mcu/
2025-07-15 09:45:02,607 [WARN] DbFile:41 - Overriding database path with different value: C:\Users\kjeya\.stmcufinder\plugins\mcufinder/ => C:\Users\kjeya\.stmcufinder\plugins\mcufinder
2025-07-15 09:45:02,607 [INFO] DbMcusAds:125 - Set database path to: C:\Users\kjeya\.stmcufinder\plugins\mcufinder//mcu/
2025-07-15 09:45:02,607 [WARN] DbFile:41 - Overriding database path with different value: C:\Users\kjeya\.stmcufinder\plugins\mcufinder/ => C:\Users\kjeya\.stmcufinder\plugins\mcufinder
2025-07-15 09:45:02,607 [WARN] DbFile:41 - Overriding database path with different value: C:\Users\kjeya\.stmcufinder\plugins\mcufinder/ => C:\Users\kjeya\.stmcufinder\plugins\mcufinder
2025-07-15 09:45:02,607 [INFO] CrossReferenceDbSqlite:203 - Set database path to: C:\Users\kjeya\.stmcufinder\plugins\mcufinder//mcu/cs/
2025-07-15 09:45:02,869 [INFO] MainPanel:272 - HeapMemory: 268435456
2025-07-15 09:45:03,063 [INFO] DbMcusXml:78 - Set database path to: C:\ST\STM32CubeIDE_1.16.1\STM32CubeIDE\plugins\com.st.stm32cube.common.mx_6.14.1.202504091515\\db\/mcu/
2025-07-15 09:45:03,063 [INFO] ApiDb:274 - Set plugin database path to: C:\ST\STM32CubeIDE_1.16.1\STM32CubeIDE\plugins\com.st.stm32cube.common.mx_6.14.1.202504091515\\db\/plugins/boardmanager/
2025-07-15 09:45:03,063 [INFO] ApiDb:261 - Set plugin images path to: C:\ST\STM32CubeIDE_1.16.1\STM32CubeIDE\plugins\com.st.stm32cube.common.mx_6.14.1.202504091515\\db\/plugins/mcufinder/images/
2025-07-15 09:45:03,068 [WARN] DbFile:41 - Overriding database path with different value: C:\Users\kjeya\.stmcufinder\plugins\mcufinder/ => C:\Users\kjeya\.stmcufinder\plugins\mcufinder
2025-07-15 09:45:03,068 [INFO] ApiDb:250 - Set database path to: C:\Users\kjeya\.stmcufinder\plugins\mcufinder//mcu/
2025-07-15 09:45:03,068 [WARN] DbFile:41 - Overriding database path with different value: C:\Users\kjeya\.stmcufinder\plugins\mcufinder/ => C:\Users\kjeya\.stmcufinder\plugins\mcufinder
2025-07-15 09:45:03,068 [INFO] DbMcusAds:125 - Set database path to: C:\Users\kjeya\.stmcufinder\plugins\mcufinder//mcu/
2025-07-15 09:45:03,068 [WARN] DbFile:41 - Overriding database path with different value: C:\Users\kjeya\.stmcufinder\plugins\mcufinder/ => C:\Users\kjeya\.stmcufinder\plugins\mcufinder
2025-07-15 09:45:03,068 [WARN] DbFile:41 - Overriding database path with different value: C:\Users\kjeya\.stmcufinder\plugins\mcufinder/ => C:\Users\kjeya\.stmcufinder\plugins\mcufinder
2025-07-15 09:45:03,069 [INFO] CrossReferenceDbSqlite:203 - Set database path to: C:\Users\kjeya\.stmcufinder\plugins\mcufinder//mcu/cs/
2025-07-15 09:45:03,115 [INFO] ApplicationProperties:184 - Using Application install path: C:\ST\STM32CubeIDE_1.16.1\STM32CubeIDE\plugins\com.st.stm32cube.common.mx_6.14.1.202504091515
2025-07-15 09:45:03,119 [INFO] PluginManage:196 - Search for loadable plugins [exclusion list=, ]
2025-07-15 09:45:03,122 [INFO] PluginManage:310 - Check plugin analytics
2025-07-15 09:45:03,463 [INFO] AnalyticsPlugin:253 - Accepted Software Licenses: STM32CubeMX.6.11.1,STM32CubeMX.6.13.0
2025-07-15 09:45:03,463 [INFO] AnalyticsPlugin:255 - Accepted CMSIS Pack Licenses: STMicroelectronics.X-CUBE-TOUCHGFX.4.24.0,WES.I-CUBE-Cesium.1.3.0,STMicroelectronics.X-CUBE-TOUCHGFX.4.24.2
2025-07-15 09:45:03,464 [INFO] AnalyticsPlugin:257 - Accepted Firmware Licenses: FW.F4.1.28.0,FW.L4.1.18.0,FW.WL.1.3.0,FW.H7.1.11.0,FW.H7.1.12.0
2025-07-15 09:45:03,468 [INFO] PluginManage:359 - Loaded plugin analytics (category:tool,tabindex:-1)
2025-07-15 09:45:03,470 [INFO] PluginManage:310 - Check plugin cadmodel
2025-07-15 09:45:03,483 [INFO] CADModel:105 - Init CAD model plugin
2025-07-15 09:45:03,483 [INFO] PluginManage:359 - Loaded plugin cadmodel (category:power,tabindex:5)
2025-07-15 09:45:03,483 [INFO] PluginManage:310 - Check plugin clock
2025-07-15 09:45:03,514 [INFO] PluginManage:359 - Loaded plugin clock (category:base,tabindex:2)
2025-07-15 09:45:03,514 [INFO] PluginManage:310 - Check plugin ddr
2025-07-15 09:45:03,540 [INFO] PluginManage:359 - Loaded plugin ddr (category:tool,tabindex:6)
2025-07-15 09:45:03,540 [INFO] PluginManage:310 - Check plugin filemanager
2025-07-15 09:45:04,300 [INFO] PluginManage:359 - Loaded plugin filemanager (category:base,tabindex:10)
2025-07-15 09:45:04,300 [INFO] PluginManage:310 - Check plugin ipmanager
2025-07-15 09:45:04,315 [INFO] PluginManage:359 - Loaded plugin ipmanager (category:base,tabindex:5)
2025-07-15 09:45:04,316 [INFO] PluginManage:310 - Check plugin lpbam
2025-07-15 09:45:04,328 [INFO] PluginManage:359 - Loaded plugin lpbam (category:base,tabindex:0)
2025-07-15 09:45:04,328 [INFO] PluginManage:310 - Check plugin memorymap
2025-07-15 09:45:04,351 [INFO] PluginManage:359 - Loaded plugin memorymap (category:base,tabindex:4)
2025-07-15 09:45:04,352 [INFO] PluginManage:310 - Check plugin pinoutandconfiguration
2025-07-15 09:45:04,360 [INFO] PluginManage:359 - Loaded plugin pinoutandconfiguration (category:base,tabindex:1)
2025-07-15 09:45:04,361 [INFO] PluginManage:310 - Check plugin pinoutconfig
2025-07-15 09:45:04,540 [WARN] SupportedApi:132 - Cannot load RTOS API schema: s4s-elt-must-match.1: The content of 'definitions' must match (annotation?, (simpleType | complexType)?, (unique | key | keyref)*)). A problem was found starting at: attribute.
2025-07-15 09:45:04,815 [INFO] PluginManage:359 - Loaded plugin pinoutconfig (category:base,tabindex:0)
2025-07-15 09:45:04,815 [INFO] PluginManage:310 - Check plugin power
2025-07-15 09:45:04,831 [INFO] PluginManage:359 - Loaded plugin power (category:power,tabindex:4)
2025-07-15 09:45:04,832 [INFO] PluginManage:310 - Check plugin projectmanager
2025-07-15 09:45:04,860 [INFO] PluginManage:359 - Loaded plugin projectmanager (category:projectmanager,tabindex:4)
2025-07-15 09:45:04,861 [INFO] PluginManage:310 - Check plugin rif
2025-07-15 09:45:04,884 [INFO] PluginManage:359 - Loaded plugin rif (category:base,tabindex:3)
2025-07-15 09:45:04,885 [INFO] PluginManage:310 - Check plugin thirdparty
2025-07-15 09:45:05,083 [INFO] PluginManage:359 - Loaded plugin thirdparty (category:base,tabindex:-1)
2025-07-15 09:45:05,083 [WARN] IntegrityCheckThread:84 - waiting for thirdparty lock release [integrity check]
2025-07-15 09:45:05,084 [INFO] PluginManage:310 - Check plugin tools
2025-07-15 09:45:05,084 [INFO] IntegrityCheckThread:86 - entering critical section [integrity check]
2025-07-15 09:45:05,084 [INFO] ThirdPartyUpdaterWithRetryManager:70 - Updater plugin not ready yet. [1/15]
2025-07-15 09:45:05,087 [INFO] PluginManage:359 - Loaded plugin tools (category:base,tabindex:7)
2025-07-15 09:45:05,087 [INFO] PluginManage:310 - Check plugin tutovideos
2025-07-15 09:45:05,310 [INFO] PluginManage:359 - Loaded plugin tutovideos (category:base,tabindex:-1)
2025-07-15 09:45:05,310 [INFO] PluginManage:310 - Check plugin updater
2025-07-15 09:45:05,345 [INFO] PluginManage:359 - Loaded plugin updater (category:base,tabindex:12)
2025-07-15 09:45:05,347 [INFO] PluginManage:310 - Check plugin userauth
2025-07-15 09:45:05,353 [INFO] UserAuth:118 - Init User Auth plugin
2025-07-15 09:45:05,356 [INFO] PluginManage:359 - Loaded plugin userauth (category:base,tabindex:14)
2025-07-15 09:45:05,357 [INFO] PluginManage:283 - PluginManage : Loaded plugins [18]
2025-07-15 09:45:05,744 [INFO] PinOutPanel:1589 - setPackage(No Configuration,No Configuration)
2025-07-15 09:45:06,044 [INFO] CADModel:165 - CPN selected for project level
2025-07-15 09:45:06,044 [INFO] CADModel:114 - Register for checkConnection events
2025-07-15 09:45:06,070 [INFO] IPUIPlugin:80 - create IPUIPlugin
2025-07-15 09:45:06,070 [INFO] PluginManager:220 - loadIPPluginJar : add adc
2025-07-15 09:45:06,073 [INFO] IPUIPlugin:80 - create IPUIPlugin
2025-07-15 09:45:06,074 [INFO] PluginManager:220 - loadIPPluginJar : add aes
2025-07-15 09:45:06,078 [INFO] IPUIPlugin:80 - create IPUIPlugin
2025-07-15 09:45:06,078 [INFO] PluginManager:220 - loadIPPluginJar : add can
2025-07-15 09:45:06,080 [INFO] IPUIPlugin:80 - create IPUIPlugin
2025-07-15 09:45:06,080 [INFO] PluginManager:220 - loadIPPluginJar : add comp
2025-07-15 09:45:06,083 [INFO] IPUIPlugin:80 - create IPUIPlugin
2025-07-15 09:45:06,083 [INFO] PluginManager:220 - loadIPPluginJar : add cryp
2025-07-15 09:45:06,087 [INFO] IPUIPlugin:80 - create IPUIPlugin
2025-07-15 09:45:06,087 [INFO] PluginManager:220 - loadIPPluginJar : add ddr_ctrl_phy
2025-07-15 09:45:06,090 [INFO] IPUIPlugin:80 - create IPUIPlugin
2025-07-15 09:45:06,090 [INFO] PluginManager:220 - loadIPPluginJar : add dfsdm
2025-07-15 09:45:06,098 [INFO] IPUIPlugin:80 - create IPUIPlugin
2025-07-15 09:45:06,098 [INFO] PluginManager:220 - loadIPPluginJar : add dma
2025-07-15 09:45:06,101 [INFO] IPUIPlugin:80 - create IPUIPlugin
2025-07-15 09:45:06,101 [INFO] PluginManager:220 - loadIPPluginJar : add dma3
2025-07-15 09:45:06,105 [INFO] IPUIPlugin:80 - create IPUIPlugin
2025-07-15 09:45:06,105 [INFO] PluginManager:220 - loadIPPluginJar : add extmemmanager
2025-07-15 09:45:06,107 [INFO] IPUIPlugin:80 - create IPUIPlugin
2025-07-15 09:45:06,107 [INFO] PluginManager:220 - loadIPPluginJar : add fatfs
2025-07-15 09:45:06,112 [INFO] IPUIPlugin:80 - create IPUIPlugin
2025-07-15 09:45:06,112 [INFO] PluginManager:220 - loadIPPluginJar : add fmc
2025-07-15 09:45:06,120 [INFO] IPUIPlugin:80 - create IPUIPlugin
2025-07-15 09:45:06,120 [INFO] PluginManager:220 - loadIPPluginJar : add freertos
2025-07-15 09:45:06,122 [INFO] IPUIPlugin:80 - create IPUIPlugin
2025-07-15 09:45:06,122 [INFO] PluginManager:220 - loadIPPluginJar : add genericplugin
2025-07-15 09:45:06,124 [INFO] IPUIPlugin:80 - create IPUIPlugin
2025-07-15 09:45:06,124 [INFO] PluginManager:220 - loadIPPluginJar : add gfxmmu
2025-07-15 09:45:06,129 [INFO] IPUIPlugin:80 - create IPUIPlugin
2025-07-15 09:45:06,129 [INFO] PluginManager:220 - loadIPPluginJar : add gic
2025-07-15 09:45:06,134 [INFO] IPUIPlugin:80 - create IPUIPlugin
2025-07-15 09:45:06,134 [INFO] PluginManager:220 - loadIPPluginJar : add gpio
2025-07-15 09:45:06,137 [INFO] IPUIPlugin:80 - create IPUIPlugin
2025-07-15 09:45:06,137 [INFO] PluginManager:220 - loadIPPluginJar : add gtzc
2025-07-15 09:45:06,141 [INFO] IPUIPlugin:80 - create IPUIPlugin
2025-07-15 09:45:06,141 [INFO] PluginManager:220 - loadIPPluginJar : add hash
2025-07-15 09:45:06,144 [INFO] IPUIPlugin:80 - create IPUIPlugin
2025-07-15 09:45:06,144 [INFO] PluginManager:220 - loadIPPluginJar : add i2c
2025-07-15 09:45:06,147 [INFO] IPUIPlugin:80 - create IPUIPlugin
2025-07-15 09:45:06,148 [INFO] PluginManager:220 - loadIPPluginJar : add i2s
2025-07-15 09:45:06,151 [INFO] IPUIPlugin:80 - create IPUIPlugin
2025-07-15 09:45:06,151 [INFO] PluginManager:220 - loadIPPluginJar : add i3c
2025-07-15 09:45:06,155 [INFO] IPUIPlugin:80 - create IPUIPlugin
2025-07-15 09:45:06,155 [INFO] PluginManager:220 - loadIPPluginJar : add ipddr
2025-07-15 09:45:06,164 [INFO] IPUIPlugin:80 - create IPUIPlugin
2025-07-15 09:45:06,164 [INFO] PluginManager:220 - loadIPPluginJar : add linkedlist
2025-07-15 09:45:06,168 [INFO] IPUIPlugin:80 - create IPUIPlugin
2025-07-15 09:45:06,168 [INFO] PluginManager:220 - loadIPPluginJar : add lorawan
2025-07-15 09:45:06,169 [INFO] IPUIPlugin:80 - create IPUIPlugin
2025-07-15 09:45:06,169 [INFO] PluginManager:220 - loadIPPluginJar : add ltdc
2025-07-15 09:45:06,177 [INFO] IPUIPlugin:80 - create IPUIPlugin
2025-07-15 09:45:06,177 [INFO] PluginManager:220 - loadIPPluginJar : add mdma
2025-07-15 09:45:06,182 [INFO] IPUIPlugin:80 - create IPUIPlugin
2025-07-15 09:45:06,182 [INFO] PluginManager:220 - loadIPPluginJar : add nvic
2025-07-15 09:45:06,186 [INFO] IPUIPlugin:80 - create IPUIPlugin
2025-07-15 09:45:06,186 [INFO] PluginManager:220 - loadIPPluginJar : add opamp
2025-07-15 09:45:06,190 [INFO] IPUIPlugin:80 - create IPUIPlugin
2025-07-15 09:45:06,190 [INFO] PluginManager:220 - loadIPPluginJar : add openamp
2025-07-15 09:45:06,194 [INFO] IPUIPlugin:80 - create IPUIPlugin
2025-07-15 09:45:06,194 [INFO] PluginManager:220 - loadIPPluginJar : add pdm2pcm
2025-07-15 09:45:06,200 [INFO] IPUIPlugin:80 - create IPUIPlugin
2025-07-15 09:45:06,203 [INFO] PluginManager:220 - loadIPPluginJar : add plateformsettings
2025-07-15 09:45:06,205 [INFO] IPUIPlugin:80 - create IPUIPlugin
2025-07-15 09:45:06,205 [INFO] PluginManager:220 - loadIPPluginJar : add quadspi
2025-07-15 09:45:06,207 [INFO] IPUIPlugin:80 - create IPUIPlugin
2025-07-15 09:45:06,208 [INFO] PluginManager:220 - loadIPPluginJar : add radio
2025-07-15 09:45:06,211 [INFO] IPUIPlugin:80 - create IPUIPlugin
2025-07-15 09:45:06,211 [INFO] PluginManager:220 - loadIPPluginJar : add resmgrutility
2025-07-15 09:45:06,215 [INFO] IPUIPlugin:80 - create IPUIPlugin
2025-07-15 09:45:06,215 [INFO] PluginManager:220 - loadIPPluginJar : add sai
2025-07-15 09:45:06,218 [INFO] IPUIPlugin:80 - create IPUIPlugin
2025-07-15 09:45:06,218 [INFO] PluginManager:220 - loadIPPluginJar : add spi
2025-07-15 09:45:06,226 [INFO] IPUIPlugin:80 - create IPUIPlugin
2025-07-15 09:45:06,227 [INFO] PluginManager:220 - loadIPPluginJar : add stm32_wpan
2025-07-15 09:45:06,229 [INFO] IPUIPlugin:80 - create IPUIPlugin
2025-07-15 09:45:06,229 [INFO] PluginManager:220 - loadIPPluginJar : add tim
2025-07-15 09:45:06,234 [INFO] IPUIPlugin:80 - create IPUIPlugin
2025-07-15 09:45:06,234 [INFO] PluginManager:220 - loadIPPluginJar : add touchsensing
2025-07-15 09:45:06,237 [INFO] IPUIPlugin:80 - create IPUIPlugin
2025-07-15 09:45:06,237 [INFO] PluginManager:220 - loadIPPluginJar : add tracer_emb
2025-07-15 09:45:06,240 [INFO] IPUIPlugin:80 - create IPUIPlugin
2025-07-15 09:45:06,241 [INFO] PluginManager:220 - loadIPPluginJar : add ts
2025-07-15 09:45:06,245 [INFO] IPUIPlugin:80 - create IPUIPlugin
2025-07-15 09:45:06,245 [INFO] PluginManager:220 - loadIPPluginJar : add tsc
2025-07-15 09:45:06,250 [INFO] IPUIPlugin:80 - create IPUIPlugin
2025-07-15 09:45:06,250 [INFO] PluginManager:220 - loadIPPluginJar : add ucpd
2025-07-15 09:45:06,255 [INFO] IPUIPlugin:80 - create IPUIPlugin
2025-07-15 09:45:06,256 [INFO] PluginManager:220 - loadIPPluginJar : add usart
2025-07-15 09:45:06,262 [INFO] IPUIPlugin:80 - create IPUIPlugin
2025-07-15 09:45:06,262 [INFO] PluginManager:220 - loadIPPluginJar : add usbx
2025-07-15 09:45:06,431 [FATAL] Updater:351 - Updater called before beeing initialized
2025-07-15 09:45:06,466 [INFO] RulesReader:64 - Compatibility file has been processed (302 Rules)
2025-07-15 09:45:06,486 [INFO] RulesReader:64 - Compatibility file has been processed (302 Rules)
2025-07-15 09:45:06,501 [INFO] CADModel:165 - CPN selected for project level
2025-07-15 09:45:06,502 [INFO] CADModel:114 - Register for checkConnection events
2025-07-15 09:45:06,502 [FATAL] Updater:351 - Updater called before beeing initialized
2025-07-15 09:45:06,502 [ERROR] CADModel:125 - Updater not yet initialized, retry later 
2025-07-15 09:45:06,845 [FATAL] Updater:351 - Updater called before beeing initialized
2025-07-15 09:45:06,850 [INFO] CADModel:165 - CPN selected for project level
2025-07-15 09:45:06,850 [INFO] CADModel:114 - Register for checkConnection events
2025-07-15 09:45:06,851 [FATAL] Updater:351 - Updater called before beeing initialized
2025-07-15 09:45:06,851 [ERROR] CADModel:125 - Updater not yet initialized, retry later 
2025-07-15 09:45:06,859 [FATAL] Updater:351 - Updater called before beeing initialized
2025-07-15 09:45:07,015 [FATAL] Updater:351 - Updater called before beeing initialized
2025-07-15 09:45:07,021 [INFO] DbMcusAds:53 - JSON generation date=Tue Jul 08 13:44:23 IST 2025 (1751962463582)
2025-07-15 09:45:07,021 [FATAL] Updater:351 - Updater called before beeing initialized
2025-07-15 09:45:07,072 [WARN] DetailPanel:346 - Failed to get advertising image, set to default
2025-07-15 09:45:07,461 [FATAL] Updater:351 - Updater called before beeing initialized
2025-07-15 09:45:07,463 [FATAL] Updater:351 - Updater called before beeing initialized
2025-07-15 09:45:07,463 [FATAL] Updater:351 - Updater called before beeing initialized
2025-07-15 09:45:07,463 [WARN] DetailPanel:346 - Failed to get advertising image, set to default
2025-07-15 09:45:07,464 [FATAL] Updater:351 - Updater called before beeing initialized
2025-07-15 09:45:07,579 [ERROR] Updater:1198 - MainUpdater not yet initialized. External WinMGr cannot be set.
2025-07-15 09:45:07,582 [INFO] Updater:1134 - Updater Version found : 6.14.1
2025-07-15 09:45:07,613 [INFO] ApplicationProperties:184 - Using Application install path: C:\ST\STM32CubeIDE_1.16.1\STM32CubeIDE\plugins\com.st.stm32cube.common.mx_6.14.1.202504091515
2025-07-15 09:45:08,086 [INFO] ThirdPartyUpdaterWithRetryManager:70 - Updater plugin not ready yet. [2/15]
2025-07-15 09:45:09,203 [ERROR] LogOutputStream:75 - [STDERR_REDIRECT] Jul 15, 2025 9:45:09 AM java.util.prefs.WindowsPreferences <init>
2025-07-15 09:45:09,206 [ERROR] LogOutputStream:75 - [STDERR_REDIRECT] WARNING: Could not open/create prefs root node Software\JavaSoft\Prefs at root 0xffffffff80000002. Windows RegCreateKeyEx(...) returned error code 5.
2025-07-15 09:45:09,206 [ERROR] LogOutputStream:75 - [STDERR_REDIRECT] 
2025-07-15 09:45:11,088 [FATAL] Updater:351 - Updater called before beeing initialized
2025-07-15 09:45:11,088 [ERROR] IntegrityCheckThread:130 - Cannot retrieve database content from updater: error 21
2025-07-15 09:45:11,089 [INFO] ThirdParty:978 - Integrity check success = false
2025-07-15 09:45:11,089 [INFO] IntegrityCheckThread:100 - exiting critical section [integrity check]
2025-07-15 09:45:11,089 [INFO] IntegrityCheckThread:103 - End integrity checks thread
2025-07-15 09:45:11,207 [INFO] MainUpdater:2872 - connection check result : 10
2025-07-15 09:45:11,208 [INFO] MainUpdater:289 - Updater Check For Update Now.
2025-07-15 09:45:11,209 [INFO] MicroXplorer:498 - Change Database Version : DB.6.0.141
2025-07-15 09:45:11,219 [INFO] McuFinderGlobals:63 - Set McuFinder mode to 2 (CubeIDE integrated)
2025-07-15 09:45:11,220 [INFO] UserAuth:484 - Internet connection configuration mode: 1
2025-07-15 09:45:11,263 [INFO] JxBrowserEngine:152 - Initiate JxBrowser Engine with user profile folder
2025-07-15 09:45:11,447 [INFO] CheckServerUpdateThread:120 - End of CheckServer Thread
2025-07-15 09:45:13,400 [INFO] WebApp:169 - Instantiating new browser for Auth
2025-07-15 09:45:20,453 [INFO] WebApp:463 - Apply proxy settings
2025-07-15 09:45:20,453 [INFO] WebApp:548 - Chromium requires no authentication
2025-07-15 09:45:20,632 [INFO] WebApp:491 - Direct internet connection detected
2025-07-15 09:45:21,103 [INFO] WebApp:894 - Register for checkConnection events
2025-07-15 09:45:21,103 [INFO] WebApp:463 - Apply proxy settings
2025-07-15 09:45:21,103 [INFO] WebApp:548 - Chromium requires no authentication
2025-07-15 09:45:21,104 [INFO] WebApp:491 - Direct internet connection detected
2025-07-15 09:45:22,622 [INFO] WebApp:191 - Connection restablished
2025-07-15 09:45:25,668 [INFO] WebApp:225 - Starting web application
2025-07-15 09:45:25,669 [INFO] WebApp:593 - Web application path used C:\ST\STM32CubeIDE_1.16.1\STM32CubeIDE\plugins\com.st.stm32cube.common.mx_6.14.1.202504091515\db\plugins\mcufinder\reactClient1\index.html
2025-07-15 09:45:26,680 [INFO] UserAuth:484 - Internet connection configuration mode: 1
2025-07-15 10:53:04,105 [INFO] WebApp:194 - Connection lost
2025-07-15 10:53:04,431 [INFO] WebApp:191 - Connection restablished
2025-07-15 11:47:09,087 [ERROR] LogOutputStream:75 - [STDERR_REDIRECT] 
2025-07-15 14:29:31,934 [INFO] Activator:176 - 


2025-07-15 14:29:31,937 [INFO] Activator:177 - !SESSION log4j initialized
2025-07-15 14:29:36,273 [INFO] LogOutputStream:77 - [STDOUT_REDIRECT] 
2025-07-15 14:29:38,799 [INFO] ApplicationProperties:184 - Using Application install path: C:\ST\STM32CubeIDE_1.16.1\STM32CubeIDE\plugins\com.st.stm32cube.common.mx_6.14.1.202504091515
2025-07-15 14:29:38,822 [INFO] DbMcusXml:78 - Set database path to: C:\ST\STM32CubeIDE_1.16.1\STM32CubeIDE\plugins\com.st.stm32cube.common.mx_6.14.1.202504091515\\db\/mcu/
2025-07-15 14:29:38,823 [INFO] ApiDb:274 - Set plugin database path to: C:\ST\STM32CubeIDE_1.16.1\STM32CubeIDE\plugins\com.st.stm32cube.common.mx_6.14.1.202504091515\\db\/plugins/boardmanager/
2025-07-15 14:29:38,823 [WARN] ApiDb:259 - Overriding images path with different value:  => C:\ST\STM32CubeIDE_1.16.1\STM32CubeIDE\plugins\com.st.stm32cube.common.mx_6.14.1.202504091515\\db\/plugins/mcufinder/images/
2025-07-15 14:29:38,833 [INFO] ApiDb:250 - Set database path to: C:\Users\kjeya\.stmcufinder\plugins\mcufinder//mcu/
2025-07-15 14:29:38,834 [INFO] DbMcusAds:125 - Set database path to: C:\Users\kjeya\.stmcufinder\plugins\mcufinder//mcu/
2025-07-15 14:29:38,837 [INFO] CrossReferenceDbSqlite:203 - Set database path to: C:\Users\kjeya\.stmcufinder\plugins\mcufinder//mcu/cs/
2025-07-15 14:29:38,984 [INFO] RulesReader:64 - Compatibility file has been processed (302 Rules)
2025-07-15 14:29:39,114 [INFO] DbMcusXml:78 - Set database path to: C:\ST\STM32CubeIDE_1.16.1\STM32CubeIDE\plugins\com.st.stm32cube.common.mx_6.14.1.202504091515\\db\/mcu/
2025-07-15 14:29:39,114 [INFO] ApiDb:274 - Set plugin database path to: C:\ST\STM32CubeIDE_1.16.1\STM32CubeIDE\plugins\com.st.stm32cube.common.mx_6.14.1.202504091515\\db\/plugins/boardmanager/
2025-07-15 14:29:39,114 [INFO] ApiDb:261 - Set plugin images path to: C:\ST\STM32CubeIDE_1.16.1\STM32CubeIDE\plugins\com.st.stm32cube.common.mx_6.14.1.202504091515\\db\/plugins/mcufinder/images/
2025-07-15 14:29:39,114 [WARN] DbFile:41 - Overriding database path with different value: C:\Users\kjeya\.stmcufinder\plugins\mcufinder/ => C:\Users\kjeya\.stmcufinder\plugins\mcufinder
2025-07-15 14:29:39,114 [INFO] ApiDb:250 - Set database path to: C:\Users\kjeya\.stmcufinder\plugins\mcufinder//mcu/
2025-07-15 14:29:39,115 [WARN] DbFile:41 - Overriding database path with different value: C:\Users\kjeya\.stmcufinder\plugins\mcufinder/ => C:\Users\kjeya\.stmcufinder\plugins\mcufinder
2025-07-15 14:29:39,115 [INFO] DbMcusAds:125 - Set database path to: C:\Users\kjeya\.stmcufinder\plugins\mcufinder//mcu/
2025-07-15 14:29:39,115 [WARN] DbFile:41 - Overriding database path with different value: C:\Users\kjeya\.stmcufinder\plugins\mcufinder/ => C:\Users\kjeya\.stmcufinder\plugins\mcufinder
2025-07-15 14:29:39,115 [WARN] DbFile:41 - Overriding database path with different value: C:\Users\kjeya\.stmcufinder\plugins\mcufinder/ => C:\Users\kjeya\.stmcufinder\plugins\mcufinder
2025-07-15 14:29:39,115 [INFO] CrossReferenceDbSqlite:203 - Set database path to: C:\Users\kjeya\.stmcufinder\plugins\mcufinder//mcu/cs/
2025-07-15 14:29:39,232 [INFO] MainPanel:272 - HeapMemory: 268435456
2025-07-15 14:29:39,460 [INFO] DbMcusXml:78 - Set database path to: C:\ST\STM32CubeIDE_1.16.1\STM32CubeIDE\plugins\com.st.stm32cube.common.mx_6.14.1.202504091515\\db\/mcu/
2025-07-15 14:29:39,461 [INFO] ApiDb:274 - Set plugin database path to: C:\ST\STM32CubeIDE_1.16.1\STM32CubeIDE\plugins\com.st.stm32cube.common.mx_6.14.1.202504091515\\db\/plugins/boardmanager/
2025-07-15 14:29:39,461 [INFO] ApiDb:261 - Set plugin images path to: C:\ST\STM32CubeIDE_1.16.1\STM32CubeIDE\plugins\com.st.stm32cube.common.mx_6.14.1.202504091515\\db\/plugins/mcufinder/images/
2025-07-15 14:29:39,461 [WARN] DbFile:41 - Overriding database path with different value: C:\Users\kjeya\.stmcufinder\plugins\mcufinder/ => C:\Users\kjeya\.stmcufinder\plugins\mcufinder
2025-07-15 14:29:39,461 [INFO] ApiDb:250 - Set database path to: C:\Users\kjeya\.stmcufinder\plugins\mcufinder//mcu/
2025-07-15 14:29:39,461 [WARN] DbFile:41 - Overriding database path with different value: C:\Users\kjeya\.stmcufinder\plugins\mcufinder/ => C:\Users\kjeya\.stmcufinder\plugins\mcufinder
2025-07-15 14:29:39,461 [INFO] DbMcusAds:125 - Set database path to: C:\Users\kjeya\.stmcufinder\plugins\mcufinder//mcu/
2025-07-15 14:29:39,461 [WARN] DbFile:41 - Overriding database path with different value: C:\Users\kjeya\.stmcufinder\plugins\mcufinder/ => C:\Users\kjeya\.stmcufinder\plugins\mcufinder
2025-07-15 14:29:39,462 [WARN] DbFile:41 - Overriding database path with different value: C:\Users\kjeya\.stmcufinder\plugins\mcufinder/ => C:\Users\kjeya\.stmcufinder\plugins\mcufinder
2025-07-15 14:29:39,462 [INFO] CrossReferenceDbSqlite:203 - Set database path to: C:\Users\kjeya\.stmcufinder\plugins\mcufinder//mcu/cs/
2025-07-15 14:29:39,486 [INFO] ApplicationProperties:184 - Using Application install path: C:\ST\STM32CubeIDE_1.16.1\STM32CubeIDE\plugins\com.st.stm32cube.common.mx_6.14.1.202504091515
2025-07-15 14:29:39,488 [INFO] PluginManage:196 - Search for loadable plugins [exclusion list=, ]
2025-07-15 14:29:39,491 [INFO] PluginManage:310 - Check plugin analytics
2025-07-15 14:29:39,839 [INFO] AnalyticsPlugin:253 - Accepted Software Licenses: STM32CubeMX.6.11.1,STM32CubeMX.6.13.0
2025-07-15 14:29:39,840 [INFO] AnalyticsPlugin:255 - Accepted CMSIS Pack Licenses: STMicroelectronics.X-CUBE-TOUCHGFX.4.24.0,WES.I-CUBE-Cesium.1.3.0,STMicroelectronics.X-CUBE-TOUCHGFX.4.24.2
2025-07-15 14:29:39,840 [INFO] AnalyticsPlugin:257 - Accepted Firmware Licenses: FW.F4.1.28.0,FW.L4.1.18.0,FW.WL.1.3.0,FW.H7.1.11.0,FW.H7.1.12.0
2025-07-15 14:29:39,847 [INFO] PluginManage:359 - Loaded plugin analytics (category:tool,tabindex:-1)
2025-07-15 14:29:39,848 [INFO] PluginManage:310 - Check plugin cadmodel
2025-07-15 14:29:39,858 [INFO] CADModel:105 - Init CAD model plugin
2025-07-15 14:29:39,859 [INFO] PluginManage:359 - Loaded plugin cadmodel (category:power,tabindex:5)
2025-07-15 14:29:39,859 [INFO] PluginManage:310 - Check plugin clock
2025-07-15 14:29:39,881 [INFO] PluginManage:359 - Loaded plugin clock (category:base,tabindex:2)
2025-07-15 14:29:39,881 [INFO] PluginManage:310 - Check plugin ddr
2025-07-15 14:29:39,886 [INFO] PluginManage:359 - Loaded plugin ddr (category:tool,tabindex:6)
2025-07-15 14:29:39,886 [INFO] PluginManage:310 - Check plugin filemanager
2025-07-15 14:29:40,211 [INFO] PluginManage:359 - Loaded plugin filemanager (category:base,tabindex:10)
2025-07-15 14:29:40,211 [INFO] PluginManage:310 - Check plugin ipmanager
2025-07-15 14:29:40,221 [INFO] PluginManage:359 - Loaded plugin ipmanager (category:base,tabindex:5)
2025-07-15 14:29:40,222 [INFO] PluginManage:310 - Check plugin lpbam
2025-07-15 14:29:40,233 [INFO] PluginManage:359 - Loaded plugin lpbam (category:base,tabindex:0)
2025-07-15 14:29:40,233 [INFO] PluginManage:310 - Check plugin memorymap
2025-07-15 14:29:40,251 [INFO] PluginManage:359 - Loaded plugin memorymap (category:base,tabindex:4)
2025-07-15 14:29:40,251 [INFO] PluginManage:310 - Check plugin pinoutandconfiguration
2025-07-15 14:29:40,262 [INFO] PluginManage:359 - Loaded plugin pinoutandconfiguration (category:base,tabindex:1)
2025-07-15 14:29:40,262 [INFO] PluginManage:310 - Check plugin pinoutconfig
2025-07-15 14:29:40,382 [WARN] SupportedApi:132 - Cannot load RTOS API schema: s4s-elt-must-match.1: The content of 'definitions' must match (annotation?, (simpleType | complexType)?, (unique | key | keyref)*)). A problem was found starting at: attribute.
2025-07-15 14:29:40,545 [INFO] PluginManage:359 - Loaded plugin pinoutconfig (category:base,tabindex:0)
2025-07-15 14:29:40,545 [INFO] PluginManage:310 - Check plugin power
2025-07-15 14:29:40,558 [INFO] PluginManage:359 - Loaded plugin power (category:power,tabindex:4)
2025-07-15 14:29:40,559 [INFO] PluginManage:310 - Check plugin projectmanager
2025-07-15 14:29:40,579 [INFO] PluginManage:359 - Loaded plugin projectmanager (category:projectmanager,tabindex:4)
2025-07-15 14:29:40,580 [INFO] PluginManage:310 - Check plugin rif
2025-07-15 14:29:40,589 [INFO] PluginManage:359 - Loaded plugin rif (category:base,tabindex:3)
2025-07-15 14:29:40,590 [INFO] PluginManage:310 - Check plugin thirdparty
2025-07-15 14:29:40,837 [INFO] PluginManage:359 - Loaded plugin thirdparty (category:base,tabindex:-1)
2025-07-15 14:29:40,837 [WARN] IntegrityCheckThread:84 - waiting for thirdparty lock release [integrity check]
2025-07-15 14:29:40,837 [INFO] PluginManage:310 - Check plugin tools
2025-07-15 14:29:40,837 [INFO] IntegrityCheckThread:86 - entering critical section [integrity check]
2025-07-15 14:29:40,838 [INFO] ThirdPartyUpdaterWithRetryManager:70 - Updater plugin not ready yet. [1/15]
2025-07-15 14:29:40,845 [INFO] PluginManage:359 - Loaded plugin tools (category:base,tabindex:7)
2025-07-15 14:29:40,845 [INFO] PluginManage:310 - Check plugin tutovideos
2025-07-15 14:29:41,045 [INFO] PluginManage:359 - Loaded plugin tutovideos (category:base,tabindex:-1)
2025-07-15 14:29:41,045 [INFO] PluginManage:310 - Check plugin updater
2025-07-15 14:29:41,076 [INFO] PluginManage:359 - Loaded plugin updater (category:base,tabindex:12)
2025-07-15 14:29:41,076 [INFO] PluginManage:310 - Check plugin userauth
2025-07-15 14:29:41,081 [INFO] UserAuth:118 - Init User Auth plugin
2025-07-15 14:29:41,083 [INFO] PluginManage:359 - Loaded plugin userauth (category:base,tabindex:14)
2025-07-15 14:29:41,084 [INFO] PluginManage:283 - PluginManage : Loaded plugins [18]
2025-07-15 14:29:41,404 [INFO] PinOutPanel:1589 - setPackage(No Configuration,No Configuration)
2025-07-15 14:29:41,524 [INFO] CADModel:165 - CPN selected for project level
2025-07-15 14:29:41,525 [INFO] CADModel:114 - Register for checkConnection events
2025-07-15 14:29:41,544 [INFO] IPUIPlugin:80 - create IPUIPlugin
2025-07-15 14:29:41,544 [INFO] PluginManager:220 - loadIPPluginJar : add adc
2025-07-15 14:29:41,548 [INFO] IPUIPlugin:80 - create IPUIPlugin
2025-07-15 14:29:41,548 [INFO] PluginManager:220 - loadIPPluginJar : add aes
2025-07-15 14:29:41,551 [INFO] IPUIPlugin:80 - create IPUIPlugin
2025-07-15 14:29:41,551 [INFO] PluginManager:220 - loadIPPluginJar : add can
2025-07-15 14:29:41,553 [INFO] IPUIPlugin:80 - create IPUIPlugin
2025-07-15 14:29:41,553 [INFO] PluginManager:220 - loadIPPluginJar : add comp
2025-07-15 14:29:41,558 [INFO] IPUIPlugin:80 - create IPUIPlugin
2025-07-15 14:29:41,558 [INFO] PluginManager:220 - loadIPPluginJar : add cryp
2025-07-15 14:29:41,563 [INFO] IPUIPlugin:80 - create IPUIPlugin
2025-07-15 14:29:41,563 [INFO] PluginManager:220 - loadIPPluginJar : add ddr_ctrl_phy
2025-07-15 14:29:41,567 [INFO] IPUIPlugin:80 - create IPUIPlugin
2025-07-15 14:29:41,567 [INFO] PluginManager:220 - loadIPPluginJar : add dfsdm
2025-07-15 14:29:41,578 [INFO] IPUIPlugin:80 - create IPUIPlugin
2025-07-15 14:29:41,580 [INFO] PluginManager:220 - loadIPPluginJar : add dma
2025-07-15 14:29:41,584 [INFO] IPUIPlugin:80 - create IPUIPlugin
2025-07-15 14:29:41,584 [INFO] PluginManager:220 - loadIPPluginJar : add dma3
2025-07-15 14:29:41,588 [INFO] IPUIPlugin:80 - create IPUIPlugin
2025-07-15 14:29:41,588 [INFO] PluginManager:220 - loadIPPluginJar : add extmemmanager
2025-07-15 14:29:41,593 [INFO] IPUIPlugin:80 - create IPUIPlugin
2025-07-15 14:29:41,593 [INFO] PluginManager:220 - loadIPPluginJar : add fatfs
2025-07-15 14:29:41,598 [INFO] IPUIPlugin:80 - create IPUIPlugin
2025-07-15 14:29:41,599 [INFO] PluginManager:220 - loadIPPluginJar : add fmc
2025-07-15 14:29:41,608 [INFO] IPUIPlugin:80 - create IPUIPlugin
2025-07-15 14:29:41,608 [INFO] PluginManager:220 - loadIPPluginJar : add freertos
2025-07-15 14:29:41,611 [INFO] IPUIPlugin:80 - create IPUIPlugin
2025-07-15 14:29:41,611 [INFO] PluginManager:220 - loadIPPluginJar : add genericplugin
2025-07-15 14:29:41,615 [INFO] IPUIPlugin:80 - create IPUIPlugin
2025-07-15 14:29:41,615 [INFO] PluginManager:220 - loadIPPluginJar : add gfxmmu
2025-07-15 14:29:41,621 [INFO] IPUIPlugin:80 - create IPUIPlugin
2025-07-15 14:29:41,621 [INFO] PluginManager:220 - loadIPPluginJar : add gic
2025-07-15 14:29:41,630 [INFO] IPUIPlugin:80 - create IPUIPlugin
2025-07-15 14:29:41,631 [INFO] PluginManager:220 - loadIPPluginJar : add gpio
2025-07-15 14:29:41,635 [INFO] IPUIPlugin:80 - create IPUIPlugin
2025-07-15 14:29:41,635 [INFO] PluginManager:220 - loadIPPluginJar : add gtzc
2025-07-15 14:29:41,639 [INFO] IPUIPlugin:80 - create IPUIPlugin
2025-07-15 14:29:41,640 [INFO] PluginManager:220 - loadIPPluginJar : add hash
2025-07-15 14:29:41,645 [INFO] IPUIPlugin:80 - create IPUIPlugin
2025-07-15 14:29:41,646 [INFO] PluginManager:220 - loadIPPluginJar : add i2c
2025-07-15 14:29:41,649 [INFO] IPUIPlugin:80 - create IPUIPlugin
2025-07-15 14:29:41,649 [INFO] PluginManager:220 - loadIPPluginJar : add i2s
2025-07-15 14:29:41,653 [INFO] IPUIPlugin:80 - create IPUIPlugin
2025-07-15 14:29:41,653 [INFO] PluginManager:220 - loadIPPluginJar : add i3c
2025-07-15 14:29:41,660 [INFO] IPUIPlugin:80 - create IPUIPlugin
2025-07-15 14:29:41,661 [INFO] PluginManager:220 - loadIPPluginJar : add ipddr
2025-07-15 14:29:41,669 [INFO] IPUIPlugin:80 - create IPUIPlugin
2025-07-15 14:29:41,669 [INFO] PluginManager:220 - loadIPPluginJar : add linkedlist
2025-07-15 14:29:41,674 [INFO] IPUIPlugin:80 - create IPUIPlugin
2025-07-15 14:29:41,675 [INFO] PluginManager:220 - loadIPPluginJar : add lorawan
2025-07-15 14:29:41,678 [INFO] IPUIPlugin:80 - create IPUIPlugin
2025-07-15 14:29:41,678 [INFO] PluginManager:220 - loadIPPluginJar : add ltdc
2025-07-15 14:29:41,685 [INFO] IPUIPlugin:80 - create IPUIPlugin
2025-07-15 14:29:41,686 [INFO] PluginManager:220 - loadIPPluginJar : add mdma
2025-07-15 14:29:41,693 [INFO] IPUIPlugin:80 - create IPUIPlugin
2025-07-15 14:29:41,694 [INFO] PluginManager:220 - loadIPPluginJar : add nvic
2025-07-15 14:29:41,698 [INFO] IPUIPlugin:80 - create IPUIPlugin
2025-07-15 14:29:41,698 [INFO] PluginManager:220 - loadIPPluginJar : add opamp
2025-07-15 14:29:41,703 [INFO] IPUIPlugin:80 - create IPUIPlugin
2025-07-15 14:29:41,703 [INFO] PluginManager:220 - loadIPPluginJar : add openamp
2025-07-15 14:29:41,711 [INFO] IPUIPlugin:80 - create IPUIPlugin
2025-07-15 14:29:41,711 [INFO] PluginManager:220 - loadIPPluginJar : add pdm2pcm
2025-07-15 14:29:41,720 [INFO] IPUIPlugin:80 - create IPUIPlugin
2025-07-15 14:29:41,727 [INFO] PluginManager:220 - loadIPPluginJar : add plateformsettings
2025-07-15 14:29:41,730 [INFO] IPUIPlugin:80 - create IPUIPlugin
2025-07-15 14:29:41,730 [INFO] PluginManager:220 - loadIPPluginJar : add quadspi
2025-07-15 14:29:41,735 [INFO] IPUIPlugin:80 - create IPUIPlugin
2025-07-15 14:29:41,736 [INFO] PluginManager:220 - loadIPPluginJar : add radio
2025-07-15 14:29:41,743 [INFO] IPUIPlugin:80 - create IPUIPlugin
2025-07-15 14:29:41,743 [INFO] PluginManager:220 - loadIPPluginJar : add resmgrutility
2025-07-15 14:29:41,747 [INFO] IPUIPlugin:80 - create IPUIPlugin
2025-07-15 14:29:41,748 [INFO] PluginManager:220 - loadIPPluginJar : add sai
2025-07-15 14:29:41,751 [INFO] IPUIPlugin:80 - create IPUIPlugin
2025-07-15 14:29:41,751 [INFO] PluginManager:220 - loadIPPluginJar : add spi
2025-07-15 14:29:41,760 [INFO] IPUIPlugin:80 - create IPUIPlugin
2025-07-15 14:29:41,760 [INFO] PluginManager:220 - loadIPPluginJar : add stm32_wpan
2025-07-15 14:29:41,762 [INFO] IPUIPlugin:80 - create IPUIPlugin
2025-07-15 14:29:41,763 [INFO] PluginManager:220 - loadIPPluginJar : add tim
2025-07-15 14:29:41,766 [INFO] IPUIPlugin:80 - create IPUIPlugin
2025-07-15 14:29:41,767 [INFO] PluginManager:220 - loadIPPluginJar : add touchsensing
2025-07-15 14:29:41,770 [INFO] IPUIPlugin:80 - create IPUIPlugin
2025-07-15 14:29:41,770 [INFO] PluginManager:220 - loadIPPluginJar : add tracer_emb
2025-07-15 14:29:41,774 [INFO] IPUIPlugin:80 - create IPUIPlugin
2025-07-15 14:29:41,774 [INFO] PluginManager:220 - loadIPPluginJar : add ts
2025-07-15 14:29:41,777 [INFO] IPUIPlugin:80 - create IPUIPlugin
2025-07-15 14:29:41,777 [INFO] PluginManager:220 - loadIPPluginJar : add tsc
2025-07-15 14:29:41,780 [INFO] IPUIPlugin:80 - create IPUIPlugin
2025-07-15 14:29:41,780 [INFO] PluginManager:220 - loadIPPluginJar : add ucpd
2025-07-15 14:29:41,783 [INFO] IPUIPlugin:80 - create IPUIPlugin
2025-07-15 14:29:41,784 [INFO] PluginManager:220 - loadIPPluginJar : add usart
2025-07-15 14:29:41,787 [INFO] IPUIPlugin:80 - create IPUIPlugin
2025-07-15 14:29:41,787 [INFO] PluginManager:220 - loadIPPluginJar : add usbx
2025-07-15 14:29:41,960 [FATAL] Updater:351 - Updater called before beeing initialized
2025-07-15 14:29:42,021 [INFO] RulesReader:64 - Compatibility file has been processed (302 Rules)
2025-07-15 14:29:42,037 [INFO] RulesReader:64 - Compatibility file has been processed (302 Rules)
2025-07-15 14:29:42,063 [INFO] CADModel:165 - CPN selected for project level
2025-07-15 14:29:42,063 [INFO] CADModel:114 - Register for checkConnection events
2025-07-15 14:29:42,063 [FATAL] Updater:351 - Updater called before beeing initialized
2025-07-15 14:29:42,063 [ERROR] CADModel:125 - Updater not yet initialized, retry later 
2025-07-15 14:29:42,261 [FATAL] Updater:351 - Updater called before beeing initialized
2025-07-15 14:29:42,264 [INFO] CADModel:165 - CPN selected for project level
2025-07-15 14:29:42,264 [INFO] CADModel:114 - Register for checkConnection events
2025-07-15 14:29:42,264 [FATAL] Updater:351 - Updater called before beeing initialized
2025-07-15 14:29:42,264 [ERROR] CADModel:125 - Updater not yet initialized, retry later 
2025-07-15 14:29:42,269 [FATAL] Updater:351 - Updater called before beeing initialized
2025-07-15 14:29:42,415 [FATAL] Updater:351 - Updater called before beeing initialized
2025-07-15 14:29:42,420 [INFO] DbMcusAds:53 - JSON generation date=Tue Jul 08 13:44:23 IST 2025 (1751962463582)
2025-07-15 14:29:42,420 [FATAL] Updater:351 - Updater called before beeing initialized
2025-07-15 14:29:42,466 [WARN] DetailPanel:346 - Failed to get advertising image, set to default
2025-07-15 14:29:42,759 [FATAL] Updater:351 - Updater called before beeing initialized
2025-07-15 14:29:42,765 [FATAL] Updater:351 - Updater called before beeing initialized
2025-07-15 14:29:42,765 [FATAL] Updater:351 - Updater called before beeing initialized
2025-07-15 14:29:42,766 [WARN] DetailPanel:346 - Failed to get advertising image, set to default
2025-07-15 14:29:42,766 [FATAL] Updater:351 - Updater called before beeing initialized
2025-07-15 14:29:42,829 [ERROR] Updater:1198 - MainUpdater not yet initialized. External WinMGr cannot be set.
2025-07-15 14:29:42,832 [INFO] Updater:1134 - Updater Version found : 6.14.1
2025-07-15 14:29:42,858 [INFO] ApplicationProperties:184 - Using Application install path: C:\ST\STM32CubeIDE_1.16.1\STM32CubeIDE\plugins\com.st.stm32cube.common.mx_6.14.1.202504091515
2025-07-15 14:29:43,841 [INFO] ThirdPartyUpdaterWithRetryManager:70 - Updater plugin not ready yet. [2/15]
2025-07-15 14:29:44,442 [ERROR] LogOutputStream:75 - [STDERR_REDIRECT] Jul 15, 2025 2:29:44 PM java.util.prefs.WindowsPreferences <init>
2025-07-15 14:29:44,443 [ERROR] LogOutputStream:75 - [STDERR_REDIRECT] WARNING: Could not open/create prefs root node Software\JavaSoft\Prefs at root 0xffffffff80000002. Windows RegCreateKeyEx(...) returned error code 5.
2025-07-15 14:29:44,443 [ERROR] LogOutputStream:75 - [STDERR_REDIRECT] 
2025-07-15 14:29:44,992 [INFO] MainUpdater:2872 - connection check result : 10
2025-07-15 14:29:44,993 [INFO] MainUpdater:289 - Updater Check For Update Now.
2025-07-15 14:29:44,993 [INFO] MicroXplorer:498 - Change Database Version : DB.6.0.141
2025-07-15 14:29:45,024 [INFO] McuFinderGlobals:63 - Set McuFinder mode to 2 (CubeIDE integrated)
2025-07-15 14:29:45,026 [INFO] UserAuth:484 - Internet connection configuration mode: 1
2025-07-15 14:29:45,080 [INFO] JxBrowserEngine:152 - Initiate JxBrowser Engine with user profile folder
2025-07-15 14:29:45,266 [INFO] CheckServerUpdateThread:120 - End of CheckServer Thread
2025-07-15 14:29:48,160 [INFO] WebApp:169 - Instantiating new browser for Auth
2025-07-15 14:29:48,524 [WARN] PackLoader:240 - Cannot read IP mode file for STMicroelectronics.FP-SNS-MOTENVWB1.1.4.0
2025-07-15 14:29:48,573 [WARN] PackLoader:240 - Cannot read IP mode file for STMicroelectronics.FP-ATR-ASTRA1.2.0.2
2025-07-15 14:29:48,607 [WARN] PackLoader:240 - Cannot read IP mode file for STMicroelectronics.FP-ATR-ASTRA1.2.0.1
2025-07-15 14:29:48,641 [WARN] PackLoader:240 - Cannot read IP mode file for STMicroelectronics.X-CUBE-SMBUS.2.1.0
2025-07-15 14:29:48,665 [WARN] PackLoader:240 - Cannot read IP mode file for STMicroelectronics.X-CUBE-WB05N.1.1.0
2025-07-15 14:29:48,678 [WARN] PackLoader:240 - Cannot read IP mode file for STMicroelectronics.X-CUBE-ST60.1.0.0
2025-07-15 14:29:48,734 [WARN] PackLoader:240 - Cannot read IP mode file for STMicroelectronics.X-CUBE-AZRTOS-F7.1.1.0
2025-07-15 14:29:48,758 [WARN] PackLoader:240 - Cannot read IP mode file for STMicroelectronics.FP-SNS-FLIGHT1.5.0.2
2025-07-15 14:29:48,827 [WARN] PackLoader:240 - Cannot read IP mode file for Infineon.AIROC-Wi-Fi-Bluetooth-STM32.1.7.0
2025-07-15 14:29:48,941 [WARN] PackLoader:240 - Cannot read IP mode file for STMicroelectronics.X-CUBE-AZRTOS-H7.3.4.0
2025-07-15 14:29:48,976 [WARN] PackLoader:240 - Cannot read IP mode file for STMicroelectronics.X-CUBE-DISPLAY.3.0.0
2025-07-15 14:29:49,011 [WARN] PackLoader:240 - Cannot read IP mode file for STMicroelectronics.X-CUBE-BLE1.7.0.0
2025-07-15 14:29:49,044 [WARN] PackLoader:240 - Cannot read IP mode file for STMicroelectronics.X-CUBE-NFC10.1.0.0
2025-07-15 14:29:49,064 [WARN] PackLoader:240 - Cannot read IP mode file for STMicroelectronics.X-CUBE-BLEMGR.4.0.0
2025-07-15 14:29:49,097 [WARN] PackLoader:240 - Cannot read IP mode file for emotas.I-CUBE-CANOPEN.1.3.0
2025-07-15 14:29:49,134 [WARN] PackLoader:240 - Cannot read IP mode file for STMicroelectronics.X-CUBE-AI.10.0.0
2025-07-15 14:29:49,156 [WARN] PackLoader:240 - Cannot read IP mode file for STMicroelectronics.FP-SNS-SMARTAG2.1.2.0
2025-07-15 14:29:49,174 [WARN] PackLoader:240 - Cannot read IP mode file for STMicroelectronics.FP-SNS-FLIGHT1.5.1.0
2025-07-15 14:29:49,283 [WARN] PackLoader:240 - Cannot read IP mode file for STMicroelectronics.X-CUBE-MEMS1.11.1.0
2025-07-15 14:29:49,614 [INFO] LogOutputStream:77 - [STDOUT_REDIRECT] 1 : Invalid condition id : UX_CORESTACK_Condition cause : null
2025-07-15 14:29:49,618 [INFO] LogOutputStream:77 - [STDOUT_REDIRECT] 1 : Invalid condition id : UX_CORESTACK_Condition cause : null
2025-07-15 14:29:49,621 [INFO] LogOutputStream:77 - [STDOUT_REDIRECT] 1 : Invalid condition id : UX_CORESTACK_Condition cause : null
2025-07-15 14:29:49,623 [INFO] LogOutputStream:77 - [STDOUT_REDIRECT] 1 : Invalid condition id : UX_CORESTACK_Condition cause : null
2025-07-15 14:29:49,627 [INFO] LogOutputStream:77 - [STDOUT_REDIRECT] 1 : Invalid condition id : UX_CORESTACK_Condition cause : null
2025-07-15 14:29:49,640 [WARN] PackLoader:240 - Cannot read IP mode file for STMicroelectronics.X-CUBE-AZRTOS-WL.2.0.0
2025-07-15 14:29:49,659 [WARN] PackLoader:240 - Cannot read IP mode file for STMicroelectronics.FP-SNS-MOTENV1.5.0.0
2025-07-15 14:29:49,672 [WARN] PackLoader:240 - Cannot read IP mode file for wolfSSL.I-CUBE-wolfMQTT.1.19.0
2025-07-15 14:29:49,687 [WARN] PackLoader:240 - Cannot read IP mode file for WES.I-CUBE-Cesium.1.3.0
2025-07-15 14:29:49,854 [WARN] PackLoader:240 - Cannot read IP mode file for STMicroelectronics.X-CUBE-BLE2.3.3.0
2025-07-15 14:29:49,870 [WARN] PackLoader:240 - Cannot read IP mode file for STMicroelectronics.X-CUBE-NFC9.1.0.0
2025-07-15 14:29:49,881 [WARN] PackLoader:240 - Cannot read IP mode file for STMicroelectronics.X-CUBE-BLE1.7.1.0
2025-07-15 14:29:49,895 [WARN] PackLoader:240 - Cannot read IP mode file for STMicroelectronics.X-CUBE-EEPRMA1.5.2.0
2025-07-15 14:29:49,906 [WARN] PackLoader:240 - Cannot read IP mode file for STMicroelectronics.X-CUBE-AI.10.1.0
2025-07-15 14:29:50,035 [WARN] PackLoader:240 - Cannot read IP mode file for STMicroelectronics.X-CUBE-MEMS1.11.2.0
2025-07-15 14:29:50,403 [WARN] PackLoader:240 - Cannot read IP mode file for STMicroelectronics.X-CUBE-AZRTOS-G0.1.1.0
2025-07-15 14:29:50,420 [WARN] PackLoader:240 - Cannot read IP mode file for STMicroelectronics.X-CUBE-SAFEA1.1.2.2
2025-07-15 14:29:50,440 [WARN] PackLoader:240 - Cannot read IP mode file for STMicroelectronics.X-CUBE-NFC4.3.0.0
2025-07-15 14:29:50,465 [WARN] PackLoader:240 - Cannot read IP mode file for EmbeddedOffice.I-CUBE-FS-RTOS.1.0.1
2025-07-15 14:29:50,476 [WARN] PackLoader:240 - Cannot read IP mode file for STMicroelectronics.X-CUBE-WB05N.2.0.0
2025-07-15 14:29:50,492 [WARN] PackLoader:240 - Cannot read IP mode file for STMicroelectronics.X-CUBE-TCPP.4.2.0
2025-07-15 14:29:50,508 [WARN] PackLoader:240 - Cannot read IP mode file for RealThread.X-CUBE-RT-Thread_Nano.4.1.1
2025-07-15 14:29:50,518 [WARN] PackLoader:240 - Cannot read IP mode file for STMicroelectronics.FP-ATR-SIGFOX1.3.2.0
2025-07-15 14:29:50,529 [WARN] ConditionMgr:438 - getConditionDescription Invalid condition id : Cortex-A Device cause : null
2025-07-15 14:29:50,552 [WARN] ConditionMgr:1044 - genDependencies : Invalid condition id : Cortex-A Device cause : null
2025-07-15 14:29:50,552 [WARN] ConditionMgr:1044 - genDependencies : Invalid condition id : Cortex-A Device cause : null
2025-07-15 14:29:50,553 [WARN] ConditionMgr:1044 - genDependencies : Invalid condition id : Cortex-A Device cause : null
2025-07-15 14:29:50,564 [WARN] PackLoader:240 - Cannot read IP mode file for STMicroelectronics.X-CUBE-EEPRMA1.5.1.0
2025-07-15 14:29:50,577 [WARN] PackLoader:240 - Cannot read IP mode file for wolfSSL.I-CUBE-wolfSSL.5.7.4
2025-07-15 14:29:50,590 [WARN] PackLoader:240 - Cannot read IP mode file for ITTIA_DB.I-CUBE-ITTIADB.8.9.0
2025-07-15 14:29:50,603 [WARN] PackLoader:240 - Cannot read IP mode file for STMicroelectronics.X-CUBE-ST67W61.1.0.0
2025-07-15 14:29:50,665 [WARN] PackLoader:240 - Cannot read IP mode file for SEGGER.I-CUBE-embOS.1.3.1
2025-07-15 14:29:50,727 [WARN] PackLoader:240 - Cannot read IP mode file for STMicroelectronics.X-CUBE-ALGOBUILD.1.4.0
2025-07-15 14:29:50,788 [WARN] PackLoader:240 - Cannot read IP mode file for STMicroelectronics.X-CUBE-MEMS1.11.3.0
2025-07-15 14:29:51,002 [WARN] PackLoader:240 - Cannot read IP mode file for STMicroelectronics.X-CUBE-AI.9.1.0
2025-07-15 14:29:51,075 [WARN] PackLoader:240 - Cannot read IP mode file for STMicroelectronics.X-CUBE-PM33A1.1.0.0
2025-07-15 14:29:51,175 [WARN] PackLoader:240 - Cannot read IP mode file for STMicroelectronics.X-CUBE-AZRTOS-F4.1.1.0
2025-07-15 14:29:51,226 [WARN] PackLoader:240 - Cannot read IP mode file for Avnet-IotConnect.X-CUBE-IoTC-DA16k-PMOD.1.0.0
2025-07-15 14:29:51,270 [WARN] PackLoader:240 - Cannot read IP mode file for STMicroelectronics.X-CUBE-ISPU.2.1.0
2025-07-15 14:29:51,333 [WARN] PackLoader:240 - Cannot read IP mode file for STMicroelectronics.X-CUBE-NFC12.1.0.0
2025-07-15 14:29:51,390 [WARN] PackLoader:240 - Cannot read IP mode file for STMicroelectronics.X-CUBE-AZRTOS-L5.2.0.0
2025-07-15 14:29:51,425 [WARN] PackLoader:240 - Cannot read IP mode file for STMicroelectronics.X-CUBE-NFC6.3.1.0
2025-07-15 14:29:51,427 [INFO] WebApp:463 - Apply proxy settings
2025-07-15 14:29:51,429 [INFO] WebApp:548 - Chromium requires no authentication
2025-07-15 14:29:51,480 [WARN] PackLoader:240 - Cannot read IP mode file for STMicroelectronics.X-CUBE-DPower.1.2.0
2025-07-15 14:29:51,539 [WARN] PackLoader:240 - Cannot read IP mode file for STMicroelectronics.X-CUBE-FREERTOS.1.3.1
2025-07-15 14:29:51,542 [INFO] WebApp:491 - Direct internet connection detected
2025-07-15 14:29:51,585 [WARN] PackLoader:240 - Cannot read IP mode file for STMicroelectronics.X-CUBE-FREERTOS.1.3.0
2025-07-15 14:29:51,724 [WARN] PackLoader:240 - Cannot read IP mode file for STMicroelectronics.X-CUBE-NFC7.1.0.1
2025-07-15 14:29:51,767 [WARN] PackLoader:240 - Cannot read IP mode file for STMicroelectronics.FP-SNS-STAIOTCFT.1.0.0
2025-07-15 14:29:51,819 [WARN] PackLoader:240 - Cannot read IP mode file for STMicroelectronics.X-CUBE-DPower.1.3.0
2025-07-15 14:29:51,855 [INFO] WebApp:894 - Register for checkConnection events
2025-07-15 14:29:51,856 [INFO] WebApp:463 - Apply proxy settings
2025-07-15 14:29:51,856 [INFO] WebApp:548 - Chromium requires no authentication
2025-07-15 14:29:51,857 [INFO] WebApp:491 - Direct internet connection detected
2025-07-15 14:29:51,873 [WARN] ConditionMgr:438 - getConditionDescription Invalid condition id : LAN8742 Phy interface Condition cause : null
2025-07-15 14:29:51,874 [WARN] PackLoader:240 - Cannot read IP mode file for STMicroelectronics.X-CUBE-AZRTOS-L4.2.0.0
2025-07-15 14:29:51,875 [WARN] ConditionMgr:1044 - genDependencies : Invalid condition id : LAN8742 Phy interface Condition cause : null
2025-07-15 14:29:51,876 [WARN] ConditionMgr:1044 - genDependencies : Invalid condition id : LAN8742 Phy interface Condition cause : null
2025-07-15 14:29:51,876 [WARN] ConditionMgr:1044 - genDependencies : Invalid condition id : LAN8742 Phy interface Condition cause : null
2025-07-15 14:29:51,942 [WARN] PackLoader:240 - Cannot read IP mode file for STMicroelectronics.X-CUBE-SFXS2LP1.4.0.0
2025-07-15 14:29:52,004 [WARN] PackLoader:240 - Cannot read IP mode file for STMicroelectronics.X-CUBE-AZRTOS-H7.3.3.0
2025-07-15 14:29:52,040 [WARN] PackLoader:240 - Cannot read IP mode file for STMicroelectronics.X-CUBE-IPS.3.0.0
2025-07-15 14:29:52,104 [WARN] ConditionMgr:438 - getConditionDescription Invalid condition id : UX DEVICE CLASS RTOS Condition cause : null
2025-07-15 14:29:52,104 [WARN] ConditionMgr:438 - getConditionDescription Invalid condition id : UX DEVICE CLASS RTOS Condition cause : null
2025-07-15 14:29:52,108 [WARN] PackLoader:240 - Cannot read IP mode file for STMicroelectronics.X-CUBE-AZRTOS-WB.2.0.0
2025-07-15 14:29:52,108 [WARN] ConditionMgr:1044 - genDependencies : Invalid condition id : UX DEVICE CLASS RTOS Condition cause : null
2025-07-15 14:29:52,109 [WARN] ConditionMgr:1044 - genDependencies : Invalid condition id : UX DEVICE CLASS RTOS Condition cause : null
2025-07-15 14:29:52,109 [WARN] ConditionMgr:1044 - genDependencies : Invalid condition id : UX DEVICE CLASS RTOS Condition cause : null
2025-07-15 14:29:52,110 [WARN] ConditionMgr:1044 - genDependencies : Invalid condition id : UX DEVICE CLASS RTOS Condition cause : null
2025-07-15 14:29:52,110 [WARN] ConditionMgr:1044 - genDependencies : Invalid condition id : UX DEVICE CLASS RTOS Condition cause : null
2025-07-15 14:29:52,168 [WARN] PackLoader:240 - Cannot read IP mode file for STMicroelectronics.X-CUBE-GNSS1.7.0.1
2025-07-15 14:29:52,216 [WARN] PackLoader:240 - Cannot read IP mode file for STMicroelectronics.X-CUBE-TOUCHGFX.4.25.0
2025-07-15 14:29:52,264 [WARN] PackLoader:240 - Cannot read IP mode file for STMicroelectronics.FP-SNS-STBOX1.2.0.0
2025-07-15 14:29:52,311 [WARN] PackLoader:240 - Cannot read IP mode file for STMicroelectronics.X-CUBE-SUBG2.5.0.0
2025-07-15 14:29:52,428 [WARN] PackLoader:240 - Cannot read IP mode file for STMicroelectronics.X-CUBE-AZRTOS-H7RS.1.1.0
2025-07-15 14:29:52,436 [INFO] WebApp:191 - Connection restablished
2025-07-15 14:29:52,450 [WARN] PackLoader:240 - Cannot read IP mode file for Cesanta.I-CUBE-Mongoose.7.13.0
2025-07-15 14:29:52,482 [WARN] PackLoader:240 - Cannot read IP mode file for STMicroelectronics.X-CUBE-AZRTOS-G4.2.0.0
2025-07-15 14:29:52,499 [WARN] PackLoader:240 - Cannot read IP mode file for STMicroelectronics.X-CUBE-NFC7.2.0.0
2025-07-15 14:29:52,524 [WARN] PackLoader:240 - Cannot read IP mode file for STMicroelectronics.X-CUBE-IPS.3.1.0
2025-07-15 14:29:52,583 [WARN] PackLoader:240 - Cannot read IP mode file for STMicroelectronics.X-CUBE-ALS.1.0.2
2025-07-15 14:29:52,600 [WARN] PackLoader:240 - Cannot read IP mode file for STMicroelectronics.X-CUBE-TOUCHGFX.4.24.0
2025-07-15 14:29:52,755 [WARN] PackLoader:240 - Cannot read IP mode file for STMicroelectronics.X-CUBE-TOUCHGFX.4.24.2
2025-07-15 14:29:52,868 [WARN] PackLoader:240 - Cannot read IP mode file for STMicroelectronics.X-CUBE-TOUCHGFX.4.24.1
2025-07-15 14:29:52,879 [WARN] PackLoader:240 - Cannot read IP mode file for wolfSSL.I-CUBE-wolfTPM.3.4.0
2025-07-15 14:29:52,913 [WARN] PackLoader:240 - Cannot read IP mode file for portGmbH.I-Cube-SoM-uGOAL.1.1.0
2025-07-15 14:29:52,945 [WARN] PackLoader:240 - Cannot read IP mode file for STMicroelectronics.X-CUBE-AZRTOS-H7RS.1.0.0
2025-07-15 14:29:53,192 [WARN] PackLoader:240 - Cannot read IP mode file for STMicroelectronics.X-CUBE-TOF1.3.4.2
2025-07-15 14:29:53,231 [WARN] PackLoader:240 - Cannot read IP mode file for STMicroelectronics.X-CUBE-TOF1.3.4.3
2025-07-15 14:29:53,268 [WARN] PackLoader:240 - Cannot read IP mode file for wolfSSL.I-CUBE-wolfSSH.1.4.17
2025-07-15 14:29:53,269 [INFO] ThirdParty:978 - Integrity check success = true
2025-07-15 14:29:53,269 [INFO] IntegrityCheckThread:100 - exiting critical section [integrity check]
2025-07-15 14:29:53,270 [INFO] IntegrityCheckThread:103 - End integrity checks thread
2025-07-15 14:29:53,655 [INFO] WebApp:225 - Starting web application
2025-07-15 14:29:53,656 [INFO] WebApp:593 - Web application path used C:\ST\STM32CubeIDE_1.16.1\STM32CubeIDE\plugins\com.st.stm32cube.common.mx_6.14.1.202504091515\db\plugins\mcufinder\reactClient1\index.html
2025-07-15 14:29:54,260 [INFO] UserAuth:484 - Internet connection configuration mode: 1
2025-07-15 18:28:38,226 [ERROR] LogOutputStream:75 - [STDERR_REDIRECT] 
2025-07-15 18:28:38,230 [ERROR] LogOutputStream:75 - [STDERR_REDIRECT] 
