2025-08-07 10:02:28,253 [INFO] Activator:176 - 


2025-08-07 10:02:28,260 [INFO] Activator:177 - !SESSION log4j initialized
2025-08-07 10:02:35,143 [INFO] LogOutputStream:77 - [STDOUT_REDIRECT] 
2025-08-07 10:02:38,497 [INFO] ApplicationProperties:184 - Using Application install path: C:\ST\STM32CubeIDE_1.16.1\STM32CubeIDE\plugins\com.st.stm32cube.common.mx_6.15.0.202507011659
2025-08-07 10:02:38,534 [INFO] DbMcusXml:78 - Set database path to: C:\ST\STM32CubeIDE_1.16.1\STM32CubeIDE\plugins\com.st.stm32cube.common.mx_6.15.0.202507011659\\db\/mcu/
2025-08-07 10:02:38,535 [INFO] ApiDb:274 - Set plugin database path to: C:\ST\STM32CubeIDE_1.16.1\STM32CubeIDE\plugins\com.st.stm32cube.common.mx_6.15.0.202507011659\\db\/plugins/boardmanager/
2025-08-07 10:02:38,536 [WARN] ApiDb:259 - Overriding images path with different value:  => C:\ST\STM32CubeIDE_1.16.1\STM32CubeIDE\plugins\com.st.stm32cube.common.mx_6.15.0.202507011659\\db\/plugins/mcufinder/images/
2025-08-07 10:02:38,557 [INFO] ApiDb:250 - Set database path to: C:\Users\kjeya\.stmcufinder\plugins\mcufinder//mcu/
2025-08-07 10:02:38,560 [INFO] DbMcusAds:125 - Set database path to: C:\Users\kjeya\.stmcufinder\plugins\mcufinder//mcu/
2025-08-07 10:02:38,565 [INFO] CrossReferenceDbSqlite:203 - Set database path to: C:\Users\kjeya\.stmcufinder\plugins\mcufinder//mcu/cs/
2025-08-07 10:02:38,861 [INFO] RulesReader:64 - Compatibility file has been processed (317 Rules)
2025-08-07 10:02:39,065 [INFO] DbMcusXml:78 - Set database path to: C:\ST\STM32CubeIDE_1.16.1\STM32CubeIDE\plugins\com.st.stm32cube.common.mx_6.15.0.202507011659\\db\/mcu/
2025-08-07 10:02:39,065 [INFO] ApiDb:274 - Set plugin database path to: C:\ST\STM32CubeIDE_1.16.1\STM32CubeIDE\plugins\com.st.stm32cube.common.mx_6.15.0.202507011659\\db\/plugins/boardmanager/
2025-08-07 10:02:39,066 [INFO] ApiDb:261 - Set plugin images path to: C:\ST\STM32CubeIDE_1.16.1\STM32CubeIDE\plugins\com.st.stm32cube.common.mx_6.15.0.202507011659\\db\/plugins/mcufinder/images/
2025-08-07 10:02:39,066 [WARN] DbFile:41 - Overriding database path with different value: C:\Users\kjeya\.stmcufinder\plugins\mcufinder/ => C:\Users\kjeya\.stmcufinder\plugins\mcufinder
2025-08-07 10:02:39,066 [INFO] ApiDb:250 - Set database path to: C:\Users\kjeya\.stmcufinder\plugins\mcufinder//mcu/
2025-08-07 10:02:39,066 [WARN] DbFile:41 - Overriding database path with different value: C:\Users\kjeya\.stmcufinder\plugins\mcufinder/ => C:\Users\kjeya\.stmcufinder\plugins\mcufinder
2025-08-07 10:02:39,066 [INFO] DbMcusAds:125 - Set database path to: C:\Users\kjeya\.stmcufinder\plugins\mcufinder//mcu/
2025-08-07 10:02:39,067 [WARN] DbFile:41 - Overriding database path with different value: C:\Users\kjeya\.stmcufinder\plugins\mcufinder/ => C:\Users\kjeya\.stmcufinder\plugins\mcufinder
2025-08-07 10:02:39,067 [WARN] DbFile:41 - Overriding database path with different value: C:\Users\kjeya\.stmcufinder\plugins\mcufinder/ => C:\Users\kjeya\.stmcufinder\plugins\mcufinder
2025-08-07 10:02:39,067 [INFO] CrossReferenceDbSqlite:203 - Set database path to: C:\Users\kjeya\.stmcufinder\plugins\mcufinder//mcu/cs/
2025-08-07 10:02:39,219 [INFO] MainPanel:274 - HeapMemory: 318767104
2025-08-07 10:02:39,445 [INFO] DbMcusXml:78 - Set database path to: C:\ST\STM32CubeIDE_1.16.1\STM32CubeIDE\plugins\com.st.stm32cube.common.mx_6.15.0.202507011659\\db\/mcu/
2025-08-07 10:02:39,445 [INFO] ApiDb:274 - Set plugin database path to: C:\ST\STM32CubeIDE_1.16.1\STM32CubeIDE\plugins\com.st.stm32cube.common.mx_6.15.0.202507011659\\db\/plugins/boardmanager/
2025-08-07 10:02:39,445 [INFO] ApiDb:261 - Set plugin images path to: C:\ST\STM32CubeIDE_1.16.1\STM32CubeIDE\plugins\com.st.stm32cube.common.mx_6.15.0.202507011659\\db\/plugins/mcufinder/images/
2025-08-07 10:02:39,446 [WARN] DbFile:41 - Overriding database path with different value: C:\Users\kjeya\.stmcufinder\plugins\mcufinder/ => C:\Users\kjeya\.stmcufinder\plugins\mcufinder
2025-08-07 10:02:39,446 [INFO] ApiDb:250 - Set database path to: C:\Users\kjeya\.stmcufinder\plugins\mcufinder//mcu/
2025-08-07 10:02:39,447 [WARN] DbFile:41 - Overriding database path with different value: C:\Users\kjeya\.stmcufinder\plugins\mcufinder/ => C:\Users\kjeya\.stmcufinder\plugins\mcufinder
2025-08-07 10:02:39,447 [INFO] DbMcusAds:125 - Set database path to: C:\Users\kjeya\.stmcufinder\plugins\mcufinder//mcu/
2025-08-07 10:02:39,447 [WARN] DbFile:41 - Overriding database path with different value: C:\Users\kjeya\.stmcufinder\plugins\mcufinder/ => C:\Users\kjeya\.stmcufinder\plugins\mcufinder
2025-08-07 10:02:39,448 [WARN] DbFile:41 - Overriding database path with different value: C:\Users\kjeya\.stmcufinder\plugins\mcufinder/ => C:\Users\kjeya\.stmcufinder\plugins\mcufinder
2025-08-07 10:02:39,448 [INFO] CrossReferenceDbSqlite:203 - Set database path to: C:\Users\kjeya\.stmcufinder\plugins\mcufinder//mcu/cs/
2025-08-07 10:02:39,487 [INFO] ApplicationProperties:184 - Using Application install path: C:\ST\STM32CubeIDE_1.16.1\STM32CubeIDE\plugins\com.st.stm32cube.common.mx_6.15.0.202507011659
2025-08-07 10:02:39,490 [INFO] PluginManage:196 - Search for loadable plugins [exclusion list=, ]
2025-08-07 10:02:39,492 [INFO] PluginManage:310 - Check plugin analytics
2025-08-07 10:02:39,883 [INFO] AnalyticsPlugin:253 - Accepted Software Licenses: STM32CubeMX.6.11.1,STM32CubeMX.6.13.0
2025-08-07 10:02:39,883 [INFO] AnalyticsPlugin:255 - Accepted CMSIS Pack Licenses: STMicroelectronics.X-CUBE-TOUCHGFX.4.24.0,WES.I-CUBE-Cesium.1.3.0,STMicroelectronics.X-CUBE-TOUCHGFX.4.24.2
2025-08-07 10:02:39,884 [INFO] AnalyticsPlugin:257 - Accepted Firmware Licenses: FW.F4.1.28.0,FW.L4.1.18.0,FW.WL.1.3.0,FW.H7.1.11.0,FW.H7.1.12.0
2025-08-07 10:02:39,890 [INFO] PluginManage:359 - Loaded plugin analytics (category:tool,tabindex:-1)
2025-08-07 10:02:39,891 [INFO] PluginManage:310 - Check plugin cadmodel
2025-08-07 10:02:39,902 [INFO] CADModel:105 - Init CAD model plugin
2025-08-07 10:02:39,902 [INFO] PluginManage:359 - Loaded plugin cadmodel (category:power,tabindex:5)
2025-08-07 10:02:39,903 [INFO] PluginManage:310 - Check plugin clock
2025-08-07 10:02:39,925 [INFO] PluginManage:359 - Loaded plugin clock (category:base,tabindex:2)
2025-08-07 10:02:39,926 [INFO] PluginManage:310 - Check plugin ddr
2025-08-07 10:02:39,933 [INFO] PluginManage:359 - Loaded plugin ddr (category:tool,tabindex:6)
2025-08-07 10:02:39,933 [INFO] PluginManage:310 - Check plugin filemanager
2025-08-07 10:02:40,208 [INFO] PluginManage:359 - Loaded plugin filemanager (category:base,tabindex:10)
2025-08-07 10:02:40,208 [INFO] PluginManage:310 - Check plugin ipmanager
2025-08-07 10:02:40,222 [INFO] PluginManage:359 - Loaded plugin ipmanager (category:base,tabindex:5)
2025-08-07 10:02:40,222 [INFO] PluginManage:310 - Check plugin lpbam
2025-08-07 10:02:40,236 [INFO] PluginManage:359 - Loaded plugin lpbam (category:base,tabindex:0)
2025-08-07 10:02:40,237 [INFO] PluginManage:310 - Check plugin memorymap
2025-08-07 10:02:40,260 [INFO] PluginManage:359 - Loaded plugin memorymap (category:base,tabindex:4)
2025-08-07 10:02:40,260 [INFO] PluginManage:310 - Check plugin pinoutandconfiguration
2025-08-07 10:02:40,279 [INFO] PluginManage:359 - Loaded plugin pinoutandconfiguration (category:base,tabindex:1)
2025-08-07 10:02:40,279 [INFO] PluginManage:310 - Check plugin pinoutconfig
2025-08-07 10:02:40,458 [WARN] SupportedApi:132 - Cannot load RTOS API schema: s4s-elt-must-match.1: The content of 'definitions' must match (annotation?, (simpleType | complexType)?, (unique | key | keyref)*)). A problem was found starting at: attribute.
2025-08-07 10:02:40,824 [INFO] PluginManage:359 - Loaded plugin pinoutconfig (category:base,tabindex:0)
2025-08-07 10:02:40,825 [INFO] PluginManage:310 - Check plugin power
2025-08-07 10:02:40,846 [INFO] PluginManage:359 - Loaded plugin power (category:power,tabindex:4)
2025-08-07 10:02:40,846 [INFO] PluginManage:310 - Check plugin projectmanager
2025-08-07 10:02:40,877 [INFO] PluginManage:359 - Loaded plugin projectmanager (category:projectmanager,tabindex:4)
2025-08-07 10:02:40,878 [INFO] PluginManage:310 - Check plugin rif
2025-08-07 10:02:40,898 [INFO] PluginManage:359 - Loaded plugin rif (category:base,tabindex:3)
2025-08-07 10:02:40,899 [INFO] PluginManage:310 - Check plugin thirdparty
2025-08-07 10:02:41,190 [INFO] PluginManage:359 - Loaded plugin thirdparty (category:base,tabindex:-1)
2025-08-07 10:02:41,190 [WARN] IntegrityCheckThread:84 - waiting for thirdparty lock release [integrity check]
2025-08-07 10:02:41,190 [INFO] PluginManage:310 - Check plugin tools
2025-08-07 10:02:41,190 [INFO] IntegrityCheckThread:86 - entering critical section [integrity check]
2025-08-07 10:02:41,191 [INFO] ThirdPartyUpdaterWithRetryManager:70 - Updater plugin not ready yet. [1/15]
2025-08-07 10:02:41,196 [INFO] PluginManage:359 - Loaded plugin tools (category:base,tabindex:7)
2025-08-07 10:02:41,196 [INFO] PluginManage:310 - Check plugin tutovideos
2025-08-07 10:02:41,677 [INFO] PluginManage:359 - Loaded plugin tutovideos (category:base,tabindex:-1)
2025-08-07 10:02:41,677 [INFO] PluginManage:310 - Check plugin updater
2025-08-07 10:02:41,718 [INFO] PluginManage:359 - Loaded plugin updater (category:base,tabindex:12)
2025-08-07 10:02:41,718 [INFO] PluginManage:310 - Check plugin userauth
2025-08-07 10:02:41,725 [INFO] UserAuth:118 - Init User Auth plugin
2025-08-07 10:02:41,727 [INFO] PluginManage:359 - Loaded plugin userauth (category:base,tabindex:14)
2025-08-07 10:02:41,728 [INFO] PluginManage:283 - PluginManage : Loaded plugins [18]
2025-08-07 10:02:42,146 [INFO] PinOutPanel:1589 - setPackage(No Configuration,No Configuration)
2025-08-07 10:02:42,316 [INFO] CADModel:165 - CPN selected for project level
2025-08-07 10:02:42,317 [INFO] CADModel:114 - Register for checkConnection events
2025-08-07 10:02:42,349 [INFO] IPUIPlugin:80 - create IPUIPlugin
2025-08-07 10:02:42,350 [INFO] PluginManager:220 - loadIPPluginJar : add adc
2025-08-07 10:02:42,357 [INFO] IPUIPlugin:80 - create IPUIPlugin
2025-08-07 10:02:42,357 [INFO] PluginManager:220 - loadIPPluginJar : add aes
2025-08-07 10:02:42,362 [INFO] IPUIPlugin:80 - create IPUIPlugin
2025-08-07 10:02:42,362 [INFO] PluginManager:220 - loadIPPluginJar : add can
2025-08-07 10:02:42,365 [INFO] IPUIPlugin:80 - create IPUIPlugin
2025-08-07 10:02:42,367 [INFO] PluginManager:220 - loadIPPluginJar : add comp
2025-08-07 10:02:42,372 [INFO] IPUIPlugin:80 - create IPUIPlugin
2025-08-07 10:02:42,372 [INFO] PluginManager:220 - loadIPPluginJar : add cryp
2025-08-07 10:02:42,379 [INFO] IPUIPlugin:80 - create IPUIPlugin
2025-08-07 10:02:42,379 [INFO] PluginManager:220 - loadIPPluginJar : add ddr_ctrl_phy
2025-08-07 10:02:42,386 [INFO] IPUIPlugin:80 - create IPUIPlugin
2025-08-07 10:02:42,386 [INFO] PluginManager:220 - loadIPPluginJar : add dfsdm
2025-08-07 10:02:42,396 [INFO] IPUIPlugin:80 - create IPUIPlugin
2025-08-07 10:02:42,397 [INFO] PluginManager:220 - loadIPPluginJar : add dma
2025-08-07 10:02:42,403 [INFO] IPUIPlugin:80 - create IPUIPlugin
2025-08-07 10:02:42,403 [INFO] PluginManager:220 - loadIPPluginJar : add dma3
2025-08-07 10:02:42,410 [INFO] IPUIPlugin:80 - create IPUIPlugin
2025-08-07 10:02:42,411 [INFO] PluginManager:220 - loadIPPluginJar : add extmemmanager
2025-08-07 10:02:42,415 [INFO] IPUIPlugin:80 - create IPUIPlugin
2025-08-07 10:02:42,415 [INFO] PluginManager:220 - loadIPPluginJar : add fatfs
2025-08-07 10:02:42,424 [INFO] IPUIPlugin:80 - create IPUIPlugin
2025-08-07 10:02:42,425 [INFO] PluginManager:220 - loadIPPluginJar : add fmc
2025-08-07 10:02:42,436 [INFO] IPUIPlugin:80 - create IPUIPlugin
2025-08-07 10:02:42,437 [INFO] PluginManager:220 - loadIPPluginJar : add freertos
2025-08-07 10:02:42,441 [INFO] IPUIPlugin:80 - create IPUIPlugin
2025-08-07 10:02:42,441 [INFO] PluginManager:220 - loadIPPluginJar : add genericplugin
2025-08-07 10:02:42,447 [INFO] IPUIPlugin:80 - create IPUIPlugin
2025-08-07 10:02:42,448 [INFO] PluginManager:220 - loadIPPluginJar : add gfxmmu
2025-08-07 10:02:42,456 [INFO] IPUIPlugin:80 - create IPUIPlugin
2025-08-07 10:02:42,456 [INFO] PluginManager:220 - loadIPPluginJar : add gic
2025-08-07 10:02:42,499 [INFO] IPUIPlugin:80 - create IPUIPlugin
2025-08-07 10:02:42,499 [INFO] PluginManager:220 - loadIPPluginJar : add gpio
2025-08-07 10:02:42,507 [INFO] IPUIPlugin:80 - create IPUIPlugin
2025-08-07 10:02:42,507 [INFO] PluginManager:220 - loadIPPluginJar : add gtzc
2025-08-07 10:02:42,516 [INFO] IPUIPlugin:80 - create IPUIPlugin
2025-08-07 10:02:42,516 [INFO] PluginManager:220 - loadIPPluginJar : add hash
2025-08-07 10:02:42,524 [INFO] IPUIPlugin:80 - create IPUIPlugin
2025-08-07 10:02:42,526 [INFO] PluginManager:220 - loadIPPluginJar : add i2c
2025-08-07 10:02:42,532 [INFO] IPUIPlugin:80 - create IPUIPlugin
2025-08-07 10:02:42,533 [INFO] PluginManager:220 - loadIPPluginJar : add i2s
2025-08-07 10:02:42,539 [INFO] IPUIPlugin:80 - create IPUIPlugin
2025-08-07 10:02:42,539 [INFO] PluginManager:220 - loadIPPluginJar : add i3c
2025-08-07 10:02:42,545 [INFO] IPUIPlugin:80 - create IPUIPlugin
2025-08-07 10:02:42,545 [INFO] PluginManager:220 - loadIPPluginJar : add ipddr
2025-08-07 10:02:42,557 [INFO] IPUIPlugin:80 - create IPUIPlugin
2025-08-07 10:02:42,558 [INFO] PluginManager:220 - loadIPPluginJar : add linkedlist
2025-08-07 10:02:42,563 [INFO] IPUIPlugin:80 - create IPUIPlugin
2025-08-07 10:02:42,564 [INFO] PluginManager:220 - loadIPPluginJar : add lorawan
2025-08-07 10:02:42,567 [INFO] IPUIPlugin:80 - create IPUIPlugin
2025-08-07 10:02:42,567 [INFO] PluginManager:220 - loadIPPluginJar : add ltdc
2025-08-07 10:02:42,578 [INFO] IPUIPlugin:80 - create IPUIPlugin
2025-08-07 10:02:42,578 [INFO] PluginManager:220 - loadIPPluginJar : add mdma
2025-08-07 10:02:42,584 [INFO] IPUIPlugin:80 - create IPUIPlugin
2025-08-07 10:02:42,584 [INFO] PluginManager:220 - loadIPPluginJar : add nvic
2025-08-07 10:02:42,589 [INFO] IPUIPlugin:80 - create IPUIPlugin
2025-08-07 10:02:42,590 [INFO] PluginManager:220 - loadIPPluginJar : add opamp
2025-08-07 10:02:42,596 [INFO] IPUIPlugin:80 - create IPUIPlugin
2025-08-07 10:02:42,596 [INFO] PluginManager:220 - loadIPPluginJar : add openamp
2025-08-07 10:02:42,603 [INFO] IPUIPlugin:80 - create IPUIPlugin
2025-08-07 10:02:42,603 [INFO] PluginManager:220 - loadIPPluginJar : add pdm2pcm
2025-08-07 10:02:42,617 [INFO] IPUIPlugin:80 - create IPUIPlugin
2025-08-07 10:02:42,623 [INFO] PluginManager:220 - loadIPPluginJar : add plateformsettings
2025-08-07 10:02:42,626 [INFO] IPUIPlugin:80 - create IPUIPlugin
2025-08-07 10:02:42,626 [INFO] PluginManager:220 - loadIPPluginJar : add quadspi
2025-08-07 10:02:42,630 [INFO] IPUIPlugin:80 - create IPUIPlugin
2025-08-07 10:02:42,633 [INFO] PluginManager:220 - loadIPPluginJar : add radio
2025-08-07 10:02:42,642 [INFO] IPUIPlugin:80 - create IPUIPlugin
2025-08-07 10:02:42,643 [INFO] PluginManager:220 - loadIPPluginJar : add resmgrutility
2025-08-07 10:02:42,650 [INFO] IPUIPlugin:80 - create IPUIPlugin
2025-08-07 10:02:42,650 [INFO] PluginManager:220 - loadIPPluginJar : add sai
2025-08-07 10:02:42,656 [INFO] IPUIPlugin:80 - create IPUIPlugin
2025-08-07 10:02:42,656 [INFO] PluginManager:220 - loadIPPluginJar : add spi
2025-08-07 10:02:42,668 [INFO] IPUIPlugin:80 - create IPUIPlugin
2025-08-07 10:02:42,669 [INFO] PluginManager:220 - loadIPPluginJar : add stm32_wpan
2025-08-07 10:02:42,674 [INFO] IPUIPlugin:80 - create IPUIPlugin
2025-08-07 10:02:42,674 [INFO] PluginManager:220 - loadIPPluginJar : add tim
2025-08-07 10:02:42,681 [INFO] IPUIPlugin:80 - create IPUIPlugin
2025-08-07 10:02:42,681 [INFO] PluginManager:220 - loadIPPluginJar : add touchsensing
2025-08-07 10:02:42,686 [INFO] IPUIPlugin:80 - create IPUIPlugin
2025-08-07 10:02:42,687 [INFO] PluginManager:220 - loadIPPluginJar : add tracer_emb
2025-08-07 10:02:42,691 [INFO] IPUIPlugin:80 - create IPUIPlugin
2025-08-07 10:02:42,691 [INFO] PluginManager:220 - loadIPPluginJar : add ts
2025-08-07 10:02:42,695 [INFO] IPUIPlugin:80 - create IPUIPlugin
2025-08-07 10:02:42,695 [INFO] PluginManager:220 - loadIPPluginJar : add tsc
2025-08-07 10:02:42,698 [INFO] IPUIPlugin:80 - create IPUIPlugin
2025-08-07 10:02:42,699 [INFO] PluginManager:220 - loadIPPluginJar : add ucpd
2025-08-07 10:02:42,706 [INFO] IPUIPlugin:80 - create IPUIPlugin
2025-08-07 10:02:42,706 [INFO] PluginManager:220 - loadIPPluginJar : add usart
2025-08-07 10:02:42,714 [INFO] IPUIPlugin:80 - create IPUIPlugin
2025-08-07 10:02:42,714 [INFO] PluginManager:220 - loadIPPluginJar : add usbx
2025-08-07 10:02:42,902 [FATAL] Updater:351 - Updater called before beeing initialized
2025-08-07 10:02:42,984 [INFO] RulesReader:64 - Compatibility file has been processed (317 Rules)
2025-08-07 10:02:43,025 [INFO] RulesReader:64 - Compatibility file has been processed (317 Rules)
2025-08-07 10:02:43,050 [INFO] CADModel:165 - CPN selected for project level
2025-08-07 10:02:43,050 [INFO] CADModel:114 - Register for checkConnection events
2025-08-07 10:02:43,051 [FATAL] Updater:351 - Updater called before beeing initialized
2025-08-07 10:02:43,051 [ERROR] CADModel:125 - Updater not yet initialized, retry later 
2025-08-07 10:02:43,457 [FATAL] Updater:351 - Updater called before beeing initialized
2025-08-07 10:02:43,465 [INFO] CADModel:165 - CPN selected for project level
2025-08-07 10:02:43,465 [INFO] CADModel:114 - Register for checkConnection events
2025-08-07 10:02:43,466 [FATAL] Updater:351 - Updater called before beeing initialized
2025-08-07 10:02:43,466 [ERROR] CADModel:125 - Updater not yet initialized, retry later 
2025-08-07 10:02:43,474 [FATAL] Updater:351 - Updater called before beeing initialized
2025-08-07 10:02:43,721 [FATAL] Updater:351 - Updater called before beeing initialized
2025-08-07 10:02:43,735 [INFO] DbMcusAds:53 - JSON generation date=Tue Jul 08 13:44:23 IST 2025 (1751962463562)
2025-08-07 10:02:43,735 [FATAL] Updater:351 - Updater called before beeing initialized
2025-08-07 10:02:43,803 [WARN] DetailPanel:346 - Failed to get advertising image, set to default
2025-08-07 10:02:43,982 [FATAL] Updater:351 - Updater called before beeing initialized
2025-08-07 10:02:43,985 [FATAL] Updater:351 - Updater called before beeing initialized
2025-08-07 10:02:43,985 [FATAL] Updater:351 - Updater called before beeing initialized
2025-08-07 10:02:43,986 [WARN] DetailPanel:346 - Failed to get advertising image, set to default
2025-08-07 10:02:43,988 [FATAL] Updater:351 - Updater called before beeing initialized
2025-08-07 10:02:44,106 [ERROR] Updater:1198 - MainUpdater not yet initialized. External WinMGr cannot be set.
2025-08-07 10:02:44,110 [INFO] Updater:1134 - Updater Version found : 6.15.0
2025-08-07 10:02:44,147 [INFO] ApplicationProperties:184 - Using Application install path: C:\ST\STM32CubeIDE_1.16.1\STM32CubeIDE\plugins\com.st.stm32cube.common.mx_6.15.0.202507011659
2025-08-07 10:02:44,193 [INFO] ThirdPartyUpdaterWithRetryManager:70 - Updater plugin not ready yet. [2/15]
2025-08-07 10:02:45,736 [ERROR] LogOutputStream:75 - [STDERR_REDIRECT] Aug 07, 2025 10:02:45 AM java.util.prefs.WindowsPreferences <init>
2025-08-07 10:02:45,738 [ERROR] LogOutputStream:75 - [STDERR_REDIRECT] WARNING: Could not open/create prefs root node Software\JavaSoft\Prefs at root 0xffffffff80000002. Windows RegCreateKeyEx(...) returned error code 5.
2025-08-07 10:02:45,738 [ERROR] LogOutputStream:75 - [STDERR_REDIRECT] 
2025-08-07 10:02:46,470 [INFO] MainUpdater:2872 - connection check result : 10
2025-08-07 10:02:46,471 [INFO] MainUpdater:289 - Updater Check For Update Now.
2025-08-07 10:02:46,472 [INFO] MicroXplorer:498 - Change Database Version : DB.6.0.150
2025-08-07 10:02:46,494 [INFO] McuFinderGlobals:63 - Set McuFinder mode to 2 (CubeIDE integrated)
2025-08-07 10:02:46,497 [INFO] UserAuth:487 - Internet connection configuration mode: 1
2025-08-07 10:02:46,538 [INFO] JxBrowserEngine:152 - Initiate JxBrowser Engine with user profile folder
2025-08-07 10:02:46,719 [INFO] CheckServerUpdateThread:120 - End of CheckServer Thread
2025-08-07 10:02:47,813 [WARN] PackLoader:240 - Cannot read IP mode file for STMicroelectronics.FP-SNS-MOTENVWB1.1.4.0
2025-08-07 10:02:47,831 [WARN] PackLoader:240 - Cannot read IP mode file for STMicroelectronics.FP-ATR-ASTRA1.2.0.2
2025-08-07 10:02:47,838 [WARN] PackLoader:240 - Cannot read IP mode file for STMicroelectronics.FP-ATR-ASTRA1.2.0.1
2025-08-07 10:02:47,859 [WARN] PackLoader:240 - Cannot read IP mode file for STMicroelectronics.X-CUBE-SMBUS.2.1.0
2025-08-07 10:02:47,873 [WARN] PackLoader:240 - Cannot read IP mode file for STMicroelectronics.X-CUBE-WB05N.1.1.0
2025-08-07 10:02:47,886 [WARN] PackLoader:240 - Cannot read IP mode file for STMicroelectronics.X-CUBE-ST60.1.0.0
2025-08-07 10:02:47,950 [WARN] PackLoader:240 - Cannot read IP mode file for STMicroelectronics.X-CUBE-AZRTOS-F7.1.1.0
2025-08-07 10:02:47,970 [WARN] PackLoader:240 - Cannot read IP mode file for STMicroelectronics.FP-SNS-FLIGHT1.5.0.2
2025-08-07 10:02:48,033 [WARN] PackLoader:240 - Cannot read IP mode file for Infineon.AIROC-Wi-Fi-Bluetooth-STM32.1.7.0
2025-08-07 10:02:48,117 [WARN] PackLoader:240 - Cannot read IP mode file for STMicroelectronics.X-CUBE-AZRTOS-H7.3.4.0
2025-08-07 10:02:48,213 [WARN] PackLoader:240 - Cannot read IP mode file for STMicroelectronics.X-CUBE-DISPLAY.3.0.0
2025-08-07 10:02:48,237 [WARN] PackLoader:240 - Cannot read IP mode file for STMicroelectronics.X-CUBE-BLE1.7.0.0
2025-08-07 10:02:48,252 [WARN] PackLoader:240 - Cannot read IP mode file for STMicroelectronics.X-CUBE-NFC10.1.0.0
2025-08-07 10:02:48,278 [WARN] PackLoader:240 - Cannot read IP mode file for STMicroelectronics.X-CUBE-BLEMGR.4.0.0
2025-08-07 10:02:48,296 [WARN] PackLoader:240 - Cannot read IP mode file for emotas.I-CUBE-CANOPEN.1.3.0
2025-08-07 10:02:48,319 [WARN] PackLoader:240 - Cannot read IP mode file for STMicroelectronics.X-CUBE-AI.10.0.0
2025-08-07 10:02:48,336 [WARN] PackLoader:240 - Cannot read IP mode file for STMicroelectronics.FP-SNS-STBOX1.2.1.0
2025-08-07 10:02:48,351 [WARN] PackLoader:240 - Cannot read IP mode file for STMicroelectronics.FP-SNS-SMARTAG2.1.2.0
2025-08-07 10:02:48,359 [WARN] PackLoader:240 - Cannot read IP mode file for STMicroelectronics.FP-SNS-FLIGHT1.5.1.0
2025-08-07 10:02:48,491 [WARN] PackLoader:240 - Cannot read IP mode file for STMicroelectronics.X-CUBE-MEMS1.11.1.0
2025-08-07 10:02:48,800 [INFO] LogOutputStream:77 - [STDOUT_REDIRECT] 1 : Invalid condition id : UX_CORESTACK_Condition cause : null
2025-08-07 10:02:48,801 [INFO] LogOutputStream:77 - [STDOUT_REDIRECT] 1 : Invalid condition id : UX_CORESTACK_Condition cause : null
2025-08-07 10:02:48,804 [INFO] LogOutputStream:77 - [STDOUT_REDIRECT] 1 : Invalid condition id : UX_CORESTACK_Condition cause : null
2025-08-07 10:02:48,806 [INFO] LogOutputStream:77 - [STDOUT_REDIRECT] 1 : Invalid condition id : UX_CORESTACK_Condition cause : null
2025-08-07 10:02:48,808 [INFO] LogOutputStream:77 - [STDOUT_REDIRECT] 1 : Invalid condition id : UX_CORESTACK_Condition cause : null
2025-08-07 10:02:48,814 [WARN] PackLoader:240 - Cannot read IP mode file for STMicroelectronics.X-CUBE-AZRTOS-WL.2.0.0
2025-08-07 10:02:48,817 [INFO] WebApp:169 - Instantiating new browser for Auth
2025-08-07 10:02:48,825 [WARN] PackLoader:240 - Cannot read IP mode file for STMicroelectronics.FP-SNS-MOTENV1.5.0.0
2025-08-07 10:02:48,836 [WARN] PackLoader:240 - Cannot read IP mode file for wolfSSL.I-CUBE-wolfMQTT.1.19.0
2025-08-07 10:02:48,859 [WARN] PackLoader:240 - Cannot read IP mode file for WES.I-CUBE-Cesium.1.3.0
2025-08-07 10:02:49,031 [WARN] PackLoader:240 - Cannot read IP mode file for STMicroelectronics.X-CUBE-BLE2.3.3.0
2025-08-07 10:02:49,047 [WARN] PackLoader:240 - Cannot read IP mode file for STMicroelectronics.X-CUBE-NFC9.1.0.0
2025-08-07 10:02:49,059 [WARN] PackLoader:240 - Cannot read IP mode file for STMicroelectronics.X-CUBE-BLE1.7.1.0
2025-08-07 10:02:49,075 [WARN] PackLoader:240 - Cannot read IP mode file for STMicroelectronics.X-CUBE-EEPRMA1.5.2.0
2025-08-07 10:02:49,085 [WARN] PackLoader:240 - Cannot read IP mode file for STMicroelectronics.X-CUBE-AI.10.1.0
2025-08-07 10:02:49,194 [WARN] PackLoader:240 - Cannot read IP mode file for STMicroelectronics.X-CUBE-MEMS1.11.2.0
2025-08-07 10:02:49,457 [WARN] PackLoader:240 - Cannot read IP mode file for STMicroelectronics.X-CUBE-AZRTOS-G0.1.1.0
2025-08-07 10:02:49,477 [WARN] PackLoader:240 - Cannot read IP mode file for STMicroelectronics.X-CUBE-SAFEA1.1.2.2
2025-08-07 10:02:49,488 [WARN] PackLoader:240 - Cannot read IP mode file for STMicroelectronics.X-CUBE-NFC4.3.0.0
2025-08-07 10:02:49,505 [WARN] PackLoader:240 - Cannot read IP mode file for EmbeddedOffice.I-CUBE-FS-RTOS.1.0.1
2025-08-07 10:02:49,516 [WARN] PackLoader:240 - Cannot read IP mode file for STMicroelectronics.X-CUBE-WB05N.2.0.0
2025-08-07 10:02:49,531 [WARN] PackLoader:240 - Cannot read IP mode file for STMicroelectronics.X-CUBE-TCPP.4.2.0
2025-08-07 10:02:49,546 [WARN] PackLoader:240 - Cannot read IP mode file for RealThread.X-CUBE-RT-Thread_Nano.4.1.1
2025-08-07 10:02:49,556 [WARN] PackLoader:240 - Cannot read IP mode file for STMicroelectronics.FP-ATR-SIGFOX1.3.2.0
2025-08-07 10:02:49,566 [WARN] ConditionMgr:438 - getConditionDescription Invalid condition id : Cortex-A Device cause : null
2025-08-07 10:02:49,587 [WARN] ConditionMgr:1044 - genDependencies : Invalid condition id : Cortex-A Device cause : null
2025-08-07 10:02:49,587 [WARN] ConditionMgr:1044 - genDependencies : Invalid condition id : Cortex-A Device cause : null
2025-08-07 10:02:49,587 [WARN] ConditionMgr:1044 - genDependencies : Invalid condition id : Cortex-A Device cause : null
2025-08-07 10:02:49,606 [WARN] PackLoader:240 - Cannot read IP mode file for STMicroelectronics.X-CUBE-EEPRMA1.5.1.0
2025-08-07 10:02:49,620 [WARN] PackLoader:240 - Cannot read IP mode file for wolfSSL.I-CUBE-wolfSSL.5.7.4
2025-08-07 10:02:49,632 [WARN] PackLoader:240 - Cannot read IP mode file for ITTIA_DB.I-CUBE-ITTIADB.8.9.0
2025-08-07 10:02:49,644 [WARN] PackLoader:240 - Cannot read IP mode file for STMicroelectronics.X-CUBE-ST67W61.1.0.0
2025-08-07 10:02:49,654 [WARN] PackLoader:240 - Cannot read IP mode file for STMicroelectronics.X-CUBE-AI.10.2.0
2025-08-07 10:02:49,710 [WARN] PackLoader:240 - Cannot read IP mode file for SEGGER.I-CUBE-embOS.1.3.1
2025-08-07 10:02:49,786 [WARN] PackLoader:240 - Cannot read IP mode file for STMicroelectronics.X-CUBE-ALGOBUILD.1.4.0
2025-08-07 10:02:49,849 [WARN] PackLoader:240 - Cannot read IP mode file for STMicroelectronics.X-CUBE-MEMS1.11.3.0
2025-08-07 10:02:50,006 [WARN] PackLoader:240 - Cannot read IP mode file for STMicroelectronics.X-CUBE-AI.9.1.0
2025-08-07 10:02:50,016 [WARN] PackLoader:240 - Cannot read IP mode file for STMicroelectronics.X-CUBE-PM33A1.1.0.0
2025-08-07 10:02:50,049 [WARN] PackLoader:240 - Cannot read IP mode file for STMicroelectronics.X-CUBE-AZRTOS-F4.1.1.0
2025-08-07 10:02:50,061 [WARN] PackLoader:240 - Cannot read IP mode file for Avnet-IotConnect.X-CUBE-IoTC-DA16k-PMOD.1.0.0
2025-08-07 10:02:50,071 [WARN] PackLoader:240 - Cannot read IP mode file for STMicroelectronics.X-CUBE-ISPU.2.1.0
2025-08-07 10:02:50,085 [WARN] PackLoader:240 - Cannot read IP mode file for STMicroelectronics.X-CUBE-NFC12.1.0.0
2025-08-07 10:02:50,118 [WARN] PackLoader:240 - Cannot read IP mode file for STMicroelectronics.X-CUBE-AZRTOS-L5.2.0.0
2025-08-07 10:02:50,147 [WARN] PackLoader:240 - Cannot read IP mode file for STMicroelectronics.X-CUBE-NFC6.3.1.0
2025-08-07 10:02:50,165 [WARN] PackLoader:240 - Cannot read IP mode file for STMicroelectronics.X-CUBE-DPower.1.2.0
2025-08-07 10:02:50,179 [WARN] PackLoader:240 - Cannot read IP mode file for STMicroelectronics.X-CUBE-FREERTOS.1.3.1
2025-08-07 10:02:50,188 [WARN] PackLoader:240 - Cannot read IP mode file for STMicroelectronics.X-CUBE-FREERTOS.1.3.0
2025-08-07 10:02:50,199 [WARN] PackLoader:240 - Cannot read IP mode file for STMicroelectronics.X-CUBE-NFC7.1.0.1
2025-08-07 10:02:50,210 [WARN] PackLoader:240 - Cannot read IP mode file for STMicroelectronics.FP-SNS-STAIOTCFT.1.0.0
2025-08-07 10:02:50,219 [WARN] PackLoader:240 - Cannot read IP mode file for STMicroelectronics.X-CUBE-DPower.1.3.0
2025-08-07 10:02:50,253 [WARN] ConditionMgr:438 - getConditionDescription Invalid condition id : LAN8742 Phy interface Condition cause : null
2025-08-07 10:02:50,254 [WARN] PackLoader:240 - Cannot read IP mode file for STMicroelectronics.X-CUBE-AZRTOS-L4.2.0.0
2025-08-07 10:02:50,256 [WARN] ConditionMgr:1044 - genDependencies : Invalid condition id : LAN8742 Phy interface Condition cause : null
2025-08-07 10:02:50,257 [WARN] ConditionMgr:1044 - genDependencies : Invalid condition id : LAN8742 Phy interface Condition cause : null
2025-08-07 10:02:50,258 [WARN] ConditionMgr:1044 - genDependencies : Invalid condition id : LAN8742 Phy interface Condition cause : null
2025-08-07 10:02:50,272 [WARN] PackLoader:240 - Cannot read IP mode file for STMicroelectronics.X-CUBE-SFXS2LP1.4.0.0
2025-08-07 10:02:50,302 [WARN] PackLoader:240 - Cannot read IP mode file for STMicroelectronics.X-CUBE-AZRTOS-H7.3.3.0
2025-08-07 10:02:50,318 [WARN] PackLoader:240 - Cannot read IP mode file for STMicroelectronics.X-CUBE-BLEMGR.4.1.0
2025-08-07 10:02:50,338 [WARN] PackLoader:240 - Cannot read IP mode file for STMicroelectronics.X-CUBE-IPS.3.0.0
2025-08-07 10:02:50,355 [WARN] ConditionMgr:438 - getConditionDescription Invalid condition id : UX DEVICE CLASS RTOS Condition cause : null
2025-08-07 10:02:50,356 [WARN] ConditionMgr:438 - getConditionDescription Invalid condition id : UX DEVICE CLASS RTOS Condition cause : null
2025-08-07 10:02:50,358 [WARN] PackLoader:240 - Cannot read IP mode file for STMicroelectronics.X-CUBE-AZRTOS-WB.2.0.0
2025-08-07 10:02:50,358 [WARN] ConditionMgr:1044 - genDependencies : Invalid condition id : UX DEVICE CLASS RTOS Condition cause : null
2025-08-07 10:02:50,359 [WARN] ConditionMgr:1044 - genDependencies : Invalid condition id : UX DEVICE CLASS RTOS Condition cause : null
2025-08-07 10:02:50,359 [WARN] ConditionMgr:1044 - genDependencies : Invalid condition id : UX DEVICE CLASS RTOS Condition cause : null
2025-08-07 10:02:50,359 [WARN] ConditionMgr:1044 - genDependencies : Invalid condition id : UX DEVICE CLASS RTOS Condition cause : null
2025-08-07 10:02:50,359 [WARN] ConditionMgr:1044 - genDependencies : Invalid condition id : UX DEVICE CLASS RTOS Condition cause : null
2025-08-07 10:02:50,366 [WARN] PackLoader:240 - Cannot read IP mode file for STMicroelectronics.X-CUBE-GNSS1.7.0.1
2025-08-07 10:02:50,377 [WARN] PackLoader:240 - Cannot read IP mode file for STMicroelectronics.X-CUBE-TOUCHGFX.4.25.0
2025-08-07 10:02:50,385 [WARN] PackLoader:240 - Cannot read IP mode file for STMicroelectronics.FP-SNS-STBOX1.2.0.0
2025-08-07 10:02:50,400 [WARN] PackLoader:240 - Cannot read IP mode file for STMicroelectronics.X-CUBE-SUBG2.5.0.0
2025-08-07 10:02:50,426 [WARN] PackLoader:240 - Cannot read IP mode file for STMicroelectronics.X-CUBE-AZRTOS-H7RS.1.1.0
2025-08-07 10:02:50,436 [WARN] PackLoader:240 - Cannot read IP mode file for Cesanta.I-CUBE-Mongoose.7.13.0
2025-08-07 10:02:50,455 [WARN] PackLoader:240 - Cannot read IP mode file for STMicroelectronics.X-CUBE-AZRTOS-G4.2.0.0
2025-08-07 10:02:50,464 [WARN] PackLoader:240 - Cannot read IP mode file for STMicroelectronics.X-CUBE-NFC7.2.0.0
2025-08-07 10:02:50,476 [WARN] PackLoader:240 - Cannot read IP mode file for STMicroelectronics.X-CUBE-IPS.3.1.0
2025-08-07 10:02:50,487 [WARN] PackLoader:240 - Cannot read IP mode file for STMicroelectronics.X-CUBE-ALS.1.0.2
2025-08-07 10:02:50,496 [WARN] PackLoader:240 - Cannot read IP mode file for STMicroelectronics.X-CUBE-TOUCHGFX.4.24.0
2025-08-07 10:02:50,598 [WARN] PackLoader:240 - Cannot read IP mode file for STMicroelectronics.X-CUBE-TOUCHGFX.4.24.2
2025-08-07 10:02:50,687 [WARN] PackLoader:240 - Cannot read IP mode file for STMicroelectronics.X-CUBE-TOUCHGFX.4.24.1
2025-08-07 10:02:50,695 [WARN] PackLoader:240 - Cannot read IP mode file for wolfSSL.I-CUBE-wolfTPM.3.4.0
2025-08-07 10:02:50,707 [WARN] PackLoader:240 - Cannot read IP mode file for portGmbH.I-Cube-SoM-uGOAL.1.1.0
2025-08-07 10:02:50,736 [WARN] PackLoader:240 - Cannot read IP mode file for STMicroelectronics.X-CUBE-AZRTOS-H7RS.1.0.0
2025-08-07 10:02:50,764 [WARN] PackLoader:240 - Cannot read IP mode file for STMicroelectronics.X-CUBE-TOF1.3.4.2
2025-08-07 10:02:50,807 [WARN] PackLoader:240 - Cannot read IP mode file for STMicroelectronics.X-CUBE-TOF1.3.4.3
2025-08-07 10:02:50,833 [WARN] PackLoader:240 - Cannot read IP mode file for wolfSSL.I-CUBE-wolfSSH.1.4.17
2025-08-07 10:02:50,834 [INFO] ThirdParty:978 - Integrity check success = true
2025-08-07 10:02:50,834 [INFO] IntegrityCheckThread:100 - exiting critical section [integrity check]
2025-08-07 10:02:50,835 [INFO] IntegrityCheckThread:103 - End integrity checks thread
2025-08-07 10:02:51,057 [INFO] WebApp:463 - Apply proxy settings
2025-08-07 10:02:51,057 [INFO] WebApp:548 - Chromium requires no authentication
2025-08-07 10:02:51,081 [INFO] WebApp:491 - Direct internet connection detected
2025-08-07 10:02:51,137 [INFO] WebApp:900 - Register for checkConnection events
2025-08-07 10:02:51,137 [INFO] WebApp:463 - Apply proxy settings
2025-08-07 10:02:51,137 [INFO] WebApp:548 - Chromium requires no authentication
2025-08-07 10:02:51,138 [INFO] WebApp:491 - Direct internet connection detected
2025-08-07 10:02:51,465 [INFO] WebApp:225 - Starting web application
2025-08-07 10:02:51,465 [INFO] WebApp:593 - Web application path used C:\ST\STM32CubeIDE_1.16.1\STM32CubeIDE\plugins\com.st.stm32cube.common.mx_6.15.0.202507011659\db\plugins\mcufinder\reactClient1\index.html
2025-08-07 10:02:51,912 [INFO] WebApp:191 - Connection restablished
2025-08-07 10:02:51,943 [INFO] UserAuth:487 - Internet connection configuration mode: 1
2025-08-07 19:11:48,790 [ERROR] LogOutputStream:75 - [STDERR_REDIRECT] 
