2025-07-24 09:18:58,665 [INFO] Activator:176 - 


2025-07-24 09:18:58,678 [INFO] Activator:177 - !SESSION log4j initialized
2025-07-24 09:19:07,245 [INFO] LogOutputStream:77 - [STDOUT_REDIRECT] 
2025-07-24 09:19:09,301 [INFO] ApplicationProperties:184 - Using Application install path: C:\ST\STM32CubeIDE_1.16.1\STM32CubeIDE\plugins\com.st.stm32cube.common.mx_6.14.1.202504091515
2025-07-24 09:19:09,328 [INFO] DbMcusXml:78 - Set database path to: C:\ST\STM32CubeIDE_1.16.1\STM32CubeIDE\plugins\com.st.stm32cube.common.mx_6.14.1.202504091515\\db\/mcu/
2025-07-24 09:19:09,328 [INFO] ApiDb:274 - Set plugin database path to: C:\ST\STM32CubeIDE_1.16.1\STM32CubeIDE\plugins\com.st.stm32cube.common.mx_6.14.1.202504091515\\db\/plugins/boardmanager/
2025-07-24 09:19:09,330 [WARN] ApiDb:259 - Overriding images path with different value:  => C:\ST\STM32CubeIDE_1.16.1\STM32CubeIDE\plugins\com.st.stm32cube.common.mx_6.14.1.202504091515\\db\/plugins/mcufinder/images/
2025-07-24 09:19:09,345 [INFO] ApiDb:250 - Set database path to: C:\Users\kjeya\.stmcufinder\plugins\mcufinder//mcu/
2025-07-24 09:19:09,347 [INFO] DbMcusAds:125 - Set database path to: C:\Users\kjeya\.stmcufinder\plugins\mcufinder//mcu/
2025-07-24 09:19:09,347 [INFO] CrossReferenceDbSqlite:203 - Set database path to: C:\Users\kjeya\.stmcufinder\plugins\mcufinder//mcu/cs/
2025-07-24 09:19:09,556 [INFO] RulesReader:64 - Compatibility file has been processed (302 Rules)
2025-07-24 09:19:09,686 [INFO] DbMcusXml:78 - Set database path to: C:\ST\STM32CubeIDE_1.16.1\STM32CubeIDE\plugins\com.st.stm32cube.common.mx_6.14.1.202504091515\\db\/mcu/
2025-07-24 09:19:09,686 [INFO] ApiDb:274 - Set plugin database path to: C:\ST\STM32CubeIDE_1.16.1\STM32CubeIDE\plugins\com.st.stm32cube.common.mx_6.14.1.202504091515\\db\/plugins/boardmanager/
2025-07-24 09:19:09,686 [INFO] ApiDb:261 - Set plugin images path to: C:\ST\STM32CubeIDE_1.16.1\STM32CubeIDE\plugins\com.st.stm32cube.common.mx_6.14.1.202504091515\\db\/plugins/mcufinder/images/
2025-07-24 09:19:09,686 [WARN] DbFile:41 - Overriding database path with different value: C:\Users\kjeya\.stmcufinder\plugins\mcufinder/ => C:\Users\kjeya\.stmcufinder\plugins\mcufinder
2025-07-24 09:19:09,686 [INFO] ApiDb:250 - Set database path to: C:\Users\kjeya\.stmcufinder\plugins\mcufinder//mcu/
2025-07-24 09:19:09,686 [WARN] DbFile:41 - Overriding database path with different value: C:\Users\kjeya\.stmcufinder\plugins\mcufinder/ => C:\Users\kjeya\.stmcufinder\plugins\mcufinder
2025-07-24 09:19:09,686 [INFO] DbMcusAds:125 - Set database path to: C:\Users\kjeya\.stmcufinder\plugins\mcufinder//mcu/
2025-07-24 09:19:09,686 [WARN] DbFile:41 - Overriding database path with different value: C:\Users\kjeya\.stmcufinder\plugins\mcufinder/ => C:\Users\kjeya\.stmcufinder\plugins\mcufinder
2025-07-24 09:19:09,686 [WARN] DbFile:41 - Overriding database path with different value: C:\Users\kjeya\.stmcufinder\plugins\mcufinder/ => C:\Users\kjeya\.stmcufinder\plugins\mcufinder
2025-07-24 09:19:09,686 [INFO] CrossReferenceDbSqlite:203 - Set database path to: C:\Users\kjeya\.stmcufinder\plugins\mcufinder//mcu/cs/
2025-07-24 09:19:09,788 [INFO] MainPanel:272 - HeapMemory: 268435456
2025-07-24 09:19:10,001 [INFO] DbMcusXml:78 - Set database path to: C:\ST\STM32CubeIDE_1.16.1\STM32CubeIDE\plugins\com.st.stm32cube.common.mx_6.14.1.202504091515\\db\/mcu/
2025-07-24 09:19:10,001 [INFO] ApiDb:274 - Set plugin database path to: C:\ST\STM32CubeIDE_1.16.1\STM32CubeIDE\plugins\com.st.stm32cube.common.mx_6.14.1.202504091515\\db\/plugins/boardmanager/
2025-07-24 09:19:10,003 [INFO] ApiDb:261 - Set plugin images path to: C:\ST\STM32CubeIDE_1.16.1\STM32CubeIDE\plugins\com.st.stm32cube.common.mx_6.14.1.202504091515\\db\/plugins/mcufinder/images/
2025-07-24 09:19:10,004 [WARN] DbFile:41 - Overriding database path with different value: C:\Users\kjeya\.stmcufinder\plugins\mcufinder/ => C:\Users\kjeya\.stmcufinder\plugins\mcufinder
2025-07-24 09:19:10,006 [INFO] ApiDb:250 - Set database path to: C:\Users\kjeya\.stmcufinder\plugins\mcufinder//mcu/
2025-07-24 09:19:10,006 [WARN] DbFile:41 - Overriding database path with different value: C:\Users\kjeya\.stmcufinder\plugins\mcufinder/ => C:\Users\kjeya\.stmcufinder\plugins\mcufinder
2025-07-24 09:19:10,007 [INFO] DbMcusAds:125 - Set database path to: C:\Users\kjeya\.stmcufinder\plugins\mcufinder//mcu/
2025-07-24 09:19:10,007 [WARN] DbFile:41 - Overriding database path with different value: C:\Users\kjeya\.stmcufinder\plugins\mcufinder/ => C:\Users\kjeya\.stmcufinder\plugins\mcufinder
2025-07-24 09:19:10,007 [WARN] DbFile:41 - Overriding database path with different value: C:\Users\kjeya\.stmcufinder\plugins\mcufinder/ => C:\Users\kjeya\.stmcufinder\plugins\mcufinder
2025-07-24 09:19:10,007 [INFO] CrossReferenceDbSqlite:203 - Set database path to: C:\Users\kjeya\.stmcufinder\plugins\mcufinder//mcu/cs/
2025-07-24 09:19:10,046 [INFO] ApplicationProperties:184 - Using Application install path: C:\ST\STM32CubeIDE_1.16.1\STM32CubeIDE\plugins\com.st.stm32cube.common.mx_6.14.1.202504091515
2025-07-24 09:19:10,052 [INFO] PluginManage:196 - Search for loadable plugins [exclusion list=, ]
2025-07-24 09:19:10,056 [INFO] PluginManage:310 - Check plugin analytics
2025-07-24 09:19:10,431 [INFO] AnalyticsPlugin:253 - Accepted Software Licenses: STM32CubeMX.6.11.1,STM32CubeMX.6.13.0
2025-07-24 09:19:10,432 [INFO] AnalyticsPlugin:255 - Accepted CMSIS Pack Licenses: STMicroelectronics.X-CUBE-TOUCHGFX.4.24.0,WES.I-CUBE-Cesium.1.3.0,STMicroelectronics.X-CUBE-TOUCHGFX.4.24.2
2025-07-24 09:19:10,432 [INFO] AnalyticsPlugin:257 - Accepted Firmware Licenses: FW.F4.1.28.0,FW.L4.1.18.0,FW.WL.1.3.0,FW.H7.1.11.0,FW.H7.1.12.0
2025-07-24 09:19:10,437 [INFO] PluginManage:359 - Loaded plugin analytics (category:tool,tabindex:-1)
2025-07-24 09:19:10,437 [INFO] PluginManage:310 - Check plugin cadmodel
2025-07-24 09:19:10,451 [INFO] CADModel:105 - Init CAD model plugin
2025-07-24 09:19:10,451 [INFO] PluginManage:359 - Loaded plugin cadmodel (category:power,tabindex:5)
2025-07-24 09:19:10,451 [INFO] PluginManage:310 - Check plugin clock
2025-07-24 09:19:10,473 [INFO] PluginManage:359 - Loaded plugin clock (category:base,tabindex:2)
2025-07-24 09:19:10,473 [INFO] PluginManage:310 - Check plugin ddr
2025-07-24 09:19:10,479 [INFO] PluginManage:359 - Loaded plugin ddr (category:tool,tabindex:6)
2025-07-24 09:19:10,479 [INFO] PluginManage:310 - Check plugin filemanager
2025-07-24 09:19:10,700 [INFO] PluginManage:359 - Loaded plugin filemanager (category:base,tabindex:10)
2025-07-24 09:19:10,700 [INFO] PluginManage:310 - Check plugin ipmanager
2025-07-24 09:19:10,716 [INFO] PluginManage:359 - Loaded plugin ipmanager (category:base,tabindex:5)
2025-07-24 09:19:10,717 [INFO] PluginManage:310 - Check plugin lpbam
2025-07-24 09:19:10,732 [INFO] PluginManage:359 - Loaded plugin lpbam (category:base,tabindex:0)
2025-07-24 09:19:10,732 [INFO] PluginManage:310 - Check plugin memorymap
2025-07-24 09:19:10,764 [INFO] PluginManage:359 - Loaded plugin memorymap (category:base,tabindex:4)
2025-07-24 09:19:10,764 [INFO] PluginManage:310 - Check plugin pinoutandconfiguration
2025-07-24 09:19:10,795 [INFO] PluginManage:359 - Loaded plugin pinoutandconfiguration (category:base,tabindex:1)
2025-07-24 09:19:10,795 [INFO] PluginManage:310 - Check plugin pinoutconfig
2025-07-24 09:19:10,943 [WARN] SupportedApi:132 - Cannot load RTOS API schema: s4s-elt-must-match.1: The content of 'definitions' must match (annotation?, (simpleType | complexType)?, (unique | key | keyref)*)). A problem was found starting at: attribute.
2025-07-24 09:19:11,144 [INFO] PluginManage:359 - Loaded plugin pinoutconfig (category:base,tabindex:0)
2025-07-24 09:19:11,144 [INFO] PluginManage:310 - Check plugin power
2025-07-24 09:19:11,159 [INFO] PluginManage:359 - Loaded plugin power (category:power,tabindex:4)
2025-07-24 09:19:11,159 [INFO] PluginManage:310 - Check plugin projectmanager
2025-07-24 09:19:11,185 [INFO] PluginManage:359 - Loaded plugin projectmanager (category:projectmanager,tabindex:4)
2025-07-24 09:19:11,186 [INFO] PluginManage:310 - Check plugin rif
2025-07-24 09:19:11,200 [INFO] PluginManage:359 - Loaded plugin rif (category:base,tabindex:3)
2025-07-24 09:19:11,201 [INFO] PluginManage:310 - Check plugin thirdparty
2025-07-24 09:19:11,421 [WARN] IntegrityCheckThread:84 - waiting for thirdparty lock release [integrity check]
2025-07-24 09:19:11,421 [INFO] IntegrityCheckThread:86 - entering critical section [integrity check]
2025-07-24 09:19:11,421 [INFO] PluginManage:359 - Loaded plugin thirdparty (category:base,tabindex:-1)
2025-07-24 09:19:11,423 [INFO] PluginManage:310 - Check plugin tools
2025-07-24 09:19:11,423 [INFO] ThirdPartyUpdaterWithRetryManager:70 - Updater plugin not ready yet. [1/15]
2025-07-24 09:19:11,429 [INFO] PluginManage:359 - Loaded plugin tools (category:base,tabindex:7)
2025-07-24 09:19:11,431 [INFO] PluginManage:310 - Check plugin tutovideos
2025-07-24 09:19:11,716 [INFO] PluginManage:359 - Loaded plugin tutovideos (category:base,tabindex:-1)
2025-07-24 09:19:11,716 [INFO] PluginManage:310 - Check plugin updater
2025-07-24 09:19:11,756 [INFO] PluginManage:359 - Loaded plugin updater (category:base,tabindex:12)
2025-07-24 09:19:11,756 [INFO] PluginManage:310 - Check plugin userauth
2025-07-24 09:19:11,764 [INFO] UserAuth:118 - Init User Auth plugin
2025-07-24 09:19:11,766 [INFO] PluginManage:359 - Loaded plugin userauth (category:base,tabindex:14)
2025-07-24 09:19:11,766 [INFO] PluginManage:283 - PluginManage : Loaded plugins [18]
2025-07-24 09:19:12,174 [INFO] PinOutPanel:1589 - setPackage(No Configuration,No Configuration)
2025-07-24 09:19:12,334 [INFO] CADModel:165 - CPN selected for project level
2025-07-24 09:19:12,334 [INFO] CADModel:114 - Register for checkConnection events
2025-07-24 09:19:12,356 [INFO] IPUIPlugin:80 - create IPUIPlugin
2025-07-24 09:19:12,356 [INFO] PluginManager:220 - loadIPPluginJar : add adc
2025-07-24 09:19:12,356 [INFO] IPUIPlugin:80 - create IPUIPlugin
2025-07-24 09:19:12,356 [INFO] PluginManager:220 - loadIPPluginJar : add aes
2025-07-24 09:19:12,363 [INFO] IPUIPlugin:80 - create IPUIPlugin
2025-07-24 09:19:12,363 [INFO] PluginManager:220 - loadIPPluginJar : add can
2025-07-24 09:19:12,363 [INFO] IPUIPlugin:80 - create IPUIPlugin
2025-07-24 09:19:12,363 [INFO] PluginManager:220 - loadIPPluginJar : add comp
2025-07-24 09:19:12,368 [INFO] IPUIPlugin:80 - create IPUIPlugin
2025-07-24 09:19:12,368 [INFO] PluginManager:220 - loadIPPluginJar : add cryp
2025-07-24 09:19:12,372 [INFO] IPUIPlugin:80 - create IPUIPlugin
2025-07-24 09:19:12,372 [INFO] PluginManager:220 - loadIPPluginJar : add ddr_ctrl_phy
2025-07-24 09:19:12,373 [INFO] IPUIPlugin:80 - create IPUIPlugin
2025-07-24 09:19:12,373 [INFO] PluginManager:220 - loadIPPluginJar : add dfsdm
2025-07-24 09:19:12,379 [INFO] IPUIPlugin:80 - create IPUIPlugin
2025-07-24 09:19:12,381 [INFO] PluginManager:220 - loadIPPluginJar : add dma
2025-07-24 09:19:12,383 [INFO] IPUIPlugin:80 - create IPUIPlugin
2025-07-24 09:19:12,385 [INFO] PluginManager:220 - loadIPPluginJar : add dma3
2025-07-24 09:19:12,389 [INFO] IPUIPlugin:80 - create IPUIPlugin
2025-07-24 09:19:12,389 [INFO] PluginManager:220 - loadIPPluginJar : add extmemmanager
2025-07-24 09:19:12,390 [INFO] IPUIPlugin:80 - create IPUIPlugin
2025-07-24 09:19:12,391 [INFO] PluginManager:220 - loadIPPluginJar : add fatfs
2025-07-24 09:19:12,393 [INFO] IPUIPlugin:80 - create IPUIPlugin
2025-07-24 09:19:12,393 [INFO] PluginManager:220 - loadIPPluginJar : add fmc
2025-07-24 09:19:12,404 [INFO] IPUIPlugin:80 - create IPUIPlugin
2025-07-24 09:19:12,404 [INFO] PluginManager:220 - loadIPPluginJar : add freertos
2025-07-24 09:19:12,404 [INFO] IPUIPlugin:80 - create IPUIPlugin
2025-07-24 09:19:12,404 [INFO] PluginManager:220 - loadIPPluginJar : add genericplugin
2025-07-24 09:19:12,404 [INFO] IPUIPlugin:80 - create IPUIPlugin
2025-07-24 09:19:12,404 [INFO] PluginManager:220 - loadIPPluginJar : add gfxmmu
2025-07-24 09:19:12,417 [INFO] IPUIPlugin:80 - create IPUIPlugin
2025-07-24 09:19:12,417 [INFO] PluginManager:220 - loadIPPluginJar : add gic
2025-07-24 09:19:12,424 [INFO] IPUIPlugin:80 - create IPUIPlugin
2025-07-24 09:19:12,424 [INFO] PluginManager:220 - loadIPPluginJar : add gpio
2025-07-24 09:19:12,428 [INFO] IPUIPlugin:80 - create IPUIPlugin
2025-07-24 09:19:12,428 [INFO] PluginManager:220 - loadIPPluginJar : add gtzc
2025-07-24 09:19:12,433 [INFO] IPUIPlugin:80 - create IPUIPlugin
2025-07-24 09:19:12,433 [INFO] PluginManager:220 - loadIPPluginJar : add hash
2025-07-24 09:19:12,437 [INFO] IPUIPlugin:80 - create IPUIPlugin
2025-07-24 09:19:12,437 [INFO] PluginManager:220 - loadIPPluginJar : add i2c
2025-07-24 09:19:12,439 [INFO] IPUIPlugin:80 - create IPUIPlugin
2025-07-24 09:19:12,439 [INFO] PluginManager:220 - loadIPPluginJar : add i2s
2025-07-24 09:19:12,447 [INFO] IPUIPlugin:80 - create IPUIPlugin
2025-07-24 09:19:12,447 [INFO] PluginManager:220 - loadIPPluginJar : add i3c
2025-07-24 09:19:12,450 [INFO] IPUIPlugin:80 - create IPUIPlugin
2025-07-24 09:19:12,450 [INFO] PluginManager:220 - loadIPPluginJar : add ipddr
2025-07-24 09:19:12,455 [INFO] IPUIPlugin:80 - create IPUIPlugin
2025-07-24 09:19:12,455 [INFO] PluginManager:220 - loadIPPluginJar : add linkedlist
2025-07-24 09:19:12,463 [INFO] IPUIPlugin:80 - create IPUIPlugin
2025-07-24 09:19:12,463 [INFO] PluginManager:220 - loadIPPluginJar : add lorawan
2025-07-24 09:19:12,463 [INFO] IPUIPlugin:80 - create IPUIPlugin
2025-07-24 09:19:12,463 [INFO] PluginManager:220 - loadIPPluginJar : add ltdc
2025-07-24 09:19:12,463 [INFO] IPUIPlugin:80 - create IPUIPlugin
2025-07-24 09:19:12,463 [INFO] PluginManager:220 - loadIPPluginJar : add mdma
2025-07-24 09:19:12,463 [INFO] IPUIPlugin:80 - create IPUIPlugin
2025-07-24 09:19:12,463 [INFO] PluginManager:220 - loadIPPluginJar : add nvic
2025-07-24 09:19:12,480 [INFO] IPUIPlugin:80 - create IPUIPlugin
2025-07-24 09:19:12,480 [INFO] PluginManager:220 - loadIPPluginJar : add opamp
2025-07-24 09:19:12,485 [INFO] IPUIPlugin:80 - create IPUIPlugin
2025-07-24 09:19:12,485 [INFO] PluginManager:220 - loadIPPluginJar : add openamp
2025-07-24 09:19:12,485 [INFO] IPUIPlugin:80 - create IPUIPlugin
2025-07-24 09:19:12,485 [INFO] PluginManager:220 - loadIPPluginJar : add pdm2pcm
2025-07-24 09:19:12,495 [INFO] IPUIPlugin:80 - create IPUIPlugin
2025-07-24 09:19:12,497 [INFO] PluginManager:220 - loadIPPluginJar : add plateformsettings
2025-07-24 09:19:12,501 [INFO] IPUIPlugin:80 - create IPUIPlugin
2025-07-24 09:19:12,501 [INFO] PluginManager:220 - loadIPPluginJar : add quadspi
2025-07-24 09:19:12,503 [INFO] IPUIPlugin:80 - create IPUIPlugin
2025-07-24 09:19:12,503 [INFO] PluginManager:220 - loadIPPluginJar : add radio
2025-07-24 09:19:12,503 [INFO] IPUIPlugin:80 - create IPUIPlugin
2025-07-24 09:19:12,510 [INFO] PluginManager:220 - loadIPPluginJar : add resmgrutility
2025-07-24 09:19:12,510 [INFO] IPUIPlugin:80 - create IPUIPlugin
2025-07-24 09:19:12,510 [INFO] PluginManager:220 - loadIPPluginJar : add sai
2025-07-24 09:19:12,516 [INFO] IPUIPlugin:80 - create IPUIPlugin
2025-07-24 09:19:12,516 [INFO] PluginManager:220 - loadIPPluginJar : add spi
2025-07-24 09:19:12,526 [INFO] IPUIPlugin:80 - create IPUIPlugin
2025-07-24 09:19:12,526 [INFO] PluginManager:220 - loadIPPluginJar : add stm32_wpan
2025-07-24 09:19:12,529 [INFO] IPUIPlugin:80 - create IPUIPlugin
2025-07-24 09:19:12,529 [INFO] PluginManager:220 - loadIPPluginJar : add tim
2025-07-24 09:19:12,534 [INFO] IPUIPlugin:80 - create IPUIPlugin
2025-07-24 09:19:12,534 [INFO] PluginManager:220 - loadIPPluginJar : add touchsensing
2025-07-24 09:19:12,537 [INFO] IPUIPlugin:80 - create IPUIPlugin
2025-07-24 09:19:12,539 [INFO] PluginManager:220 - loadIPPluginJar : add tracer_emb
2025-07-24 09:19:12,542 [INFO] IPUIPlugin:80 - create IPUIPlugin
2025-07-24 09:19:12,542 [INFO] PluginManager:220 - loadIPPluginJar : add ts
2025-07-24 09:19:12,545 [INFO] IPUIPlugin:80 - create IPUIPlugin
2025-07-24 09:19:12,545 [INFO] PluginManager:220 - loadIPPluginJar : add tsc
2025-07-24 09:19:12,549 [INFO] IPUIPlugin:80 - create IPUIPlugin
2025-07-24 09:19:12,549 [INFO] PluginManager:220 - loadIPPluginJar : add ucpd
2025-07-24 09:19:12,554 [INFO] IPUIPlugin:80 - create IPUIPlugin
2025-07-24 09:19:12,554 [INFO] PluginManager:220 - loadIPPluginJar : add usart
2025-07-24 09:19:12,560 [INFO] IPUIPlugin:80 - create IPUIPlugin
2025-07-24 09:19:12,560 [INFO] PluginManager:220 - loadIPPluginJar : add usbx
2025-07-24 09:19:12,762 [FATAL] Updater:351 - Updater called before beeing initialized
2025-07-24 09:19:12,818 [INFO] RulesReader:64 - Compatibility file has been processed (302 Rules)
2025-07-24 09:19:12,840 [INFO] RulesReader:64 - Compatibility file has been processed (302 Rules)
2025-07-24 09:19:12,856 [INFO] CADModel:165 - CPN selected for project level
2025-07-24 09:19:12,858 [INFO] CADModel:114 - Register for checkConnection events
2025-07-24 09:19:12,858 [FATAL] Updater:351 - Updater called before beeing initialized
2025-07-24 09:19:12,858 [ERROR] CADModel:125 - Updater not yet initialized, retry later 
2025-07-24 09:19:13,123 [FATAL] Updater:351 - Updater called before beeing initialized
2025-07-24 09:19:13,127 [INFO] CADModel:165 - CPN selected for project level
2025-07-24 09:19:13,128 [INFO] CADModel:114 - Register for checkConnection events
2025-07-24 09:19:13,128 [FATAL] Updater:351 - Updater called before beeing initialized
2025-07-24 09:19:13,128 [ERROR] CADModel:125 - Updater not yet initialized, retry later 
2025-07-24 09:19:13,134 [FATAL] Updater:351 - Updater called before beeing initialized
2025-07-24 09:19:13,380 [FATAL] Updater:351 - Updater called before beeing initialized
2025-07-24 09:19:13,387 [INFO] DbMcusAds:53 - JSON generation date=Tue Jul 08 13:44:23 IST 2025 (1751962463562)
2025-07-24 09:19:13,387 [FATAL] Updater:351 - Updater called before beeing initialized
2025-07-24 09:19:13,445 [WARN] DetailPanel:346 - Failed to get advertising image, set to default
2025-07-24 09:19:13,813 [FATAL] Updater:351 - Updater called before beeing initialized
2025-07-24 09:19:13,817 [FATAL] Updater:351 - Updater called before beeing initialized
2025-07-24 09:19:13,817 [FATAL] Updater:351 - Updater called before beeing initialized
2025-07-24 09:19:13,817 [WARN] DetailPanel:346 - Failed to get advertising image, set to default
2025-07-24 09:19:13,818 [FATAL] Updater:351 - Updater called before beeing initialized
2025-07-24 09:19:13,888 [ERROR] Updater:1198 - MainUpdater not yet initialized. External WinMGr cannot be set.
2025-07-24 09:19:13,890 [INFO] Updater:1134 - Updater Version found : 6.14.1
2025-07-24 09:19:13,922 [INFO] ApplicationProperties:184 - Using Application install path: C:\ST\STM32CubeIDE_1.16.1\STM32CubeIDE\plugins\com.st.stm32cube.common.mx_6.14.1.202504091515
2025-07-24 09:19:14,440 [INFO] ThirdPartyUpdaterWithRetryManager:70 - Updater plugin not ready yet. [2/15]
2025-07-24 09:19:15,537 [ERROR] LogOutputStream:75 - [STDERR_REDIRECT] Jul 24, 2025 9:19:15 AM java.util.prefs.WindowsPreferences <init>
2025-07-24 09:19:15,539 [ERROR] LogOutputStream:75 - [STDERR_REDIRECT] WARNING: Could not open/create prefs root node Software\JavaSoft\Prefs at root 0xffffffff80000002. Windows RegCreateKeyEx(...) returned error code 5.
2025-07-24 09:19:15,539 [ERROR] LogOutputStream:75 - [STDERR_REDIRECT] 
2025-07-24 09:19:16,226 [INFO] MainUpdater:2872 - connection check result : 10
2025-07-24 09:19:16,226 [INFO] MainUpdater:3566 - Updater definition file requires update
2025-07-24 09:19:16,229 [INFO] MainUpdater:289 - Updater Check For Update Now.
2025-07-24 09:19:16,229 [INFO] MicroXplorer:498 - Change Database Version : DB.6.0.141
2025-07-24 09:19:16,235 [INFO] McuFinderGlobals:63 - Set McuFinder mode to 2 (CubeIDE integrated)
2025-07-24 09:19:16,235 [INFO] UserAuth:484 - Internet connection configuration mode: 1
2025-07-24 09:19:16,264 [INFO] JxBrowserEngine:152 - Initiate JxBrowser Engine with user profile folder
2025-07-24 09:19:16,386 [INFO] ServerAccessManage:473 - Download File updaters.zip
2025-07-24 09:19:16,494 [INFO] FileExtend:242 - Unzip File : updaters.zip
2025-07-24 09:19:16,496 [INFO] FileExtend:257 - Standard Zip Deflate
2025-07-24 09:19:17,069 [INFO] ServerAccessManage:473 - Download File PacksControlFlags.xml
2025-07-24 09:19:17,247 [INFO] ServerAccessManage:473 - Download File cubemx.pidx
2025-07-24 09:19:17,444 [WARN] MainUpdater:1193 - Updater busy. Cannot search thirdparties
2025-07-24 09:19:17,444 [INFO] ThirdPartyUpdaterWithRetryManager:96 - Updater plugin is busy. [1/15]
2025-07-24 09:19:17,489 [INFO] LoadServerUpdatesThread:375 - End of LoadServerUpdate Thread
2025-07-24 09:19:17,846 [INFO] CheckServerUpdateThread:120 - End of CheckServer Thread
2025-07-24 09:19:18,494 [INFO] WebApp:169 - Instantiating new browser for Auth
2025-07-24 09:19:20,187 [INFO] WebApp:463 - Apply proxy settings
2025-07-24 09:19:20,188 [INFO] WebApp:548 - Chromium requires no authentication
2025-07-24 09:19:20,208 [INFO] WebApp:491 - Direct internet connection detected
2025-07-24 09:19:20,266 [INFO] WebApp:894 - Register for checkConnection events
2025-07-24 09:19:20,266 [INFO] WebApp:463 - Apply proxy settings
2025-07-24 09:19:20,266 [INFO] WebApp:548 - Chromium requires no authentication
2025-07-24 09:19:20,268 [INFO] WebApp:491 - Direct internet connection detected
2025-07-24 09:19:20,509 [INFO] WebApp:191 - Connection restablished
2025-07-24 09:19:20,832 [INFO] WebApp:225 - Starting web application
2025-07-24 09:19:20,832 [INFO] WebApp:593 - Web application path used C:\ST\STM32CubeIDE_1.16.1\STM32CubeIDE\plugins\com.st.stm32cube.common.mx_6.14.1.202504091515\db\plugins\mcufinder\reactClient1\index.html
2025-07-24 09:19:21,241 [WARN] PackLoader:240 - Cannot read IP mode file for STMicroelectronics.FP-SNS-MOTENVWB1.1.4.0
2025-07-24 09:19:21,259 [WARN] PackLoader:240 - Cannot read IP mode file for STMicroelectronics.FP-ATR-ASTRA1.2.0.2
2025-07-24 09:19:21,267 [WARN] PackLoader:240 - Cannot read IP mode file for STMicroelectronics.FP-ATR-ASTRA1.2.0.1
2025-07-24 09:19:21,291 [WARN] PackLoader:240 - Cannot read IP mode file for STMicroelectronics.X-CUBE-SMBUS.2.1.0
2025-07-24 09:19:21,314 [WARN] PackLoader:240 - Cannot read IP mode file for STMicroelectronics.X-CUBE-WB05N.1.1.0
2025-07-24 09:19:21,340 [WARN] PackLoader:240 - Cannot read IP mode file for STMicroelectronics.X-CUBE-ST60.1.0.0
2025-07-24 09:19:21,361 [INFO] UserAuth:484 - Internet connection configuration mode: 1
2025-07-24 09:19:21,447 [WARN] PackLoader:240 - Cannot read IP mode file for STMicroelectronics.X-CUBE-AZRTOS-F7.1.1.0
2025-07-24 09:19:21,481 [WARN] PackLoader:240 - Cannot read IP mode file for STMicroelectronics.FP-SNS-FLIGHT1.5.0.2
2025-07-24 09:19:21,576 [WARN] PackLoader:240 - Cannot read IP mode file for Infineon.AIROC-Wi-Fi-Bluetooth-STM32.1.7.0
2025-07-24 09:19:21,713 [WARN] PackLoader:240 - Cannot read IP mode file for STMicroelectronics.X-CUBE-AZRTOS-H7.3.4.0
2025-07-24 09:19:21,760 [WARN] PackLoader:240 - Cannot read IP mode file for STMicroelectronics.X-CUBE-DISPLAY.3.0.0
2025-07-24 09:19:21,791 [WARN] PackLoader:240 - Cannot read IP mode file for STMicroelectronics.X-CUBE-BLE1.7.0.0
2025-07-24 09:19:21,813 [WARN] PackLoader:240 - Cannot read IP mode file for STMicroelectronics.X-CUBE-NFC10.1.0.0
2025-07-24 09:19:21,844 [WARN] PackLoader:240 - Cannot read IP mode file for STMicroelectronics.X-CUBE-BLEMGR.4.0.0
2025-07-24 09:19:21,864 [WARN] PackLoader:240 - Cannot read IP mode file for emotas.I-CUBE-CANOPEN.1.3.0
2025-07-24 09:19:21,874 [WARN] PackLoader:240 - Cannot read IP mode file for STMicroelectronics.X-CUBE-AI.10.0.0
2025-07-24 09:19:21,895 [WARN] PackLoader:240 - Cannot read IP mode file for STMicroelectronics.FP-SNS-SMARTAG2.1.2.0
2025-07-24 09:19:21,906 [WARN] PackLoader:240 - Cannot read IP mode file for STMicroelectronics.FP-SNS-FLIGHT1.5.1.0
2025-07-24 09:19:22,046 [WARN] PackLoader:240 - Cannot read IP mode file for STMicroelectronics.X-CUBE-MEMS1.11.1.0
2025-07-24 09:19:22,488 [INFO] LogOutputStream:77 - [STDOUT_REDIRECT] 1 : Invalid condition id : UX_CORESTACK_Condition cause : null
2025-07-24 09:19:22,489 [INFO] LogOutputStream:77 - [STDOUT_REDIRECT] 1 : Invalid condition id : UX_CORESTACK_Condition cause : null
2025-07-24 09:19:22,496 [INFO] LogOutputStream:77 - [STDOUT_REDIRECT] 1 : Invalid condition id : UX_CORESTACK_Condition cause : null
2025-07-24 09:19:22,499 [INFO] LogOutputStream:77 - [STDOUT_REDIRECT] 1 : Invalid condition id : UX_CORESTACK_Condition cause : null
2025-07-24 09:19:22,501 [INFO] LogOutputStream:77 - [STDOUT_REDIRECT] 1 : Invalid condition id : UX_CORESTACK_Condition cause : null
2025-07-24 09:19:22,509 [WARN] PackLoader:240 - Cannot read IP mode file for STMicroelectronics.X-CUBE-AZRTOS-WL.2.0.0
2025-07-24 09:19:22,523 [WARN] PackLoader:240 - Cannot read IP mode file for STMicroelectronics.FP-SNS-MOTENV1.5.0.0
2025-07-24 09:19:22,539 [WARN] PackLoader:240 - Cannot read IP mode file for wolfSSL.I-CUBE-wolfMQTT.1.19.0
2025-07-24 09:19:22,569 [WARN] PackLoader:240 - Cannot read IP mode file for WES.I-CUBE-Cesium.1.3.0
2025-07-24 09:19:22,816 [WARN] PackLoader:240 - Cannot read IP mode file for STMicroelectronics.X-CUBE-BLE2.3.3.0
2025-07-24 09:19:22,833 [WARN] PackLoader:240 - Cannot read IP mode file for STMicroelectronics.X-CUBE-NFC9.1.0.0
2025-07-24 09:19:22,845 [WARN] PackLoader:240 - Cannot read IP mode file for STMicroelectronics.X-CUBE-BLE1.7.1.0
2025-07-24 09:19:22,871 [WARN] PackLoader:240 - Cannot read IP mode file for STMicroelectronics.X-CUBE-EEPRMA1.5.2.0
2025-07-24 09:19:22,881 [WARN] PackLoader:240 - Cannot read IP mode file for STMicroelectronics.X-CUBE-AI.10.1.0
2025-07-24 09:19:23,005 [WARN] PackLoader:240 - Cannot read IP mode file for STMicroelectronics.X-CUBE-MEMS1.11.2.0
2025-07-24 09:19:23,325 [WARN] PackLoader:240 - Cannot read IP mode file for STMicroelectronics.X-CUBE-AZRTOS-G0.1.1.0
2025-07-24 09:19:23,343 [WARN] PackLoader:240 - Cannot read IP mode file for STMicroelectronics.X-CUBE-SAFEA1.1.2.2
2025-07-24 09:19:23,371 [WARN] PackLoader:240 - Cannot read IP mode file for STMicroelectronics.X-CUBE-NFC4.3.0.0
2025-07-24 09:19:23,389 [WARN] PackLoader:240 - Cannot read IP mode file for EmbeddedOffice.I-CUBE-FS-RTOS.1.0.1
2025-07-24 09:19:23,411 [WARN] PackLoader:240 - Cannot read IP mode file for STMicroelectronics.X-CUBE-WB05N.2.0.0
2025-07-24 09:19:23,428 [WARN] PackLoader:240 - Cannot read IP mode file for STMicroelectronics.X-CUBE-TCPP.4.2.0
2025-07-24 09:19:23,440 [WARN] PackLoader:240 - Cannot read IP mode file for RealThread.X-CUBE-RT-Thread_Nano.4.1.1
2025-07-24 09:19:23,454 [WARN] PackLoader:240 - Cannot read IP mode file for STMicroelectronics.FP-ATR-SIGFOX1.3.2.0
2025-07-24 09:19:23,466 [WARN] ConditionMgr:438 - getConditionDescription Invalid condition id : Cortex-A Device cause : null
2025-07-24 09:19:23,483 [WARN] ConditionMgr:1044 - genDependencies : Invalid condition id : Cortex-A Device cause : null
2025-07-24 09:19:23,483 [WARN] ConditionMgr:1044 - genDependencies : Invalid condition id : Cortex-A Device cause : null
2025-07-24 09:19:23,483 [WARN] ConditionMgr:1044 - genDependencies : Invalid condition id : Cortex-A Device cause : null
2025-07-24 09:19:23,593 [WARN] PackLoader:240 - Cannot read IP mode file for STMicroelectronics.X-CUBE-EEPRMA1.5.1.0
2025-07-24 09:19:23,659 [WARN] PackLoader:240 - Cannot read IP mode file for wolfSSL.I-CUBE-wolfSSL.5.7.4
2025-07-24 09:19:23,784 [WARN] PackLoader:240 - Cannot read IP mode file for ITTIA_DB.I-CUBE-ITTIADB.8.9.0
2025-07-24 09:19:23,803 [WARN] PackLoader:240 - Cannot read IP mode file for STMicroelectronics.X-CUBE-ST67W61.1.0.0
2025-07-24 09:19:23,861 [WARN] PackLoader:240 - Cannot read IP mode file for SEGGER.I-CUBE-embOS.1.3.1
2025-07-24 09:19:23,939 [WARN] PackLoader:240 - Cannot read IP mode file for STMicroelectronics.X-CUBE-ALGOBUILD.1.4.0
2025-07-24 09:19:24,035 [WARN] PackLoader:240 - Cannot read IP mode file for STMicroelectronics.X-CUBE-MEMS1.11.3.0
2025-07-24 09:19:24,269 [WARN] PackLoader:240 - Cannot read IP mode file for STMicroelectronics.X-CUBE-AI.9.1.0
2025-07-24 09:19:24,280 [WARN] PackLoader:240 - Cannot read IP mode file for STMicroelectronics.X-CUBE-PM33A1.1.0.0
2025-07-24 09:19:24,312 [WARN] PackLoader:240 - Cannot read IP mode file for STMicroelectronics.X-CUBE-AZRTOS-F4.1.1.0
2025-07-24 09:19:24,327 [WARN] PackLoader:240 - Cannot read IP mode file for Avnet-IotConnect.X-CUBE-IoTC-DA16k-PMOD.1.0.0
2025-07-24 09:19:24,334 [WARN] PackLoader:240 - Cannot read IP mode file for STMicroelectronics.X-CUBE-ISPU.2.1.0
2025-07-24 09:19:24,348 [WARN] PackLoader:240 - Cannot read IP mode file for STMicroelectronics.X-CUBE-NFC12.1.0.0
2025-07-24 09:19:24,381 [WARN] PackLoader:240 - Cannot read IP mode file for STMicroelectronics.X-CUBE-AZRTOS-L5.2.0.0
2025-07-24 09:19:24,407 [WARN] PackLoader:240 - Cannot read IP mode file for STMicroelectronics.X-CUBE-NFC6.3.1.0
2025-07-24 09:19:24,422 [WARN] PackLoader:240 - Cannot read IP mode file for STMicroelectronics.X-CUBE-DPower.1.2.0
2025-07-24 09:19:24,434 [WARN] PackLoader:240 - Cannot read IP mode file for STMicroelectronics.X-CUBE-FREERTOS.1.3.1
2025-07-24 09:19:24,442 [WARN] PackLoader:240 - Cannot read IP mode file for STMicroelectronics.X-CUBE-FREERTOS.1.3.0
2025-07-24 09:19:24,453 [WARN] PackLoader:240 - Cannot read IP mode file for STMicroelectronics.X-CUBE-NFC7.1.0.1
2025-07-24 09:19:24,465 [WARN] PackLoader:240 - Cannot read IP mode file for STMicroelectronics.FP-SNS-STAIOTCFT.1.0.0
2025-07-24 09:19:24,476 [WARN] PackLoader:240 - Cannot read IP mode file for STMicroelectronics.X-CUBE-DPower.1.3.0
2025-07-24 09:19:24,510 [WARN] ConditionMgr:438 - getConditionDescription Invalid condition id : LAN8742 Phy interface Condition cause : null
2025-07-24 09:19:24,511 [WARN] PackLoader:240 - Cannot read IP mode file for STMicroelectronics.X-CUBE-AZRTOS-L4.2.0.0
2025-07-24 09:19:24,513 [WARN] ConditionMgr:1044 - genDependencies : Invalid condition id : LAN8742 Phy interface Condition cause : null
2025-07-24 09:19:24,514 [WARN] ConditionMgr:1044 - genDependencies : Invalid condition id : LAN8742 Phy interface Condition cause : null
2025-07-24 09:19:24,515 [WARN] ConditionMgr:1044 - genDependencies : Invalid condition id : LAN8742 Phy interface Condition cause : null
2025-07-24 09:19:24,535 [WARN] PackLoader:240 - Cannot read IP mode file for STMicroelectronics.X-CUBE-SFXS2LP1.4.0.0
2025-07-24 09:19:24,590 [WARN] PackLoader:240 - Cannot read IP mode file for STMicroelectronics.X-CUBE-AZRTOS-H7.3.3.0
2025-07-24 09:19:24,615 [WARN] PackLoader:240 - Cannot read IP mode file for STMicroelectronics.X-CUBE-BLEMGR.4.1.0
2025-07-24 09:19:24,640 [WARN] PackLoader:240 - Cannot read IP mode file for STMicroelectronics.X-CUBE-IPS.3.0.0
2025-07-24 09:19:24,674 [WARN] ConditionMgr:438 - getConditionDescription Invalid condition id : UX DEVICE CLASS RTOS Condition cause : null
2025-07-24 09:19:24,675 [WARN] ConditionMgr:438 - getConditionDescription Invalid condition id : UX DEVICE CLASS RTOS Condition cause : null
2025-07-24 09:19:24,679 [WARN] PackLoader:240 - Cannot read IP mode file for STMicroelectronics.X-CUBE-AZRTOS-WB.2.0.0
2025-07-24 09:19:24,680 [WARN] ConditionMgr:1044 - genDependencies : Invalid condition id : UX DEVICE CLASS RTOS Condition cause : null
2025-07-24 09:19:24,680 [WARN] ConditionMgr:1044 - genDependencies : Invalid condition id : UX DEVICE CLASS RTOS Condition cause : null
2025-07-24 09:19:24,681 [WARN] ConditionMgr:1044 - genDependencies : Invalid condition id : UX DEVICE CLASS RTOS Condition cause : null
2025-07-24 09:19:24,682 [WARN] ConditionMgr:1044 - genDependencies : Invalid condition id : UX DEVICE CLASS RTOS Condition cause : null
2025-07-24 09:19:24,682 [WARN] ConditionMgr:1044 - genDependencies : Invalid condition id : UX DEVICE CLASS RTOS Condition cause : null
2025-07-24 09:19:24,693 [WARN] PackLoader:240 - Cannot read IP mode file for STMicroelectronics.X-CUBE-GNSS1.7.0.1
2025-07-24 09:19:24,703 [WARN] PackLoader:240 - Cannot read IP mode file for STMicroelectronics.X-CUBE-TOUCHGFX.4.25.0
2025-07-24 09:19:24,716 [WARN] PackLoader:240 - Cannot read IP mode file for STMicroelectronics.FP-SNS-STBOX1.2.0.0
2025-07-24 09:19:24,737 [WARN] PackLoader:240 - Cannot read IP mode file for STMicroelectronics.X-CUBE-SUBG2.5.0.0
2025-07-24 09:19:24,776 [WARN] PackLoader:240 - Cannot read IP mode file for STMicroelectronics.X-CUBE-AZRTOS-H7RS.1.1.0
2025-07-24 09:19:24,787 [WARN] PackLoader:240 - Cannot read IP mode file for Cesanta.I-CUBE-Mongoose.7.13.0
2025-07-24 09:19:24,815 [WARN] PackLoader:240 - Cannot read IP mode file for STMicroelectronics.X-CUBE-AZRTOS-G4.2.0.0
2025-07-24 09:19:24,826 [WARN] PackLoader:240 - Cannot read IP mode file for STMicroelectronics.X-CUBE-NFC7.2.0.0
2025-07-24 09:19:24,844 [WARN] PackLoader:240 - Cannot read IP mode file for STMicroelectronics.X-CUBE-IPS.3.1.0
2025-07-24 09:19:24,862 [WARN] PackLoader:240 - Cannot read IP mode file for STMicroelectronics.X-CUBE-ALS.1.0.2
2025-07-24 09:19:24,871 [WARN] PackLoader:240 - Cannot read IP mode file for STMicroelectronics.X-CUBE-TOUCHGFX.4.24.0
2025-07-24 09:19:25,009 [WARN] PackLoader:240 - Cannot read IP mode file for STMicroelectronics.X-CUBE-TOUCHGFX.4.24.2
2025-07-24 09:19:25,172 [WARN] PackLoader:240 - Cannot read IP mode file for STMicroelectronics.X-CUBE-TOUCHGFX.4.24.1
2025-07-24 09:19:25,180 [WARN] PackLoader:240 - Cannot read IP mode file for wolfSSL.I-CUBE-wolfTPM.3.4.0
2025-07-24 09:19:25,191 [WARN] PackLoader:240 - Cannot read IP mode file for portGmbH.I-Cube-SoM-uGOAL.1.1.0
2025-07-24 09:19:25,220 [WARN] PackLoader:240 - Cannot read IP mode file for STMicroelectronics.X-CUBE-AZRTOS-H7RS.1.0.0
2025-07-24 09:19:25,245 [WARN] PackLoader:240 - Cannot read IP mode file for STMicroelectronics.X-CUBE-TOF1.3.4.2
2025-07-24 09:19:25,283 [WARN] PackLoader:240 - Cannot read IP mode file for STMicroelectronics.X-CUBE-TOF1.3.4.3
2025-07-24 09:19:25,312 [WARN] PackLoader:240 - Cannot read IP mode file for wolfSSL.I-CUBE-wolfSSH.1.4.17
2025-07-24 09:19:25,314 [INFO] ThirdParty:978 - Integrity check success = true
2025-07-24 09:19:25,314 [INFO] IntegrityCheckThread:100 - exiting critical section [integrity check]
2025-07-24 09:19:25,314 [INFO] IntegrityCheckThread:103 - End integrity checks thread
2025-07-24 09:28:14,158 [ERROR] LogOutputStream:75 - [STDERR_REDIRECT] 
2025-07-24 09:28:14,161 [ERROR] LogOutputStream:75 - [STDERR_REDIRECT] 
2025-07-24 09:28:25,355 [INFO] Activator:176 - 


2025-07-24 09:28:25,357 [INFO] Activator:177 - !SESSION log4j initialized
2025-07-24 09:28:32,874 [INFO] LogOutputStream:77 - [STDOUT_REDIRECT] 
2025-07-24 09:28:35,787 [INFO] ApplicationProperties:184 - Using Application install path: C:\ST\STM32CubeIDE_1.16.1\STM32CubeIDE\plugins\com.st.stm32cube.common.mx_6.15.0.202507011659
2025-07-24 09:28:35,829 [INFO] DbMcusXml:78 - Set database path to: C:\ST\STM32CubeIDE_1.16.1\STM32CubeIDE\plugins\com.st.stm32cube.common.mx_6.15.0.202507011659\\db\/mcu/
2025-07-24 09:28:35,829 [INFO] ApiDb:274 - Set plugin database path to: C:\ST\STM32CubeIDE_1.16.1\STM32CubeIDE\plugins\com.st.stm32cube.common.mx_6.15.0.202507011659\\db\/plugins/boardmanager/
2025-07-24 09:28:35,830 [WARN] ApiDb:259 - Overriding images path with different value:  => C:\ST\STM32CubeIDE_1.16.1\STM32CubeIDE\plugins\com.st.stm32cube.common.mx_6.15.0.202507011659\\db\/plugins/mcufinder/images/
2025-07-24 09:28:35,849 [INFO] ApiDb:250 - Set database path to: C:\Users\kjeya\.stmcufinder\plugins\mcufinder//mcu/
2025-07-24 09:28:35,853 [INFO] DbMcusAds:125 - Set database path to: C:\Users\kjeya\.stmcufinder\plugins\mcufinder//mcu/
2025-07-24 09:28:35,859 [INFO] CrossReferenceDbSqlite:203 - Set database path to: C:\Users\kjeya\.stmcufinder\plugins\mcufinder//mcu/cs/
2025-07-24 09:28:36,122 [INFO] RulesReader:64 - Compatibility file has been processed (317 Rules)
2025-07-24 09:28:36,385 [INFO] DbMcusXml:78 - Set database path to: C:\ST\STM32CubeIDE_1.16.1\STM32CubeIDE\plugins\com.st.stm32cube.common.mx_6.15.0.202507011659\\db\/mcu/
2025-07-24 09:28:36,386 [INFO] ApiDb:274 - Set plugin database path to: C:\ST\STM32CubeIDE_1.16.1\STM32CubeIDE\plugins\com.st.stm32cube.common.mx_6.15.0.202507011659\\db\/plugins/boardmanager/
2025-07-24 09:28:36,386 [INFO] ApiDb:261 - Set plugin images path to: C:\ST\STM32CubeIDE_1.16.1\STM32CubeIDE\plugins\com.st.stm32cube.common.mx_6.15.0.202507011659\\db\/plugins/mcufinder/images/
2025-07-24 09:28:36,386 [WARN] DbFile:41 - Overriding database path with different value: C:\Users\kjeya\.stmcufinder\plugins\mcufinder/ => C:\Users\kjeya\.stmcufinder\plugins\mcufinder
2025-07-24 09:28:36,386 [INFO] ApiDb:250 - Set database path to: C:\Users\kjeya\.stmcufinder\plugins\mcufinder//mcu/
2025-07-24 09:28:36,388 [WARN] DbFile:41 - Overriding database path with different value: C:\Users\kjeya\.stmcufinder\plugins\mcufinder/ => C:\Users\kjeya\.stmcufinder\plugins\mcufinder
2025-07-24 09:28:36,388 [INFO] DbMcusAds:125 - Set database path to: C:\Users\kjeya\.stmcufinder\plugins\mcufinder//mcu/
2025-07-24 09:28:36,388 [WARN] DbFile:41 - Overriding database path with different value: C:\Users\kjeya\.stmcufinder\plugins\mcufinder/ => C:\Users\kjeya\.stmcufinder\plugins\mcufinder
2025-07-24 09:28:36,388 [WARN] DbFile:41 - Overriding database path with different value: C:\Users\kjeya\.stmcufinder\plugins\mcufinder/ => C:\Users\kjeya\.stmcufinder\plugins\mcufinder
2025-07-24 09:28:36,389 [INFO] CrossReferenceDbSqlite:203 - Set database path to: C:\Users\kjeya\.stmcufinder\plugins\mcufinder//mcu/cs/
2025-07-24 09:28:36,602 [INFO] MainPanel:274 - HeapMemory: 268435456
2025-07-24 09:28:36,914 [INFO] DbMcusXml:78 - Set database path to: C:\ST\STM32CubeIDE_1.16.1\STM32CubeIDE\plugins\com.st.stm32cube.common.mx_6.15.0.202507011659\\db\/mcu/
2025-07-24 09:28:36,914 [INFO] ApiDb:274 - Set plugin database path to: C:\ST\STM32CubeIDE_1.16.1\STM32CubeIDE\plugins\com.st.stm32cube.common.mx_6.15.0.202507011659\\db\/plugins/boardmanager/
2025-07-24 09:28:36,915 [INFO] ApiDb:261 - Set plugin images path to: C:\ST\STM32CubeIDE_1.16.1\STM32CubeIDE\plugins\com.st.stm32cube.common.mx_6.15.0.202507011659\\db\/plugins/mcufinder/images/
2025-07-24 09:28:36,915 [WARN] DbFile:41 - Overriding database path with different value: C:\Users\kjeya\.stmcufinder\plugins\mcufinder/ => C:\Users\kjeya\.stmcufinder\plugins\mcufinder
2025-07-24 09:28:36,916 [INFO] ApiDb:250 - Set database path to: C:\Users\kjeya\.stmcufinder\plugins\mcufinder//mcu/
2025-07-24 09:28:36,916 [WARN] DbFile:41 - Overriding database path with different value: C:\Users\kjeya\.stmcufinder\plugins\mcufinder/ => C:\Users\kjeya\.stmcufinder\plugins\mcufinder
2025-07-24 09:28:36,916 [INFO] DbMcusAds:125 - Set database path to: C:\Users\kjeya\.stmcufinder\plugins\mcufinder//mcu/
2025-07-24 09:28:36,916 [WARN] DbFile:41 - Overriding database path with different value: C:\Users\kjeya\.stmcufinder\plugins\mcufinder/ => C:\Users\kjeya\.stmcufinder\plugins\mcufinder
2025-07-24 09:28:36,916 [WARN] DbFile:41 - Overriding database path with different value: C:\Users\kjeya\.stmcufinder\plugins\mcufinder/ => C:\Users\kjeya\.stmcufinder\plugins\mcufinder
2025-07-24 09:28:36,916 [INFO] CrossReferenceDbSqlite:203 - Set database path to: C:\Users\kjeya\.stmcufinder\plugins\mcufinder//mcu/cs/
2025-07-24 09:28:36,955 [INFO] ApplicationProperties:184 - Using Application install path: C:\ST\STM32CubeIDE_1.16.1\STM32CubeIDE\plugins\com.st.stm32cube.common.mx_6.15.0.202507011659
2025-07-24 09:28:36,957 [INFO] PluginManage:196 - Search for loadable plugins [exclusion list=, ]
2025-07-24 09:28:36,962 [INFO] PluginManage:310 - Check plugin analytics
2025-07-24 09:28:37,413 [INFO] AnalyticsPlugin:253 - Accepted Software Licenses: STM32CubeMX.6.11.1,STM32CubeMX.6.13.0
2025-07-24 09:28:37,413 [INFO] AnalyticsPlugin:255 - Accepted CMSIS Pack Licenses: STMicroelectronics.X-CUBE-TOUCHGFX.4.24.0,WES.I-CUBE-Cesium.1.3.0,STMicroelectronics.X-CUBE-TOUCHGFX.4.24.2
2025-07-24 09:28:37,414 [INFO] AnalyticsPlugin:257 - Accepted Firmware Licenses: FW.F4.1.28.0,FW.L4.1.18.0,FW.WL.1.3.0,FW.H7.1.11.0,FW.H7.1.12.0
2025-07-24 09:28:37,418 [INFO] PluginManage:359 - Loaded plugin analytics (category:tool,tabindex:-1)
2025-07-24 09:28:37,418 [INFO] PluginManage:310 - Check plugin cadmodel
2025-07-24 09:28:37,428 [INFO] CADModel:105 - Init CAD model plugin
2025-07-24 09:28:37,428 [INFO] PluginManage:359 - Loaded plugin cadmodel (category:power,tabindex:5)
2025-07-24 09:28:37,429 [INFO] PluginManage:310 - Check plugin clock
2025-07-24 09:28:37,445 [INFO] PluginManage:359 - Loaded plugin clock (category:base,tabindex:2)
2025-07-24 09:28:37,446 [INFO] PluginManage:310 - Check plugin ddr
2025-07-24 09:28:37,450 [INFO] PluginManage:359 - Loaded plugin ddr (category:tool,tabindex:6)
2025-07-24 09:28:37,450 [INFO] PluginManage:310 - Check plugin filemanager
2025-07-24 09:28:37,675 [INFO] PluginManage:359 - Loaded plugin filemanager (category:base,tabindex:10)
2025-07-24 09:28:37,675 [INFO] PluginManage:310 - Check plugin ipmanager
2025-07-24 09:28:37,685 [INFO] PluginManage:359 - Loaded plugin ipmanager (category:base,tabindex:5)
2025-07-24 09:28:37,685 [INFO] PluginManage:310 - Check plugin lpbam
2025-07-24 09:28:37,697 [INFO] PluginManage:359 - Loaded plugin lpbam (category:base,tabindex:0)
2025-07-24 09:28:37,697 [INFO] PluginManage:310 - Check plugin memorymap
2025-07-24 09:28:37,719 [INFO] PluginManage:359 - Loaded plugin memorymap (category:base,tabindex:4)
2025-07-24 09:28:37,719 [INFO] PluginManage:310 - Check plugin pinoutandconfiguration
2025-07-24 09:28:37,731 [INFO] PluginManage:359 - Loaded plugin pinoutandconfiguration (category:base,tabindex:1)
2025-07-24 09:28:37,731 [INFO] PluginManage:310 - Check plugin pinoutconfig
2025-07-24 09:28:37,834 [WARN] SupportedApi:132 - Cannot load RTOS API schema: s4s-elt-must-match.1: The content of 'definitions' must match (annotation?, (simpleType | complexType)?, (unique | key | keyref)*)). A problem was found starting at: attribute.
2025-07-24 09:28:38,065 [INFO] PluginManage:359 - Loaded plugin pinoutconfig (category:base,tabindex:0)
2025-07-24 09:28:38,066 [INFO] PluginManage:310 - Check plugin power
2025-07-24 09:28:38,082 [INFO] PluginManage:359 - Loaded plugin power (category:power,tabindex:4)
2025-07-24 09:28:38,082 [INFO] PluginManage:310 - Check plugin projectmanager
2025-07-24 09:28:38,107 [INFO] PluginManage:359 - Loaded plugin projectmanager (category:projectmanager,tabindex:4)
2025-07-24 09:28:38,108 [INFO] PluginManage:310 - Check plugin rif
2025-07-24 09:28:38,122 [INFO] PluginManage:359 - Loaded plugin rif (category:base,tabindex:3)
2025-07-24 09:28:38,122 [INFO] PluginManage:310 - Check plugin thirdparty
2025-07-24 09:28:38,393 [INFO] PluginManage:359 - Loaded plugin thirdparty (category:base,tabindex:-1)
2025-07-24 09:28:38,394 [INFO] PluginManage:310 - Check plugin tools
2025-07-24 09:28:38,393 [WARN] IntegrityCheckThread:84 - waiting for thirdparty lock release [integrity check]
2025-07-24 09:28:38,395 [INFO] IntegrityCheckThread:86 - entering critical section [integrity check]
2025-07-24 09:28:38,396 [INFO] ThirdPartyUpdaterWithRetryManager:70 - Updater plugin not ready yet. [1/15]
2025-07-24 09:28:38,400 [INFO] PluginManage:359 - Loaded plugin tools (category:base,tabindex:7)
2025-07-24 09:28:38,400 [INFO] PluginManage:310 - Check plugin tutovideos
2025-07-24 09:28:38,847 [INFO] PluginManage:359 - Loaded plugin tutovideos (category:base,tabindex:-1)
2025-07-24 09:28:38,847 [INFO] PluginManage:310 - Check plugin updater
2025-07-24 09:28:38,881 [INFO] PluginManage:359 - Loaded plugin updater (category:base,tabindex:12)
2025-07-24 09:28:38,881 [INFO] PluginManage:310 - Check plugin userauth
2025-07-24 09:28:38,888 [INFO] UserAuth:118 - Init User Auth plugin
2025-07-24 09:28:38,890 [INFO] PluginManage:359 - Loaded plugin userauth (category:base,tabindex:14)
2025-07-24 09:28:38,890 [INFO] PluginManage:283 - PluginManage : Loaded plugins [18]
2025-07-24 09:28:39,243 [INFO] PinOutPanel:1589 - setPackage(No Configuration,No Configuration)
2025-07-24 09:28:39,359 [INFO] CADModel:165 - CPN selected for project level
2025-07-24 09:28:39,359 [INFO] CADModel:114 - Register for checkConnection events
2025-07-24 09:28:39,386 [INFO] IPUIPlugin:80 - create IPUIPlugin
2025-07-24 09:28:39,386 [INFO] PluginManager:220 - loadIPPluginJar : add adc
2025-07-24 09:28:39,390 [INFO] IPUIPlugin:80 - create IPUIPlugin
2025-07-24 09:28:39,390 [INFO] PluginManager:220 - loadIPPluginJar : add aes
2025-07-24 09:28:39,395 [INFO] IPUIPlugin:80 - create IPUIPlugin
2025-07-24 09:28:39,395 [INFO] PluginManager:220 - loadIPPluginJar : add can
2025-07-24 09:28:39,398 [INFO] IPUIPlugin:80 - create IPUIPlugin
2025-07-24 09:28:39,398 [INFO] PluginManager:220 - loadIPPluginJar : add comp
2025-07-24 09:28:39,402 [INFO] IPUIPlugin:80 - create IPUIPlugin
2025-07-24 09:28:39,402 [INFO] PluginManager:220 - loadIPPluginJar : add cryp
2025-07-24 09:28:39,409 [INFO] IPUIPlugin:80 - create IPUIPlugin
2025-07-24 09:28:39,409 [INFO] PluginManager:220 - loadIPPluginJar : add ddr_ctrl_phy
2025-07-24 09:28:39,413 [INFO] IPUIPlugin:80 - create IPUIPlugin
2025-07-24 09:28:39,413 [INFO] PluginManager:220 - loadIPPluginJar : add dfsdm
2025-07-24 09:28:39,421 [INFO] IPUIPlugin:80 - create IPUIPlugin
2025-07-24 09:28:39,422 [INFO] PluginManager:220 - loadIPPluginJar : add dma
2025-07-24 09:28:39,427 [INFO] IPUIPlugin:80 - create IPUIPlugin
2025-07-24 09:28:39,427 [INFO] PluginManager:220 - loadIPPluginJar : add dma3
2025-07-24 09:28:39,431 [INFO] IPUIPlugin:80 - create IPUIPlugin
2025-07-24 09:28:39,432 [INFO] PluginManager:220 - loadIPPluginJar : add extmemmanager
2025-07-24 09:28:39,434 [INFO] IPUIPlugin:80 - create IPUIPlugin
2025-07-24 09:28:39,434 [INFO] PluginManager:220 - loadIPPluginJar : add fatfs
2025-07-24 09:28:39,441 [INFO] IPUIPlugin:80 - create IPUIPlugin
2025-07-24 09:28:39,442 [INFO] PluginManager:220 - loadIPPluginJar : add fmc
2025-07-24 09:28:39,451 [INFO] IPUIPlugin:80 - create IPUIPlugin
2025-07-24 09:28:39,451 [INFO] PluginManager:220 - loadIPPluginJar : add freertos
2025-07-24 09:28:39,454 [INFO] IPUIPlugin:80 - create IPUIPlugin
2025-07-24 09:28:39,454 [INFO] PluginManager:220 - loadIPPluginJar : add genericplugin
2025-07-24 09:28:39,459 [INFO] IPUIPlugin:80 - create IPUIPlugin
2025-07-24 09:28:39,459 [INFO] PluginManager:220 - loadIPPluginJar : add gfxmmu
2025-07-24 09:28:39,467 [INFO] IPUIPlugin:80 - create IPUIPlugin
2025-07-24 09:28:39,467 [INFO] PluginManager:220 - loadIPPluginJar : add gic
2025-07-24 09:28:39,475 [INFO] IPUIPlugin:80 - create IPUIPlugin
2025-07-24 09:28:39,475 [INFO] PluginManager:220 - loadIPPluginJar : add gpio
2025-07-24 09:28:39,482 [INFO] IPUIPlugin:80 - create IPUIPlugin
2025-07-24 09:28:39,482 [INFO] PluginManager:220 - loadIPPluginJar : add gtzc
2025-07-24 09:28:39,487 [INFO] IPUIPlugin:80 - create IPUIPlugin
2025-07-24 09:28:39,487 [INFO] PluginManager:220 - loadIPPluginJar : add hash
2025-07-24 09:28:39,493 [INFO] IPUIPlugin:80 - create IPUIPlugin
2025-07-24 09:28:39,494 [INFO] PluginManager:220 - loadIPPluginJar : add i2c
2025-07-24 09:28:39,498 [INFO] IPUIPlugin:80 - create IPUIPlugin
2025-07-24 09:28:39,499 [INFO] PluginManager:220 - loadIPPluginJar : add i2s
2025-07-24 09:28:39,503 [INFO] IPUIPlugin:80 - create IPUIPlugin
2025-07-24 09:28:39,503 [INFO] PluginManager:220 - loadIPPluginJar : add i3c
2025-07-24 09:28:39,510 [INFO] IPUIPlugin:80 - create IPUIPlugin
2025-07-24 09:28:39,510 [INFO] PluginManager:220 - loadIPPluginJar : add ipddr
2025-07-24 09:28:39,528 [INFO] IPUIPlugin:80 - create IPUIPlugin
2025-07-24 09:28:39,528 [INFO] PluginManager:220 - loadIPPluginJar : add linkedlist
2025-07-24 09:28:39,537 [INFO] IPUIPlugin:80 - create IPUIPlugin
2025-07-24 09:28:39,537 [INFO] PluginManager:220 - loadIPPluginJar : add lorawan
2025-07-24 09:28:39,540 [INFO] IPUIPlugin:80 - create IPUIPlugin
2025-07-24 09:28:39,541 [INFO] PluginManager:220 - loadIPPluginJar : add ltdc
2025-07-24 09:28:39,554 [INFO] IPUIPlugin:80 - create IPUIPlugin
2025-07-24 09:28:39,555 [INFO] PluginManager:220 - loadIPPluginJar : add mdma
2025-07-24 09:28:39,562 [INFO] IPUIPlugin:80 - create IPUIPlugin
2025-07-24 09:28:39,564 [INFO] PluginManager:220 - loadIPPluginJar : add nvic
2025-07-24 09:28:39,577 [INFO] IPUIPlugin:80 - create IPUIPlugin
2025-07-24 09:28:39,577 [INFO] PluginManager:220 - loadIPPluginJar : add opamp
2025-07-24 09:28:39,587 [INFO] IPUIPlugin:80 - create IPUIPlugin
2025-07-24 09:28:39,588 [INFO] PluginManager:220 - loadIPPluginJar : add openamp
2025-07-24 09:28:39,593 [INFO] IPUIPlugin:80 - create IPUIPlugin
2025-07-24 09:28:39,593 [INFO] PluginManager:220 - loadIPPluginJar : add pdm2pcm
2025-07-24 09:28:39,602 [INFO] IPUIPlugin:80 - create IPUIPlugin
2025-07-24 09:28:39,605 [INFO] PluginManager:220 - loadIPPluginJar : add plateformsettings
2025-07-24 09:28:39,609 [INFO] IPUIPlugin:80 - create IPUIPlugin
2025-07-24 09:28:39,609 [INFO] PluginManager:220 - loadIPPluginJar : add quadspi
2025-07-24 09:28:39,612 [INFO] IPUIPlugin:80 - create IPUIPlugin
2025-07-24 09:28:39,613 [INFO] PluginManager:220 - loadIPPluginJar : add radio
2025-07-24 09:28:39,620 [INFO] IPUIPlugin:80 - create IPUIPlugin
2025-07-24 09:28:39,620 [INFO] PluginManager:220 - loadIPPluginJar : add resmgrutility
2025-07-24 09:28:39,625 [INFO] IPUIPlugin:80 - create IPUIPlugin
2025-07-24 09:28:39,625 [INFO] PluginManager:220 - loadIPPluginJar : add sai
2025-07-24 09:28:39,629 [INFO] IPUIPlugin:80 - create IPUIPlugin
2025-07-24 09:28:39,629 [INFO] PluginManager:220 - loadIPPluginJar : add spi
2025-07-24 09:28:39,638 [INFO] IPUIPlugin:80 - create IPUIPlugin
2025-07-24 09:28:39,638 [INFO] PluginManager:220 - loadIPPluginJar : add stm32_wpan
2025-07-24 09:28:39,642 [INFO] IPUIPlugin:80 - create IPUIPlugin
2025-07-24 09:28:39,642 [INFO] PluginManager:220 - loadIPPluginJar : add tim
2025-07-24 09:28:39,648 [INFO] IPUIPlugin:80 - create IPUIPlugin
2025-07-24 09:28:39,648 [INFO] PluginManager:220 - loadIPPluginJar : add touchsensing
2025-07-24 09:28:39,651 [INFO] IPUIPlugin:80 - create IPUIPlugin
2025-07-24 09:28:39,651 [INFO] PluginManager:220 - loadIPPluginJar : add tracer_emb
2025-07-24 09:28:39,656 [INFO] IPUIPlugin:80 - create IPUIPlugin
2025-07-24 09:28:39,657 [INFO] PluginManager:220 - loadIPPluginJar : add ts
2025-07-24 09:28:39,660 [INFO] IPUIPlugin:80 - create IPUIPlugin
2025-07-24 09:28:39,660 [INFO] PluginManager:220 - loadIPPluginJar : add tsc
2025-07-24 09:28:39,664 [INFO] IPUIPlugin:80 - create IPUIPlugin
2025-07-24 09:28:39,664 [INFO] PluginManager:220 - loadIPPluginJar : add ucpd
2025-07-24 09:28:39,670 [INFO] IPUIPlugin:80 - create IPUIPlugin
2025-07-24 09:28:39,670 [INFO] PluginManager:220 - loadIPPluginJar : add usart
2025-07-24 09:28:39,677 [INFO] IPUIPlugin:80 - create IPUIPlugin
2025-07-24 09:28:39,677 [INFO] PluginManager:220 - loadIPPluginJar : add usbx
2025-07-24 09:28:39,830 [FATAL] Updater:351 - Updater called before beeing initialized
2025-07-24 09:28:39,875 [INFO] RulesReader:64 - Compatibility file has been processed (317 Rules)
2025-07-24 09:28:39,896 [INFO] RulesReader:64 - Compatibility file has been processed (317 Rules)
2025-07-24 09:28:39,918 [INFO] CADModel:165 - CPN selected for project level
2025-07-24 09:28:39,918 [INFO] CADModel:114 - Register for checkConnection events
2025-07-24 09:28:39,918 [FATAL] Updater:351 - Updater called before beeing initialized
2025-07-24 09:28:39,918 [ERROR] CADModel:125 - Updater not yet initialized, retry later 
2025-07-24 09:28:40,154 [FATAL] Updater:351 - Updater called before beeing initialized
2025-07-24 09:28:40,157 [INFO] CADModel:165 - CPN selected for project level
2025-07-24 09:28:40,157 [INFO] CADModel:114 - Register for checkConnection events
2025-07-24 09:28:40,157 [FATAL] Updater:351 - Updater called before beeing initialized
2025-07-24 09:28:40,157 [ERROR] CADModel:125 - Updater not yet initialized, retry later 
2025-07-24 09:28:40,162 [FATAL] Updater:351 - Updater called before beeing initialized
2025-07-24 09:28:40,366 [FATAL] Updater:351 - Updater called before beeing initialized
2025-07-24 09:28:40,377 [INFO] DbMcusAds:53 - JSON generation date=Tue Jul 08 13:44:23 IST 2025 (1751962463562)
2025-07-24 09:28:40,377 [FATAL] Updater:351 - Updater called before beeing initialized
2025-07-24 09:28:40,450 [WARN] DetailPanel:346 - Failed to get advertising image, set to default
2025-07-24 09:28:40,606 [FATAL] Updater:351 - Updater called before beeing initialized
2025-07-24 09:28:40,610 [FATAL] Updater:351 - Updater called before beeing initialized
2025-07-24 09:28:40,610 [FATAL] Updater:351 - Updater called before beeing initialized
2025-07-24 09:28:40,610 [WARN] DetailPanel:346 - Failed to get advertising image, set to default
2025-07-24 09:28:40,613 [FATAL] Updater:351 - Updater called before beeing initialized
2025-07-24 09:28:40,709 [ERROR] Updater:1198 - MainUpdater not yet initialized. External WinMGr cannot be set.
2025-07-24 09:28:40,709 [INFO] Updater:1134 - Updater Version found : 6.15.0
2025-07-24 09:28:40,748 [INFO] ApplicationProperties:184 - Using Application install path: C:\ST\STM32CubeIDE_1.16.1\STM32CubeIDE\plugins\com.st.stm32cube.common.mx_6.15.0.202507011659
2025-07-24 09:28:41,400 [INFO] ThirdPartyUpdaterWithRetryManager:70 - Updater plugin not ready yet. [2/15]
2025-07-24 09:28:42,377 [ERROR] LogOutputStream:75 - [STDERR_REDIRECT] Jul 24, 2025 9:28:42 AM java.util.prefs.WindowsPreferences <init>
2025-07-24 09:28:42,378 [ERROR] LogOutputStream:75 - [STDERR_REDIRECT] WARNING: Could not open/create prefs root node Software\JavaSoft\Prefs at root 0xffffffff80000002. Windows RegCreateKeyEx(...) returned error code 5.
2025-07-24 09:28:42,378 [ERROR] LogOutputStream:75 - [STDERR_REDIRECT] 
2025-07-24 09:28:42,577 [INFO] MainUpdater:525 - Copy updater definitions from MX database
2025-07-24 09:28:42,986 [INFO] MainUpdater:2872 - connection check result : 10
2025-07-24 09:28:42,986 [INFO] MainUpdater:3604 - Updater definition file requires update
2025-07-24 09:28:42,986 [INFO] MainUpdater:289 - Updater Check For Update Now.
2025-07-24 09:28:42,986 [INFO] MicroXplorer:498 - Change Database Version : DB.6.0.150
2025-07-24 09:28:42,992 [INFO] McuFinderGlobals:63 - Set McuFinder mode to 2 (CubeIDE integrated)
2025-07-24 09:28:42,994 [INFO] UserAuth:487 - Internet connection configuration mode: 1
2025-07-24 09:28:43,016 [INFO] JxBrowserEngine:152 - Initiate JxBrowser Engine with user profile folder
2025-07-24 09:28:43,143 [INFO] ServerAccessManage:452 - Complete download http(s) 200
2025-07-24 09:28:43,145 [INFO] ServerAccessManage:509 - Download File updaters.zip
2025-07-24 09:28:43,366 [INFO] FileExtend:248 - Unzip File : updaters.zip
2025-07-24 09:28:43,366 [INFO] FileExtend:263 - Standard Zip Deflate
2025-07-24 09:28:44,204 [INFO] ServerAccessManage:452 - Complete download http(s) 200
2025-07-24 09:28:44,204 [INFO] ServerAccessManage:509 - Download File PacksControlFlags.xml
2025-07-24 09:28:44,373 [INFO] WebApp:169 - Instantiating new browser for Auth
2025-07-24 09:28:44,401 [INFO] ServerAccessManage:452 - Complete download http(s) 200
2025-07-24 09:28:44,401 [INFO] ServerAccessManage:509 - Download File cubemx.pidx
2025-07-24 09:28:44,410 [WARN] MainUpdater:1193 - Updater busy. Cannot search thirdparties
2025-07-24 09:28:44,416 [INFO] ThirdPartyUpdaterWithRetryManager:96 - Updater plugin is busy. [1/15]
2025-07-24 09:28:44,699 [INFO] LoadServerUpdatesThread:375 - End of LoadServerUpdate Thread
2025-07-24 09:28:45,005 [INFO] CheckServerUpdateThread:120 - End of CheckServer Thread
2025-07-24 09:28:45,996 [INFO] WebApp:463 - Apply proxy settings
2025-07-24 09:28:45,996 [INFO] WebApp:548 - Chromium requires no authentication
2025-07-24 09:28:46,018 [INFO] WebApp:491 - Direct internet connection detected
2025-07-24 09:28:46,056 [INFO] WebApp:900 - Register for checkConnection events
2025-07-24 09:28:46,056 [INFO] WebApp:463 - Apply proxy settings
2025-07-24 09:28:46,056 [INFO] WebApp:548 - Chromium requires no authentication
2025-07-24 09:28:46,056 [INFO] WebApp:491 - Direct internet connection detected
2025-07-24 09:28:46,318 [INFO] WebApp:191 - Connection restablished
2025-07-24 09:28:46,515 [INFO] WebApp:225 - Starting web application
2025-07-24 09:28:46,519 [INFO] WebApp:593 - Web application path used C:\ST\STM32CubeIDE_1.16.1\STM32CubeIDE\plugins\com.st.stm32cube.common.mx_6.15.0.202507011659\db\plugins\mcufinder\reactClient1\index.html
2025-07-24 09:28:47,021 [INFO] UserAuth:487 - Internet connection configuration mode: 1
2025-07-24 09:28:47,986 [WARN] PackLoader:240 - Cannot read IP mode file for STMicroelectronics.FP-SNS-MOTENVWB1.1.4.0
2025-07-24 09:28:48,003 [WARN] PackLoader:240 - Cannot read IP mode file for STMicroelectronics.FP-ATR-ASTRA1.2.0.2
2025-07-24 09:28:48,009 [WARN] PackLoader:240 - Cannot read IP mode file for STMicroelectronics.FP-ATR-ASTRA1.2.0.1
2025-07-24 09:28:48,021 [WARN] PackLoader:240 - Cannot read IP mode file for STMicroelectronics.X-CUBE-SMBUS.2.1.0
2025-07-24 09:28:48,040 [WARN] PackLoader:240 - Cannot read IP mode file for STMicroelectronics.X-CUBE-WB05N.1.1.0
2025-07-24 09:28:48,050 [WARN] PackLoader:240 - Cannot read IP mode file for STMicroelectronics.X-CUBE-ST60.1.0.0
2025-07-24 09:28:48,103 [WARN] PackLoader:240 - Cannot read IP mode file for STMicroelectronics.X-CUBE-AZRTOS-F7.1.1.0
2025-07-24 09:28:48,123 [WARN] PackLoader:240 - Cannot read IP mode file for STMicroelectronics.FP-SNS-FLIGHT1.5.0.2
2025-07-24 09:28:48,185 [WARN] PackLoader:240 - Cannot read IP mode file for Infineon.AIROC-Wi-Fi-Bluetooth-STM32.1.7.0
2025-07-24 09:28:48,248 [WARN] PackLoader:240 - Cannot read IP mode file for STMicroelectronics.X-CUBE-AZRTOS-H7.3.4.0
2025-07-24 09:28:48,271 [WARN] PackLoader:240 - Cannot read IP mode file for STMicroelectronics.X-CUBE-DISPLAY.3.0.0
2025-07-24 09:28:48,288 [WARN] PackLoader:240 - Cannot read IP mode file for STMicroelectronics.X-CUBE-BLE1.7.0.0
2025-07-24 09:28:48,302 [WARN] PackLoader:240 - Cannot read IP mode file for STMicroelectronics.X-CUBE-NFC10.1.0.0
2025-07-24 09:28:48,329 [WARN] PackLoader:240 - Cannot read IP mode file for STMicroelectronics.X-CUBE-BLEMGR.4.0.0
2025-07-24 09:28:48,338 [WARN] PackLoader:240 - Cannot read IP mode file for emotas.I-CUBE-CANOPEN.1.3.0
2025-07-24 09:28:48,355 [WARN] PackLoader:240 - Cannot read IP mode file for STMicroelectronics.X-CUBE-AI.10.0.0
2025-07-24 09:28:48,363 [WARN] PackLoader:240 - Cannot read IP mode file for STMicroelectronics.FP-SNS-SMARTAG2.1.2.0
2025-07-24 09:28:48,373 [WARN] PackLoader:240 - Cannot read IP mode file for STMicroelectronics.FP-SNS-FLIGHT1.5.1.0
2025-07-24 09:28:48,472 [WARN] PackLoader:240 - Cannot read IP mode file for STMicroelectronics.X-CUBE-MEMS1.11.1.0
2025-07-24 09:28:48,760 [INFO] LogOutputStream:77 - [STDOUT_REDIRECT] 1 : Invalid condition id : UX_CORESTACK_Condition cause : null
2025-07-24 09:28:48,762 [INFO] LogOutputStream:77 - [STDOUT_REDIRECT] 1 : Invalid condition id : UX_CORESTACK_Condition cause : null
2025-07-24 09:28:48,764 [INFO] LogOutputStream:77 - [STDOUT_REDIRECT] 1 : Invalid condition id : UX_CORESTACK_Condition cause : null
2025-07-24 09:28:48,768 [INFO] LogOutputStream:77 - [STDOUT_REDIRECT] 1 : Invalid condition id : UX_CORESTACK_Condition cause : null
2025-07-24 09:28:48,770 [INFO] LogOutputStream:77 - [STDOUT_REDIRECT] 1 : Invalid condition id : UX_CORESTACK_Condition cause : null
2025-07-24 09:28:48,826 [WARN] PackLoader:240 - Cannot read IP mode file for STMicroelectronics.X-CUBE-AZRTOS-WL.2.0.0
2025-07-24 09:28:48,908 [WARN] PackLoader:240 - Cannot read IP mode file for STMicroelectronics.FP-SNS-MOTENV1.5.0.0
2025-07-24 09:28:48,958 [WARN] PackLoader:240 - Cannot read IP mode file for wolfSSL.I-CUBE-wolfMQTT.1.19.0
2025-07-24 09:28:49,057 [WARN] PackLoader:240 - Cannot read IP mode file for WES.I-CUBE-Cesium.1.3.0
2025-07-24 09:28:49,268 [WARN] PackLoader:240 - Cannot read IP mode file for STMicroelectronics.X-CUBE-BLE2.3.3.0
2025-07-24 09:28:49,272 [WARN] PackLoader:240 - Cannot read IP mode file for STMicroelectronics.X-CUBE-NFC9.1.0.0
2025-07-24 09:28:49,290 [WARN] PackLoader:240 - Cannot read IP mode file for STMicroelectronics.X-CUBE-BLE1.7.1.0
2025-07-24 09:28:49,301 [WARN] PackLoader:240 - Cannot read IP mode file for STMicroelectronics.X-CUBE-EEPRMA1.5.2.0
2025-07-24 09:28:49,310 [WARN] PackLoader:240 - Cannot read IP mode file for STMicroelectronics.X-CUBE-AI.10.1.0
2025-07-24 09:28:49,401 [WARN] PackLoader:240 - Cannot read IP mode file for STMicroelectronics.X-CUBE-MEMS1.11.2.0
2025-07-24 09:28:49,591 [WARN] PackLoader:240 - Cannot read IP mode file for STMicroelectronics.X-CUBE-AZRTOS-G0.1.1.0
2025-07-24 09:28:49,608 [WARN] PackLoader:240 - Cannot read IP mode file for STMicroelectronics.X-CUBE-SAFEA1.1.2.2
2025-07-24 09:28:49,617 [WARN] PackLoader:240 - Cannot read IP mode file for STMicroelectronics.X-CUBE-NFC4.3.0.0
2025-07-24 09:28:49,635 [WARN] PackLoader:240 - Cannot read IP mode file for EmbeddedOffice.I-CUBE-FS-RTOS.1.0.1
2025-07-24 09:28:49,644 [WARN] PackLoader:240 - Cannot read IP mode file for STMicroelectronics.X-CUBE-WB05N.2.0.0
2025-07-24 09:28:49,657 [WARN] PackLoader:240 - Cannot read IP mode file for STMicroelectronics.X-CUBE-TCPP.4.2.0
2025-07-24 09:28:49,669 [WARN] PackLoader:240 - Cannot read IP mode file for RealThread.X-CUBE-RT-Thread_Nano.4.1.1
2025-07-24 09:28:49,676 [WARN] PackLoader:240 - Cannot read IP mode file for STMicroelectronics.FP-ATR-SIGFOX1.3.2.0
2025-07-24 09:28:49,686 [WARN] ConditionMgr:438 - getConditionDescription Invalid condition id : Cortex-A Device cause : null
2025-07-24 09:28:49,702 [WARN] ConditionMgr:1044 - genDependencies : Invalid condition id : Cortex-A Device cause : null
2025-07-24 09:28:49,702 [WARN] ConditionMgr:1044 - genDependencies : Invalid condition id : Cortex-A Device cause : null
2025-07-24 09:28:49,702 [WARN] ConditionMgr:1044 - genDependencies : Invalid condition id : Cortex-A Device cause : null
2025-07-24 09:28:49,713 [WARN] PackLoader:240 - Cannot read IP mode file for STMicroelectronics.X-CUBE-EEPRMA1.5.1.0
2025-07-24 09:28:49,724 [WARN] PackLoader:240 - Cannot read IP mode file for wolfSSL.I-CUBE-wolfSSL.5.7.4
2025-07-24 09:28:49,735 [WARN] PackLoader:240 - Cannot read IP mode file for ITTIA_DB.I-CUBE-ITTIADB.8.9.0
2025-07-24 09:28:49,746 [WARN] PackLoader:240 - Cannot read IP mode file for STMicroelectronics.X-CUBE-ST67W61.1.0.0
2025-07-24 09:28:49,789 [WARN] PackLoader:240 - Cannot read IP mode file for SEGGER.I-CUBE-embOS.1.3.1
2025-07-24 09:28:49,847 [WARN] PackLoader:240 - Cannot read IP mode file for STMicroelectronics.X-CUBE-ALGOBUILD.1.4.0
2025-07-24 09:28:49,920 [WARN] PackLoader:240 - Cannot read IP mode file for STMicroelectronics.X-CUBE-MEMS1.11.3.0
2025-07-24 09:28:50,149 [WARN] PackLoader:240 - Cannot read IP mode file for STMicroelectronics.X-CUBE-AI.9.1.0
2025-07-24 09:28:50,159 [WARN] PackLoader:240 - Cannot read IP mode file for STMicroelectronics.X-CUBE-PM33A1.1.0.0
2025-07-24 09:28:50,191 [WARN] PackLoader:240 - Cannot read IP mode file for STMicroelectronics.X-CUBE-AZRTOS-F4.1.1.0
2025-07-24 09:28:50,205 [WARN] PackLoader:240 - Cannot read IP mode file for Avnet-IotConnect.X-CUBE-IoTC-DA16k-PMOD.1.0.0
2025-07-24 09:28:50,205 [WARN] PackLoader:240 - Cannot read IP mode file for STMicroelectronics.X-CUBE-ISPU.2.1.0
2025-07-24 09:28:50,226 [WARN] PackLoader:240 - Cannot read IP mode file for STMicroelectronics.X-CUBE-NFC12.1.0.0
2025-07-24 09:28:50,251 [WARN] PackLoader:240 - Cannot read IP mode file for STMicroelectronics.X-CUBE-AZRTOS-L5.2.0.0
2025-07-24 09:28:50,270 [WARN] PackLoader:240 - Cannot read IP mode file for STMicroelectronics.X-CUBE-NFC6.3.1.0
2025-07-24 09:28:50,284 [WARN] PackLoader:240 - Cannot read IP mode file for STMicroelectronics.X-CUBE-DPower.1.2.0
2025-07-24 09:28:50,301 [WARN] PackLoader:240 - Cannot read IP mode file for STMicroelectronics.X-CUBE-FREERTOS.1.3.1
2025-07-24 09:28:50,309 [WARN] PackLoader:240 - Cannot read IP mode file for STMicroelectronics.X-CUBE-FREERTOS.1.3.0
2025-07-24 09:28:50,319 [WARN] PackLoader:240 - Cannot read IP mode file for STMicroelectronics.X-CUBE-NFC7.1.0.1
2025-07-24 09:28:50,330 [WARN] PackLoader:240 - Cannot read IP mode file for STMicroelectronics.FP-SNS-STAIOTCFT.1.0.0
2025-07-24 09:28:50,339 [WARN] PackLoader:240 - Cannot read IP mode file for STMicroelectronics.X-CUBE-DPower.1.3.0
2025-07-24 09:28:50,370 [WARN] ConditionMgr:438 - getConditionDescription Invalid condition id : LAN8742 Phy interface Condition cause : null
2025-07-24 09:28:50,374 [WARN] PackLoader:240 - Cannot read IP mode file for STMicroelectronics.X-CUBE-AZRTOS-L4.2.0.0
2025-07-24 09:28:50,374 [WARN] ConditionMgr:1044 - genDependencies : Invalid condition id : LAN8742 Phy interface Condition cause : null
2025-07-24 09:28:50,374 [WARN] ConditionMgr:1044 - genDependencies : Invalid condition id : LAN8742 Phy interface Condition cause : null
2025-07-24 09:28:50,374 [WARN] ConditionMgr:1044 - genDependencies : Invalid condition id : LAN8742 Phy interface Condition cause : null
2025-07-24 09:28:50,389 [WARN] PackLoader:240 - Cannot read IP mode file for STMicroelectronics.X-CUBE-SFXS2LP1.4.0.0
2025-07-24 09:28:50,420 [WARN] PackLoader:240 - Cannot read IP mode file for STMicroelectronics.X-CUBE-AZRTOS-H7.3.3.0
2025-07-24 09:28:50,441 [WARN] PackLoader:240 - Cannot read IP mode file for STMicroelectronics.X-CUBE-BLEMGR.4.1.0
2025-07-24 09:28:50,460 [WARN] PackLoader:240 - Cannot read IP mode file for STMicroelectronics.X-CUBE-IPS.3.0.0
2025-07-24 09:28:50,490 [WARN] ConditionMgr:438 - getConditionDescription Invalid condition id : UX DEVICE CLASS RTOS Condition cause : null
2025-07-24 09:28:50,490 [WARN] ConditionMgr:438 - getConditionDescription Invalid condition id : UX DEVICE CLASS RTOS Condition cause : null
2025-07-24 09:28:50,494 [WARN] PackLoader:240 - Cannot read IP mode file for STMicroelectronics.X-CUBE-AZRTOS-WB.2.0.0
2025-07-24 09:28:50,497 [WARN] ConditionMgr:1044 - genDependencies : Invalid condition id : UX DEVICE CLASS RTOS Condition cause : null
2025-07-24 09:28:50,497 [WARN] ConditionMgr:1044 - genDependencies : Invalid condition id : UX DEVICE CLASS RTOS Condition cause : null
2025-07-24 09:28:50,499 [WARN] ConditionMgr:1044 - genDependencies : Invalid condition id : UX DEVICE CLASS RTOS Condition cause : null
2025-07-24 09:28:50,499 [WARN] ConditionMgr:1044 - genDependencies : Invalid condition id : UX DEVICE CLASS RTOS Condition cause : null
2025-07-24 09:28:50,499 [WARN] ConditionMgr:1044 - genDependencies : Invalid condition id : UX DEVICE CLASS RTOS Condition cause : null
2025-07-24 09:28:50,511 [WARN] PackLoader:240 - Cannot read IP mode file for STMicroelectronics.X-CUBE-GNSS1.7.0.1
2025-07-24 09:28:50,521 [WARN] PackLoader:240 - Cannot read IP mode file for STMicroelectronics.X-CUBE-TOUCHGFX.4.25.0
2025-07-24 09:28:50,532 [WARN] PackLoader:240 - Cannot read IP mode file for STMicroelectronics.FP-SNS-STBOX1.2.0.0
2025-07-24 09:28:50,551 [WARN] PackLoader:240 - Cannot read IP mode file for STMicroelectronics.X-CUBE-SUBG2.5.0.0
2025-07-24 09:28:50,593 [WARN] PackLoader:240 - Cannot read IP mode file for STMicroelectronics.X-CUBE-AZRTOS-H7RS.1.1.0
2025-07-24 09:28:50,606 [WARN] PackLoader:240 - Cannot read IP mode file for Cesanta.I-CUBE-Mongoose.7.13.0
2025-07-24 09:28:50,632 [WARN] PackLoader:240 - Cannot read IP mode file for STMicroelectronics.X-CUBE-AZRTOS-G4.2.0.0
2025-07-24 09:28:50,640 [WARN] PackLoader:240 - Cannot read IP mode file for STMicroelectronics.X-CUBE-NFC7.2.0.0
2025-07-24 09:28:50,653 [WARN] PackLoader:240 - Cannot read IP mode file for STMicroelectronics.X-CUBE-IPS.3.1.0
2025-07-24 09:28:50,674 [WARN] PackLoader:240 - Cannot read IP mode file for STMicroelectronics.X-CUBE-ALS.1.0.2
2025-07-24 09:28:50,684 [WARN] PackLoader:240 - Cannot read IP mode file for STMicroelectronics.X-CUBE-TOUCHGFX.4.24.0
2025-07-24 09:28:50,804 [WARN] PackLoader:240 - Cannot read IP mode file for STMicroelectronics.X-CUBE-TOUCHGFX.4.24.2
2025-07-24 09:28:50,873 [WARN] PackLoader:240 - Cannot read IP mode file for STMicroelectronics.X-CUBE-TOUCHGFX.4.24.1
2025-07-24 09:28:50,879 [WARN] PackLoader:240 - Cannot read IP mode file for wolfSSL.I-CUBE-wolfTPM.3.4.0
2025-07-24 09:28:50,888 [WARN] PackLoader:240 - Cannot read IP mode file for portGmbH.I-Cube-SoM-uGOAL.1.1.0
2025-07-24 09:28:50,903 [WARN] PackLoader:240 - Cannot read IP mode file for STMicroelectronics.X-CUBE-AZRTOS-H7RS.1.0.0
2025-07-24 09:28:50,931 [WARN] PackLoader:240 - Cannot read IP mode file for STMicroelectronics.X-CUBE-TOF1.3.4.2
2025-07-24 09:28:50,950 [WARN] PackLoader:240 - Cannot read IP mode file for STMicroelectronics.X-CUBE-TOF1.3.4.3
2025-07-24 09:28:50,970 [WARN] PackLoader:240 - Cannot read IP mode file for wolfSSL.I-CUBE-wolfSSH.1.4.17
2025-07-24 09:28:50,970 [INFO] ThirdParty:978 - Integrity check success = true
2025-07-24 09:28:50,970 [INFO] IntegrityCheckThread:100 - exiting critical section [integrity check]
2025-07-24 09:28:50,970 [INFO] IntegrityCheckThread:103 - End integrity checks thread
2025-07-24 09:39:31,960 [ERROR] LogOutputStream:75 - [STDERR_REDIRECT] 
