2025-07-02 16:56:41,172 [INFO] Activator:176 - 


2025-07-02 16:56:41,179 [INFO] Activator:177 - !SESSION log4j initialized
2025-07-02 16:56:48,010 [INFO] LogOutputStream:77 - [STDOUT_REDIRECT] 
2025-07-02 16:56:49,222 [INFO] ApplicationProperties:184 - Using Application install path: C:\ST\STM32CubeIDE_1.16.1\STM32CubeIDE\plugins\com.st.stm32cube.common.mx_6.14.1.202504091515
2025-07-02 16:56:49,252 [INFO] DbMcusXml:78 - Set database path to: C:\ST\STM32CubeIDE_1.16.1\STM32CubeIDE\plugins\com.st.stm32cube.common.mx_6.14.1.202504091515\\db\/mcu/
2025-07-02 16:56:49,252 [INFO] ApiDb:274 - Set plugin database path to: C:\ST\STM32CubeIDE_1.16.1\STM32CubeIDE\plugins\com.st.stm32cube.common.mx_6.14.1.202504091515\\db\/plugins/boardmanager/
2025-07-02 16:56:49,253 [WARN] ApiDb:259 - Overriding images path with different value:  => C:\ST\STM32CubeIDE_1.16.1\STM32CubeIDE\plugins\com.st.stm32cube.common.mx_6.14.1.202504091515\\db\/plugins/mcufinder/images/
2025-07-02 16:56:49,268 [INFO] ApiDb:250 - Set database path to: C:\Users\kjeya\.stmcufinder\plugins\mcufinder//mcu/
2025-07-02 16:56:49,269 [INFO] DbMcusAds:125 - Set database path to: C:\Users\kjeya\.stmcufinder\plugins\mcufinder//mcu/
2025-07-02 16:56:49,272 [INFO] CrossReferenceDbSqlite:203 - Set database path to: C:\Users\kjeya\.stmcufinder\plugins\mcufinder//mcu/cs/
2025-07-02 16:56:49,413 [INFO] RulesReader:64 - Compatibility file has been processed (302 Rules)
2025-07-02 16:56:49,522 [INFO] DbMcusXml:78 - Set database path to: C:\ST\STM32CubeIDE_1.16.1\STM32CubeIDE\plugins\com.st.stm32cube.common.mx_6.14.1.202504091515\\db\/mcu/
2025-07-02 16:56:49,522 [INFO] ApiDb:274 - Set plugin database path to: C:\ST\STM32CubeIDE_1.16.1\STM32CubeIDE\plugins\com.st.stm32cube.common.mx_6.14.1.202504091515\\db\/plugins/boardmanager/
2025-07-02 16:56:49,522 [INFO] ApiDb:261 - Set plugin images path to: C:\ST\STM32CubeIDE_1.16.1\STM32CubeIDE\plugins\com.st.stm32cube.common.mx_6.14.1.202504091515\\db\/plugins/mcufinder/images/
2025-07-02 16:56:49,522 [WARN] DbFile:41 - Overriding database path with different value: C:\Users\kjeya\.stmcufinder\plugins\mcufinder/ => C:\Users\kjeya\.stmcufinder\plugins\mcufinder
2025-07-02 16:56:49,522 [INFO] ApiDb:250 - Set database path to: C:\Users\kjeya\.stmcufinder\plugins\mcufinder//mcu/
2025-07-02 16:56:49,524 [WARN] DbFile:41 - Overriding database path with different value: C:\Users\kjeya\.stmcufinder\plugins\mcufinder/ => C:\Users\kjeya\.stmcufinder\plugins\mcufinder
2025-07-02 16:56:49,524 [INFO] DbMcusAds:125 - Set database path to: C:\Users\kjeya\.stmcufinder\plugins\mcufinder//mcu/
2025-07-02 16:56:49,524 [WARN] DbFile:41 - Overriding database path with different value: C:\Users\kjeya\.stmcufinder\plugins\mcufinder/ => C:\Users\kjeya\.stmcufinder\plugins\mcufinder
2025-07-02 16:56:49,524 [WARN] DbFile:41 - Overriding database path with different value: C:\Users\kjeya\.stmcufinder\plugins\mcufinder/ => C:\Users\kjeya\.stmcufinder\plugins\mcufinder
2025-07-02 16:56:49,524 [INFO] CrossReferenceDbSqlite:203 - Set database path to: C:\Users\kjeya\.stmcufinder\plugins\mcufinder//mcu/cs/
2025-07-02 16:56:49,628 [INFO] MainPanel:272 - HeapMemory: 268435456
2025-07-02 16:56:49,783 [INFO] DbMcusXml:78 - Set database path to: C:\ST\STM32CubeIDE_1.16.1\STM32CubeIDE\plugins\com.st.stm32cube.common.mx_6.14.1.202504091515\\db\/mcu/
2025-07-02 16:56:49,783 [INFO] ApiDb:274 - Set plugin database path to: C:\ST\STM32CubeIDE_1.16.1\STM32CubeIDE\plugins\com.st.stm32cube.common.mx_6.14.1.202504091515\\db\/plugins/boardmanager/
2025-07-02 16:56:49,783 [INFO] ApiDb:261 - Set plugin images path to: C:\ST\STM32CubeIDE_1.16.1\STM32CubeIDE\plugins\com.st.stm32cube.common.mx_6.14.1.202504091515\\db\/plugins/mcufinder/images/
2025-07-02 16:56:49,784 [WARN] DbFile:41 - Overriding database path with different value: C:\Users\kjeya\.stmcufinder\plugins\mcufinder/ => C:\Users\kjeya\.stmcufinder\plugins\mcufinder
2025-07-02 16:56:49,784 [INFO] ApiDb:250 - Set database path to: C:\Users\kjeya\.stmcufinder\plugins\mcufinder//mcu/
2025-07-02 16:56:49,784 [WARN] DbFile:41 - Overriding database path with different value: C:\Users\kjeya\.stmcufinder\plugins\mcufinder/ => C:\Users\kjeya\.stmcufinder\plugins\mcufinder
2025-07-02 16:56:49,785 [INFO] DbMcusAds:125 - Set database path to: C:\Users\kjeya\.stmcufinder\plugins\mcufinder//mcu/
2025-07-02 16:56:49,785 [WARN] DbFile:41 - Overriding database path with different value: C:\Users\kjeya\.stmcufinder\plugins\mcufinder/ => C:\Users\kjeya\.stmcufinder\plugins\mcufinder
2025-07-02 16:56:49,785 [WARN] DbFile:41 - Overriding database path with different value: C:\Users\kjeya\.stmcufinder\plugins\mcufinder/ => C:\Users\kjeya\.stmcufinder\plugins\mcufinder
2025-07-02 16:56:49,785 [INFO] CrossReferenceDbSqlite:203 - Set database path to: C:\Users\kjeya\.stmcufinder\plugins\mcufinder//mcu/cs/
2025-07-02 16:56:49,810 [INFO] ApplicationProperties:184 - Using Application install path: C:\ST\STM32CubeIDE_1.16.1\STM32CubeIDE\plugins\com.st.stm32cube.common.mx_6.14.1.202504091515
2025-07-02 16:56:49,812 [INFO] PluginManage:196 - Search for loadable plugins [exclusion list=, ]
2025-07-02 16:56:49,818 [INFO] PluginManage:310 - Check plugin analytics
2025-07-02 16:56:50,084 [INFO] AnalyticsPlugin:253 - Accepted Software Licenses: STM32CubeMX.6.11.1,STM32CubeMX.6.13.0
2025-07-02 16:56:50,084 [INFO] AnalyticsPlugin:255 - Accepted CMSIS Pack Licenses: STMicroelectronics.X-CUBE-TOUCHGFX.4.24.0,WES.I-CUBE-Cesium.1.3.0,STMicroelectronics.X-CUBE-TOUCHGFX.4.24.2
2025-07-02 16:56:50,085 [INFO] AnalyticsPlugin:257 - Accepted Firmware Licenses: FW.F4.1.28.0,FW.L4.1.18.0,FW.WL.1.3.0,FW.H7.1.11.0,FW.H7.1.12.0
2025-07-02 16:56:50,090 [INFO] PluginManage:359 - Loaded plugin analytics (category:tool,tabindex:-1)
2025-07-02 16:56:50,091 [INFO] PluginManage:310 - Check plugin cadmodel
2025-07-02 16:56:50,099 [INFO] CADModel:105 - Init CAD model plugin
2025-07-02 16:56:50,099 [INFO] PluginManage:359 - Loaded plugin cadmodel (category:power,tabindex:5)
2025-07-02 16:56:50,099 [INFO] PluginManage:310 - Check plugin clock
2025-07-02 16:56:50,114 [INFO] PluginManage:359 - Loaded plugin clock (category:base,tabindex:2)
2025-07-02 16:56:50,114 [INFO] PluginManage:310 - Check plugin ddr
2025-07-02 16:56:50,117 [INFO] PluginManage:359 - Loaded plugin ddr (category:tool,tabindex:6)
2025-07-02 16:56:50,118 [INFO] PluginManage:310 - Check plugin filemanager
2025-07-02 16:56:50,284 [INFO] PluginManage:359 - Loaded plugin filemanager (category:base,tabindex:10)
2025-07-02 16:56:50,284 [INFO] PluginManage:310 - Check plugin ipmanager
2025-07-02 16:56:50,292 [INFO] PluginManage:359 - Loaded plugin ipmanager (category:base,tabindex:5)
2025-07-02 16:56:50,292 [INFO] PluginManage:310 - Check plugin lpbam
2025-07-02 16:56:50,300 [INFO] PluginManage:359 - Loaded plugin lpbam (category:base,tabindex:0)
2025-07-02 16:56:50,300 [INFO] PluginManage:310 - Check plugin memorymap
2025-07-02 16:56:50,314 [INFO] PluginManage:359 - Loaded plugin memorymap (category:base,tabindex:4)
2025-07-02 16:56:50,314 [INFO] PluginManage:310 - Check plugin pinoutandconfiguration
2025-07-02 16:56:50,328 [INFO] PluginManage:359 - Loaded plugin pinoutandconfiguration (category:base,tabindex:1)
2025-07-02 16:56:50,328 [INFO] PluginManage:310 - Check plugin pinoutconfig
2025-07-02 16:56:50,444 [WARN] SupportedApi:132 - Cannot load RTOS API schema: s4s-elt-must-match.1: The content of 'definitions' must match (annotation?, (simpleType | complexType)?, (unique | key | keyref)*)). A problem was found starting at: attribute.
2025-07-02 16:56:50,608 [INFO] PluginManage:359 - Loaded plugin pinoutconfig (category:base,tabindex:0)
2025-07-02 16:56:50,608 [INFO] PluginManage:310 - Check plugin power
2025-07-02 16:56:50,623 [INFO] PluginManage:359 - Loaded plugin power (category:power,tabindex:4)
2025-07-02 16:56:50,623 [INFO] PluginManage:310 - Check plugin projectmanager
2025-07-02 16:56:50,652 [INFO] PluginManage:359 - Loaded plugin projectmanager (category:projectmanager,tabindex:4)
2025-07-02 16:56:50,652 [INFO] PluginManage:310 - Check plugin rif
2025-07-02 16:56:50,669 [INFO] PluginManage:359 - Loaded plugin rif (category:base,tabindex:3)
2025-07-02 16:56:50,670 [INFO] PluginManage:310 - Check plugin thirdparty
2025-07-02 16:56:50,881 [INFO] PluginManage:359 - Loaded plugin thirdparty (category:base,tabindex:-1)
2025-07-02 16:56:50,881 [WARN] IntegrityCheckThread:84 - waiting for thirdparty lock release [integrity check]
2025-07-02 16:56:50,882 [INFO] PluginManage:310 - Check plugin tools
2025-07-02 16:56:50,882 [INFO] IntegrityCheckThread:86 - entering critical section [integrity check]
2025-07-02 16:56:50,883 [INFO] ThirdPartyUpdaterWithRetryManager:70 - Updater plugin not ready yet. [1/15]
2025-07-02 16:56:50,888 [INFO] PluginManage:359 - Loaded plugin tools (category:base,tabindex:7)
2025-07-02 16:56:50,888 [INFO] PluginManage:310 - Check plugin tutovideos
2025-07-02 16:56:51,084 [INFO] PluginManage:359 - Loaded plugin tutovideos (category:base,tabindex:-1)
2025-07-02 16:56:51,084 [INFO] PluginManage:310 - Check plugin updater
2025-07-02 16:56:51,114 [INFO] PluginManage:359 - Loaded plugin updater (category:base,tabindex:12)
2025-07-02 16:56:51,114 [INFO] PluginManage:310 - Check plugin userauth
2025-07-02 16:56:51,120 [INFO] UserAuth:118 - Init User Auth plugin
2025-07-02 16:56:51,123 [INFO] PluginManage:359 - Loaded plugin userauth (category:base,tabindex:14)
2025-07-02 16:56:51,123 [INFO] PluginManage:283 - PluginManage : Loaded plugins [18]
2025-07-02 16:56:51,447 [INFO] PinOutPanel:1589 - setPackage(No Configuration,No Configuration)
2025-07-02 16:56:51,585 [INFO] CADModel:165 - CPN selected for project level
2025-07-02 16:56:51,585 [INFO] CADModel:114 - Register for checkConnection events
2025-07-02 16:56:51,612 [INFO] IPUIPlugin:80 - create IPUIPlugin
2025-07-02 16:56:51,613 [INFO] PluginManager:220 - loadIPPluginJar : add adc
2025-07-02 16:56:51,619 [INFO] IPUIPlugin:80 - create IPUIPlugin
2025-07-02 16:56:51,619 [INFO] PluginManager:220 - loadIPPluginJar : add aes
2025-07-02 16:56:51,624 [INFO] IPUIPlugin:80 - create IPUIPlugin
2025-07-02 16:56:51,624 [INFO] PluginManager:220 - loadIPPluginJar : add can
2025-07-02 16:56:51,626 [INFO] IPUIPlugin:80 - create IPUIPlugin
2025-07-02 16:56:51,627 [INFO] PluginManager:220 - loadIPPluginJar : add comp
2025-07-02 16:56:51,633 [INFO] IPUIPlugin:80 - create IPUIPlugin
2025-07-02 16:56:51,633 [INFO] PluginManager:220 - loadIPPluginJar : add cryp
2025-07-02 16:56:51,638 [INFO] IPUIPlugin:80 - create IPUIPlugin
2025-07-02 16:56:51,638 [INFO] PluginManager:220 - loadIPPluginJar : add ddr_ctrl_phy
2025-07-02 16:56:51,642 [INFO] IPUIPlugin:80 - create IPUIPlugin
2025-07-02 16:56:51,642 [INFO] PluginManager:220 - loadIPPluginJar : add dfsdm
2025-07-02 16:56:51,648 [INFO] IPUIPlugin:80 - create IPUIPlugin
2025-07-02 16:56:51,649 [INFO] PluginManager:220 - loadIPPluginJar : add dma
2025-07-02 16:56:51,652 [INFO] IPUIPlugin:80 - create IPUIPlugin
2025-07-02 16:56:51,652 [INFO] PluginManager:220 - loadIPPluginJar : add dma3
2025-07-02 16:56:51,656 [INFO] IPUIPlugin:80 - create IPUIPlugin
2025-07-02 16:56:51,656 [INFO] PluginManager:220 - loadIPPluginJar : add extmemmanager
2025-07-02 16:56:51,660 [INFO] IPUIPlugin:80 - create IPUIPlugin
2025-07-02 16:56:51,660 [INFO] PluginManager:220 - loadIPPluginJar : add fatfs
2025-07-02 16:56:51,666 [INFO] IPUIPlugin:80 - create IPUIPlugin
2025-07-02 16:56:51,666 [INFO] PluginManager:220 - loadIPPluginJar : add fmc
2025-07-02 16:56:51,673 [INFO] IPUIPlugin:80 - create IPUIPlugin
2025-07-02 16:56:51,673 [INFO] PluginManager:220 - loadIPPluginJar : add freertos
2025-07-02 16:56:51,676 [INFO] IPUIPlugin:80 - create IPUIPlugin
2025-07-02 16:56:51,676 [INFO] PluginManager:220 - loadIPPluginJar : add genericplugin
2025-07-02 16:56:51,679 [INFO] IPUIPlugin:80 - create IPUIPlugin
2025-07-02 16:56:51,679 [INFO] PluginManager:220 - loadIPPluginJar : add gfxmmu
2025-07-02 16:56:51,684 [INFO] IPUIPlugin:80 - create IPUIPlugin
2025-07-02 16:56:51,684 [INFO] PluginManager:220 - loadIPPluginJar : add gic
2025-07-02 16:56:51,691 [INFO] IPUIPlugin:80 - create IPUIPlugin
2025-07-02 16:56:51,691 [INFO] PluginManager:220 - loadIPPluginJar : add gpio
2025-07-02 16:56:51,695 [INFO] IPUIPlugin:80 - create IPUIPlugin
2025-07-02 16:56:51,695 [INFO] PluginManager:220 - loadIPPluginJar : add gtzc
2025-07-02 16:56:51,699 [INFO] IPUIPlugin:80 - create IPUIPlugin
2025-07-02 16:56:51,699 [INFO] PluginManager:220 - loadIPPluginJar : add hash
2025-07-02 16:56:51,703 [INFO] IPUIPlugin:80 - create IPUIPlugin
2025-07-02 16:56:51,703 [INFO] PluginManager:220 - loadIPPluginJar : add i2c
2025-07-02 16:56:51,708 [INFO] IPUIPlugin:80 - create IPUIPlugin
2025-07-02 16:56:51,708 [INFO] PluginManager:220 - loadIPPluginJar : add i2s
2025-07-02 16:56:51,712 [INFO] IPUIPlugin:80 - create IPUIPlugin
2025-07-02 16:56:51,712 [INFO] PluginManager:220 - loadIPPluginJar : add i3c
2025-07-02 16:56:51,717 [INFO] IPUIPlugin:80 - create IPUIPlugin
2025-07-02 16:56:51,717 [INFO] PluginManager:220 - loadIPPluginJar : add ipddr
2025-07-02 16:56:51,725 [INFO] IPUIPlugin:80 - create IPUIPlugin
2025-07-02 16:56:51,726 [INFO] PluginManager:220 - loadIPPluginJar : add linkedlist
2025-07-02 16:56:51,730 [INFO] IPUIPlugin:80 - create IPUIPlugin
2025-07-02 16:56:51,730 [INFO] PluginManager:220 - loadIPPluginJar : add lorawan
2025-07-02 16:56:51,733 [INFO] IPUIPlugin:80 - create IPUIPlugin
2025-07-02 16:56:51,735 [INFO] PluginManager:220 - loadIPPluginJar : add ltdc
2025-07-02 16:56:51,743 [INFO] IPUIPlugin:80 - create IPUIPlugin
2025-07-02 16:56:51,743 [INFO] PluginManager:220 - loadIPPluginJar : add mdma
2025-07-02 16:56:51,747 [INFO] IPUIPlugin:80 - create IPUIPlugin
2025-07-02 16:56:51,748 [INFO] PluginManager:220 - loadIPPluginJar : add nvic
2025-07-02 16:56:51,752 [INFO] IPUIPlugin:80 - create IPUIPlugin
2025-07-02 16:56:51,752 [INFO] PluginManager:220 - loadIPPluginJar : add opamp
2025-07-02 16:56:51,757 [INFO] IPUIPlugin:80 - create IPUIPlugin
2025-07-02 16:56:51,757 [INFO] PluginManager:220 - loadIPPluginJar : add openamp
2025-07-02 16:56:51,761 [INFO] IPUIPlugin:80 - create IPUIPlugin
2025-07-02 16:56:51,761 [INFO] PluginManager:220 - loadIPPluginJar : add pdm2pcm
2025-07-02 16:56:51,767 [INFO] IPUIPlugin:80 - create IPUIPlugin
2025-07-02 16:56:51,770 [INFO] PluginManager:220 - loadIPPluginJar : add plateformsettings
2025-07-02 16:56:51,773 [INFO] IPUIPlugin:80 - create IPUIPlugin
2025-07-02 16:56:51,773 [INFO] PluginManager:220 - loadIPPluginJar : add quadspi
2025-07-02 16:56:51,776 [INFO] IPUIPlugin:80 - create IPUIPlugin
2025-07-02 16:56:51,777 [INFO] PluginManager:220 - loadIPPluginJar : add radio
2025-07-02 16:56:51,782 [INFO] IPUIPlugin:80 - create IPUIPlugin
2025-07-02 16:56:51,783 [INFO] PluginManager:220 - loadIPPluginJar : add resmgrutility
2025-07-02 16:56:51,788 [INFO] IPUIPlugin:80 - create IPUIPlugin
2025-07-02 16:56:51,788 [INFO] PluginManager:220 - loadIPPluginJar : add sai
2025-07-02 16:56:51,791 [INFO] IPUIPlugin:80 - create IPUIPlugin
2025-07-02 16:56:51,791 [INFO] PluginManager:220 - loadIPPluginJar : add spi
2025-07-02 16:56:51,799 [INFO] IPUIPlugin:80 - create IPUIPlugin
2025-07-02 16:56:51,799 [INFO] PluginManager:220 - loadIPPluginJar : add stm32_wpan
2025-07-02 16:56:51,801 [INFO] IPUIPlugin:80 - create IPUIPlugin
2025-07-02 16:56:51,802 [INFO] PluginManager:220 - loadIPPluginJar : add tim
2025-07-02 16:56:51,806 [INFO] IPUIPlugin:80 - create IPUIPlugin
2025-07-02 16:56:51,807 [INFO] PluginManager:220 - loadIPPluginJar : add touchsensing
2025-07-02 16:56:51,810 [INFO] IPUIPlugin:80 - create IPUIPlugin
2025-07-02 16:56:51,810 [INFO] PluginManager:220 - loadIPPluginJar : add tracer_emb
2025-07-02 16:56:51,815 [INFO] IPUIPlugin:80 - create IPUIPlugin
2025-07-02 16:56:51,815 [INFO] PluginManager:220 - loadIPPluginJar : add ts
2025-07-02 16:56:51,817 [INFO] IPUIPlugin:80 - create IPUIPlugin
2025-07-02 16:56:51,817 [INFO] PluginManager:220 - loadIPPluginJar : add tsc
2025-07-02 16:56:51,820 [INFO] IPUIPlugin:80 - create IPUIPlugin
2025-07-02 16:56:51,820 [INFO] PluginManager:220 - loadIPPluginJar : add ucpd
2025-07-02 16:56:51,824 [INFO] IPUIPlugin:80 - create IPUIPlugin
2025-07-02 16:56:51,824 [INFO] PluginManager:220 - loadIPPluginJar : add usart
2025-07-02 16:56:51,829 [INFO] IPUIPlugin:80 - create IPUIPlugin
2025-07-02 16:56:51,830 [INFO] PluginManager:220 - loadIPPluginJar : add usbx
2025-07-02 16:56:51,978 [FATAL] Updater:351 - Updater called before beeing initialized
2025-07-02 16:56:52,031 [INFO] RulesReader:64 - Compatibility file has been processed (302 Rules)
2025-07-02 16:56:52,042 [INFO] RulesReader:64 - Compatibility file has been processed (302 Rules)
2025-07-02 16:56:52,053 [INFO] CADModel:165 - CPN selected for project level
2025-07-02 16:56:52,054 [INFO] CADModel:114 - Register for checkConnection events
2025-07-02 16:56:52,054 [FATAL] Updater:351 - Updater called before beeing initialized
2025-07-02 16:56:52,054 [ERROR] CADModel:125 - Updater not yet initialized, retry later 
2025-07-02 16:56:52,233 [FATAL] Updater:351 - Updater called before beeing initialized
2025-07-02 16:56:52,237 [INFO] CADModel:165 - CPN selected for project level
2025-07-02 16:56:52,237 [INFO] CADModel:114 - Register for checkConnection events
2025-07-02 16:56:52,237 [FATAL] Updater:351 - Updater called before beeing initialized
2025-07-02 16:56:52,237 [ERROR] CADModel:125 - Updater not yet initialized, retry later 
2025-07-02 16:56:52,243 [FATAL] Updater:351 - Updater called before beeing initialized
2025-07-02 16:56:52,378 [FATAL] Updater:351 - Updater called before beeing initialized
2025-07-02 16:56:52,383 [INFO] DbMcusAds:53 - JSON generation date=Thu Jun 19 14:02:37 IST 2025 (1750321957418)
2025-07-02 16:56:52,383 [FATAL] Updater:351 - Updater called before beeing initialized
2025-07-02 16:56:52,427 [WARN] DetailPanel:346 - Failed to get advertising image, set to default
2025-07-02 16:56:52,663 [FATAL] Updater:351 - Updater called before beeing initialized
2025-07-02 16:56:52,666 [FATAL] Updater:351 - Updater called before beeing initialized
2025-07-02 16:56:52,666 [FATAL] Updater:351 - Updater called before beeing initialized
2025-07-02 16:56:52,666 [WARN] DetailPanel:346 - Failed to get advertising image, set to default
2025-07-02 16:56:52,667 [FATAL] Updater:351 - Updater called before beeing initialized
2025-07-02 16:56:52,741 [ERROR] Updater:1198 - MainUpdater not yet initialized. External WinMGr cannot be set.
2025-07-02 16:56:52,744 [INFO] Updater:1134 - Updater Version found : 6.14.1
2025-07-02 16:56:52,764 [INFO] ApplicationProperties:184 - Using Application install path: C:\ST\STM32CubeIDE_1.16.1\STM32CubeIDE\plugins\com.st.stm32cube.common.mx_6.14.1.202504091515
2025-07-02 16:56:53,884 [INFO] ThirdPartyUpdaterWithRetryManager:70 - Updater plugin not ready yet. [2/15]
2025-07-02 16:56:54,358 [ERROR] LogOutputStream:75 - [STDERR_REDIRECT] Jul 02, 2025 4:56:54 PM java.util.prefs.WindowsPreferences <init>
2025-07-02 16:56:54,361 [ERROR] LogOutputStream:75 - [STDERR_REDIRECT] WARNING: Could not open/create prefs root node Software\JavaSoft\Prefs at root 0xffffffff80000002. Windows RegCreateKeyEx(...) returned error code 5.
2025-07-02 16:56:54,361 [ERROR] LogOutputStream:75 - [STDERR_REDIRECT] 
2025-07-02 16:56:54,852 [INFO] MainUpdater:2872 - connection check result : 10
2025-07-02 16:56:54,853 [INFO] MainUpdater:289 - Updater Check For Update Now.
2025-07-02 16:56:54,853 [INFO] MicroXplorer:498 - Change Database Version : DB.6.0.141
2025-07-02 16:56:54,869 [INFO] McuFinderGlobals:63 - Set McuFinder mode to 2 (CubeIDE integrated)
2025-07-02 16:56:54,870 [INFO] UserAuth:484 - Internet connection configuration mode: 1
2025-07-02 16:56:54,917 [INFO] JxBrowserEngine:152 - Initiate JxBrowser Engine with user profile folder
2025-07-02 16:56:55,083 [INFO] CheckServerUpdateThread:120 - End of CheckServer Thread
2025-07-02 16:56:56,892 [INFO] WebApp:169 - Instantiating new browser for Auth
2025-07-02 16:56:57,592 [WARN] PackLoader:240 - Cannot read IP mode file for STMicroelectronics.FP-SNS-MOTENVWB1.1.4.0
2025-07-02 16:56:57,611 [WARN] PackLoader:240 - Cannot read IP mode file for STMicroelectronics.FP-ATR-ASTRA1.2.0.2
2025-07-02 16:56:57,621 [WARN] PackLoader:240 - Cannot read IP mode file for STMicroelectronics.FP-ATR-ASTRA1.2.0.1
2025-07-02 16:56:57,647 [WARN] PackLoader:240 - Cannot read IP mode file for STMicroelectronics.X-CUBE-SMBUS.2.1.0
2025-07-02 16:56:57,669 [WARN] PackLoader:240 - Cannot read IP mode file for STMicroelectronics.X-CUBE-WB05N.1.1.0
2025-07-02 16:56:57,683 [WARN] PackLoader:240 - Cannot read IP mode file for STMicroelectronics.X-CUBE-ST60.1.0.0
2025-07-02 16:56:57,759 [WARN] PackLoader:240 - Cannot read IP mode file for STMicroelectronics.X-CUBE-AZRTOS-F7.1.1.0
2025-07-02 16:56:57,783 [WARN] PackLoader:240 - Cannot read IP mode file for STMicroelectronics.FP-SNS-FLIGHT1.5.0.2
2025-07-02 16:56:57,845 [WARN] PackLoader:240 - Cannot read IP mode file for Infineon.AIROC-Wi-Fi-Bluetooth-STM32.1.7.0
2025-07-02 16:56:57,875 [WARN] PackLoader:240 - Cannot read IP mode file for STMicroelectronics.X-CUBE-DISPLAY.3.0.0
2025-07-02 16:56:57,896 [WARN] PackLoader:240 - Cannot read IP mode file for STMicroelectronics.X-CUBE-BLE1.7.0.0
2025-07-02 16:56:57,911 [WARN] PackLoader:240 - Cannot read IP mode file for STMicroelectronics.X-CUBE-NFC10.1.0.0
2025-07-02 16:56:57,936 [WARN] PackLoader:240 - Cannot read IP mode file for STMicroelectronics.X-CUBE-BLEMGR.4.0.0
2025-07-02 16:56:57,958 [WARN] PackLoader:240 - Cannot read IP mode file for emotas.I-CUBE-CANOPEN.1.3.0
2025-07-02 16:56:57,968 [WARN] PackLoader:240 - Cannot read IP mode file for STMicroelectronics.X-CUBE-AI.10.0.0
2025-07-02 16:56:57,979 [WARN] PackLoader:240 - Cannot read IP mode file for STMicroelectronics.FP-SNS-SMARTAG2.1.2.0
2025-07-02 16:56:57,988 [WARN] PackLoader:240 - Cannot read IP mode file for STMicroelectronics.FP-SNS-FLIGHT1.5.1.0
2025-07-02 16:56:58,114 [WARN] PackLoader:240 - Cannot read IP mode file for STMicroelectronics.X-CUBE-MEMS1.11.1.0
2025-07-02 16:56:58,518 [INFO] LogOutputStream:77 - [STDOUT_REDIRECT] 1 : Invalid condition id : UX_CORESTACK_Condition cause : null
2025-07-02 16:56:58,520 [INFO] LogOutputStream:77 - [STDOUT_REDIRECT] 1 : Invalid condition id : UX_CORESTACK_Condition cause : null
2025-07-02 16:56:58,524 [INFO] LogOutputStream:77 - [STDOUT_REDIRECT] 1 : Invalid condition id : UX_CORESTACK_Condition cause : null
2025-07-02 16:56:58,529 [INFO] LogOutputStream:77 - [STDOUT_REDIRECT] 1 : Invalid condition id : UX_CORESTACK_Condition cause : null
2025-07-02 16:56:58,537 [INFO] LogOutputStream:77 - [STDOUT_REDIRECT] 1 : Invalid condition id : UX_CORESTACK_Condition cause : null
2025-07-02 16:56:58,544 [WARN] PackLoader:240 - Cannot read IP mode file for STMicroelectronics.X-CUBE-AZRTOS-WL.2.0.0
2025-07-02 16:56:58,560 [WARN] PackLoader:240 - Cannot read IP mode file for STMicroelectronics.FP-SNS-MOTENV1.5.0.0
2025-07-02 16:56:58,597 [WARN] PackLoader:240 - Cannot read IP mode file for wolfSSL.I-CUBE-wolfMQTT.1.19.0
2025-07-02 16:56:58,622 [WARN] PackLoader:240 - Cannot read IP mode file for WES.I-CUBE-Cesium.1.3.0
2025-07-02 16:56:58,841 [WARN] PackLoader:240 - Cannot read IP mode file for STMicroelectronics.X-CUBE-BLE2.3.3.0
2025-07-02 16:56:58,861 [WARN] PackLoader:240 - Cannot read IP mode file for STMicroelectronics.X-CUBE-NFC9.1.0.0
2025-07-02 16:56:58,880 [WARN] PackLoader:240 - Cannot read IP mode file for STMicroelectronics.X-CUBE-BLE1.7.1.0
2025-07-02 16:56:58,896 [WARN] PackLoader:240 - Cannot read IP mode file for STMicroelectronics.X-CUBE-AI.10.1.0
2025-07-02 16:56:59,000 [WARN] PackLoader:240 - Cannot read IP mode file for STMicroelectronics.X-CUBE-MEMS1.11.2.0
2025-07-02 16:56:59,147 [INFO] WebApp:463 - Apply proxy settings
2025-07-02 16:56:59,148 [INFO] WebApp:548 - Chromium requires no authentication
2025-07-02 16:56:59,170 [INFO] WebApp:491 - Direct internet connection detected
2025-07-02 16:56:59,208 [WARN] PackLoader:240 - Cannot read IP mode file for STMicroelectronics.X-CUBE-AZRTOS-G0.1.1.0
2025-07-02 16:56:59,221 [WARN] PackLoader:240 - Cannot read IP mode file for STMicroelectronics.X-CUBE-SAFEA1.1.2.2
2025-07-02 16:56:59,232 [WARN] PackLoader:240 - Cannot read IP mode file for STMicroelectronics.X-CUBE-NFC4.3.0.0
2025-07-02 16:56:59,247 [WARN] PackLoader:240 - Cannot read IP mode file for EmbeddedOffice.I-CUBE-FS-RTOS.1.0.1
2025-07-02 16:56:59,247 [INFO] WebApp:894 - Register for checkConnection events
2025-07-02 16:56:59,248 [INFO] WebApp:463 - Apply proxy settings
2025-07-02 16:56:59,248 [INFO] WebApp:548 - Chromium requires no authentication
2025-07-02 16:56:59,249 [INFO] WebApp:491 - Direct internet connection detected
2025-07-02 16:56:59,255 [WARN] PackLoader:240 - Cannot read IP mode file for STMicroelectronics.X-CUBE-WB05N.2.0.0
2025-07-02 16:56:59,264 [WARN] PackLoader:240 - Cannot read IP mode file for STMicroelectronics.X-CUBE-TCPP.4.2.0
2025-07-02 16:56:59,275 [WARN] PackLoader:240 - Cannot read IP mode file for RealThread.X-CUBE-RT-Thread_Nano.4.1.1
2025-07-02 16:56:59,283 [WARN] PackLoader:240 - Cannot read IP mode file for STMicroelectronics.FP-ATR-SIGFOX1.3.2.0
2025-07-02 16:56:59,292 [WARN] ConditionMgr:438 - getConditionDescription Invalid condition id : Cortex-A Device cause : null
2025-07-02 16:56:59,309 [WARN] ConditionMgr:1044 - genDependencies : Invalid condition id : Cortex-A Device cause : null
2025-07-02 16:56:59,309 [WARN] ConditionMgr:1044 - genDependencies : Invalid condition id : Cortex-A Device cause : null
2025-07-02 16:56:59,310 [WARN] ConditionMgr:1044 - genDependencies : Invalid condition id : Cortex-A Device cause : null
2025-07-02 16:56:59,322 [WARN] PackLoader:240 - Cannot read IP mode file for STMicroelectronics.X-CUBE-EEPRMA1.5.1.0
2025-07-02 16:56:59,331 [WARN] PackLoader:240 - Cannot read IP mode file for wolfSSL.I-CUBE-wolfSSL.5.7.4
2025-07-02 16:56:59,343 [WARN] PackLoader:240 - Cannot read IP mode file for ITTIA_DB.I-CUBE-ITTIADB.8.9.0
2025-07-02 16:56:59,356 [WARN] PackLoader:240 - Cannot read IP mode file for STMicroelectronics.X-CUBE-ST67W61.1.0.0
2025-07-02 16:56:59,411 [WARN] PackLoader:240 - Cannot read IP mode file for SEGGER.I-CUBE-embOS.1.3.1
2025-07-02 16:56:59,478 [WARN] PackLoader:240 - Cannot read IP mode file for STMicroelectronics.X-CUBE-ALGOBUILD.1.4.0
2025-07-02 16:56:59,524 [INFO] WebApp:191 - Connection restablished
2025-07-02 16:56:59,562 [WARN] PackLoader:240 - Cannot read IP mode file for STMicroelectronics.X-CUBE-MEMS1.11.3.0
2025-07-02 16:56:59,810 [WARN] PackLoader:240 - Cannot read IP mode file for STMicroelectronics.X-CUBE-AI.9.1.0
2025-07-02 16:56:59,822 [WARN] PackLoader:240 - Cannot read IP mode file for STMicroelectronics.X-CUBE-PM33A1.1.0.0
2025-07-02 16:56:59,856 [WARN] PackLoader:240 - Cannot read IP mode file for STMicroelectronics.X-CUBE-AZRTOS-F4.1.1.0
2025-07-02 16:56:59,870 [WARN] PackLoader:240 - Cannot read IP mode file for Avnet-IotConnect.X-CUBE-IoTC-DA16k-PMOD.1.0.0
2025-07-02 16:56:59,882 [WARN] PackLoader:240 - Cannot read IP mode file for STMicroelectronics.X-CUBE-ISPU.2.1.0
2025-07-02 16:56:59,915 [WARN] PackLoader:240 - Cannot read IP mode file for STMicroelectronics.X-CUBE-AZRTOS-L5.2.0.0
2025-07-02 16:56:59,934 [WARN] PackLoader:240 - Cannot read IP mode file for STMicroelectronics.X-CUBE-NFC6.3.1.0
2025-07-02 16:56:59,950 [WARN] PackLoader:240 - Cannot read IP mode file for STMicroelectronics.X-CUBE-DPower.1.2.0
2025-07-02 16:56:59,963 [WARN] PackLoader:240 - Cannot read IP mode file for STMicroelectronics.X-CUBE-FREERTOS.1.3.1
2025-07-02 16:57:00,020 [WARN] PackLoader:240 - Cannot read IP mode file for STMicroelectronics.X-CUBE-FREERTOS.1.3.0
2025-07-02 16:57:00,034 [WARN] PackLoader:240 - Cannot read IP mode file for STMicroelectronics.X-CUBE-NFC7.1.0.1
2025-07-02 16:57:00,045 [WARN] PackLoader:240 - Cannot read IP mode file for STMicroelectronics.FP-SNS-STAIOTCFT.1.0.0
2025-07-02 16:57:00,055 [WARN] PackLoader:240 - Cannot read IP mode file for STMicroelectronics.X-CUBE-DPower.1.3.0
2025-07-02 16:57:00,091 [WARN] ConditionMgr:438 - getConditionDescription Invalid condition id : LAN8742 Phy interface Condition cause : null
2025-07-02 16:57:00,093 [WARN] PackLoader:240 - Cannot read IP mode file for STMicroelectronics.X-CUBE-AZRTOS-L4.2.0.0
2025-07-02 16:57:00,096 [WARN] ConditionMgr:1044 - genDependencies : Invalid condition id : LAN8742 Phy interface Condition cause : null
2025-07-02 16:57:00,097 [WARN] ConditionMgr:1044 - genDependencies : Invalid condition id : LAN8742 Phy interface Condition cause : null
2025-07-02 16:57:00,098 [WARN] ConditionMgr:1044 - genDependencies : Invalid condition id : LAN8742 Phy interface Condition cause : null
2025-07-02 16:57:00,118 [WARN] PackLoader:240 - Cannot read IP mode file for STMicroelectronics.X-CUBE-SFXS2LP1.4.0.0
2025-07-02 16:57:00,153 [INFO] WebApp:225 - Starting web application
2025-07-02 16:57:00,153 [INFO] WebApp:593 - Web application path used C:\ST\STM32CubeIDE_1.16.1\STM32CubeIDE\plugins\com.st.stm32cube.common.mx_6.14.1.202504091515\db\plugins\mcufinder\reactClient1\index.html
2025-07-02 16:57:00,159 [WARN] PackLoader:240 - Cannot read IP mode file for STMicroelectronics.X-CUBE-AZRTOS-H7.3.3.0
2025-07-02 16:57:00,185 [WARN] PackLoader:240 - Cannot read IP mode file for STMicroelectronics.X-CUBE-IPS.3.0.0
2025-07-02 16:57:00,214 [WARN] ConditionMgr:438 - getConditionDescription Invalid condition id : UX DEVICE CLASS RTOS Condition cause : null
2025-07-02 16:57:00,215 [WARN] ConditionMgr:438 - getConditionDescription Invalid condition id : UX DEVICE CLASS RTOS Condition cause : null
2025-07-02 16:57:00,219 [WARN] PackLoader:240 - Cannot read IP mode file for STMicroelectronics.X-CUBE-AZRTOS-WB.2.0.0
2025-07-02 16:57:00,220 [WARN] ConditionMgr:1044 - genDependencies : Invalid condition id : UX DEVICE CLASS RTOS Condition cause : null
2025-07-02 16:57:00,221 [WARN] ConditionMgr:1044 - genDependencies : Invalid condition id : UX DEVICE CLASS RTOS Condition cause : null
2025-07-02 16:57:00,222 [WARN] ConditionMgr:1044 - genDependencies : Invalid condition id : UX DEVICE CLASS RTOS Condition cause : null
2025-07-02 16:57:00,223 [WARN] ConditionMgr:1044 - genDependencies : Invalid condition id : UX DEVICE CLASS RTOS Condition cause : null
2025-07-02 16:57:00,223 [WARN] ConditionMgr:1044 - genDependencies : Invalid condition id : UX DEVICE CLASS RTOS Condition cause : null
2025-07-02 16:57:00,236 [WARN] PackLoader:240 - Cannot read IP mode file for STMicroelectronics.X-CUBE-GNSS1.7.0.1
2025-07-02 16:57:00,248 [WARN] PackLoader:240 - Cannot read IP mode file for STMicroelectronics.X-CUBE-TOUCHGFX.4.25.0
2025-07-02 16:57:00,260 [WARN] PackLoader:240 - Cannot read IP mode file for STMicroelectronics.FP-SNS-STBOX1.2.0.0
2025-07-02 16:57:00,283 [WARN] PackLoader:240 - Cannot read IP mode file for STMicroelectronics.X-CUBE-SUBG2.5.0.0
2025-07-02 16:57:00,323 [WARN] PackLoader:240 - Cannot read IP mode file for STMicroelectronics.X-CUBE-AZRTOS-H7RS.1.1.0
2025-07-02 16:57:00,338 [WARN] PackLoader:240 - Cannot read IP mode file for Cesanta.I-CUBE-Mongoose.7.13.0
2025-07-02 16:57:00,365 [WARN] PackLoader:240 - Cannot read IP mode file for STMicroelectronics.X-CUBE-AZRTOS-G4.2.0.0
2025-07-02 16:57:00,390 [WARN] PackLoader:240 - Cannot read IP mode file for STMicroelectronics.X-CUBE-NFC7.2.0.0
2025-07-02 16:57:00,412 [WARN] PackLoader:240 - Cannot read IP mode file for STMicroelectronics.X-CUBE-IPS.3.1.0
2025-07-02 16:57:00,430 [WARN] PackLoader:240 - Cannot read IP mode file for STMicroelectronics.X-CUBE-ALS.1.0.2
2025-07-02 16:57:00,442 [WARN] PackLoader:240 - Cannot read IP mode file for STMicroelectronics.X-CUBE-TOUCHGFX.4.24.0
2025-07-02 16:57:00,565 [WARN] PackLoader:240 - Cannot read IP mode file for STMicroelectronics.X-CUBE-TOUCHGFX.4.24.2
2025-07-02 16:57:00,641 [WARN] PackLoader:240 - Cannot read IP mode file for STMicroelectronics.X-CUBE-TOUCHGFX.4.24.1
2025-07-02 16:57:00,650 [WARN] PackLoader:240 - Cannot read IP mode file for wolfSSL.I-CUBE-wolfTPM.3.4.0
2025-07-02 16:57:00,661 [WARN] PackLoader:240 - Cannot read IP mode file for portGmbH.I-Cube-SoM-uGOAL.1.1.0
2025-07-02 16:57:00,691 [WARN] PackLoader:240 - Cannot read IP mode file for STMicroelectronics.X-CUBE-AZRTOS-H7RS.1.0.0
2025-07-02 16:57:00,717 [WARN] PackLoader:240 - Cannot read IP mode file for STMicroelectronics.X-CUBE-TOF1.3.4.2
2025-07-02 16:57:00,753 [WARN] PackLoader:240 - Cannot read IP mode file for STMicroelectronics.X-CUBE-TOF1.3.4.3
2025-07-02 16:57:00,781 [WARN] PackLoader:240 - Cannot read IP mode file for wolfSSL.I-CUBE-wolfSSH.1.4.17
2025-07-02 16:57:00,783 [INFO] ThirdParty:978 - Integrity check success = true
2025-07-02 16:57:00,783 [INFO] IntegrityCheckThread:100 - exiting critical section [integrity check]
2025-07-02 16:57:00,783 [INFO] IntegrityCheckThread:103 - End integrity checks thread
2025-07-02 16:57:00,789 [INFO] UserAuth:484 - Internet connection configuration mode: 1
2025-07-02 17:31:04,735 [INFO] WebApp:194 - Connection lost
2025-07-02 17:31:07,442 [INFO] WebApp:191 - Connection restablished
2025-07-02 17:31:09,417 [INFO] WebApp:194 - Connection lost
2025-07-02 17:31:09,614 [INFO] WebApp:191 - Connection restablished
2025-07-02 18:16:02,271 [ERROR] LogOutputStream:75 - [STDERR_REDIRECT] 
