2025-07-18 09:45:07,247 [INFO] Activator:176 - 


2025-07-18 09:45:07,253 [INFO] Activator:177 - !SESSION log4j initialized
2025-07-18 09:45:13,433 [INFO] LogOutputStream:77 - [STDOUT_REDIRECT] 
2025-07-18 09:45:14,443 [INFO] ApplicationProperties:184 - Using Application install path: C:\ST\STM32CubeIDE_1.16.1\STM32CubeIDE\plugins\com.st.stm32cube.common.mx_6.14.1.202504091515
2025-07-18 09:45:14,466 [INFO] DbMcusXml:78 - Set database path to: C:\ST\STM32CubeIDE_1.16.1\STM32CubeIDE\plugins\com.st.stm32cube.common.mx_6.14.1.202504091515\\db\/mcu/
2025-07-18 09:45:14,466 [INFO] ApiDb:274 - Set plugin database path to: C:\ST\STM32CubeIDE_1.16.1\STM32CubeIDE\plugins\com.st.stm32cube.common.mx_6.14.1.202504091515\\db\/plugins/boardmanager/
2025-07-18 09:45:14,467 [WARN] ApiDb:259 - Overriding images path with different value:  => C:\ST\STM32CubeIDE_1.16.1\STM32CubeIDE\plugins\com.st.stm32cube.common.mx_6.14.1.202504091515\\db\/plugins/mcufinder/images/
2025-07-18 09:45:14,476 [INFO] ApiDb:250 - Set database path to: C:\Users\kjeya\.stmcufinder\plugins\mcufinder//mcu/
2025-07-18 09:45:14,477 [INFO] DbMcusAds:125 - Set database path to: C:\Users\kjeya\.stmcufinder\plugins\mcufinder//mcu/
2025-07-18 09:45:14,479 [INFO] CrossReferenceDbSqlite:203 - Set database path to: C:\Users\kjeya\.stmcufinder\plugins\mcufinder//mcu/cs/
2025-07-18 09:45:14,607 [INFO] RulesReader:64 - Compatibility file has been processed (302 Rules)
2025-07-18 09:45:14,697 [INFO] DbMcusXml:78 - Set database path to: C:\ST\STM32CubeIDE_1.16.1\STM32CubeIDE\plugins\com.st.stm32cube.common.mx_6.14.1.202504091515\\db\/mcu/
2025-07-18 09:45:14,697 [INFO] ApiDb:274 - Set plugin database path to: C:\ST\STM32CubeIDE_1.16.1\STM32CubeIDE\plugins\com.st.stm32cube.common.mx_6.14.1.202504091515\\db\/plugins/boardmanager/
2025-07-18 09:45:14,697 [INFO] ApiDb:261 - Set plugin images path to: C:\ST\STM32CubeIDE_1.16.1\STM32CubeIDE\plugins\com.st.stm32cube.common.mx_6.14.1.202504091515\\db\/plugins/mcufinder/images/
2025-07-18 09:45:14,697 [WARN] DbFile:41 - Overriding database path with different value: C:\Users\kjeya\.stmcufinder\plugins\mcufinder/ => C:\Users\kjeya\.stmcufinder\plugins\mcufinder
2025-07-18 09:45:14,697 [INFO] ApiDb:250 - Set database path to: C:\Users\kjeya\.stmcufinder\plugins\mcufinder//mcu/
2025-07-18 09:45:14,697 [WARN] DbFile:41 - Overriding database path with different value: C:\Users\kjeya\.stmcufinder\plugins\mcufinder/ => C:\Users\kjeya\.stmcufinder\plugins\mcufinder
2025-07-18 09:45:14,697 [INFO] DbMcusAds:125 - Set database path to: C:\Users\kjeya\.stmcufinder\plugins\mcufinder//mcu/
2025-07-18 09:45:14,697 [WARN] DbFile:41 - Overriding database path with different value: C:\Users\kjeya\.stmcufinder\plugins\mcufinder/ => C:\Users\kjeya\.stmcufinder\plugins\mcufinder
2025-07-18 09:45:14,697 [WARN] DbFile:41 - Overriding database path with different value: C:\Users\kjeya\.stmcufinder\plugins\mcufinder/ => C:\Users\kjeya\.stmcufinder\plugins\mcufinder
2025-07-18 09:45:14,698 [INFO] CrossReferenceDbSqlite:203 - Set database path to: C:\Users\kjeya\.stmcufinder\plugins\mcufinder//mcu/cs/
2025-07-18 09:45:14,784 [INFO] MainPanel:272 - HeapMemory: 268435456
2025-07-18 09:45:14,913 [INFO] DbMcusXml:78 - Set database path to: C:\ST\STM32CubeIDE_1.16.1\STM32CubeIDE\plugins\com.st.stm32cube.common.mx_6.14.1.202504091515\\db\/mcu/
2025-07-18 09:45:14,913 [INFO] ApiDb:274 - Set plugin database path to: C:\ST\STM32CubeIDE_1.16.1\STM32CubeIDE\plugins\com.st.stm32cube.common.mx_6.14.1.202504091515\\db\/plugins/boardmanager/
2025-07-18 09:45:14,913 [INFO] ApiDb:261 - Set plugin images path to: C:\ST\STM32CubeIDE_1.16.1\STM32CubeIDE\plugins\com.st.stm32cube.common.mx_6.14.1.202504091515\\db\/plugins/mcufinder/images/
2025-07-18 09:45:14,913 [WARN] DbFile:41 - Overriding database path with different value: C:\Users\kjeya\.stmcufinder\plugins\mcufinder/ => C:\Users\kjeya\.stmcufinder\plugins\mcufinder
2025-07-18 09:45:14,913 [INFO] ApiDb:250 - Set database path to: C:\Users\kjeya\.stmcufinder\plugins\mcufinder//mcu/
2025-07-18 09:45:14,913 [WARN] DbFile:41 - Overriding database path with different value: C:\Users\kjeya\.stmcufinder\plugins\mcufinder/ => C:\Users\kjeya\.stmcufinder\plugins\mcufinder
2025-07-18 09:45:14,915 [INFO] DbMcusAds:125 - Set database path to: C:\Users\kjeya\.stmcufinder\plugins\mcufinder//mcu/
2025-07-18 09:45:14,915 [WARN] DbFile:41 - Overriding database path with different value: C:\Users\kjeya\.stmcufinder\plugins\mcufinder/ => C:\Users\kjeya\.stmcufinder\plugins\mcufinder
2025-07-18 09:45:14,915 [WARN] DbFile:41 - Overriding database path with different value: C:\Users\kjeya\.stmcufinder\plugins\mcufinder/ => C:\Users\kjeya\.stmcufinder\plugins\mcufinder
2025-07-18 09:45:14,915 [INFO] CrossReferenceDbSqlite:203 - Set database path to: C:\Users\kjeya\.stmcufinder\plugins\mcufinder//mcu/cs/
2025-07-18 09:45:14,937 [INFO] ApplicationProperties:184 - Using Application install path: C:\ST\STM32CubeIDE_1.16.1\STM32CubeIDE\plugins\com.st.stm32cube.common.mx_6.14.1.202504091515
2025-07-18 09:45:14,938 [INFO] PluginManage:196 - Search for loadable plugins [exclusion list=, ]
2025-07-18 09:45:14,940 [INFO] PluginManage:310 - Check plugin analytics
2025-07-18 09:45:15,189 [INFO] AnalyticsPlugin:253 - Accepted Software Licenses: STM32CubeMX.6.11.1,STM32CubeMX.6.13.0
2025-07-18 09:45:15,190 [INFO] AnalyticsPlugin:255 - Accepted CMSIS Pack Licenses: STMicroelectronics.X-CUBE-TOUCHGFX.4.24.0,WES.I-CUBE-Cesium.1.3.0,STMicroelectronics.X-CUBE-TOUCHGFX.4.24.2
2025-07-18 09:45:15,190 [INFO] AnalyticsPlugin:257 - Accepted Firmware Licenses: FW.F4.1.28.0,FW.L4.1.18.0,FW.WL.1.3.0,FW.H7.1.11.0,FW.H7.1.12.0
2025-07-18 09:45:15,196 [INFO] PluginManage:359 - Loaded plugin analytics (category:tool,tabindex:-1)
2025-07-18 09:45:15,196 [INFO] PluginManage:310 - Check plugin cadmodel
2025-07-18 09:45:15,205 [INFO] CADModel:105 - Init CAD model plugin
2025-07-18 09:45:15,205 [INFO] PluginManage:359 - Loaded plugin cadmodel (category:power,tabindex:5)
2025-07-18 09:45:15,205 [INFO] PluginManage:310 - Check plugin clock
2025-07-18 09:45:15,217 [INFO] PluginManage:359 - Loaded plugin clock (category:base,tabindex:2)
2025-07-18 09:45:15,217 [INFO] PluginManage:310 - Check plugin ddr
2025-07-18 09:45:15,220 [INFO] PluginManage:359 - Loaded plugin ddr (category:tool,tabindex:6)
2025-07-18 09:45:15,221 [INFO] PluginManage:310 - Check plugin filemanager
2025-07-18 09:45:15,387 [INFO] PluginManage:359 - Loaded plugin filemanager (category:base,tabindex:10)
2025-07-18 09:45:15,388 [INFO] PluginManage:310 - Check plugin ipmanager
2025-07-18 09:45:15,397 [INFO] PluginManage:359 - Loaded plugin ipmanager (category:base,tabindex:5)
2025-07-18 09:45:15,398 [INFO] PluginManage:310 - Check plugin lpbam
2025-07-18 09:45:15,410 [INFO] PluginManage:359 - Loaded plugin lpbam (category:base,tabindex:0)
2025-07-18 09:45:15,412 [INFO] PluginManage:310 - Check plugin memorymap
2025-07-18 09:45:15,432 [INFO] PluginManage:359 - Loaded plugin memorymap (category:base,tabindex:4)
2025-07-18 09:45:15,434 [INFO] PluginManage:310 - Check plugin pinoutandconfiguration
2025-07-18 09:45:15,448 [INFO] PluginManage:359 - Loaded plugin pinoutandconfiguration (category:base,tabindex:1)
2025-07-18 09:45:15,448 [INFO] PluginManage:310 - Check plugin pinoutconfig
2025-07-18 09:45:15,588 [WARN] SupportedApi:132 - Cannot load RTOS API schema: s4s-elt-must-match.1: The content of 'definitions' must match (annotation?, (simpleType | complexType)?, (unique | key | keyref)*)). A problem was found starting at: attribute.
2025-07-18 09:45:15,747 [INFO] PluginManage:359 - Loaded plugin pinoutconfig (category:base,tabindex:0)
2025-07-18 09:45:15,747 [INFO] PluginManage:310 - Check plugin power
2025-07-18 09:45:15,762 [INFO] PluginManage:359 - Loaded plugin power (category:power,tabindex:4)
2025-07-18 09:45:15,763 [INFO] PluginManage:310 - Check plugin projectmanager
2025-07-18 09:45:15,787 [INFO] PluginManage:359 - Loaded plugin projectmanager (category:projectmanager,tabindex:4)
2025-07-18 09:45:15,787 [INFO] PluginManage:310 - Check plugin rif
2025-07-18 09:45:15,799 [INFO] PluginManage:359 - Loaded plugin rif (category:base,tabindex:3)
2025-07-18 09:45:15,799 [INFO] PluginManage:310 - Check plugin thirdparty
2025-07-18 09:45:16,011 [INFO] PluginManage:359 - Loaded plugin thirdparty (category:base,tabindex:-1)
2025-07-18 09:45:16,011 [WARN] IntegrityCheckThread:84 - waiting for thirdparty lock release [integrity check]
2025-07-18 09:45:16,012 [INFO] PluginManage:310 - Check plugin tools
2025-07-18 09:45:16,012 [INFO] IntegrityCheckThread:86 - entering critical section [integrity check]
2025-07-18 09:45:16,012 [INFO] ThirdPartyUpdaterWithRetryManager:70 - Updater plugin not ready yet. [1/15]
2025-07-18 09:45:16,015 [INFO] PluginManage:359 - Loaded plugin tools (category:base,tabindex:7)
2025-07-18 09:45:16,015 [INFO] PluginManage:310 - Check plugin tutovideos
2025-07-18 09:45:16,201 [INFO] PluginManage:359 - Loaded plugin tutovideos (category:base,tabindex:-1)
2025-07-18 09:45:16,201 [INFO] PluginManage:310 - Check plugin updater
2025-07-18 09:45:16,225 [INFO] PluginManage:359 - Loaded plugin updater (category:base,tabindex:12)
2025-07-18 09:45:16,225 [INFO] PluginManage:310 - Check plugin userauth
2025-07-18 09:45:16,229 [INFO] UserAuth:118 - Init User Auth plugin
2025-07-18 09:45:16,230 [INFO] PluginManage:359 - Loaded plugin userauth (category:base,tabindex:14)
2025-07-18 09:45:16,231 [INFO] PluginManage:283 - PluginManage : Loaded plugins [18]
2025-07-18 09:45:16,501 [INFO] PinOutPanel:1589 - setPackage(No Configuration,No Configuration)
2025-07-18 09:45:16,612 [INFO] CADModel:165 - CPN selected for project level
2025-07-18 09:45:16,612 [INFO] CADModel:114 - Register for checkConnection events
2025-07-18 09:45:16,632 [INFO] IPUIPlugin:80 - create IPUIPlugin
2025-07-18 09:45:16,633 [INFO] PluginManager:220 - loadIPPluginJar : add adc
2025-07-18 09:45:16,636 [INFO] IPUIPlugin:80 - create IPUIPlugin
2025-07-18 09:45:16,636 [INFO] PluginManager:220 - loadIPPluginJar : add aes
2025-07-18 09:45:16,638 [INFO] IPUIPlugin:80 - create IPUIPlugin
2025-07-18 09:45:16,638 [INFO] PluginManager:220 - loadIPPluginJar : add can
2025-07-18 09:45:16,641 [INFO] IPUIPlugin:80 - create IPUIPlugin
2025-07-18 09:45:16,641 [INFO] PluginManager:220 - loadIPPluginJar : add comp
2025-07-18 09:45:16,643 [INFO] IPUIPlugin:80 - create IPUIPlugin
2025-07-18 09:45:16,644 [INFO] PluginManager:220 - loadIPPluginJar : add cryp
2025-07-18 09:45:16,647 [INFO] IPUIPlugin:80 - create IPUIPlugin
2025-07-18 09:45:16,647 [INFO] PluginManager:220 - loadIPPluginJar : add ddr_ctrl_phy
2025-07-18 09:45:16,649 [INFO] IPUIPlugin:80 - create IPUIPlugin
2025-07-18 09:45:16,649 [INFO] PluginManager:220 - loadIPPluginJar : add dfsdm
2025-07-18 09:45:16,655 [INFO] IPUIPlugin:80 - create IPUIPlugin
2025-07-18 09:45:16,656 [INFO] PluginManager:220 - loadIPPluginJar : add dma
2025-07-18 09:45:16,658 [INFO] IPUIPlugin:80 - create IPUIPlugin
2025-07-18 09:45:16,658 [INFO] PluginManager:220 - loadIPPluginJar : add dma3
2025-07-18 09:45:16,661 [INFO] IPUIPlugin:80 - create IPUIPlugin
2025-07-18 09:45:16,661 [INFO] PluginManager:220 - loadIPPluginJar : add extmemmanager
2025-07-18 09:45:16,664 [INFO] IPUIPlugin:80 - create IPUIPlugin
2025-07-18 09:45:16,664 [INFO] PluginManager:220 - loadIPPluginJar : add fatfs
2025-07-18 09:45:16,668 [INFO] IPUIPlugin:80 - create IPUIPlugin
2025-07-18 09:45:16,668 [INFO] PluginManager:220 - loadIPPluginJar : add fmc
2025-07-18 09:45:16,674 [INFO] IPUIPlugin:80 - create IPUIPlugin
2025-07-18 09:45:16,674 [INFO] PluginManager:220 - loadIPPluginJar : add freertos
2025-07-18 09:45:16,676 [INFO] IPUIPlugin:80 - create IPUIPlugin
2025-07-18 09:45:16,677 [INFO] PluginManager:220 - loadIPPluginJar : add genericplugin
2025-07-18 09:45:16,680 [INFO] IPUIPlugin:80 - create IPUIPlugin
2025-07-18 09:45:16,680 [INFO] PluginManager:220 - loadIPPluginJar : add gfxmmu
2025-07-18 09:45:16,684 [INFO] IPUIPlugin:80 - create IPUIPlugin
2025-07-18 09:45:16,685 [INFO] PluginManager:220 - loadIPPluginJar : add gic
2025-07-18 09:45:16,690 [INFO] IPUIPlugin:80 - create IPUIPlugin
2025-07-18 09:45:16,690 [INFO] PluginManager:220 - loadIPPluginJar : add gpio
2025-07-18 09:45:16,693 [INFO] IPUIPlugin:80 - create IPUIPlugin
2025-07-18 09:45:16,693 [INFO] PluginManager:220 - loadIPPluginJar : add gtzc
2025-07-18 09:45:16,695 [INFO] IPUIPlugin:80 - create IPUIPlugin
2025-07-18 09:45:16,696 [INFO] PluginManager:220 - loadIPPluginJar : add hash
2025-07-18 09:45:16,699 [INFO] IPUIPlugin:80 - create IPUIPlugin
2025-07-18 09:45:16,699 [INFO] PluginManager:220 - loadIPPluginJar : add i2c
2025-07-18 09:45:16,702 [INFO] IPUIPlugin:80 - create IPUIPlugin
2025-07-18 09:45:16,702 [INFO] PluginManager:220 - loadIPPluginJar : add i2s
2025-07-18 09:45:16,706 [INFO] IPUIPlugin:80 - create IPUIPlugin
2025-07-18 09:45:16,706 [INFO] PluginManager:220 - loadIPPluginJar : add i3c
2025-07-18 09:45:16,710 [INFO] IPUIPlugin:80 - create IPUIPlugin
2025-07-18 09:45:16,711 [INFO] PluginManager:220 - loadIPPluginJar : add ipddr
2025-07-18 09:45:16,719 [INFO] IPUIPlugin:80 - create IPUIPlugin
2025-07-18 09:45:16,720 [INFO] PluginManager:220 - loadIPPluginJar : add linkedlist
2025-07-18 09:45:16,723 [INFO] IPUIPlugin:80 - create IPUIPlugin
2025-07-18 09:45:16,723 [INFO] PluginManager:220 - loadIPPluginJar : add lorawan
2025-07-18 09:45:16,724 [INFO] IPUIPlugin:80 - create IPUIPlugin
2025-07-18 09:45:16,726 [INFO] PluginManager:220 - loadIPPluginJar : add ltdc
2025-07-18 09:45:16,732 [INFO] IPUIPlugin:80 - create IPUIPlugin
2025-07-18 09:45:16,732 [INFO] PluginManager:220 - loadIPPluginJar : add mdma
2025-07-18 09:45:16,736 [INFO] IPUIPlugin:80 - create IPUIPlugin
2025-07-18 09:45:16,737 [INFO] PluginManager:220 - loadIPPluginJar : add nvic
2025-07-18 09:45:16,741 [INFO] IPUIPlugin:80 - create IPUIPlugin
2025-07-18 09:45:16,741 [INFO] PluginManager:220 - loadIPPluginJar : add opamp
2025-07-18 09:45:16,745 [INFO] IPUIPlugin:80 - create IPUIPlugin
2025-07-18 09:45:16,745 [INFO] PluginManager:220 - loadIPPluginJar : add openamp
2025-07-18 09:45:16,748 [INFO] IPUIPlugin:80 - create IPUIPlugin
2025-07-18 09:45:16,748 [INFO] PluginManager:220 - loadIPPluginJar : add pdm2pcm
2025-07-18 09:45:16,754 [INFO] IPUIPlugin:80 - create IPUIPlugin
2025-07-18 09:45:16,756 [INFO] PluginManager:220 - loadIPPluginJar : add plateformsettings
2025-07-18 09:45:16,758 [INFO] IPUIPlugin:80 - create IPUIPlugin
2025-07-18 09:45:16,758 [INFO] PluginManager:220 - loadIPPluginJar : add quadspi
2025-07-18 09:45:16,761 [INFO] IPUIPlugin:80 - create IPUIPlugin
2025-07-18 09:45:16,761 [INFO] PluginManager:220 - loadIPPluginJar : add radio
2025-07-18 09:45:16,765 [INFO] IPUIPlugin:80 - create IPUIPlugin
2025-07-18 09:45:16,765 [INFO] PluginManager:220 - loadIPPluginJar : add resmgrutility
2025-07-18 09:45:16,768 [INFO] IPUIPlugin:80 - create IPUIPlugin
2025-07-18 09:45:16,768 [INFO] PluginManager:220 - loadIPPluginJar : add sai
2025-07-18 09:45:16,771 [INFO] IPUIPlugin:80 - create IPUIPlugin
2025-07-18 09:45:16,771 [INFO] PluginManager:220 - loadIPPluginJar : add spi
2025-07-18 09:45:16,777 [INFO] IPUIPlugin:80 - create IPUIPlugin
2025-07-18 09:45:16,779 [INFO] PluginManager:220 - loadIPPluginJar : add stm32_wpan
2025-07-18 09:45:16,780 [INFO] IPUIPlugin:80 - create IPUIPlugin
2025-07-18 09:45:16,781 [INFO] PluginManager:220 - loadIPPluginJar : add tim
2025-07-18 09:45:16,784 [INFO] IPUIPlugin:80 - create IPUIPlugin
2025-07-18 09:45:16,784 [INFO] PluginManager:220 - loadIPPluginJar : add touchsensing
2025-07-18 09:45:16,786 [INFO] IPUIPlugin:80 - create IPUIPlugin
2025-07-18 09:45:16,786 [INFO] PluginManager:220 - loadIPPluginJar : add tracer_emb
2025-07-18 09:45:16,788 [INFO] IPUIPlugin:80 - create IPUIPlugin
2025-07-18 09:45:16,788 [INFO] PluginManager:220 - loadIPPluginJar : add ts
2025-07-18 09:45:16,790 [INFO] IPUIPlugin:80 - create IPUIPlugin
2025-07-18 09:45:16,790 [INFO] PluginManager:220 - loadIPPluginJar : add tsc
2025-07-18 09:45:16,792 [INFO] IPUIPlugin:80 - create IPUIPlugin
2025-07-18 09:45:16,792 [INFO] PluginManager:220 - loadIPPluginJar : add ucpd
2025-07-18 09:45:16,794 [INFO] IPUIPlugin:80 - create IPUIPlugin
2025-07-18 09:45:16,794 [INFO] PluginManager:220 - loadIPPluginJar : add usart
2025-07-18 09:45:16,798 [INFO] IPUIPlugin:80 - create IPUIPlugin
2025-07-18 09:45:16,798 [INFO] PluginManager:220 - loadIPPluginJar : add usbx
2025-07-18 09:45:16,926 [FATAL] Updater:351 - Updater called before beeing initialized
2025-07-18 09:45:16,958 [INFO] RulesReader:64 - Compatibility file has been processed (302 Rules)
2025-07-18 09:45:16,971 [INFO] RulesReader:64 - Compatibility file has been processed (302 Rules)
2025-07-18 09:45:16,981 [INFO] CADModel:165 - CPN selected for project level
2025-07-18 09:45:16,981 [INFO] CADModel:114 - Register for checkConnection events
2025-07-18 09:45:16,981 [FATAL] Updater:351 - Updater called before beeing initialized
2025-07-18 09:45:16,981 [ERROR] CADModel:125 - Updater not yet initialized, retry later 
2025-07-18 09:45:17,152 [FATAL] Updater:351 - Updater called before beeing initialized
2025-07-18 09:45:17,155 [INFO] CADModel:165 - CPN selected for project level
2025-07-18 09:45:17,155 [INFO] CADModel:114 - Register for checkConnection events
2025-07-18 09:45:17,155 [FATAL] Updater:351 - Updater called before beeing initialized
2025-07-18 09:45:17,155 [ERROR] CADModel:125 - Updater not yet initialized, retry later 
2025-07-18 09:45:17,160 [FATAL] Updater:351 - Updater called before beeing initialized
2025-07-18 09:45:17,278 [FATAL] Updater:351 - Updater called before beeing initialized
2025-07-18 09:45:17,282 [INFO] DbMcusAds:53 - JSON generation date=Tue Jul 08 13:44:23 IST 2025 (1751962463582)
2025-07-18 09:45:17,283 [FATAL] Updater:351 - Updater called before beeing initialized
2025-07-18 09:45:17,326 [WARN] DetailPanel:346 - Failed to get advertising image, set to default
2025-07-18 09:45:17,606 [FATAL] Updater:351 - Updater called before beeing initialized
2025-07-18 09:45:17,613 [FATAL] Updater:351 - Updater called before beeing initialized
2025-07-18 09:45:17,613 [FATAL] Updater:351 - Updater called before beeing initialized
2025-07-18 09:45:17,613 [WARN] DetailPanel:346 - Failed to get advertising image, set to default
2025-07-18 09:45:17,614 [FATAL] Updater:351 - Updater called before beeing initialized
2025-07-18 09:45:17,662 [ERROR] Updater:1198 - MainUpdater not yet initialized. External WinMGr cannot be set.
2025-07-18 09:45:17,664 [INFO] Updater:1134 - Updater Version found : 6.14.1
2025-07-18 09:45:17,689 [INFO] ApplicationProperties:184 - Using Application install path: C:\ST\STM32CubeIDE_1.16.1\STM32CubeIDE\plugins\com.st.stm32cube.common.mx_6.14.1.202504091515
2025-07-18 09:45:19,013 [INFO] ThirdPartyUpdaterWithRetryManager:70 - Updater plugin not ready yet. [2/15]
2025-07-18 09:45:19,278 [ERROR] LogOutputStream:75 - [STDERR_REDIRECT] Jul 18, 2025 9:45:19 AM java.util.prefs.WindowsPreferences <init>
2025-07-18 09:45:19,281 [ERROR] LogOutputStream:75 - [STDERR_REDIRECT] WARNING: Could not open/create prefs root node Software\JavaSoft\Prefs at root 0xffffffff80000002. Windows RegCreateKeyEx(...) returned error code 5.
2025-07-18 09:45:19,282 [ERROR] LogOutputStream:75 - [STDERR_REDIRECT] 
2025-07-18 09:45:19,755 [INFO] MainUpdater:2872 - connection check result : 10
2025-07-18 09:45:19,756 [INFO] MainUpdater:289 - Updater Check For Update Now.
2025-07-18 09:45:19,756 [INFO] MicroXplorer:498 - Change Database Version : DB.6.0.141
2025-07-18 09:45:19,763 [INFO] McuFinderGlobals:63 - Set McuFinder mode to 2 (CubeIDE integrated)
2025-07-18 09:45:19,765 [INFO] UserAuth:484 - Internet connection configuration mode: 1
2025-07-18 09:45:19,803 [INFO] JxBrowserEngine:152 - Initiate JxBrowser Engine with user profile folder
2025-07-18 09:45:19,979 [INFO] CheckServerUpdateThread:120 - End of CheckServer Thread
2025-07-18 09:45:21,780 [INFO] WebApp:169 - Instantiating new browser for Auth
2025-07-18 09:45:22,469 [WARN] PackLoader:240 - Cannot read IP mode file for STMicroelectronics.FP-SNS-MOTENVWB1.1.4.0
2025-07-18 09:45:22,487 [WARN] PackLoader:240 - Cannot read IP mode file for STMicroelectronics.FP-ATR-ASTRA1.2.0.2
2025-07-18 09:45:22,494 [WARN] PackLoader:240 - Cannot read IP mode file for STMicroelectronics.FP-ATR-ASTRA1.2.0.1
2025-07-18 09:45:22,512 [WARN] PackLoader:240 - Cannot read IP mode file for STMicroelectronics.X-CUBE-SMBUS.2.1.0
2025-07-18 09:45:22,526 [WARN] PackLoader:240 - Cannot read IP mode file for STMicroelectronics.X-CUBE-WB05N.1.1.0
2025-07-18 09:45:22,537 [WARN] PackLoader:240 - Cannot read IP mode file for STMicroelectronics.X-CUBE-ST60.1.0.0
2025-07-18 09:45:22,596 [WARN] PackLoader:240 - Cannot read IP mode file for STMicroelectronics.X-CUBE-AZRTOS-F7.1.1.0
2025-07-18 09:45:22,612 [WARN] PackLoader:240 - Cannot read IP mode file for STMicroelectronics.FP-SNS-FLIGHT1.5.0.2
2025-07-18 09:45:22,655 [WARN] PackLoader:240 - Cannot read IP mode file for Infineon.AIROC-Wi-Fi-Bluetooth-STM32.1.7.0
2025-07-18 09:45:22,702 [WARN] PackLoader:240 - Cannot read IP mode file for STMicroelectronics.X-CUBE-AZRTOS-H7.3.4.0
2025-07-18 09:45:22,720 [WARN] PackLoader:240 - Cannot read IP mode file for STMicroelectronics.X-CUBE-DISPLAY.3.0.0
2025-07-18 09:45:22,733 [WARN] PackLoader:240 - Cannot read IP mode file for STMicroelectronics.X-CUBE-BLE1.7.0.0
2025-07-18 09:45:22,744 [WARN] PackLoader:240 - Cannot read IP mode file for STMicroelectronics.X-CUBE-NFC10.1.0.0
2025-07-18 09:45:22,759 [WARN] PackLoader:240 - Cannot read IP mode file for STMicroelectronics.X-CUBE-BLEMGR.4.0.0
2025-07-18 09:45:22,787 [WARN] PackLoader:240 - Cannot read IP mode file for emotas.I-CUBE-CANOPEN.1.3.0
2025-07-18 09:45:22,796 [WARN] PackLoader:240 - Cannot read IP mode file for STMicroelectronics.X-CUBE-AI.10.0.0
2025-07-18 09:45:22,805 [WARN] PackLoader:240 - Cannot read IP mode file for STMicroelectronics.FP-SNS-SMARTAG2.1.2.0
2025-07-18 09:45:22,817 [WARN] PackLoader:240 - Cannot read IP mode file for STMicroelectronics.FP-SNS-FLIGHT1.5.1.0
2025-07-18 09:45:22,926 [WARN] PackLoader:240 - Cannot read IP mode file for STMicroelectronics.X-CUBE-MEMS1.11.1.0
2025-07-18 09:45:23,312 [INFO] LogOutputStream:77 - [STDOUT_REDIRECT] 1 : Invalid condition id : UX_CORESTACK_Condition cause : null
2025-07-18 09:45:23,314 [INFO] LogOutputStream:77 - [STDOUT_REDIRECT] 1 : Invalid condition id : UX_CORESTACK_Condition cause : null
2025-07-18 09:45:23,316 [INFO] LogOutputStream:77 - [STDOUT_REDIRECT] 1 : Invalid condition id : UX_CORESTACK_Condition cause : null
2025-07-18 09:45:23,318 [INFO] LogOutputStream:77 - [STDOUT_REDIRECT] 1 : Invalid condition id : UX_CORESTACK_Condition cause : null
2025-07-18 09:45:23,321 [INFO] LogOutputStream:77 - [STDOUT_REDIRECT] 1 : Invalid condition id : UX_CORESTACK_Condition cause : null
2025-07-18 09:45:23,326 [WARN] PackLoader:240 - Cannot read IP mode file for STMicroelectronics.X-CUBE-AZRTOS-WL.2.0.0
2025-07-18 09:45:23,337 [WARN] PackLoader:240 - Cannot read IP mode file for STMicroelectronics.FP-SNS-MOTENV1.5.0.0
2025-07-18 09:45:23,349 [WARN] PackLoader:240 - Cannot read IP mode file for wolfSSL.I-CUBE-wolfMQTT.1.19.0
2025-07-18 09:45:23,368 [WARN] PackLoader:240 - Cannot read IP mode file for WES.I-CUBE-Cesium.1.3.0
2025-07-18 09:45:23,408 [INFO] WebApp:463 - Apply proxy settings
2025-07-18 09:45:23,410 [INFO] WebApp:548 - Chromium requires no authentication
2025-07-18 09:45:23,432 [INFO] WebApp:491 - Direct internet connection detected
2025-07-18 09:45:23,498 [INFO] WebApp:894 - Register for checkConnection events
2025-07-18 09:45:23,499 [INFO] WebApp:463 - Apply proxy settings
2025-07-18 09:45:23,499 [INFO] WebApp:548 - Chromium requires no authentication
2025-07-18 09:45:23,504 [INFO] WebApp:491 - Direct internet connection detected
2025-07-18 09:45:23,513 [WARN] PackLoader:240 - Cannot read IP mode file for STMicroelectronics.X-CUBE-BLE2.3.3.0
2025-07-18 09:45:23,526 [WARN] PackLoader:240 - Cannot read IP mode file for STMicroelectronics.X-CUBE-NFC9.1.0.0
2025-07-18 09:45:23,536 [WARN] PackLoader:240 - Cannot read IP mode file for STMicroelectronics.X-CUBE-BLE1.7.1.0
2025-07-18 09:45:23,547 [WARN] PackLoader:240 - Cannot read IP mode file for STMicroelectronics.X-CUBE-EEPRMA1.5.2.0
2025-07-18 09:45:23,555 [WARN] PackLoader:240 - Cannot read IP mode file for STMicroelectronics.X-CUBE-AI.10.1.0
2025-07-18 09:45:23,628 [WARN] PackLoader:240 - Cannot read IP mode file for STMicroelectronics.X-CUBE-MEMS1.11.2.0
2025-07-18 09:45:23,766 [INFO] WebApp:191 - Connection restablished
2025-07-18 09:45:23,822 [WARN] PackLoader:240 - Cannot read IP mode file for STMicroelectronics.X-CUBE-AZRTOS-G0.1.1.0
2025-07-18 09:45:23,837 [WARN] PackLoader:240 - Cannot read IP mode file for STMicroelectronics.X-CUBE-SAFEA1.1.2.2
2025-07-18 09:45:23,849 [WARN] PackLoader:240 - Cannot read IP mode file for STMicroelectronics.X-CUBE-NFC4.3.0.0
2025-07-18 09:45:23,866 [WARN] PackLoader:240 - Cannot read IP mode file for EmbeddedOffice.I-CUBE-FS-RTOS.1.0.1
2025-07-18 09:45:23,875 [WARN] PackLoader:240 - Cannot read IP mode file for STMicroelectronics.X-CUBE-WB05N.2.0.0
2025-07-18 09:45:23,887 [WARN] PackLoader:240 - Cannot read IP mode file for STMicroelectronics.X-CUBE-TCPP.4.2.0
2025-07-18 09:45:23,899 [WARN] PackLoader:240 - Cannot read IP mode file for RealThread.X-CUBE-RT-Thread_Nano.4.1.1
2025-07-18 09:45:23,908 [WARN] PackLoader:240 - Cannot read IP mode file for STMicroelectronics.FP-ATR-SIGFOX1.3.2.0
2025-07-18 09:45:23,917 [WARN] ConditionMgr:438 - getConditionDescription Invalid condition id : Cortex-A Device cause : null
2025-07-18 09:45:23,932 [WARN] ConditionMgr:1044 - genDependencies : Invalid condition id : Cortex-A Device cause : null
2025-07-18 09:45:23,933 [WARN] ConditionMgr:1044 - genDependencies : Invalid condition id : Cortex-A Device cause : null
2025-07-18 09:45:23,933 [WARN] ConditionMgr:1044 - genDependencies : Invalid condition id : Cortex-A Device cause : null
2025-07-18 09:45:23,943 [WARN] PackLoader:240 - Cannot read IP mode file for STMicroelectronics.X-CUBE-EEPRMA1.5.1.0
2025-07-18 09:45:23,954 [WARN] PackLoader:240 - Cannot read IP mode file for wolfSSL.I-CUBE-wolfSSL.5.7.4
2025-07-18 09:45:23,966 [WARN] PackLoader:240 - Cannot read IP mode file for ITTIA_DB.I-CUBE-ITTIADB.8.9.0
2025-07-18 09:45:23,977 [WARN] PackLoader:240 - Cannot read IP mode file for STMicroelectronics.X-CUBE-ST67W61.1.0.0
2025-07-18 09:45:24,025 [WARN] PackLoader:240 - Cannot read IP mode file for SEGGER.I-CUBE-embOS.1.3.1
2025-07-18 09:45:24,065 [INFO] WebApp:225 - Starting web application
2025-07-18 09:45:24,065 [INFO] WebApp:593 - Web application path used C:\ST\STM32CubeIDE_1.16.1\STM32CubeIDE\plugins\com.st.stm32cube.common.mx_6.14.1.202504091515\db\plugins\mcufinder\reactClient1\index.html
2025-07-18 09:45:24,099 [WARN] PackLoader:240 - Cannot read IP mode file for STMicroelectronics.X-CUBE-ALGOBUILD.1.4.0
2025-07-18 09:45:24,186 [WARN] PackLoader:240 - Cannot read IP mode file for STMicroelectronics.X-CUBE-MEMS1.11.3.0
2025-07-18 09:45:24,438 [WARN] PackLoader:240 - Cannot read IP mode file for STMicroelectronics.X-CUBE-AI.9.1.0
2025-07-18 09:45:24,446 [WARN] PackLoader:240 - Cannot read IP mode file for STMicroelectronics.X-CUBE-PM33A1.1.0.0
2025-07-18 09:45:24,478 [WARN] PackLoader:240 - Cannot read IP mode file for STMicroelectronics.X-CUBE-AZRTOS-F4.1.1.0
2025-07-18 09:45:24,493 [WARN] PackLoader:240 - Cannot read IP mode file for Avnet-IotConnect.X-CUBE-IoTC-DA16k-PMOD.1.0.0
2025-07-18 09:45:24,500 [WARN] PackLoader:240 - Cannot read IP mode file for STMicroelectronics.X-CUBE-ISPU.2.1.0
2025-07-18 09:45:24,513 [WARN] PackLoader:240 - Cannot read IP mode file for STMicroelectronics.X-CUBE-NFC12.1.0.0
2025-07-18 09:45:24,547 [WARN] PackLoader:240 - Cannot read IP mode file for STMicroelectronics.X-CUBE-AZRTOS-L5.2.0.0
2025-07-18 09:45:24,631 [WARN] PackLoader:240 - Cannot read IP mode file for STMicroelectronics.X-CUBE-NFC6.3.1.0
2025-07-18 09:45:24,656 [WARN] PackLoader:240 - Cannot read IP mode file for STMicroelectronics.X-CUBE-DPower.1.2.0
2025-07-18 09:45:24,668 [WARN] PackLoader:240 - Cannot read IP mode file for STMicroelectronics.X-CUBE-FREERTOS.1.3.1
2025-07-18 09:45:24,678 [WARN] PackLoader:240 - Cannot read IP mode file for STMicroelectronics.X-CUBE-FREERTOS.1.3.0
2025-07-18 09:45:24,697 [WARN] PackLoader:240 - Cannot read IP mode file for STMicroelectronics.X-CUBE-NFC7.1.0.1
2025-07-18 09:45:24,708 [WARN] PackLoader:240 - Cannot read IP mode file for STMicroelectronics.FP-SNS-STAIOTCFT.1.0.0
2025-07-18 09:45:24,719 [WARN] PackLoader:240 - Cannot read IP mode file for STMicroelectronics.X-CUBE-DPower.1.3.0
2025-07-18 09:45:24,769 [WARN] ConditionMgr:438 - getConditionDescription Invalid condition id : LAN8742 Phy interface Condition cause : null
2025-07-18 09:45:24,771 [WARN] PackLoader:240 - Cannot read IP mode file for STMicroelectronics.X-CUBE-AZRTOS-L4.2.0.0
2025-07-18 09:45:24,775 [WARN] ConditionMgr:1044 - genDependencies : Invalid condition id : LAN8742 Phy interface Condition cause : null
2025-07-18 09:45:24,776 [WARN] ConditionMgr:1044 - genDependencies : Invalid condition id : LAN8742 Phy interface Condition cause : null
2025-07-18 09:45:24,777 [WARN] ConditionMgr:1044 - genDependencies : Invalid condition id : LAN8742 Phy interface Condition cause : null
2025-07-18 09:45:24,794 [WARN] PackLoader:240 - Cannot read IP mode file for STMicroelectronics.X-CUBE-SFXS2LP1.4.0.0
2025-07-18 09:45:24,845 [WARN] PackLoader:240 - Cannot read IP mode file for STMicroelectronics.X-CUBE-AZRTOS-H7.3.3.0
2025-07-18 09:45:24,867 [WARN] PackLoader:240 - Cannot read IP mode file for STMicroelectronics.X-CUBE-IPS.3.0.0
2025-07-18 09:45:24,893 [WARN] ConditionMgr:438 - getConditionDescription Invalid condition id : UX DEVICE CLASS RTOS Condition cause : null
2025-07-18 09:45:24,894 [WARN] ConditionMgr:438 - getConditionDescription Invalid condition id : UX DEVICE CLASS RTOS Condition cause : null
2025-07-18 09:45:24,897 [WARN] PackLoader:240 - Cannot read IP mode file for STMicroelectronics.X-CUBE-AZRTOS-WB.2.0.0
2025-07-18 09:45:24,899 [WARN] ConditionMgr:1044 - genDependencies : Invalid condition id : UX DEVICE CLASS RTOS Condition cause : null
2025-07-18 09:45:24,899 [WARN] ConditionMgr:1044 - genDependencies : Invalid condition id : UX DEVICE CLASS RTOS Condition cause : null
2025-07-18 09:45:24,900 [WARN] ConditionMgr:1044 - genDependencies : Invalid condition id : UX DEVICE CLASS RTOS Condition cause : null
2025-07-18 09:45:24,900 [WARN] ConditionMgr:1044 - genDependencies : Invalid condition id : UX DEVICE CLASS RTOS Condition cause : null
2025-07-18 09:45:24,901 [WARN] ConditionMgr:1044 - genDependencies : Invalid condition id : UX DEVICE CLASS RTOS Condition cause : null
2025-07-18 09:45:24,912 [WARN] PackLoader:240 - Cannot read IP mode file for STMicroelectronics.X-CUBE-GNSS1.7.0.1
2025-07-18 09:45:24,922 [WARN] PackLoader:240 - Cannot read IP mode file for STMicroelectronics.X-CUBE-TOUCHGFX.4.25.0
2025-07-18 09:45:24,933 [WARN] PackLoader:240 - Cannot read IP mode file for STMicroelectronics.FP-SNS-STBOX1.2.0.0
2025-07-18 09:45:24,953 [WARN] PackLoader:240 - Cannot read IP mode file for STMicroelectronics.X-CUBE-SUBG2.5.0.0
2025-07-18 09:45:24,993 [WARN] PackLoader:240 - Cannot read IP mode file for STMicroelectronics.X-CUBE-AZRTOS-H7RS.1.1.0
2025-07-18 09:45:25,006 [WARN] PackLoader:240 - Cannot read IP mode file for Cesanta.I-CUBE-Mongoose.7.13.0
2025-07-18 09:45:25,034 [WARN] PackLoader:240 - Cannot read IP mode file for STMicroelectronics.X-CUBE-AZRTOS-G4.2.0.0
2025-07-18 09:45:25,048 [WARN] PackLoader:240 - Cannot read IP mode file for STMicroelectronics.X-CUBE-NFC7.2.0.0
2025-07-18 09:45:25,072 [WARN] PackLoader:240 - Cannot read IP mode file for STMicroelectronics.X-CUBE-IPS.3.1.0
2025-07-18 09:45:25,092 [WARN] PackLoader:240 - Cannot read IP mode file for STMicroelectronics.X-CUBE-ALS.1.0.2
2025-07-18 09:45:25,103 [WARN] PackLoader:240 - Cannot read IP mode file for STMicroelectronics.X-CUBE-TOUCHGFX.4.24.0
2025-07-18 09:45:25,236 [WARN] PackLoader:240 - Cannot read IP mode file for STMicroelectronics.X-CUBE-TOUCHGFX.4.24.2
2025-07-18 09:45:25,306 [WARN] PackLoader:240 - Cannot read IP mode file for STMicroelectronics.X-CUBE-TOUCHGFX.4.24.1
2025-07-18 09:45:25,316 [WARN] PackLoader:240 - Cannot read IP mode file for wolfSSL.I-CUBE-wolfTPM.3.4.0
2025-07-18 09:45:25,328 [WARN] PackLoader:240 - Cannot read IP mode file for portGmbH.I-Cube-SoM-uGOAL.1.1.0
2025-07-18 09:45:25,357 [WARN] PackLoader:240 - Cannot read IP mode file for STMicroelectronics.X-CUBE-AZRTOS-H7RS.1.0.0
2025-07-18 09:45:25,378 [WARN] PackLoader:240 - Cannot read IP mode file for STMicroelectronics.X-CUBE-TOF1.3.4.2
2025-07-18 09:45:25,413 [WARN] PackLoader:240 - Cannot read IP mode file for STMicroelectronics.X-CUBE-TOF1.3.4.3
2025-07-18 09:45:25,414 [INFO] UserAuth:484 - Internet connection configuration mode: 1
2025-07-18 09:45:25,438 [WARN] PackLoader:240 - Cannot read IP mode file for wolfSSL.I-CUBE-wolfSSH.1.4.17
2025-07-18 09:45:25,439 [INFO] ThirdParty:978 - Integrity check success = true
2025-07-18 09:45:25,439 [INFO] IntegrityCheckThread:100 - exiting critical section [integrity check]
2025-07-18 09:45:25,439 [INFO] IntegrityCheckThread:103 - End integrity checks thread
2025-07-18 12:36:33,748 [ERROR] LogOutputStream:75 - [STDERR_REDIRECT] 
