2025-07-12 16:46:57,985 [INFO] Activator:176 - 


2025-07-12 16:46:57,998 [INFO] Activator:177 - !SESSION log4j initialized
2025-07-12 16:47:04,857 [INFO] LogOutputStream:77 - [STDOUT_REDIRECT] 
2025-07-12 16:47:06,242 [INFO] ApplicationProperties:184 - Using Application install path: C:\ST\STM32CubeIDE_1.16.1\STM32CubeIDE\plugins\com.st.stm32cube.common.mx_6.14.1.202504091515
2025-07-12 16:47:06,263 [INFO] DbMcusXml:78 - Set database path to: C:\ST\STM32CubeIDE_1.16.1\STM32CubeIDE\plugins\com.st.stm32cube.common.mx_6.14.1.202504091515\\db\/mcu/
2025-07-12 16:47:06,263 [INFO] ApiDb:274 - Set plugin database path to: C:\ST\STM32CubeIDE_1.16.1\STM32CubeIDE\plugins\com.st.stm32cube.common.mx_6.14.1.202504091515\\db\/plugins/boardmanager/
2025-07-12 16:47:06,264 [WARN] ApiDb:259 - Overriding images path with different value:  => C:\ST\STM32CubeIDE_1.16.1\STM32CubeIDE\plugins\com.st.stm32cube.common.mx_6.14.1.202504091515\\db\/plugins/mcufinder/images/
2025-07-12 16:47:06,272 [INFO] ApiDb:250 - Set database path to: C:\Users\kjeya\.stmcufinder\plugins\mcufinder//mcu/
2025-07-12 16:47:06,273 [INFO] DbMcusAds:125 - Set database path to: C:\Users\kjeya\.stmcufinder\plugins\mcufinder//mcu/
2025-07-12 16:47:06,275 [INFO] CrossReferenceDbSqlite:203 - Set database path to: C:\Users\kjeya\.stmcufinder\plugins\mcufinder//mcu/cs/
2025-07-12 16:47:06,434 [INFO] RulesReader:64 - Compatibility file has been processed (302 Rules)
2025-07-12 16:47:06,554 [INFO] DbMcusXml:78 - Set database path to: C:\ST\STM32CubeIDE_1.16.1\STM32CubeIDE\plugins\com.st.stm32cube.common.mx_6.14.1.202504091515\\db\/mcu/
2025-07-12 16:47:06,554 [INFO] ApiDb:274 - Set plugin database path to: C:\ST\STM32CubeIDE_1.16.1\STM32CubeIDE\plugins\com.st.stm32cube.common.mx_6.14.1.202504091515\\db\/plugins/boardmanager/
2025-07-12 16:47:06,554 [INFO] ApiDb:261 - Set plugin images path to: C:\ST\STM32CubeIDE_1.16.1\STM32CubeIDE\plugins\com.st.stm32cube.common.mx_6.14.1.202504091515\\db\/plugins/mcufinder/images/
2025-07-12 16:47:06,554 [WARN] DbFile:41 - Overriding database path with different value: C:\Users\kjeya\.stmcufinder\plugins\mcufinder/ => C:\Users\kjeya\.stmcufinder\plugins\mcufinder
2025-07-12 16:47:06,554 [INFO] ApiDb:250 - Set database path to: C:\Users\kjeya\.stmcufinder\plugins\mcufinder//mcu/
2025-07-12 16:47:06,554 [WARN] DbFile:41 - Overriding database path with different value: C:\Users\kjeya\.stmcufinder\plugins\mcufinder/ => C:\Users\kjeya\.stmcufinder\plugins\mcufinder
2025-07-12 16:47:06,555 [INFO] DbMcusAds:125 - Set database path to: C:\Users\kjeya\.stmcufinder\plugins\mcufinder//mcu/
2025-07-12 16:47:06,555 [WARN] DbFile:41 - Overriding database path with different value: C:\Users\kjeya\.stmcufinder\plugins\mcufinder/ => C:\Users\kjeya\.stmcufinder\plugins\mcufinder
2025-07-12 16:47:06,555 [WARN] DbFile:41 - Overriding database path with different value: C:\Users\kjeya\.stmcufinder\plugins\mcufinder/ => C:\Users\kjeya\.stmcufinder\plugins\mcufinder
2025-07-12 16:47:06,555 [INFO] CrossReferenceDbSqlite:203 - Set database path to: C:\Users\kjeya\.stmcufinder\plugins\mcufinder//mcu/cs/
2025-07-12 16:47:06,670 [INFO] MainPanel:272 - HeapMemory: 268435456
2025-07-12 16:47:06,827 [INFO] DbMcusXml:78 - Set database path to: C:\ST\STM32CubeIDE_1.16.1\STM32CubeIDE\plugins\com.st.stm32cube.common.mx_6.14.1.202504091515\\db\/mcu/
2025-07-12 16:47:06,827 [INFO] ApiDb:274 - Set plugin database path to: C:\ST\STM32CubeIDE_1.16.1\STM32CubeIDE\plugins\com.st.stm32cube.common.mx_6.14.1.202504091515\\db\/plugins/boardmanager/
2025-07-12 16:47:06,827 [INFO] ApiDb:261 - Set plugin images path to: C:\ST\STM32CubeIDE_1.16.1\STM32CubeIDE\plugins\com.st.stm32cube.common.mx_6.14.1.202504091515\\db\/plugins/mcufinder/images/
2025-07-12 16:47:06,827 [WARN] DbFile:41 - Overriding database path with different value: C:\Users\kjeya\.stmcufinder\plugins\mcufinder/ => C:\Users\kjeya\.stmcufinder\plugins\mcufinder
2025-07-12 16:47:06,827 [INFO] ApiDb:250 - Set database path to: C:\Users\kjeya\.stmcufinder\plugins\mcufinder//mcu/
2025-07-12 16:47:06,827 [WARN] DbFile:41 - Overriding database path with different value: C:\Users\kjeya\.stmcufinder\plugins\mcufinder/ => C:\Users\kjeya\.stmcufinder\plugins\mcufinder
2025-07-12 16:47:06,828 [INFO] DbMcusAds:125 - Set database path to: C:\Users\kjeya\.stmcufinder\plugins\mcufinder//mcu/
2025-07-12 16:47:06,828 [WARN] DbFile:41 - Overriding database path with different value: C:\Users\kjeya\.stmcufinder\plugins\mcufinder/ => C:\Users\kjeya\.stmcufinder\plugins\mcufinder
2025-07-12 16:47:06,828 [WARN] DbFile:41 - Overriding database path with different value: C:\Users\kjeya\.stmcufinder\plugins\mcufinder/ => C:\Users\kjeya\.stmcufinder\plugins\mcufinder
2025-07-12 16:47:06,828 [INFO] CrossReferenceDbSqlite:203 - Set database path to: C:\Users\kjeya\.stmcufinder\plugins\mcufinder//mcu/cs/
2025-07-12 16:47:06,849 [INFO] ApplicationProperties:184 - Using Application install path: C:\ST\STM32CubeIDE_1.16.1\STM32CubeIDE\plugins\com.st.stm32cube.common.mx_6.14.1.202504091515
2025-07-12 16:47:06,852 [INFO] PluginManage:196 - Search for loadable plugins [exclusion list=, ]
2025-07-12 16:47:06,853 [INFO] PluginManage:310 - Check plugin analytics
2025-07-12 16:47:07,129 [INFO] AnalyticsPlugin:253 - Accepted Software Licenses: STM32CubeMX.6.11.1,STM32CubeMX.6.13.0
2025-07-12 16:47:07,130 [INFO] AnalyticsPlugin:255 - Accepted CMSIS Pack Licenses: STMicroelectronics.X-CUBE-TOUCHGFX.4.24.0,WES.I-CUBE-Cesium.1.3.0,STMicroelectronics.X-CUBE-TOUCHGFX.4.24.2
2025-07-12 16:47:07,130 [INFO] AnalyticsPlugin:257 - Accepted Firmware Licenses: FW.F4.1.28.0,FW.L4.1.18.0,FW.WL.1.3.0,FW.H7.1.11.0,FW.H7.1.12.0
2025-07-12 16:47:07,134 [INFO] PluginManage:359 - Loaded plugin analytics (category:tool,tabindex:-1)
2025-07-12 16:47:07,135 [INFO] PluginManage:310 - Check plugin cadmodel
2025-07-12 16:47:07,140 [INFO] CADModel:105 - Init CAD model plugin
2025-07-12 16:47:07,141 [INFO] PluginManage:359 - Loaded plugin cadmodel (category:power,tabindex:5)
2025-07-12 16:47:07,141 [INFO] PluginManage:310 - Check plugin clock
2025-07-12 16:47:07,152 [INFO] PluginManage:359 - Loaded plugin clock (category:base,tabindex:2)
2025-07-12 16:47:07,153 [INFO] PluginManage:310 - Check plugin ddr
2025-07-12 16:47:07,157 [INFO] PluginManage:359 - Loaded plugin ddr (category:tool,tabindex:6)
2025-07-12 16:47:07,158 [INFO] PluginManage:310 - Check plugin filemanager
2025-07-12 16:47:07,338 [INFO] PluginManage:359 - Loaded plugin filemanager (category:base,tabindex:10)
2025-07-12 16:47:07,338 [INFO] PluginManage:310 - Check plugin ipmanager
2025-07-12 16:47:07,347 [INFO] PluginManage:359 - Loaded plugin ipmanager (category:base,tabindex:5)
2025-07-12 16:47:07,347 [INFO] PluginManage:310 - Check plugin lpbam
2025-07-12 16:47:07,357 [INFO] PluginManage:359 - Loaded plugin lpbam (category:base,tabindex:0)
2025-07-12 16:47:07,357 [INFO] PluginManage:310 - Check plugin memorymap
2025-07-12 16:47:07,375 [INFO] PluginManage:359 - Loaded plugin memorymap (category:base,tabindex:4)
2025-07-12 16:47:07,375 [INFO] PluginManage:310 - Check plugin pinoutandconfiguration
2025-07-12 16:47:07,389 [INFO] PluginManage:359 - Loaded plugin pinoutandconfiguration (category:base,tabindex:1)
2025-07-12 16:47:07,389 [INFO] PluginManage:310 - Check plugin pinoutconfig
2025-07-12 16:47:07,501 [WARN] SupportedApi:132 - Cannot load RTOS API schema: s4s-elt-must-match.1: The content of 'definitions' must match (annotation?, (simpleType | complexType)?, (unique | key | keyref)*)). A problem was found starting at: attribute.
2025-07-12 16:47:07,668 [INFO] PluginManage:359 - Loaded plugin pinoutconfig (category:base,tabindex:0)
2025-07-12 16:47:07,668 [INFO] PluginManage:310 - Check plugin power
2025-07-12 16:47:07,681 [INFO] PluginManage:359 - Loaded plugin power (category:power,tabindex:4)
2025-07-12 16:47:07,681 [INFO] PluginManage:310 - Check plugin projectmanager
2025-07-12 16:47:07,701 [INFO] PluginManage:359 - Loaded plugin projectmanager (category:projectmanager,tabindex:4)
2025-07-12 16:47:07,701 [INFO] PluginManage:310 - Check plugin rif
2025-07-12 16:47:07,714 [INFO] PluginManage:359 - Loaded plugin rif (category:base,tabindex:3)
2025-07-12 16:47:07,715 [INFO] PluginManage:310 - Check plugin thirdparty
2025-07-12 16:47:07,917 [INFO] PluginManage:359 - Loaded plugin thirdparty (category:base,tabindex:-1)
2025-07-12 16:47:07,917 [WARN] IntegrityCheckThread:84 - waiting for thirdparty lock release [integrity check]
2025-07-12 16:47:07,917 [INFO] IntegrityCheckThread:86 - entering critical section [integrity check]
2025-07-12 16:47:07,917 [INFO] PluginManage:310 - Check plugin tools
2025-07-12 16:47:07,918 [INFO] ThirdPartyUpdaterWithRetryManager:70 - Updater plugin not ready yet. [1/15]
2025-07-12 16:47:07,921 [INFO] PluginManage:359 - Loaded plugin tools (category:base,tabindex:7)
2025-07-12 16:47:07,921 [INFO] PluginManage:310 - Check plugin tutovideos
2025-07-12 16:47:08,141 [INFO] PluginManage:359 - Loaded plugin tutovideos (category:base,tabindex:-1)
2025-07-12 16:47:08,141 [INFO] PluginManage:310 - Check plugin updater
2025-07-12 16:47:08,170 [INFO] PluginManage:359 - Loaded plugin updater (category:base,tabindex:12)
2025-07-12 16:47:08,171 [INFO] PluginManage:310 - Check plugin userauth
2025-07-12 16:47:08,177 [INFO] UserAuth:118 - Init User Auth plugin
2025-07-12 16:47:08,178 [INFO] PluginManage:359 - Loaded plugin userauth (category:base,tabindex:14)
2025-07-12 16:47:08,179 [INFO] PluginManage:283 - PluginManage : Loaded plugins [18]
2025-07-12 16:47:08,519 [INFO] PinOutPanel:1589 - setPackage(No Configuration,No Configuration)
2025-07-12 16:47:08,638 [INFO] CADModel:165 - CPN selected for project level
2025-07-12 16:47:08,638 [INFO] CADModel:114 - Register for checkConnection events
2025-07-12 16:47:08,665 [INFO] IPUIPlugin:80 - create IPUIPlugin
2025-07-12 16:47:08,665 [INFO] PluginManager:220 - loadIPPluginJar : add adc
2025-07-12 16:47:08,669 [INFO] IPUIPlugin:80 - create IPUIPlugin
2025-07-12 16:47:08,671 [INFO] PluginManager:220 - loadIPPluginJar : add aes
2025-07-12 16:47:08,674 [INFO] IPUIPlugin:80 - create IPUIPlugin
2025-07-12 16:47:08,675 [INFO] PluginManager:220 - loadIPPluginJar : add can
2025-07-12 16:47:08,677 [INFO] IPUIPlugin:80 - create IPUIPlugin
2025-07-12 16:47:08,677 [INFO] PluginManager:220 - loadIPPluginJar : add comp
2025-07-12 16:47:08,681 [INFO] IPUIPlugin:80 - create IPUIPlugin
2025-07-12 16:47:08,681 [INFO] PluginManager:220 - loadIPPluginJar : add cryp
2025-07-12 16:47:08,686 [INFO] IPUIPlugin:80 - create IPUIPlugin
2025-07-12 16:47:08,686 [INFO] PluginManager:220 - loadIPPluginJar : add ddr_ctrl_phy
2025-07-12 16:47:08,689 [INFO] IPUIPlugin:80 - create IPUIPlugin
2025-07-12 16:47:08,689 [INFO] PluginManager:220 - loadIPPluginJar : add dfsdm
2025-07-12 16:47:08,697 [INFO] IPUIPlugin:80 - create IPUIPlugin
2025-07-12 16:47:08,698 [INFO] PluginManager:220 - loadIPPluginJar : add dma
2025-07-12 16:47:08,702 [INFO] IPUIPlugin:80 - create IPUIPlugin
2025-07-12 16:47:08,702 [INFO] PluginManager:220 - loadIPPluginJar : add dma3
2025-07-12 16:47:08,706 [INFO] IPUIPlugin:80 - create IPUIPlugin
2025-07-12 16:47:08,706 [INFO] PluginManager:220 - loadIPPluginJar : add extmemmanager
2025-07-12 16:47:08,708 [INFO] IPUIPlugin:80 - create IPUIPlugin
2025-07-12 16:47:08,708 [INFO] PluginManager:220 - loadIPPluginJar : add fatfs
2025-07-12 16:47:08,717 [INFO] IPUIPlugin:80 - create IPUIPlugin
2025-07-12 16:47:08,717 [INFO] PluginManager:220 - loadIPPluginJar : add fmc
2025-07-12 16:47:08,723 [INFO] IPUIPlugin:80 - create IPUIPlugin
2025-07-12 16:47:08,723 [INFO] PluginManager:220 - loadIPPluginJar : add freertos
2025-07-12 16:47:08,725 [INFO] IPUIPlugin:80 - create IPUIPlugin
2025-07-12 16:47:08,725 [INFO] PluginManager:220 - loadIPPluginJar : add genericplugin
2025-07-12 16:47:08,729 [INFO] IPUIPlugin:80 - create IPUIPlugin
2025-07-12 16:47:08,729 [INFO] PluginManager:220 - loadIPPluginJar : add gfxmmu
2025-07-12 16:47:08,736 [INFO] IPUIPlugin:80 - create IPUIPlugin
2025-07-12 16:47:08,737 [INFO] PluginManager:220 - loadIPPluginJar : add gic
2025-07-12 16:47:08,742 [INFO] IPUIPlugin:80 - create IPUIPlugin
2025-07-12 16:47:08,742 [INFO] PluginManager:220 - loadIPPluginJar : add gpio
2025-07-12 16:47:08,746 [INFO] IPUIPlugin:80 - create IPUIPlugin
2025-07-12 16:47:08,746 [INFO] PluginManager:220 - loadIPPluginJar : add gtzc
2025-07-12 16:47:08,750 [INFO] IPUIPlugin:80 - create IPUIPlugin
2025-07-12 16:47:08,750 [INFO] PluginManager:220 - loadIPPluginJar : add hash
2025-07-12 16:47:08,753 [INFO] IPUIPlugin:80 - create IPUIPlugin
2025-07-12 16:47:08,754 [INFO] PluginManager:220 - loadIPPluginJar : add i2c
2025-07-12 16:47:08,757 [INFO] IPUIPlugin:80 - create IPUIPlugin
2025-07-12 16:47:08,757 [INFO] PluginManager:220 - loadIPPluginJar : add i2s
2025-07-12 16:47:08,760 [INFO] IPUIPlugin:80 - create IPUIPlugin
2025-07-12 16:47:08,762 [INFO] PluginManager:220 - loadIPPluginJar : add i3c
2025-07-12 16:47:08,767 [INFO] IPUIPlugin:80 - create IPUIPlugin
2025-07-12 16:47:08,767 [INFO] PluginManager:220 - loadIPPluginJar : add ipddr
2025-07-12 16:47:08,776 [INFO] IPUIPlugin:80 - create IPUIPlugin
2025-07-12 16:47:08,776 [INFO] PluginManager:220 - loadIPPluginJar : add linkedlist
2025-07-12 16:47:08,780 [INFO] IPUIPlugin:80 - create IPUIPlugin
2025-07-12 16:47:08,780 [INFO] PluginManager:220 - loadIPPluginJar : add lorawan
2025-07-12 16:47:08,782 [INFO] IPUIPlugin:80 - create IPUIPlugin
2025-07-12 16:47:08,782 [INFO] PluginManager:220 - loadIPPluginJar : add ltdc
2025-07-12 16:47:08,789 [INFO] IPUIPlugin:80 - create IPUIPlugin
2025-07-12 16:47:08,790 [INFO] PluginManager:220 - loadIPPluginJar : add mdma
2025-07-12 16:47:08,794 [INFO] IPUIPlugin:80 - create IPUIPlugin
2025-07-12 16:47:08,794 [INFO] PluginManager:220 - loadIPPluginJar : add nvic
2025-07-12 16:47:08,798 [INFO] IPUIPlugin:80 - create IPUIPlugin
2025-07-12 16:47:08,798 [INFO] PluginManager:220 - loadIPPluginJar : add opamp
2025-07-12 16:47:08,802 [INFO] IPUIPlugin:80 - create IPUIPlugin
2025-07-12 16:47:08,802 [INFO] PluginManager:220 - loadIPPluginJar : add openamp
2025-07-12 16:47:08,806 [INFO] IPUIPlugin:80 - create IPUIPlugin
2025-07-12 16:47:08,807 [INFO] PluginManager:220 - loadIPPluginJar : add pdm2pcm
2025-07-12 16:47:08,816 [INFO] IPUIPlugin:80 - create IPUIPlugin
2025-07-12 16:47:08,820 [INFO] PluginManager:220 - loadIPPluginJar : add plateformsettings
2025-07-12 16:47:08,823 [INFO] IPUIPlugin:80 - create IPUIPlugin
2025-07-12 16:47:08,823 [INFO] PluginManager:220 - loadIPPluginJar : add quadspi
2025-07-12 16:47:08,825 [INFO] IPUIPlugin:80 - create IPUIPlugin
2025-07-12 16:47:08,826 [INFO] PluginManager:220 - loadIPPluginJar : add radio
2025-07-12 16:47:08,831 [INFO] IPUIPlugin:80 - create IPUIPlugin
2025-07-12 16:47:08,831 [INFO] PluginManager:220 - loadIPPluginJar : add resmgrutility
2025-07-12 16:47:08,836 [INFO] IPUIPlugin:80 - create IPUIPlugin
2025-07-12 16:47:08,836 [INFO] PluginManager:220 - loadIPPluginJar : add sai
2025-07-12 16:47:08,840 [INFO] IPUIPlugin:80 - create IPUIPlugin
2025-07-12 16:47:08,840 [INFO] PluginManager:220 - loadIPPluginJar : add spi
2025-07-12 16:47:08,849 [INFO] IPUIPlugin:80 - create IPUIPlugin
2025-07-12 16:47:08,849 [INFO] PluginManager:220 - loadIPPluginJar : add stm32_wpan
2025-07-12 16:47:08,852 [INFO] IPUIPlugin:80 - create IPUIPlugin
2025-07-12 16:47:08,852 [INFO] PluginManager:220 - loadIPPluginJar : add tim
2025-07-12 16:47:08,857 [INFO] IPUIPlugin:80 - create IPUIPlugin
2025-07-12 16:47:08,857 [INFO] PluginManager:220 - loadIPPluginJar : add touchsensing
2025-07-12 16:47:08,860 [INFO] IPUIPlugin:80 - create IPUIPlugin
2025-07-12 16:47:08,860 [INFO] PluginManager:220 - loadIPPluginJar : add tracer_emb
2025-07-12 16:47:08,863 [INFO] IPUIPlugin:80 - create IPUIPlugin
2025-07-12 16:47:08,863 [INFO] PluginManager:220 - loadIPPluginJar : add ts
2025-07-12 16:47:08,866 [INFO] IPUIPlugin:80 - create IPUIPlugin
2025-07-12 16:47:08,866 [INFO] PluginManager:220 - loadIPPluginJar : add tsc
2025-07-12 16:47:08,868 [INFO] IPUIPlugin:80 - create IPUIPlugin
2025-07-12 16:47:08,870 [INFO] PluginManager:220 - loadIPPluginJar : add ucpd
2025-07-12 16:47:08,874 [INFO] IPUIPlugin:80 - create IPUIPlugin
2025-07-12 16:47:08,874 [INFO] PluginManager:220 - loadIPPluginJar : add usart
2025-07-12 16:47:08,878 [INFO] IPUIPlugin:80 - create IPUIPlugin
2025-07-12 16:47:08,878 [INFO] PluginManager:220 - loadIPPluginJar : add usbx
2025-07-12 16:47:09,089 [FATAL] Updater:351 - Updater called before beeing initialized
2025-07-12 16:47:09,141 [INFO] RulesReader:64 - Compatibility file has been processed (302 Rules)
2025-07-12 16:47:09,163 [INFO] RulesReader:64 - Compatibility file has been processed (302 Rules)
2025-07-12 16:47:09,184 [INFO] CADModel:165 - CPN selected for project level
2025-07-12 16:47:09,184 [INFO] CADModel:114 - Register for checkConnection events
2025-07-12 16:47:09,184 [FATAL] Updater:351 - Updater called before beeing initialized
2025-07-12 16:47:09,185 [ERROR] CADModel:125 - Updater not yet initialized, retry later 
2025-07-12 16:47:09,524 [FATAL] Updater:351 - Updater called before beeing initialized
2025-07-12 16:47:09,529 [INFO] CADModel:165 - CPN selected for project level
2025-07-12 16:47:09,529 [INFO] CADModel:114 - Register for checkConnection events
2025-07-12 16:47:09,529 [FATAL] Updater:351 - Updater called before beeing initialized
2025-07-12 16:47:09,529 [ERROR] CADModel:125 - Updater not yet initialized, retry later 
2025-07-12 16:47:09,537 [FATAL] Updater:351 - Updater called before beeing initialized
2025-07-12 16:47:09,907 [FATAL] Updater:351 - Updater called before beeing initialized
2025-07-12 16:47:09,916 [INFO] DbMcusAds:53 - JSON generation date=Tue Jul 08 13:44:23 IST 2025 (1751962463538)
2025-07-12 16:47:09,917 [FATAL] Updater:351 - Updater called before beeing initialized
2025-07-12 16:47:10,025 [WARN] DetailPanel:346 - Failed to get advertising image, set to default
2025-07-12 16:47:10,501 [FATAL] Updater:351 - Updater called before beeing initialized
2025-07-12 16:47:10,504 [FATAL] Updater:351 - Updater called before beeing initialized
2025-07-12 16:47:10,505 [FATAL] Updater:351 - Updater called before beeing initialized
2025-07-12 16:47:10,505 [WARN] DetailPanel:346 - Failed to get advertising image, set to default
2025-07-12 16:47:10,505 [FATAL] Updater:351 - Updater called before beeing initialized
