2025-07-22 21:02:02,793 [INFO] Activator:176 - 


2025-07-22 21:02:02,805 [INFO] Activator:177 - !SESSION log4j initialized
2025-07-22 21:02:13,230 [INFO] LogOutputStream:77 - [STDOUT_REDIRECT] 
2025-07-22 21:02:15,757 [INFO] ApplicationProperties:184 - Using Application install path: C:\ST\STM32CubeIDE_1.16.1\STM32CubeIDE\plugins\com.st.stm32cube.common.mx_6.14.1.202504091515
2025-07-22 21:02:15,791 [INFO] DbMcusXml:78 - Set database path to: C:\ST\STM32CubeIDE_1.16.1\STM32CubeIDE\plugins\com.st.stm32cube.common.mx_6.14.1.202504091515\\db\/mcu/
2025-07-22 21:02:15,792 [INFO] ApiDb:274 - Set plugin database path to: C:\ST\STM32CubeIDE_1.16.1\STM32CubeIDE\plugins\com.st.stm32cube.common.mx_6.14.1.202504091515\\db\/plugins/boardmanager/
2025-07-22 21:02:15,793 [WARN] ApiDb:259 - Overriding images path with different value:  => C:\ST\STM32CubeIDE_1.16.1\STM32CubeIDE\plugins\com.st.stm32cube.common.mx_6.14.1.202504091515\\db\/plugins/mcufinder/images/
2025-07-22 21:02:15,811 [INFO] ApiDb:250 - Set database path to: C:\Users\kjeya\.stmcufinder\plugins\mcufinder//mcu/
2025-07-22 21:02:15,814 [INFO] DbMcusAds:125 - Set database path to: C:\Users\kjeya\.stmcufinder\plugins\mcufinder//mcu/
2025-07-22 21:02:15,819 [INFO] CrossReferenceDbSqlite:203 - Set database path to: C:\Users\kjeya\.stmcufinder\plugins\mcufinder//mcu/cs/
2025-07-22 21:02:16,120 [INFO] RulesReader:64 - Compatibility file has been processed (302 Rules)
2025-07-22 21:02:16,321 [INFO] DbMcusXml:78 - Set database path to: C:\ST\STM32CubeIDE_1.16.1\STM32CubeIDE\plugins\com.st.stm32cube.common.mx_6.14.1.202504091515\\db\/mcu/
2025-07-22 21:02:16,321 [INFO] ApiDb:274 - Set plugin database path to: C:\ST\STM32CubeIDE_1.16.1\STM32CubeIDE\plugins\com.st.stm32cube.common.mx_6.14.1.202504091515\\db\/plugins/boardmanager/
2025-07-22 21:02:16,322 [INFO] ApiDb:261 - Set plugin images path to: C:\ST\STM32CubeIDE_1.16.1\STM32CubeIDE\plugins\com.st.stm32cube.common.mx_6.14.1.202504091515\\db\/plugins/mcufinder/images/
2025-07-22 21:02:16,322 [WARN] DbFile:41 - Overriding database path with different value: C:\Users\kjeya\.stmcufinder\plugins\mcufinder/ => C:\Users\kjeya\.stmcufinder\plugins\mcufinder
2025-07-22 21:02:16,324 [INFO] ApiDb:250 - Set database path to: C:\Users\kjeya\.stmcufinder\plugins\mcufinder//mcu/
2025-07-22 21:02:16,324 [WARN] DbFile:41 - Overriding database path with different value: C:\Users\kjeya\.stmcufinder\plugins\mcufinder/ => C:\Users\kjeya\.stmcufinder\plugins\mcufinder
2025-07-22 21:02:16,324 [INFO] DbMcusAds:125 - Set database path to: C:\Users\kjeya\.stmcufinder\plugins\mcufinder//mcu/
2025-07-22 21:02:16,325 [WARN] DbFile:41 - Overriding database path with different value: C:\Users\kjeya\.stmcufinder\plugins\mcufinder/ => C:\Users\kjeya\.stmcufinder\plugins\mcufinder
2025-07-22 21:02:16,325 [WARN] DbFile:41 - Overriding database path with different value: C:\Users\kjeya\.stmcufinder\plugins\mcufinder/ => C:\Users\kjeya\.stmcufinder\plugins\mcufinder
2025-07-22 21:02:16,325 [INFO] CrossReferenceDbSqlite:203 - Set database path to: C:\Users\kjeya\.stmcufinder\plugins\mcufinder//mcu/cs/
2025-07-22 21:02:16,520 [INFO] MainPanel:272 - HeapMemory: 268435456
2025-07-22 21:02:16,777 [INFO] DbMcusXml:78 - Set database path to: C:\ST\STM32CubeIDE_1.16.1\STM32CubeIDE\plugins\com.st.stm32cube.common.mx_6.14.1.202504091515\\db\/mcu/
2025-07-22 21:02:16,777 [INFO] ApiDb:274 - Set plugin database path to: C:\ST\STM32CubeIDE_1.16.1\STM32CubeIDE\plugins\com.st.stm32cube.common.mx_6.14.1.202504091515\\db\/plugins/boardmanager/
2025-07-22 21:02:16,778 [INFO] ApiDb:261 - Set plugin images path to: C:\ST\STM32CubeIDE_1.16.1\STM32CubeIDE\plugins\com.st.stm32cube.common.mx_6.14.1.202504091515\\db\/plugins/mcufinder/images/
2025-07-22 21:02:16,778 [WARN] DbFile:41 - Overriding database path with different value: C:\Users\kjeya\.stmcufinder\plugins\mcufinder/ => C:\Users\kjeya\.stmcufinder\plugins\mcufinder
2025-07-22 21:02:16,779 [INFO] ApiDb:250 - Set database path to: C:\Users\kjeya\.stmcufinder\plugins\mcufinder//mcu/
2025-07-22 21:02:16,779 [WARN] DbFile:41 - Overriding database path with different value: C:\Users\kjeya\.stmcufinder\plugins\mcufinder/ => C:\Users\kjeya\.stmcufinder\plugins\mcufinder
2025-07-22 21:02:16,779 [INFO] DbMcusAds:125 - Set database path to: C:\Users\kjeya\.stmcufinder\plugins\mcufinder//mcu/
2025-07-22 21:02:16,779 [WARN] DbFile:41 - Overriding database path with different value: C:\Users\kjeya\.stmcufinder\plugins\mcufinder/ => C:\Users\kjeya\.stmcufinder\plugins\mcufinder
2025-07-22 21:02:16,780 [WARN] DbFile:41 - Overriding database path with different value: C:\Users\kjeya\.stmcufinder\plugins\mcufinder/ => C:\Users\kjeya\.stmcufinder\plugins\mcufinder
2025-07-22 21:02:16,780 [INFO] CrossReferenceDbSqlite:203 - Set database path to: C:\Users\kjeya\.stmcufinder\plugins\mcufinder//mcu/cs/
2025-07-22 21:02:16,817 [INFO] ApplicationProperties:184 - Using Application install path: C:\ST\STM32CubeIDE_1.16.1\STM32CubeIDE\plugins\com.st.stm32cube.common.mx_6.14.1.202504091515
2025-07-22 21:02:16,821 [INFO] PluginManage:196 - Search for loadable plugins [exclusion list=, ]
2025-07-22 21:02:16,825 [INFO] PluginManage:310 - Check plugin analytics
2025-07-22 21:02:17,277 [INFO] AnalyticsPlugin:253 - Accepted Software Licenses: STM32CubeMX.6.11.1,STM32CubeMX.6.13.0
2025-07-22 21:02:17,277 [INFO] AnalyticsPlugin:255 - Accepted CMSIS Pack Licenses: STMicroelectronics.X-CUBE-TOUCHGFX.4.24.0,WES.I-CUBE-Cesium.1.3.0,STMicroelectronics.X-CUBE-TOUCHGFX.4.24.2
2025-07-22 21:02:17,279 [INFO] AnalyticsPlugin:257 - Accepted Firmware Licenses: FW.F4.1.28.0,FW.L4.1.18.0,FW.WL.1.3.0,FW.H7.1.11.0,FW.H7.1.12.0
2025-07-22 21:02:17,286 [INFO] PluginManage:359 - Loaded plugin analytics (category:tool,tabindex:-1)
2025-07-22 21:02:17,287 [INFO] PluginManage:310 - Check plugin cadmodel
2025-07-22 21:02:17,297 [INFO] CADModel:105 - Init CAD model plugin
2025-07-22 21:02:17,298 [INFO] PluginManage:359 - Loaded plugin cadmodel (category:power,tabindex:5)
2025-07-22 21:02:17,298 [INFO] PluginManage:310 - Check plugin clock
2025-07-22 21:02:17,321 [INFO] PluginManage:359 - Loaded plugin clock (category:base,tabindex:2)
2025-07-22 21:02:17,321 [INFO] PluginManage:310 - Check plugin ddr
2025-07-22 21:02:17,326 [INFO] PluginManage:359 - Loaded plugin ddr (category:tool,tabindex:6)
2025-07-22 21:02:17,327 [INFO] PluginManage:310 - Check plugin filemanager
2025-07-22 21:02:17,621 [INFO] PluginManage:359 - Loaded plugin filemanager (category:base,tabindex:10)
2025-07-22 21:02:17,621 [INFO] PluginManage:310 - Check plugin ipmanager
2025-07-22 21:02:17,636 [INFO] PluginManage:359 - Loaded plugin ipmanager (category:base,tabindex:5)
2025-07-22 21:02:17,636 [INFO] PluginManage:310 - Check plugin lpbam
2025-07-22 21:02:17,654 [INFO] PluginManage:359 - Loaded plugin lpbam (category:base,tabindex:0)
2025-07-22 21:02:17,655 [INFO] PluginManage:310 - Check plugin memorymap
2025-07-22 21:02:17,681 [INFO] PluginManage:359 - Loaded plugin memorymap (category:base,tabindex:4)
2025-07-22 21:02:17,682 [INFO] PluginManage:310 - Check plugin pinoutandconfiguration
2025-07-22 21:02:17,700 [INFO] PluginManage:359 - Loaded plugin pinoutandconfiguration (category:base,tabindex:1)
2025-07-22 21:02:17,701 [INFO] PluginManage:310 - Check plugin pinoutconfig
2025-07-22 21:02:17,911 [WARN] SupportedApi:132 - Cannot load RTOS API schema: s4s-elt-must-match.1: The content of 'definitions' must match (annotation?, (simpleType | complexType)?, (unique | key | keyref)*)). A problem was found starting at: attribute.
2025-07-22 21:02:18,261 [INFO] PluginManage:359 - Loaded plugin pinoutconfig (category:base,tabindex:0)
2025-07-22 21:02:18,261 [INFO] PluginManage:310 - Check plugin power
2025-07-22 21:02:18,286 [INFO] PluginManage:359 - Loaded plugin power (category:power,tabindex:4)
2025-07-22 21:02:18,287 [INFO] PluginManage:310 - Check plugin projectmanager
2025-07-22 21:02:18,329 [INFO] PluginManage:359 - Loaded plugin projectmanager (category:projectmanager,tabindex:4)
2025-07-22 21:02:18,330 [INFO] PluginManage:310 - Check plugin rif
2025-07-22 21:02:18,355 [INFO] PluginManage:359 - Loaded plugin rif (category:base,tabindex:3)
2025-07-22 21:02:18,355 [INFO] PluginManage:310 - Check plugin thirdparty
2025-07-22 21:02:18,678 [INFO] PluginManage:359 - Loaded plugin thirdparty (category:base,tabindex:-1)
2025-07-22 21:02:18,678 [INFO] PluginManage:310 - Check plugin tools
2025-07-22 21:02:18,678 [WARN] IntegrityCheckThread:84 - waiting for thirdparty lock release [integrity check]
2025-07-22 21:02:18,679 [INFO] IntegrityCheckThread:86 - entering critical section [integrity check]
2025-07-22 21:02:18,680 [INFO] ThirdPartyUpdaterWithRetryManager:70 - Updater plugin not ready yet. [1/15]
2025-07-22 21:02:18,685 [INFO] PluginManage:359 - Loaded plugin tools (category:base,tabindex:7)
2025-07-22 21:02:18,686 [INFO] PluginManage:310 - Check plugin tutovideos
2025-07-22 21:02:19,002 [INFO] PluginManage:359 - Loaded plugin tutovideos (category:base,tabindex:-1)
2025-07-22 21:02:19,003 [INFO] PluginManage:310 - Check plugin updater
2025-07-22 21:02:19,047 [INFO] PluginManage:359 - Loaded plugin updater (category:base,tabindex:12)
2025-07-22 21:02:19,047 [INFO] PluginManage:310 - Check plugin userauth
2025-07-22 21:02:19,055 [INFO] UserAuth:118 - Init User Auth plugin
2025-07-22 21:02:19,057 [INFO] PluginManage:359 - Loaded plugin userauth (category:base,tabindex:14)
2025-07-22 21:02:19,058 [INFO] PluginManage:283 - PluginManage : Loaded plugins [18]
2025-07-22 21:02:19,473 [INFO] PinOutPanel:1589 - setPackage(No Configuration,No Configuration)
2025-07-22 21:02:19,621 [INFO] CADModel:165 - CPN selected for project level
2025-07-22 21:02:19,621 [INFO] CADModel:114 - Register for checkConnection events
2025-07-22 21:02:19,646 [INFO] IPUIPlugin:80 - create IPUIPlugin
2025-07-22 21:02:19,647 [INFO] PluginManager:220 - loadIPPluginJar : add adc
2025-07-22 21:02:19,652 [INFO] IPUIPlugin:80 - create IPUIPlugin
2025-07-22 21:02:19,652 [INFO] PluginManager:220 - loadIPPluginJar : add aes
2025-07-22 21:02:19,656 [INFO] IPUIPlugin:80 - create IPUIPlugin
2025-07-22 21:02:19,657 [INFO] PluginManager:220 - loadIPPluginJar : add can
2025-07-22 21:02:19,659 [INFO] IPUIPlugin:80 - create IPUIPlugin
2025-07-22 21:02:19,659 [INFO] PluginManager:220 - loadIPPluginJar : add comp
2025-07-22 21:02:19,663 [INFO] IPUIPlugin:80 - create IPUIPlugin
2025-07-22 21:02:19,663 [INFO] PluginManager:220 - loadIPPluginJar : add cryp
2025-07-22 21:02:19,669 [INFO] IPUIPlugin:80 - create IPUIPlugin
2025-07-22 21:02:19,670 [INFO] PluginManager:220 - loadIPPluginJar : add ddr_ctrl_phy
2025-07-22 21:02:19,674 [INFO] IPUIPlugin:80 - create IPUIPlugin
2025-07-22 21:02:19,675 [INFO] PluginManager:220 - loadIPPluginJar : add dfsdm
2025-07-22 21:02:19,681 [INFO] IPUIPlugin:80 - create IPUIPlugin
2025-07-22 21:02:19,682 [INFO] PluginManager:220 - loadIPPluginJar : add dma
2025-07-22 21:02:19,687 [INFO] IPUIPlugin:80 - create IPUIPlugin
2025-07-22 21:02:19,688 [INFO] PluginManager:220 - loadIPPluginJar : add dma3
2025-07-22 21:02:19,692 [INFO] IPUIPlugin:80 - create IPUIPlugin
2025-07-22 21:02:19,692 [INFO] PluginManager:220 - loadIPPluginJar : add extmemmanager
2025-07-22 21:02:19,694 [INFO] IPUIPlugin:80 - create IPUIPlugin
2025-07-22 21:02:19,695 [INFO] PluginManager:220 - loadIPPluginJar : add fatfs
2025-07-22 21:02:19,701 [INFO] IPUIPlugin:80 - create IPUIPlugin
2025-07-22 21:02:19,701 [INFO] PluginManager:220 - loadIPPluginJar : add fmc
2025-07-22 21:02:19,711 [INFO] IPUIPlugin:80 - create IPUIPlugin
2025-07-22 21:02:19,712 [INFO] PluginManager:220 - loadIPPluginJar : add freertos
2025-07-22 21:02:19,714 [INFO] IPUIPlugin:80 - create IPUIPlugin
2025-07-22 21:02:19,714 [INFO] PluginManager:220 - loadIPPluginJar : add genericplugin
2025-07-22 21:02:19,717 [INFO] IPUIPlugin:80 - create IPUIPlugin
2025-07-22 21:02:19,717 [INFO] PluginManager:220 - loadIPPluginJar : add gfxmmu
2025-07-22 21:02:19,724 [INFO] IPUIPlugin:80 - create IPUIPlugin
2025-07-22 21:02:19,724 [INFO] PluginManager:220 - loadIPPluginJar : add gic
2025-07-22 21:02:19,730 [INFO] IPUIPlugin:80 - create IPUIPlugin
2025-07-22 21:02:19,730 [INFO] PluginManager:220 - loadIPPluginJar : add gpio
2025-07-22 21:02:19,734 [INFO] IPUIPlugin:80 - create IPUIPlugin
2025-07-22 21:02:19,734 [INFO] PluginManager:220 - loadIPPluginJar : add gtzc
2025-07-22 21:02:19,738 [INFO] IPUIPlugin:80 - create IPUIPlugin
2025-07-22 21:02:19,738 [INFO] PluginManager:220 - loadIPPluginJar : add hash
2025-07-22 21:02:19,743 [INFO] IPUIPlugin:80 - create IPUIPlugin
2025-07-22 21:02:19,744 [INFO] PluginManager:220 - loadIPPluginJar : add i2c
2025-07-22 21:02:19,749 [INFO] IPUIPlugin:80 - create IPUIPlugin
2025-07-22 21:02:19,749 [INFO] PluginManager:220 - loadIPPluginJar : add i2s
2025-07-22 21:02:19,754 [INFO] IPUIPlugin:80 - create IPUIPlugin
2025-07-22 21:02:19,754 [INFO] PluginManager:220 - loadIPPluginJar : add i3c
2025-07-22 21:02:19,758 [INFO] IPUIPlugin:80 - create IPUIPlugin
2025-07-22 21:02:19,758 [INFO] PluginManager:220 - loadIPPluginJar : add ipddr
2025-07-22 21:02:19,768 [INFO] IPUIPlugin:80 - create IPUIPlugin
2025-07-22 21:02:19,768 [INFO] PluginManager:220 - loadIPPluginJar : add linkedlist
2025-07-22 21:02:19,771 [INFO] IPUIPlugin:80 - create IPUIPlugin
2025-07-22 21:02:19,772 [INFO] PluginManager:220 - loadIPPluginJar : add lorawan
2025-07-22 21:02:19,774 [INFO] IPUIPlugin:80 - create IPUIPlugin
2025-07-22 21:02:19,775 [INFO] PluginManager:220 - loadIPPluginJar : add ltdc
2025-07-22 21:02:19,783 [INFO] IPUIPlugin:80 - create IPUIPlugin
2025-07-22 21:02:19,783 [INFO] PluginManager:220 - loadIPPluginJar : add mdma
2025-07-22 21:02:19,790 [INFO] IPUIPlugin:80 - create IPUIPlugin
2025-07-22 21:02:19,790 [INFO] PluginManager:220 - loadIPPluginJar : add nvic
2025-07-22 21:02:19,796 [INFO] IPUIPlugin:80 - create IPUIPlugin
2025-07-22 21:02:19,796 [INFO] PluginManager:220 - loadIPPluginJar : add opamp
2025-07-22 21:02:19,800 [INFO] IPUIPlugin:80 - create IPUIPlugin
2025-07-22 21:02:19,800 [INFO] PluginManager:220 - loadIPPluginJar : add openamp
2025-07-22 21:02:19,805 [INFO] IPUIPlugin:80 - create IPUIPlugin
2025-07-22 21:02:19,805 [INFO] PluginManager:220 - loadIPPluginJar : add pdm2pcm
2025-07-22 21:02:19,814 [INFO] IPUIPlugin:80 - create IPUIPlugin
2025-07-22 21:02:19,817 [INFO] PluginManager:220 - loadIPPluginJar : add plateformsettings
2025-07-22 21:02:19,820 [INFO] IPUIPlugin:80 - create IPUIPlugin
2025-07-22 21:02:19,820 [INFO] PluginManager:220 - loadIPPluginJar : add quadspi
2025-07-22 21:02:19,823 [INFO] IPUIPlugin:80 - create IPUIPlugin
2025-07-22 21:02:19,824 [INFO] PluginManager:220 - loadIPPluginJar : add radio
2025-07-22 21:02:19,832 [INFO] IPUIPlugin:80 - create IPUIPlugin
2025-07-22 21:02:19,833 [INFO] PluginManager:220 - loadIPPluginJar : add resmgrutility
2025-07-22 21:02:19,838 [INFO] IPUIPlugin:80 - create IPUIPlugin
2025-07-22 21:02:19,839 [INFO] PluginManager:220 - loadIPPluginJar : add sai
2025-07-22 21:02:19,844 [INFO] IPUIPlugin:80 - create IPUIPlugin
2025-07-22 21:02:19,844 [INFO] PluginManager:220 - loadIPPluginJar : add spi
2025-07-22 21:02:19,857 [INFO] IPUIPlugin:80 - create IPUIPlugin
2025-07-22 21:02:19,857 [INFO] PluginManager:220 - loadIPPluginJar : add stm32_wpan
2025-07-22 21:02:19,860 [INFO] IPUIPlugin:80 - create IPUIPlugin
2025-07-22 21:02:19,860 [INFO] PluginManager:220 - loadIPPluginJar : add tim
2025-07-22 21:02:19,867 [INFO] IPUIPlugin:80 - create IPUIPlugin
2025-07-22 21:02:19,867 [INFO] PluginManager:220 - loadIPPluginJar : add touchsensing
2025-07-22 21:02:19,872 [INFO] IPUIPlugin:80 - create IPUIPlugin
2025-07-22 21:02:19,872 [INFO] PluginManager:220 - loadIPPluginJar : add tracer_emb
2025-07-22 21:02:19,877 [INFO] IPUIPlugin:80 - create IPUIPlugin
2025-07-22 21:02:19,877 [INFO] PluginManager:220 - loadIPPluginJar : add ts
2025-07-22 21:02:19,880 [INFO] IPUIPlugin:80 - create IPUIPlugin
2025-07-22 21:02:19,880 [INFO] PluginManager:220 - loadIPPluginJar : add tsc
2025-07-22 21:02:19,883 [INFO] IPUIPlugin:80 - create IPUIPlugin
2025-07-22 21:02:19,884 [INFO] PluginManager:220 - loadIPPluginJar : add ucpd
2025-07-22 21:02:19,888 [INFO] IPUIPlugin:80 - create IPUIPlugin
2025-07-22 21:02:19,888 [INFO] PluginManager:220 - loadIPPluginJar : add usart
2025-07-22 21:02:19,894 [INFO] IPUIPlugin:80 - create IPUIPlugin
2025-07-22 21:02:19,894 [INFO] PluginManager:220 - loadIPPluginJar : add usbx
2025-07-22 21:02:20,093 [FATAL] Updater:351 - Updater called before beeing initialized
2025-07-22 21:02:20,150 [INFO] RulesReader:64 - Compatibility file has been processed (302 Rules)
2025-07-22 21:02:20,175 [INFO] RulesReader:64 - Compatibility file has been processed (302 Rules)
2025-07-22 21:02:20,199 [INFO] CADModel:165 - CPN selected for project level
2025-07-22 21:02:20,199 [INFO] CADModel:114 - Register for checkConnection events
2025-07-22 21:02:20,199 [FATAL] Updater:351 - Updater called before beeing initialized
2025-07-22 21:02:20,200 [ERROR] CADModel:125 - Updater not yet initialized, retry later 
2025-07-22 21:02:20,571 [FATAL] Updater:351 - Updater called before beeing initialized
2025-07-22 21:02:20,574 [INFO] CADModel:165 - CPN selected for project level
2025-07-22 21:02:20,575 [INFO] CADModel:114 - Register for checkConnection events
2025-07-22 21:02:20,576 [FATAL] Updater:351 - Updater called before beeing initialized
2025-07-22 21:02:20,576 [ERROR] CADModel:125 - Updater not yet initialized, retry later 
2025-07-22 21:02:20,584 [FATAL] Updater:351 - Updater called before beeing initialized
2025-07-22 21:02:20,823 [FATAL] Updater:351 - Updater called before beeing initialized
2025-07-22 21:02:20,830 [INFO] DbMcusAds:53 - JSON generation date=Tue Jul 08 13:44:23 IST 2025 (1751962463582)
2025-07-22 21:02:20,831 [FATAL] Updater:351 - Updater called before beeing initialized
2025-07-22 21:02:20,914 [WARN] DetailPanel:346 - Failed to get advertising image, set to default
2025-07-22 21:02:21,588 [FATAL] Updater:351 - Updater called before beeing initialized
2025-07-22 21:02:21,601 [FATAL] Updater:351 - Updater called before beeing initialized
2025-07-22 21:02:21,601 [FATAL] Updater:351 - Updater called before beeing initialized
2025-07-22 21:02:21,602 [WARN] DetailPanel:346 - Failed to get advertising image, set to default
2025-07-22 21:02:21,604 [FATAL] Updater:351 - Updater called before beeing initialized
2025-07-22 21:02:21,682 [INFO] ThirdPartyUpdaterWithRetryManager:70 - Updater plugin not ready yet. [2/15]
2025-07-22 21:02:21,780 [ERROR] Updater:1198 - MainUpdater not yet initialized. External WinMGr cannot be set.
2025-07-22 21:02:21,785 [INFO] Updater:1134 - Updater Version found : 6.14.1
2025-07-22 21:02:21,840 [INFO] ApplicationProperties:184 - Using Application install path: C:\ST\STM32CubeIDE_1.16.1\STM32CubeIDE\plugins\com.st.stm32cube.common.mx_6.14.1.202504091515
2025-07-22 21:02:23,487 [ERROR] LogOutputStream:75 - [STDERR_REDIRECT] Jul 22, 2025 9:02:23 PM java.util.prefs.WindowsPreferences <init>
2025-07-22 21:02:23,491 [ERROR] LogOutputStream:75 - [STDERR_REDIRECT] WARNING: Could not open/create prefs root node Software\JavaSoft\Prefs at root 0xffffffff80000002. Windows RegCreateKeyEx(...) returned error code 5.
2025-07-22 21:02:23,491 [ERROR] LogOutputStream:75 - [STDERR_REDIRECT] 
2025-07-22 21:02:24,684 [FATAL] Updater:351 - Updater called before beeing initialized
2025-07-22 21:02:24,685 [ERROR] IntegrityCheckThread:130 - Cannot retrieve database content from updater: error 21
2025-07-22 21:02:24,686 [INFO] ThirdParty:978 - Integrity check success = false
2025-07-22 21:02:24,686 [INFO] IntegrityCheckThread:100 - exiting critical section [integrity check]
2025-07-22 21:02:24,686 [INFO] IntegrityCheckThread:103 - End integrity checks thread
2025-07-22 21:02:27,161 [INFO] RetryExec:97 - I/O exception (org.apache.http.NoHttpResponseException) caught when processing request to {s}->https://sw-center.st.com:443: The target server failed to respond
2025-07-22 21:02:27,161 [INFO] RetryExec:113 - Retrying request to {s}->https://sw-center.st.com:443
2025-07-22 21:02:28,765 [INFO] MainUpdater:2872 - connection check result : 10
2025-07-22 21:02:28,765 [INFO] MainUpdater:3566 - Updater definition file requires update
2025-07-22 21:02:28,765 [INFO] MainUpdater:289 - Updater Check For Update Now.
2025-07-22 21:02:28,765 [INFO] MicroXplorer:498 - Change Database Version : DB.6.0.141
2025-07-22 21:02:28,782 [INFO] McuFinderGlobals:63 - Set McuFinder mode to 2 (CubeIDE integrated)
2025-07-22 21:02:28,784 [INFO] UserAuth:484 - Internet connection configuration mode: 1
2025-07-22 21:02:28,815 [INFO] JxBrowserEngine:152 - Initiate JxBrowser Engine with user profile folder
2025-07-22 21:02:31,603 [INFO] WebApp:169 - Instantiating new browser for Auth
2025-07-22 21:02:32,123 [INFO] ServerAccessManage:473 - Download File updaters.zip
2025-07-22 21:02:32,887 [INFO] FileExtend:242 - Unzip File : updaters.zip
2025-07-22 21:02:32,888 [INFO] FileExtend:257 - Standard Zip Deflate
2025-07-22 21:02:33,609 [INFO] WebApp:463 - Apply proxy settings
2025-07-22 21:02:33,612 [INFO] WebApp:548 - Chromium requires no authentication
2025-07-22 21:02:33,630 [INFO] WebApp:491 - Direct internet connection detected
2025-07-22 21:02:33,701 [INFO] WebApp:894 - Register for checkConnection events
2025-07-22 21:02:33,704 [INFO] WebApp:463 - Apply proxy settings
2025-07-22 21:02:33,704 [INFO] WebApp:548 - Chromium requires no authentication
2025-07-22 21:02:33,707 [INFO] WebApp:491 - Direct internet connection detected
2025-07-22 21:02:34,240 [INFO] WebApp:225 - Starting web application
2025-07-22 21:02:34,240 [INFO] WebApp:593 - Web application path used C:\ST\STM32CubeIDE_1.16.1\STM32CubeIDE\plugins\com.st.stm32cube.common.mx_6.14.1.202504091515\db\plugins\mcufinder\reactClient1\index.html
2025-07-22 21:02:34,646 [INFO] UserAuth:484 - Internet connection configuration mode: 1
2025-07-22 21:02:35,733 [INFO] ServerAccessManage:473 - Download File PacksControlFlags.xml
2025-07-22 21:02:37,513 [INFO] ServerAccessManage:473 - Download File cubemx.pidx
2025-07-22 21:02:56,023 [INFO] ServerAccessManage:473 - Download File STMicroelectronics.X-CUBE-BLEMGR.pdsc
2025-07-22 21:02:59,124 [INFO] WebApp:191 - Connection restablished
2025-07-22 21:03:08,432 [ERROR] ServerAccessManage:1089 - Problem, file not found on Server
2025-07-22 21:03:16,844 [WARN] PackLoader:240 - Cannot read IP mode file for STMicroelectronics.X-CUBE-BLEMGR.4.1.0
2025-07-22 21:03:16,888 [INFO] PopulateThirdPartyThread:66 - Ending populate Thread
2025-07-22 21:03:16,893 [INFO] ThirdParty:1030 - CMSIS Pack Vendor :STMicroelectronics X-CUBE-BLEMGR 4.1.0
2025-07-22 21:03:16,893 [INFO] LoadServerUpdatesThread:375 - End of LoadServerUpdate Thread
2025-07-22 21:03:17,026 [INFO] CheckServerUpdateThread:120 - End of CheckServer Thread
2025-07-22 21:05:09,042 [ERROR] LogOutputStream:75 - [STDERR_REDIRECT] 
2025-07-22 21:05:09,044 [ERROR] LogOutputStream:75 - [STDERR_REDIRECT] 
2025-07-22 21:31:58,487 [INFO] Activator:176 - 


2025-07-22 21:31:58,491 [INFO] Activator:177 - !SESSION log4j initialized
2025-07-22 21:32:17,726 [INFO] LogOutputStream:77 - [STDOUT_REDIRECT] 
2025-07-22 21:32:22,495 [INFO] ApplicationProperties:184 - Using Application install path: C:\ST\STM32CubeIDE_1.16.1\STM32CubeIDE\plugins\com.st.stm32cube.common.mx_6.14.1.202504091515
2025-07-22 21:32:22,537 [INFO] DbMcusXml:78 - Set database path to: C:\ST\STM32CubeIDE_1.16.1\STM32CubeIDE\plugins\com.st.stm32cube.common.mx_6.14.1.202504091515\\db\/mcu/
2025-07-22 21:32:22,538 [INFO] ApiDb:274 - Set plugin database path to: C:\ST\STM32CubeIDE_1.16.1\STM32CubeIDE\plugins\com.st.stm32cube.common.mx_6.14.1.202504091515\\db\/plugins/boardmanager/
2025-07-22 21:32:22,539 [WARN] ApiDb:259 - Overriding images path with different value:  => C:\ST\STM32CubeIDE_1.16.1\STM32CubeIDE\plugins\com.st.stm32cube.common.mx_6.14.1.202504091515\\db\/plugins/mcufinder/images/
2025-07-22 21:32:22,553 [INFO] ApiDb:250 - Set database path to: C:\Users\kjeya\.stmcufinder\plugins\mcufinder//mcu/
2025-07-22 21:32:22,555 [INFO] DbMcusAds:125 - Set database path to: C:\Users\kjeya\.stmcufinder\plugins\mcufinder//mcu/
2025-07-22 21:32:22,561 [INFO] CrossReferenceDbSqlite:203 - Set database path to: C:\Users\kjeya\.stmcufinder\plugins\mcufinder//mcu/cs/
2025-07-22 21:32:22,908 [INFO] RulesReader:64 - Compatibility file has been processed (302 Rules)
2025-07-22 21:32:23,116 [INFO] DbMcusXml:78 - Set database path to: C:\ST\STM32CubeIDE_1.16.1\STM32CubeIDE\plugins\com.st.stm32cube.common.mx_6.14.1.202504091515\\db\/mcu/
2025-07-22 21:32:23,116 [INFO] ApiDb:274 - Set plugin database path to: C:\ST\STM32CubeIDE_1.16.1\STM32CubeIDE\plugins\com.st.stm32cube.common.mx_6.14.1.202504091515\\db\/plugins/boardmanager/
2025-07-22 21:32:23,116 [INFO] ApiDb:261 - Set plugin images path to: C:\ST\STM32CubeIDE_1.16.1\STM32CubeIDE\plugins\com.st.stm32cube.common.mx_6.14.1.202504091515\\db\/plugins/mcufinder/images/
2025-07-22 21:32:23,117 [WARN] DbFile:41 - Overriding database path with different value: C:\Users\kjeya\.stmcufinder\plugins\mcufinder/ => C:\Users\kjeya\.stmcufinder\plugins\mcufinder
2025-07-22 21:32:23,117 [INFO] ApiDb:250 - Set database path to: C:\Users\kjeya\.stmcufinder\plugins\mcufinder//mcu/
2025-07-22 21:32:23,118 [WARN] DbFile:41 - Overriding database path with different value: C:\Users\kjeya\.stmcufinder\plugins\mcufinder/ => C:\Users\kjeya\.stmcufinder\plugins\mcufinder
2025-07-22 21:32:23,118 [INFO] DbMcusAds:125 - Set database path to: C:\Users\kjeya\.stmcufinder\plugins\mcufinder//mcu/
2025-07-22 21:32:23,118 [WARN] DbFile:41 - Overriding database path with different value: C:\Users\kjeya\.stmcufinder\plugins\mcufinder/ => C:\Users\kjeya\.stmcufinder\plugins\mcufinder
2025-07-22 21:32:23,118 [WARN] DbFile:41 - Overriding database path with different value: C:\Users\kjeya\.stmcufinder\plugins\mcufinder/ => C:\Users\kjeya\.stmcufinder\plugins\mcufinder
2025-07-22 21:32:23,119 [INFO] CrossReferenceDbSqlite:203 - Set database path to: C:\Users\kjeya\.stmcufinder\plugins\mcufinder//mcu/cs/
2025-07-22 21:32:23,311 [INFO] MainPanel:272 - HeapMemory: 304087040
2025-07-22 21:32:23,602 [INFO] DbMcusXml:78 - Set database path to: C:\ST\STM32CubeIDE_1.16.1\STM32CubeIDE\plugins\com.st.stm32cube.common.mx_6.14.1.202504091515\\db\/mcu/
2025-07-22 21:32:23,602 [INFO] ApiDb:274 - Set plugin database path to: C:\ST\STM32CubeIDE_1.16.1\STM32CubeIDE\plugins\com.st.stm32cube.common.mx_6.14.1.202504091515\\db\/plugins/boardmanager/
2025-07-22 21:32:23,602 [INFO] ApiDb:261 - Set plugin images path to: C:\ST\STM32CubeIDE_1.16.1\STM32CubeIDE\plugins\com.st.stm32cube.common.mx_6.14.1.202504091515\\db\/plugins/mcufinder/images/
2025-07-22 21:32:23,604 [WARN] DbFile:41 - Overriding database path with different value: C:\Users\kjeya\.stmcufinder\plugins\mcufinder/ => C:\Users\kjeya\.stmcufinder\plugins\mcufinder
2025-07-22 21:32:23,604 [INFO] ApiDb:250 - Set database path to: C:\Users\kjeya\.stmcufinder\plugins\mcufinder//mcu/
2025-07-22 21:32:23,606 [WARN] DbFile:41 - Overriding database path with different value: C:\Users\kjeya\.stmcufinder\plugins\mcufinder/ => C:\Users\kjeya\.stmcufinder\plugins\mcufinder
2025-07-22 21:32:23,606 [INFO] DbMcusAds:125 - Set database path to: C:\Users\kjeya\.stmcufinder\plugins\mcufinder//mcu/
2025-07-22 21:32:23,607 [WARN] DbFile:41 - Overriding database path with different value: C:\Users\kjeya\.stmcufinder\plugins\mcufinder/ => C:\Users\kjeya\.stmcufinder\plugins\mcufinder
2025-07-22 21:32:23,607 [WARN] DbFile:41 - Overriding database path with different value: C:\Users\kjeya\.stmcufinder\plugins\mcufinder/ => C:\Users\kjeya\.stmcufinder\plugins\mcufinder
2025-07-22 21:32:23,608 [INFO] CrossReferenceDbSqlite:203 - Set database path to: C:\Users\kjeya\.stmcufinder\plugins\mcufinder//mcu/cs/
2025-07-22 21:32:23,662 [INFO] ApplicationProperties:184 - Using Application install path: C:\ST\STM32CubeIDE_1.16.1\STM32CubeIDE\plugins\com.st.stm32cube.common.mx_6.14.1.202504091515
2025-07-22 21:32:23,668 [INFO] PluginManage:196 - Search for loadable plugins [exclusion list=, ]
2025-07-22 21:32:23,671 [INFO] PluginManage:310 - Check plugin analytics
2025-07-22 21:32:24,216 [INFO] AnalyticsPlugin:253 - Accepted Software Licenses: STM32CubeMX.6.11.1,STM32CubeMX.6.13.0
2025-07-22 21:32:24,217 [INFO] AnalyticsPlugin:255 - Accepted CMSIS Pack Licenses: STMicroelectronics.X-CUBE-TOUCHGFX.4.24.0,WES.I-CUBE-Cesium.1.3.0,STMicroelectronics.X-CUBE-TOUCHGFX.4.24.2
2025-07-22 21:32:24,218 [INFO] AnalyticsPlugin:257 - Accepted Firmware Licenses: FW.F4.1.28.0,FW.L4.1.18.0,FW.WL.1.3.0,FW.H7.1.11.0,FW.H7.1.12.0
2025-07-22 21:32:24,227 [INFO] PluginManage:359 - Loaded plugin analytics (category:tool,tabindex:-1)
2025-07-22 21:32:24,228 [INFO] PluginManage:310 - Check plugin cadmodel
2025-07-22 21:32:24,241 [INFO] CADModel:105 - Init CAD model plugin
2025-07-22 21:32:24,241 [INFO] PluginManage:359 - Loaded plugin cadmodel (category:power,tabindex:5)
2025-07-22 21:32:24,242 [INFO] PluginManage:310 - Check plugin clock
2025-07-22 21:32:24,266 [INFO] PluginManage:359 - Loaded plugin clock (category:base,tabindex:2)
2025-07-22 21:32:24,266 [INFO] PluginManage:310 - Check plugin ddr
2025-07-22 21:32:24,278 [INFO] PluginManage:359 - Loaded plugin ddr (category:tool,tabindex:6)
2025-07-22 21:32:24,278 [INFO] PluginManage:310 - Check plugin filemanager
2025-07-22 21:32:24,682 [INFO] PluginManage:359 - Loaded plugin filemanager (category:base,tabindex:10)
2025-07-22 21:32:24,683 [INFO] PluginManage:310 - Check plugin ipmanager
2025-07-22 21:32:24,706 [INFO] PluginManage:359 - Loaded plugin ipmanager (category:base,tabindex:5)
2025-07-22 21:32:24,706 [INFO] PluginManage:310 - Check plugin lpbam
2025-07-22 21:32:24,729 [INFO] PluginManage:359 - Loaded plugin lpbam (category:base,tabindex:0)
2025-07-22 21:32:24,729 [INFO] PluginManage:310 - Check plugin memorymap
2025-07-22 21:32:24,767 [INFO] PluginManage:359 - Loaded plugin memorymap (category:base,tabindex:4)
2025-07-22 21:32:24,768 [INFO] PluginManage:310 - Check plugin pinoutandconfiguration
2025-07-22 21:32:24,815 [INFO] PluginManage:359 - Loaded plugin pinoutandconfiguration (category:base,tabindex:1)
2025-07-22 21:32:24,815 [INFO] PluginManage:310 - Check plugin pinoutconfig
2025-07-22 21:32:25,103 [WARN] SupportedApi:132 - Cannot load RTOS API schema: s4s-elt-must-match.1: The content of 'definitions' must match (annotation?, (simpleType | complexType)?, (unique | key | keyref)*)). A problem was found starting at: attribute.
2025-07-22 21:32:25,485 [INFO] PluginManage:359 - Loaded plugin pinoutconfig (category:base,tabindex:0)
2025-07-22 21:32:25,486 [INFO] PluginManage:310 - Check plugin power
2025-07-22 21:32:25,510 [INFO] PluginManage:359 - Loaded plugin power (category:power,tabindex:4)
2025-07-22 21:32:25,510 [INFO] PluginManage:310 - Check plugin projectmanager
2025-07-22 21:32:25,550 [INFO] PluginManage:359 - Loaded plugin projectmanager (category:projectmanager,tabindex:4)
2025-07-22 21:32:25,550 [INFO] PluginManage:310 - Check plugin rif
2025-07-22 21:32:25,571 [INFO] PluginManage:359 - Loaded plugin rif (category:base,tabindex:3)
2025-07-22 21:32:25,571 [INFO] PluginManage:310 - Check plugin thirdparty
2025-07-22 21:32:25,920 [WARN] IntegrityCheckThread:84 - waiting for thirdparty lock release [integrity check]
2025-07-22 21:32:25,921 [INFO] PluginManage:359 - Loaded plugin thirdparty (category:base,tabindex:-1)
2025-07-22 21:32:25,921 [INFO] IntegrityCheckThread:86 - entering critical section [integrity check]
2025-07-22 21:32:25,921 [INFO] PluginManage:310 - Check plugin tools
2025-07-22 21:32:25,922 [INFO] ThirdPartyUpdaterWithRetryManager:70 - Updater plugin not ready yet. [1/15]
2025-07-22 21:32:25,927 [INFO] PluginManage:359 - Loaded plugin tools (category:base,tabindex:7)
2025-07-22 21:32:25,928 [INFO] PluginManage:310 - Check plugin tutovideos
2025-07-22 21:32:26,462 [INFO] PluginManage:359 - Loaded plugin tutovideos (category:base,tabindex:-1)
2025-07-22 21:32:26,463 [INFO] PluginManage:310 - Check plugin updater
2025-07-22 21:32:26,571 [INFO] PluginManage:359 - Loaded plugin updater (category:base,tabindex:12)
2025-07-22 21:32:26,572 [INFO] PluginManage:310 - Check plugin userauth
2025-07-22 21:32:26,583 [INFO] UserAuth:118 - Init User Auth plugin
2025-07-22 21:32:26,585 [INFO] PluginManage:359 - Loaded plugin userauth (category:base,tabindex:14)
2025-07-22 21:32:26,587 [INFO] PluginManage:283 - PluginManage : Loaded plugins [18]
2025-07-22 21:32:27,121 [INFO] PinOutPanel:1589 - setPackage(No Configuration,No Configuration)
2025-07-22 21:32:27,310 [INFO] CADModel:165 - CPN selected for project level
2025-07-22 21:32:27,310 [INFO] CADModel:114 - Register for checkConnection events
2025-07-22 21:32:27,350 [INFO] IPUIPlugin:80 - create IPUIPlugin
2025-07-22 21:32:27,351 [INFO] PluginManager:220 - loadIPPluginJar : add adc
2025-07-22 21:32:27,356 [INFO] IPUIPlugin:80 - create IPUIPlugin
2025-07-22 21:32:27,357 [INFO] PluginManager:220 - loadIPPluginJar : add aes
2025-07-22 21:32:27,363 [INFO] IPUIPlugin:80 - create IPUIPlugin
2025-07-22 21:32:27,363 [INFO] PluginManager:220 - loadIPPluginJar : add can
2025-07-22 21:32:27,367 [INFO] IPUIPlugin:80 - create IPUIPlugin
2025-07-22 21:32:27,367 [INFO] PluginManager:220 - loadIPPluginJar : add comp
2025-07-22 21:32:27,372 [INFO] IPUIPlugin:80 - create IPUIPlugin
2025-07-22 21:32:27,372 [INFO] PluginManager:220 - loadIPPluginJar : add cryp
2025-07-22 21:32:27,379 [INFO] IPUIPlugin:80 - create IPUIPlugin
2025-07-22 21:32:27,379 [INFO] PluginManager:220 - loadIPPluginJar : add ddr_ctrl_phy
2025-07-22 21:32:27,385 [INFO] IPUIPlugin:80 - create IPUIPlugin
2025-07-22 21:32:27,385 [INFO] PluginManager:220 - loadIPPluginJar : add dfsdm
2025-07-22 21:32:27,396 [INFO] IPUIPlugin:80 - create IPUIPlugin
2025-07-22 21:32:27,398 [INFO] PluginManager:220 - loadIPPluginJar : add dma
2025-07-22 21:32:27,404 [INFO] IPUIPlugin:80 - create IPUIPlugin
2025-07-22 21:32:27,404 [INFO] PluginManager:220 - loadIPPluginJar : add dma3
2025-07-22 21:32:27,411 [INFO] IPUIPlugin:80 - create IPUIPlugin
2025-07-22 21:32:27,411 [INFO] PluginManager:220 - loadIPPluginJar : add extmemmanager
2025-07-22 21:32:27,415 [INFO] IPUIPlugin:80 - create IPUIPlugin
2025-07-22 21:32:27,415 [INFO] PluginManager:220 - loadIPPluginJar : add fatfs
2025-07-22 21:32:27,424 [INFO] IPUIPlugin:80 - create IPUIPlugin
2025-07-22 21:32:27,424 [INFO] PluginManager:220 - loadIPPluginJar : add fmc
2025-07-22 21:32:27,442 [INFO] IPUIPlugin:80 - create IPUIPlugin
2025-07-22 21:32:27,443 [INFO] PluginManager:220 - loadIPPluginJar : add freertos
2025-07-22 21:32:27,447 [INFO] IPUIPlugin:80 - create IPUIPlugin
2025-07-22 21:32:27,448 [INFO] PluginManager:220 - loadIPPluginJar : add genericplugin
2025-07-22 21:32:27,453 [INFO] IPUIPlugin:80 - create IPUIPlugin
2025-07-22 21:32:27,453 [INFO] PluginManager:220 - loadIPPluginJar : add gfxmmu
2025-07-22 21:32:27,463 [INFO] IPUIPlugin:80 - create IPUIPlugin
2025-07-22 21:32:27,464 [INFO] PluginManager:220 - loadIPPluginJar : add gic
2025-07-22 21:32:27,472 [INFO] IPUIPlugin:80 - create IPUIPlugin
2025-07-22 21:32:27,472 [INFO] PluginManager:220 - loadIPPluginJar : add gpio
2025-07-22 21:32:27,479 [INFO] IPUIPlugin:80 - create IPUIPlugin
2025-07-22 21:32:27,479 [INFO] PluginManager:220 - loadIPPluginJar : add gtzc
2025-07-22 21:32:27,485 [INFO] IPUIPlugin:80 - create IPUIPlugin
2025-07-22 21:32:27,485 [INFO] PluginManager:220 - loadIPPluginJar : add hash
2025-07-22 21:32:27,491 [INFO] IPUIPlugin:80 - create IPUIPlugin
2025-07-22 21:32:27,491 [INFO] PluginManager:220 - loadIPPluginJar : add i2c
2025-07-22 21:32:27,495 [INFO] IPUIPlugin:80 - create IPUIPlugin
2025-07-22 21:32:27,495 [INFO] PluginManager:220 - loadIPPluginJar : add i2s
2025-07-22 21:32:27,502 [INFO] IPUIPlugin:80 - create IPUIPlugin
2025-07-22 21:32:27,502 [INFO] PluginManager:220 - loadIPPluginJar : add i3c
2025-07-22 21:32:27,508 [INFO] IPUIPlugin:80 - create IPUIPlugin
2025-07-22 21:32:27,508 [INFO] PluginManager:220 - loadIPPluginJar : add ipddr
2025-07-22 21:32:27,522 [INFO] IPUIPlugin:80 - create IPUIPlugin
2025-07-22 21:32:27,523 [INFO] PluginManager:220 - loadIPPluginJar : add linkedlist
2025-07-22 21:32:27,530 [INFO] IPUIPlugin:80 - create IPUIPlugin
2025-07-22 21:32:27,530 [INFO] PluginManager:220 - loadIPPluginJar : add lorawan
2025-07-22 21:32:27,534 [INFO] IPUIPlugin:80 - create IPUIPlugin
2025-07-22 21:32:27,534 [INFO] PluginManager:220 - loadIPPluginJar : add ltdc
2025-07-22 21:32:27,546 [INFO] IPUIPlugin:80 - create IPUIPlugin
2025-07-22 21:32:27,547 [INFO] PluginManager:220 - loadIPPluginJar : add mdma
2025-07-22 21:32:27,554 [INFO] IPUIPlugin:80 - create IPUIPlugin
2025-07-22 21:32:27,555 [INFO] PluginManager:220 - loadIPPluginJar : add nvic
2025-07-22 21:32:27,561 [INFO] IPUIPlugin:80 - create IPUIPlugin
2025-07-22 21:32:27,561 [INFO] PluginManager:220 - loadIPPluginJar : add opamp
2025-07-22 21:32:27,568 [INFO] IPUIPlugin:80 - create IPUIPlugin
2025-07-22 21:32:27,568 [INFO] PluginManager:220 - loadIPPluginJar : add openamp
2025-07-22 21:32:27,577 [INFO] IPUIPlugin:80 - create IPUIPlugin
2025-07-22 21:32:27,577 [INFO] PluginManager:220 - loadIPPluginJar : add pdm2pcm
2025-07-22 21:32:27,588 [INFO] IPUIPlugin:80 - create IPUIPlugin
2025-07-22 21:32:27,594 [INFO] PluginManager:220 - loadIPPluginJar : add plateformsettings
2025-07-22 21:32:27,599 [INFO] IPUIPlugin:80 - create IPUIPlugin
2025-07-22 21:32:27,599 [INFO] PluginManager:220 - loadIPPluginJar : add quadspi
2025-07-22 21:32:27,603 [INFO] IPUIPlugin:80 - create IPUIPlugin
2025-07-22 21:32:27,604 [INFO] PluginManager:220 - loadIPPluginJar : add radio
2025-07-22 21:32:27,613 [INFO] IPUIPlugin:80 - create IPUIPlugin
2025-07-22 21:32:27,613 [INFO] PluginManager:220 - loadIPPluginJar : add resmgrutility
2025-07-22 21:32:27,620 [INFO] IPUIPlugin:80 - create IPUIPlugin
2025-07-22 21:32:27,621 [INFO] PluginManager:220 - loadIPPluginJar : add sai
2025-07-22 21:32:27,630 [INFO] IPUIPlugin:80 - create IPUIPlugin
2025-07-22 21:32:27,630 [INFO] PluginManager:220 - loadIPPluginJar : add spi
2025-07-22 21:32:27,643 [INFO] IPUIPlugin:80 - create IPUIPlugin
2025-07-22 21:32:27,644 [INFO] PluginManager:220 - loadIPPluginJar : add stm32_wpan
2025-07-22 21:32:27,648 [INFO] IPUIPlugin:80 - create IPUIPlugin
2025-07-22 21:32:27,649 [INFO] PluginManager:220 - loadIPPluginJar : add tim
2025-07-22 21:32:27,656 [INFO] IPUIPlugin:80 - create IPUIPlugin
2025-07-22 21:32:27,657 [INFO] PluginManager:220 - loadIPPluginJar : add touchsensing
2025-07-22 21:32:27,661 [INFO] IPUIPlugin:80 - create IPUIPlugin
2025-07-22 21:32:27,662 [INFO] PluginManager:220 - loadIPPluginJar : add tracer_emb
2025-07-22 21:32:27,666 [INFO] IPUIPlugin:80 - create IPUIPlugin
2025-07-22 21:32:27,666 [INFO] PluginManager:220 - loadIPPluginJar : add ts
2025-07-22 21:32:27,670 [INFO] IPUIPlugin:80 - create IPUIPlugin
2025-07-22 21:32:27,670 [INFO] PluginManager:220 - loadIPPluginJar : add tsc
2025-07-22 21:32:27,674 [INFO] IPUIPlugin:80 - create IPUIPlugin
2025-07-22 21:32:27,675 [INFO] PluginManager:220 - loadIPPluginJar : add ucpd
2025-07-22 21:32:27,681 [INFO] IPUIPlugin:80 - create IPUIPlugin
2025-07-22 21:32:27,681 [INFO] PluginManager:220 - loadIPPluginJar : add usart
2025-07-22 21:32:27,687 [INFO] IPUIPlugin:80 - create IPUIPlugin
2025-07-22 21:32:27,687 [INFO] PluginManager:220 - loadIPPluginJar : add usbx
2025-07-22 21:32:27,955 [FATAL] Updater:351 - Updater called before beeing initialized
2025-07-22 21:32:28,020 [INFO] RulesReader:64 - Compatibility file has been processed (302 Rules)
2025-07-22 21:32:28,064 [INFO] RulesReader:64 - Compatibility file has been processed (302 Rules)
2025-07-22 21:32:28,083 [INFO] CADModel:165 - CPN selected for project level
2025-07-22 21:32:28,083 [INFO] CADModel:114 - Register for checkConnection events
2025-07-22 21:32:28,083 [FATAL] Updater:351 - Updater called before beeing initialized
2025-07-22 21:32:28,084 [ERROR] CADModel:125 - Updater not yet initialized, retry later 
2025-07-22 21:32:28,438 [FATAL] Updater:351 - Updater called before beeing initialized
2025-07-22 21:32:28,443 [INFO] CADModel:165 - CPN selected for project level
2025-07-22 21:32:28,443 [INFO] CADModel:114 - Register for checkConnection events
2025-07-22 21:32:28,443 [FATAL] Updater:351 - Updater called before beeing initialized
2025-07-22 21:32:28,443 [ERROR] CADModel:125 - Updater not yet initialized, retry later 
2025-07-22 21:32:28,452 [FATAL] Updater:351 - Updater called before beeing initialized
2025-07-22 21:32:28,782 [FATAL] Updater:351 - Updater called before beeing initialized
2025-07-22 21:32:28,793 [INFO] DbMcusAds:53 - JSON generation date=Tue Jul 08 13:44:23 IST 2025 (1751962463562)
2025-07-22 21:32:28,794 [FATAL] Updater:351 - Updater called before beeing initialized
2025-07-22 21:32:28,877 [WARN] DetailPanel:346 - Failed to get advertising image, set to default
2025-07-22 21:32:28,924 [INFO] ThirdPartyUpdaterWithRetryManager:70 - Updater plugin not ready yet. [2/15]
2025-07-22 21:32:29,194 [FATAL] Updater:351 - Updater called before beeing initialized
2025-07-22 21:32:29,198 [FATAL] Updater:351 - Updater called before beeing initialized
2025-07-22 21:32:29,198 [FATAL] Updater:351 - Updater called before beeing initialized
2025-07-22 21:32:29,198 [WARN] DetailPanel:346 - Failed to get advertising image, set to default
2025-07-22 21:32:29,201 [FATAL] Updater:351 - Updater called before beeing initialized
2025-07-22 21:32:29,274 [ERROR] Updater:1198 - MainUpdater not yet initialized. External WinMGr cannot be set.
2025-07-22 21:32:29,277 [INFO] Updater:1134 - Updater Version found : 6.14.1
2025-07-22 21:32:29,300 [INFO] ApplicationProperties:184 - Using Application install path: C:\ST\STM32CubeIDE_1.16.1\STM32CubeIDE\plugins\com.st.stm32cube.common.mx_6.14.1.202504091515
2025-07-22 21:32:30,884 [ERROR] LogOutputStream:75 - [STDERR_REDIRECT] Jul 22, 2025 9:32:30 PM java.util.prefs.WindowsPreferences <init>
2025-07-22 21:32:30,887 [ERROR] LogOutputStream:75 - [STDERR_REDIRECT] WARNING: Could not open/create prefs root node Software\JavaSoft\Prefs at root 0xffffffff80000002. Windows RegCreateKeyEx(...) returned error code 5.
2025-07-22 21:32:30,887 [ERROR] LogOutputStream:75 - [STDERR_REDIRECT] 
2025-07-22 21:32:31,019 [INFO] MainUpdater:525 - Copy updater definitions from MX database
2025-07-22 21:32:31,925 [FATAL] Updater:351 - Updater called before beeing initialized
2025-07-22 21:32:31,926 [ERROR] IntegrityCheckThread:130 - Cannot retrieve database content from updater: error 21
2025-07-22 21:32:31,927 [INFO] ThirdParty:978 - Integrity check success = false
2025-07-22 21:32:31,927 [INFO] IntegrityCheckThread:100 - exiting critical section [integrity check]
2025-07-22 21:32:31,927 [INFO] IntegrityCheckThread:103 - End integrity checks thread
2025-07-22 21:32:35,278 [INFO] MainUpdater:2872 - connection check result : 22
2025-07-22 21:32:35,280 [INFO] MainUpdater:289 - Updater Check For Update Now.
2025-07-22 21:32:35,280 [INFO] MicroXplorer:498 - Change Database Version : DB.6.0.141
2025-07-22 21:32:35,290 [INFO] McuFinderGlobals:63 - Set McuFinder mode to 2 (CubeIDE integrated)
2025-07-22 21:32:35,291 [INFO] UserAuth:484 - Internet connection configuration mode: 2
2025-07-22 21:32:35,325 [INFO] UserAuth:484 - Internet connection configuration mode: 2
2025-07-22 21:32:35,599 [INFO] CheckServerUpdateThread:120 - End of CheckServer Thread
2025-07-22 21:51:10,025 [ERROR] LogOutputStream:75 - [STDERR_REDIRECT] 
