2025-08-06 09:40:08,964 [INFO] Activator:176 - 


2025-08-06 09:40:08,970 [INFO] Activator:177 - !SESSION log4j initialized
2025-08-06 09:40:15,430 [INFO] LogOutputStream:77 - [STDOUT_REDIRECT] 
2025-08-06 09:40:18,067 [INFO] ApplicationProperties:184 - Using Application install path: C:\ST\STM32CubeIDE_1.16.1\STM32CubeIDE\plugins\com.st.stm32cube.common.mx_6.15.0.202507011659
2025-08-06 09:40:18,085 [INFO] DbMcusXml:78 - Set database path to: C:\ST\STM32CubeIDE_1.16.1\STM32CubeIDE\plugins\com.st.stm32cube.common.mx_6.15.0.202507011659\\db\/mcu/
2025-08-06 09:40:18,085 [INFO] ApiDb:274 - Set plugin database path to: C:\ST\STM32CubeIDE_1.16.1\STM32CubeIDE\plugins\com.st.stm32cube.common.mx_6.15.0.202507011659\\db\/plugins/boardmanager/
2025-08-06 09:40:18,086 [WARN] ApiDb:259 - Overriding images path with different value:  => C:\ST\STM32CubeIDE_1.16.1\STM32CubeIDE\plugins\com.st.stm32cube.common.mx_6.15.0.202507011659\\db\/plugins/mcufinder/images/
2025-08-06 09:40:18,092 [INFO] ApiDb:250 - Set database path to: C:\Users\kjeya\.stmcufinder\plugins\mcufinder//mcu/
2025-08-06 09:40:18,093 [INFO] DbMcusAds:125 - Set database path to: C:\Users\kjeya\.stmcufinder\plugins\mcufinder//mcu/
2025-08-06 09:40:18,096 [INFO] CrossReferenceDbSqlite:203 - Set database path to: C:\Users\kjeya\.stmcufinder\plugins\mcufinder//mcu/cs/
2025-08-06 09:40:18,267 [INFO] RulesReader:64 - Compatibility file has been processed (317 Rules)
2025-08-06 09:40:18,373 [INFO] DbMcusXml:78 - Set database path to: C:\ST\STM32CubeIDE_1.16.1\STM32CubeIDE\plugins\com.st.stm32cube.common.mx_6.15.0.202507011659\\db\/mcu/
2025-08-06 09:40:18,374 [INFO] ApiDb:274 - Set plugin database path to: C:\ST\STM32CubeIDE_1.16.1\STM32CubeIDE\plugins\com.st.stm32cube.common.mx_6.15.0.202507011659\\db\/plugins/boardmanager/
2025-08-06 09:40:18,374 [INFO] ApiDb:261 - Set plugin images path to: C:\ST\STM32CubeIDE_1.16.1\STM32CubeIDE\plugins\com.st.stm32cube.common.mx_6.15.0.202507011659\\db\/plugins/mcufinder/images/
2025-08-06 09:40:18,374 [WARN] DbFile:41 - Overriding database path with different value: C:\Users\kjeya\.stmcufinder\plugins\mcufinder/ => C:\Users\kjeya\.stmcufinder\plugins\mcufinder
2025-08-06 09:40:18,374 [INFO] ApiDb:250 - Set database path to: C:\Users\kjeya\.stmcufinder\plugins\mcufinder//mcu/
2025-08-06 09:40:18,374 [WARN] DbFile:41 - Overriding database path with different value: C:\Users\kjeya\.stmcufinder\plugins\mcufinder/ => C:\Users\kjeya\.stmcufinder\plugins\mcufinder
2025-08-06 09:40:18,375 [INFO] DbMcusAds:125 - Set database path to: C:\Users\kjeya\.stmcufinder\plugins\mcufinder//mcu/
2025-08-06 09:40:18,375 [WARN] DbFile:41 - Overriding database path with different value: C:\Users\kjeya\.stmcufinder\plugins\mcufinder/ => C:\Users\kjeya\.stmcufinder\plugins\mcufinder
2025-08-06 09:40:18,375 [WARN] DbFile:41 - Overriding database path with different value: C:\Users\kjeya\.stmcufinder\plugins\mcufinder/ => C:\Users\kjeya\.stmcufinder\plugins\mcufinder
2025-08-06 09:40:18,375 [INFO] CrossReferenceDbSqlite:203 - Set database path to: C:\Users\kjeya\.stmcufinder\plugins\mcufinder//mcu/cs/
2025-08-06 09:40:18,456 [INFO] MainPanel:274 - HeapMemory: 268435456
2025-08-06 09:40:18,545 [INFO] DbMcusXml:78 - Set database path to: C:\ST\STM32CubeIDE_1.16.1\STM32CubeIDE\plugins\com.st.stm32cube.common.mx_6.15.0.202507011659\\db\/mcu/
2025-08-06 09:40:18,546 [INFO] ApiDb:274 - Set plugin database path to: C:\ST\STM32CubeIDE_1.16.1\STM32CubeIDE\plugins\com.st.stm32cube.common.mx_6.15.0.202507011659\\db\/plugins/boardmanager/
2025-08-06 09:40:18,546 [INFO] ApiDb:261 - Set plugin images path to: C:\ST\STM32CubeIDE_1.16.1\STM32CubeIDE\plugins\com.st.stm32cube.common.mx_6.15.0.202507011659\\db\/plugins/mcufinder/images/
2025-08-06 09:40:18,547 [WARN] DbFile:41 - Overriding database path with different value: C:\Users\kjeya\.stmcufinder\plugins\mcufinder/ => C:\Users\kjeya\.stmcufinder\plugins\mcufinder
2025-08-06 09:40:18,547 [INFO] ApiDb:250 - Set database path to: C:\Users\kjeya\.stmcufinder\plugins\mcufinder//mcu/
2025-08-06 09:40:18,547 [WARN] DbFile:41 - Overriding database path with different value: C:\Users\kjeya\.stmcufinder\plugins\mcufinder/ => C:\Users\kjeya\.stmcufinder\plugins\mcufinder
2025-08-06 09:40:18,547 [INFO] DbMcusAds:125 - Set database path to: C:\Users\kjeya\.stmcufinder\plugins\mcufinder//mcu/
2025-08-06 09:40:18,547 [WARN] DbFile:41 - Overriding database path with different value: C:\Users\kjeya\.stmcufinder\plugins\mcufinder/ => C:\Users\kjeya\.stmcufinder\plugins\mcufinder
2025-08-06 09:40:18,547 [WARN] DbFile:41 - Overriding database path with different value: C:\Users\kjeya\.stmcufinder\plugins\mcufinder/ => C:\Users\kjeya\.stmcufinder\plugins\mcufinder
2025-08-06 09:40:18,547 [INFO] CrossReferenceDbSqlite:203 - Set database path to: C:\Users\kjeya\.stmcufinder\plugins\mcufinder//mcu/cs/
2025-08-06 09:40:18,567 [INFO] ApplicationProperties:184 - Using Application install path: C:\ST\STM32CubeIDE_1.16.1\STM32CubeIDE\plugins\com.st.stm32cube.common.mx_6.15.0.202507011659
2025-08-06 09:40:18,569 [INFO] PluginManage:196 - Search for loadable plugins [exclusion list=, ]
2025-08-06 09:40:18,571 [INFO] PluginManage:310 - Check plugin analytics
2025-08-06 09:40:18,831 [INFO] AnalyticsPlugin:253 - Accepted Software Licenses: STM32CubeMX.6.11.1,STM32CubeMX.6.13.0
2025-08-06 09:40:18,832 [INFO] AnalyticsPlugin:255 - Accepted CMSIS Pack Licenses: STMicroelectronics.X-CUBE-TOUCHGFX.4.24.0,WES.I-CUBE-Cesium.1.3.0,STMicroelectronics.X-CUBE-TOUCHGFX.4.24.2
2025-08-06 09:40:18,832 [INFO] AnalyticsPlugin:257 - Accepted Firmware Licenses: FW.F4.1.28.0,FW.L4.1.18.0,FW.WL.1.3.0,FW.H7.1.11.0,FW.H7.1.12.0
2025-08-06 09:40:18,837 [INFO] PluginManage:359 - Loaded plugin analytics (category:tool,tabindex:-1)
2025-08-06 09:40:18,838 [INFO] PluginManage:310 - Check plugin cadmodel
2025-08-06 09:40:18,844 [INFO] CADModel:105 - Init CAD model plugin
2025-08-06 09:40:18,844 [INFO] PluginManage:359 - Loaded plugin cadmodel (category:power,tabindex:5)
2025-08-06 09:40:18,844 [INFO] PluginManage:310 - Check plugin clock
2025-08-06 09:40:18,860 [INFO] PluginManage:359 - Loaded plugin clock (category:base,tabindex:2)
2025-08-06 09:40:18,860 [INFO] PluginManage:310 - Check plugin ddr
2025-08-06 09:40:18,863 [INFO] PluginManage:359 - Loaded plugin ddr (category:tool,tabindex:6)
2025-08-06 09:40:18,864 [INFO] PluginManage:310 - Check plugin filemanager
2025-08-06 09:40:19,069 [INFO] PluginManage:359 - Loaded plugin filemanager (category:base,tabindex:10)
2025-08-06 09:40:19,069 [INFO] PluginManage:310 - Check plugin ipmanager
2025-08-06 09:40:19,077 [INFO] PluginManage:359 - Loaded plugin ipmanager (category:base,tabindex:5)
2025-08-06 09:40:19,077 [INFO] PluginManage:310 - Check plugin lpbam
2025-08-06 09:40:19,090 [INFO] PluginManage:359 - Loaded plugin lpbam (category:base,tabindex:0)
2025-08-06 09:40:19,090 [INFO] PluginManage:310 - Check plugin memorymap
2025-08-06 09:40:19,108 [INFO] PluginManage:359 - Loaded plugin memorymap (category:base,tabindex:4)
2025-08-06 09:40:19,109 [INFO] PluginManage:310 - Check plugin pinoutandconfiguration
2025-08-06 09:40:19,124 [INFO] PluginManage:359 - Loaded plugin pinoutandconfiguration (category:base,tabindex:1)
2025-08-06 09:40:19,125 [INFO] PluginManage:310 - Check plugin pinoutconfig
2025-08-06 09:40:19,235 [WARN] SupportedApi:132 - Cannot load RTOS API schema: s4s-elt-must-match.1: The content of 'definitions' must match (annotation?, (simpleType | complexType)?, (unique | key | keyref)*)). A problem was found starting at: attribute.
2025-08-06 09:40:19,384 [INFO] PluginManage:359 - Loaded plugin pinoutconfig (category:base,tabindex:0)
2025-08-06 09:40:19,384 [INFO] PluginManage:310 - Check plugin power
2025-08-06 09:40:19,395 [INFO] PluginManage:359 - Loaded plugin power (category:power,tabindex:4)
2025-08-06 09:40:19,396 [INFO] PluginManage:310 - Check plugin projectmanager
2025-08-06 09:40:19,415 [INFO] PluginManage:359 - Loaded plugin projectmanager (category:projectmanager,tabindex:4)
2025-08-06 09:40:19,415 [INFO] PluginManage:310 - Check plugin rif
2025-08-06 09:40:19,430 [INFO] PluginManage:359 - Loaded plugin rif (category:base,tabindex:3)
2025-08-06 09:40:19,431 [INFO] PluginManage:310 - Check plugin thirdparty
2025-08-06 09:40:19,596 [INFO] PluginManage:359 - Loaded plugin thirdparty (category:base,tabindex:-1)
2025-08-06 09:40:19,596 [WARN] IntegrityCheckThread:84 - waiting for thirdparty lock release [integrity check]
2025-08-06 09:40:19,598 [INFO] PluginManage:310 - Check plugin tools
2025-08-06 09:40:19,598 [INFO] IntegrityCheckThread:86 - entering critical section [integrity check]
2025-08-06 09:40:19,599 [INFO] ThirdPartyUpdaterWithRetryManager:70 - Updater plugin not ready yet. [1/15]
2025-08-06 09:40:19,603 [INFO] PluginManage:359 - Loaded plugin tools (category:base,tabindex:7)
2025-08-06 09:40:19,604 [INFO] PluginManage:310 - Check plugin tutovideos
2025-08-06 09:40:19,802 [INFO] PluginManage:359 - Loaded plugin tutovideos (category:base,tabindex:-1)
2025-08-06 09:40:19,804 [INFO] PluginManage:310 - Check plugin updater
2025-08-06 09:40:19,825 [INFO] PluginManage:359 - Loaded plugin updater (category:base,tabindex:12)
2025-08-06 09:40:19,825 [INFO] PluginManage:310 - Check plugin userauth
2025-08-06 09:40:19,830 [INFO] UserAuth:118 - Init User Auth plugin
2025-08-06 09:40:19,832 [INFO] PluginManage:359 - Loaded plugin userauth (category:base,tabindex:14)
2025-08-06 09:40:19,833 [INFO] PluginManage:283 - PluginManage : Loaded plugins [18]
2025-08-06 09:40:20,071 [INFO] PinOutPanel:1589 - setPackage(No Configuration,No Configuration)
2025-08-06 09:40:20,179 [INFO] CADModel:165 - CPN selected for project level
2025-08-06 09:40:20,180 [INFO] CADModel:114 - Register for checkConnection events
2025-08-06 09:40:20,204 [INFO] IPUIPlugin:80 - create IPUIPlugin
2025-08-06 09:40:20,204 [INFO] PluginManager:220 - loadIPPluginJar : add adc
2025-08-06 09:40:20,208 [INFO] IPUIPlugin:80 - create IPUIPlugin
2025-08-06 09:40:20,208 [INFO] PluginManager:220 - loadIPPluginJar : add aes
2025-08-06 09:40:20,211 [INFO] IPUIPlugin:80 - create IPUIPlugin
2025-08-06 09:40:20,212 [INFO] PluginManager:220 - loadIPPluginJar : add can
2025-08-06 09:40:20,215 [INFO] IPUIPlugin:80 - create IPUIPlugin
2025-08-06 09:40:20,215 [INFO] PluginManager:220 - loadIPPluginJar : add comp
2025-08-06 09:40:20,218 [INFO] IPUIPlugin:80 - create IPUIPlugin
2025-08-06 09:40:20,218 [INFO] PluginManager:220 - loadIPPluginJar : add cryp
2025-08-06 09:40:20,222 [INFO] IPUIPlugin:80 - create IPUIPlugin
2025-08-06 09:40:20,222 [INFO] PluginManager:220 - loadIPPluginJar : add ddr_ctrl_phy
2025-08-06 09:40:20,225 [INFO] IPUIPlugin:80 - create IPUIPlugin
2025-08-06 09:40:20,226 [INFO] PluginManager:220 - loadIPPluginJar : add dfsdm
2025-08-06 09:40:20,233 [INFO] IPUIPlugin:80 - create IPUIPlugin
2025-08-06 09:40:20,233 [INFO] PluginManager:220 - loadIPPluginJar : add dma
2025-08-06 09:40:20,238 [INFO] IPUIPlugin:80 - create IPUIPlugin
2025-08-06 09:40:20,238 [INFO] PluginManager:220 - loadIPPluginJar : add dma3
2025-08-06 09:40:20,242 [INFO] IPUIPlugin:80 - create IPUIPlugin
2025-08-06 09:40:20,242 [INFO] PluginManager:220 - loadIPPluginJar : add extmemmanager
2025-08-06 09:40:20,244 [INFO] IPUIPlugin:80 - create IPUIPlugin
2025-08-06 09:40:20,244 [INFO] PluginManager:220 - loadIPPluginJar : add fatfs
2025-08-06 09:40:20,249 [INFO] IPUIPlugin:80 - create IPUIPlugin
2025-08-06 09:40:20,249 [INFO] PluginManager:220 - loadIPPluginJar : add fmc
2025-08-06 09:40:20,255 [INFO] IPUIPlugin:80 - create IPUIPlugin
2025-08-06 09:40:20,256 [INFO] PluginManager:220 - loadIPPluginJar : add freertos
2025-08-06 09:40:20,258 [INFO] IPUIPlugin:80 - create IPUIPlugin
2025-08-06 09:40:20,258 [INFO] PluginManager:220 - loadIPPluginJar : add genericplugin
2025-08-06 09:40:20,261 [INFO] IPUIPlugin:80 - create IPUIPlugin
2025-08-06 09:40:20,261 [INFO] PluginManager:220 - loadIPPluginJar : add gfxmmu
2025-08-06 09:40:20,268 [INFO] IPUIPlugin:80 - create IPUIPlugin
2025-08-06 09:40:20,268 [INFO] PluginManager:220 - loadIPPluginJar : add gic
2025-08-06 09:40:20,274 [INFO] IPUIPlugin:80 - create IPUIPlugin
2025-08-06 09:40:20,275 [INFO] PluginManager:220 - loadIPPluginJar : add gpio
2025-08-06 09:40:20,278 [INFO] IPUIPlugin:80 - create IPUIPlugin
2025-08-06 09:40:20,278 [INFO] PluginManager:220 - loadIPPluginJar : add gtzc
2025-08-06 09:40:20,281 [INFO] IPUIPlugin:80 - create IPUIPlugin
2025-08-06 09:40:20,282 [INFO] PluginManager:220 - loadIPPluginJar : add hash
2025-08-06 09:40:20,285 [INFO] IPUIPlugin:80 - create IPUIPlugin
2025-08-06 09:40:20,285 [INFO] PluginManager:220 - loadIPPluginJar : add i2c
2025-08-06 09:40:20,288 [INFO] IPUIPlugin:80 - create IPUIPlugin
2025-08-06 09:40:20,288 [INFO] PluginManager:220 - loadIPPluginJar : add i2s
2025-08-06 09:40:20,291 [INFO] IPUIPlugin:80 - create IPUIPlugin
2025-08-06 09:40:20,291 [INFO] PluginManager:220 - loadIPPluginJar : add i3c
2025-08-06 09:40:20,295 [INFO] IPUIPlugin:80 - create IPUIPlugin
2025-08-06 09:40:20,295 [INFO] PluginManager:220 - loadIPPluginJar : add ipddr
2025-08-06 09:40:20,305 [INFO] IPUIPlugin:80 - create IPUIPlugin
2025-08-06 09:40:20,305 [INFO] PluginManager:220 - loadIPPluginJar : add linkedlist
2025-08-06 09:40:20,308 [INFO] IPUIPlugin:80 - create IPUIPlugin
2025-08-06 09:40:20,308 [INFO] PluginManager:220 - loadIPPluginJar : add lorawan
2025-08-06 09:40:20,310 [INFO] IPUIPlugin:80 - create IPUIPlugin
2025-08-06 09:40:20,310 [INFO] PluginManager:220 - loadIPPluginJar : add ltdc
2025-08-06 09:40:20,319 [INFO] IPUIPlugin:80 - create IPUIPlugin
2025-08-06 09:40:20,319 [INFO] PluginManager:220 - loadIPPluginJar : add mdma
2025-08-06 09:40:20,323 [INFO] IPUIPlugin:80 - create IPUIPlugin
2025-08-06 09:40:20,323 [INFO] PluginManager:220 - loadIPPluginJar : add nvic
2025-08-06 09:40:20,327 [INFO] IPUIPlugin:80 - create IPUIPlugin
2025-08-06 09:40:20,327 [INFO] PluginManager:220 - loadIPPluginJar : add opamp
2025-08-06 09:40:20,332 [INFO] IPUIPlugin:80 - create IPUIPlugin
2025-08-06 09:40:20,332 [INFO] PluginManager:220 - loadIPPluginJar : add openamp
2025-08-06 09:40:20,336 [INFO] IPUIPlugin:80 - create IPUIPlugin
2025-08-06 09:40:20,336 [INFO] PluginManager:220 - loadIPPluginJar : add pdm2pcm
2025-08-06 09:40:20,343 [INFO] IPUIPlugin:80 - create IPUIPlugin
2025-08-06 09:40:20,348 [INFO] PluginManager:220 - loadIPPluginJar : add plateformsettings
2025-08-06 09:40:20,350 [INFO] IPUIPlugin:80 - create IPUIPlugin
2025-08-06 09:40:20,351 [INFO] PluginManager:220 - loadIPPluginJar : add quadspi
2025-08-06 09:40:20,353 [INFO] IPUIPlugin:80 - create IPUIPlugin
2025-08-06 09:40:20,354 [INFO] PluginManager:220 - loadIPPluginJar : add radio
2025-08-06 09:40:20,360 [INFO] IPUIPlugin:80 - create IPUIPlugin
2025-08-06 09:40:20,360 [INFO] PluginManager:220 - loadIPPluginJar : add resmgrutility
2025-08-06 09:40:20,366 [INFO] IPUIPlugin:80 - create IPUIPlugin
2025-08-06 09:40:20,366 [INFO] PluginManager:220 - loadIPPluginJar : add sai
2025-08-06 09:40:20,369 [INFO] IPUIPlugin:80 - create IPUIPlugin
2025-08-06 09:40:20,369 [INFO] PluginManager:220 - loadIPPluginJar : add spi
2025-08-06 09:40:20,378 [INFO] IPUIPlugin:80 - create IPUIPlugin
2025-08-06 09:40:20,378 [INFO] PluginManager:220 - loadIPPluginJar : add stm32_wpan
2025-08-06 09:40:20,381 [INFO] IPUIPlugin:80 - create IPUIPlugin
2025-08-06 09:40:20,382 [INFO] PluginManager:220 - loadIPPluginJar : add tim
2025-08-06 09:40:20,386 [INFO] IPUIPlugin:80 - create IPUIPlugin
2025-08-06 09:40:20,387 [INFO] PluginManager:220 - loadIPPluginJar : add touchsensing
2025-08-06 09:40:20,389 [INFO] IPUIPlugin:80 - create IPUIPlugin
2025-08-06 09:40:20,389 [INFO] PluginManager:220 - loadIPPluginJar : add tracer_emb
2025-08-06 09:40:20,391 [INFO] IPUIPlugin:80 - create IPUIPlugin
2025-08-06 09:40:20,392 [INFO] PluginManager:220 - loadIPPluginJar : add ts
2025-08-06 09:40:20,393 [INFO] IPUIPlugin:80 - create IPUIPlugin
2025-08-06 09:40:20,394 [INFO] PluginManager:220 - loadIPPluginJar : add tsc
2025-08-06 09:40:20,396 [INFO] IPUIPlugin:80 - create IPUIPlugin
2025-08-06 09:40:20,396 [INFO] PluginManager:220 - loadIPPluginJar : add ucpd
2025-08-06 09:40:20,400 [INFO] IPUIPlugin:80 - create IPUIPlugin
2025-08-06 09:40:20,400 [INFO] PluginManager:220 - loadIPPluginJar : add usart
2025-08-06 09:40:20,404 [INFO] IPUIPlugin:80 - create IPUIPlugin
2025-08-06 09:40:20,404 [INFO] PluginManager:220 - loadIPPluginJar : add usbx
2025-08-06 09:40:20,543 [FATAL] Updater:351 - Updater called before beeing initialized
2025-08-06 09:40:20,575 [INFO] RulesReader:64 - Compatibility file has been processed (317 Rules)
2025-08-06 09:40:20,590 [INFO] RulesReader:64 - Compatibility file has been processed (317 Rules)
2025-08-06 09:40:20,602 [INFO] CADModel:165 - CPN selected for project level
2025-08-06 09:40:20,602 [INFO] CADModel:114 - Register for checkConnection events
2025-08-06 09:40:20,602 [FATAL] Updater:351 - Updater called before beeing initialized
2025-08-06 09:40:20,602 [ERROR] CADModel:125 - Updater not yet initialized, retry later 
2025-08-06 09:40:20,792 [FATAL] Updater:351 - Updater called before beeing initialized
2025-08-06 09:40:20,794 [INFO] CADModel:165 - CPN selected for project level
2025-08-06 09:40:20,794 [INFO] CADModel:114 - Register for checkConnection events
2025-08-06 09:40:20,794 [FATAL] Updater:351 - Updater called before beeing initialized
2025-08-06 09:40:20,794 [ERROR] CADModel:125 - Updater not yet initialized, retry later 
2025-08-06 09:40:20,799 [FATAL] Updater:351 - Updater called before beeing initialized
2025-08-06 09:40:20,947 [FATAL] Updater:351 - Updater called before beeing initialized
2025-08-06 09:40:20,951 [INFO] DbMcusAds:53 - JSON generation date=Tue Jul 08 13:44:23 IST 2025 (1751962463562)
2025-08-06 09:40:20,951 [FATAL] Updater:351 - Updater called before beeing initialized
2025-08-06 09:40:21,009 [WARN] DetailPanel:346 - Failed to get advertising image, set to default
2025-08-06 09:40:21,160 [FATAL] Updater:351 - Updater called before beeing initialized
2025-08-06 09:40:21,162 [FATAL] Updater:351 - Updater called before beeing initialized
2025-08-06 09:40:21,162 [FATAL] Updater:351 - Updater called before beeing initialized
2025-08-06 09:40:21,163 [WARN] DetailPanel:346 - Failed to get advertising image, set to default
2025-08-06 09:40:21,165 [FATAL] Updater:351 - Updater called before beeing initialized
2025-08-06 09:40:21,225 [ERROR] Updater:1198 - MainUpdater not yet initialized. External WinMGr cannot be set.
2025-08-06 09:40:21,227 [INFO] Updater:1134 - Updater Version found : 6.15.0
2025-08-06 09:40:21,242 [INFO] ApplicationProperties:184 - Using Application install path: C:\ST\STM32CubeIDE_1.16.1\STM32CubeIDE\plugins\com.st.stm32cube.common.mx_6.15.0.202507011659
2025-08-06 09:40:22,600 [INFO] ThirdPartyUpdaterWithRetryManager:70 - Updater plugin not ready yet. [2/15]
2025-08-06 09:40:22,822 [ERROR] LogOutputStream:75 - [STDERR_REDIRECT] Aug 06, 2025 9:40:22 AM java.util.prefs.WindowsPreferences <init>
2025-08-06 09:40:22,825 [ERROR] LogOutputStream:75 - [STDERR_REDIRECT] WARNING: Could not open/create prefs root node Software\JavaSoft\Prefs at root 0xffffffff80000002. Windows RegCreateKeyEx(...) returned error code 5.
2025-08-06 09:40:22,825 [ERROR] LogOutputStream:75 - [STDERR_REDIRECT] 
2025-08-06 09:40:23,337 [INFO] MainUpdater:2872 - connection check result : 10
2025-08-06 09:40:23,337 [INFO] MainUpdater:289 - Updater Check For Update Now.
2025-08-06 09:40:23,337 [INFO] MicroXplorer:498 - Change Database Version : DB.6.0.150
2025-08-06 09:40:23,345 [INFO] McuFinderGlobals:63 - Set McuFinder mode to 2 (CubeIDE integrated)
2025-08-06 09:40:23,347 [INFO] UserAuth:487 - Internet connection configuration mode: 1
2025-08-06 09:40:23,381 [INFO] JxBrowserEngine:152 - Initiate JxBrowser Engine with user profile folder
2025-08-06 09:40:23,591 [INFO] CheckServerUpdateThread:120 - End of CheckServer Thread
2025-08-06 09:40:24,347 [INFO] WebApp:169 - Instantiating new browser for Auth
2025-08-06 09:40:25,526 [INFO] WebApp:463 - Apply proxy settings
2025-08-06 09:40:25,528 [INFO] WebApp:548 - Chromium requires no authentication
2025-08-06 09:40:25,543 [INFO] WebApp:491 - Direct internet connection detected
2025-08-06 09:40:25,572 [INFO] WebApp:900 - Register for checkConnection events
2025-08-06 09:40:25,573 [INFO] WebApp:463 - Apply proxy settings
2025-08-06 09:40:25,573 [INFO] WebApp:548 - Chromium requires no authentication
2025-08-06 09:40:25,574 [INFO] WebApp:491 - Direct internet connection detected
2025-08-06 09:40:25,884 [INFO] WebApp:191 - Connection restablished
2025-08-06 09:40:26,096 [INFO] WebApp:225 - Starting web application
2025-08-06 09:40:26,096 [INFO] WebApp:593 - Web application path used C:\ST\STM32CubeIDE_1.16.1\STM32CubeIDE\plugins\com.st.stm32cube.common.mx_6.15.0.202507011659\db\plugins\mcufinder\reactClient1\index.html
2025-08-06 09:40:26,118 [WARN] PackLoader:240 - Cannot read IP mode file for STMicroelectronics.FP-SNS-MOTENVWB1.1.4.0
2025-08-06 09:40:26,146 [WARN] PackLoader:240 - Cannot read IP mode file for STMicroelectronics.FP-ATR-ASTRA1.2.0.2
2025-08-06 09:40:26,162 [WARN] PackLoader:240 - Cannot read IP mode file for STMicroelectronics.FP-ATR-ASTRA1.2.0.1
2025-08-06 09:40:26,206 [WARN] PackLoader:240 - Cannot read IP mode file for STMicroelectronics.X-CUBE-SMBUS.2.1.0
2025-08-06 09:40:26,233 [WARN] PackLoader:240 - Cannot read IP mode file for STMicroelectronics.X-CUBE-WB05N.1.1.0
2025-08-06 09:40:26,256 [WARN] PackLoader:240 - Cannot read IP mode file for STMicroelectronics.X-CUBE-ST60.1.0.0
2025-08-06 09:40:26,339 [WARN] PackLoader:240 - Cannot read IP mode file for STMicroelectronics.X-CUBE-AZRTOS-F7.1.1.0
2025-08-06 09:40:26,362 [WARN] PackLoader:240 - Cannot read IP mode file for STMicroelectronics.FP-SNS-FLIGHT1.5.0.2
2025-08-06 09:40:26,437 [WARN] PackLoader:240 - Cannot read IP mode file for Infineon.AIROC-Wi-Fi-Bluetooth-STM32.1.7.0
2025-08-06 09:40:26,533 [WARN] PackLoader:240 - Cannot read IP mode file for STMicroelectronics.X-CUBE-AZRTOS-H7.3.4.0
2025-08-06 09:40:26,563 [WARN] PackLoader:240 - Cannot read IP mode file for STMicroelectronics.X-CUBE-DISPLAY.3.0.0
2025-08-06 09:40:26,593 [WARN] PackLoader:240 - Cannot read IP mode file for STMicroelectronics.X-CUBE-BLE1.7.0.0
2025-08-06 09:40:26,614 [WARN] PackLoader:240 - Cannot read IP mode file for STMicroelectronics.X-CUBE-NFC10.1.0.0
2025-08-06 09:40:26,652 [WARN] PackLoader:240 - Cannot read IP mode file for STMicroelectronics.X-CUBE-BLEMGR.4.0.0
2025-08-06 09:40:26,680 [WARN] PackLoader:240 - Cannot read IP mode file for emotas.I-CUBE-CANOPEN.1.3.0
2025-08-06 09:40:26,689 [WARN] PackLoader:240 - Cannot read IP mode file for STMicroelectronics.X-CUBE-AI.10.0.0
2025-08-06 09:40:26,720 [WARN] PackLoader:240 - Cannot read IP mode file for STMicroelectronics.FP-SNS-STBOX1.2.1.0
2025-08-06 09:40:26,748 [WARN] PackLoader:240 - Cannot read IP mode file for STMicroelectronics.FP-SNS-SMARTAG2.1.2.0
2025-08-06 09:40:26,760 [WARN] PackLoader:240 - Cannot read IP mode file for STMicroelectronics.FP-SNS-FLIGHT1.5.1.0
2025-08-06 09:40:26,873 [WARN] PackLoader:240 - Cannot read IP mode file for STMicroelectronics.X-CUBE-MEMS1.11.1.0
2025-08-06 09:40:27,267 [INFO] LogOutputStream:77 - [STDOUT_REDIRECT] 1 : Invalid condition id : UX_CORESTACK_Condition cause : null
2025-08-06 09:40:27,268 [INFO] LogOutputStream:77 - [STDOUT_REDIRECT] 1 : Invalid condition id : UX_CORESTACK_Condition cause : null
2025-08-06 09:40:27,279 [INFO] LogOutputStream:77 - [STDOUT_REDIRECT] 1 : Invalid condition id : UX_CORESTACK_Condition cause : null
2025-08-06 09:40:27,282 [INFO] LogOutputStream:77 - [STDOUT_REDIRECT] 1 : Invalid condition id : UX_CORESTACK_Condition cause : null
2025-08-06 09:40:27,284 [INFO] LogOutputStream:77 - [STDOUT_REDIRECT] 1 : Invalid condition id : UX_CORESTACK_Condition cause : null
2025-08-06 09:40:27,290 [WARN] PackLoader:240 - Cannot read IP mode file for STMicroelectronics.X-CUBE-AZRTOS-WL.2.0.0
2025-08-06 09:40:27,323 [WARN] PackLoader:240 - Cannot read IP mode file for STMicroelectronics.FP-SNS-MOTENV1.5.0.0
2025-08-06 09:40:27,424 [WARN] PackLoader:240 - Cannot read IP mode file for wolfSSL.I-CUBE-wolfMQTT.1.19.0
2025-08-06 09:40:27,464 [WARN] PackLoader:240 - Cannot read IP mode file for WES.I-CUBE-Cesium.1.3.0
2025-08-06 09:40:27,647 [INFO] UserAuth:487 - Internet connection configuration mode: 1
2025-08-06 09:40:27,733 [WARN] PackLoader:240 - Cannot read IP mode file for STMicroelectronics.X-CUBE-BLE2.3.3.0
2025-08-06 09:40:27,752 [WARN] PackLoader:240 - Cannot read IP mode file for STMicroelectronics.X-CUBE-NFC9.1.0.0
2025-08-06 09:40:27,767 [WARN] PackLoader:240 - Cannot read IP mode file for STMicroelectronics.X-CUBE-BLE1.7.1.0
2025-08-06 09:40:27,783 [WARN] PackLoader:240 - Cannot read IP mode file for STMicroelectronics.X-CUBE-EEPRMA1.5.2.0
2025-08-06 09:40:27,794 [WARN] PackLoader:240 - Cannot read IP mode file for STMicroelectronics.X-CUBE-AI.10.1.0
2025-08-06 09:40:27,918 [WARN] PackLoader:240 - Cannot read IP mode file for STMicroelectronics.X-CUBE-MEMS1.11.2.0
2025-08-06 09:40:28,220 [WARN] PackLoader:240 - Cannot read IP mode file for STMicroelectronics.X-CUBE-AZRTOS-G0.1.1.0
2025-08-06 09:40:28,241 [WARN] PackLoader:240 - Cannot read IP mode file for STMicroelectronics.X-CUBE-SAFEA1.1.2.2
2025-08-06 09:40:28,253 [WARN] PackLoader:240 - Cannot read IP mode file for STMicroelectronics.X-CUBE-NFC4.3.0.0
2025-08-06 09:40:28,279 [WARN] PackLoader:240 - Cannot read IP mode file for EmbeddedOffice.I-CUBE-FS-RTOS.1.0.1
2025-08-06 09:40:28,292 [WARN] PackLoader:240 - Cannot read IP mode file for STMicroelectronics.X-CUBE-WB05N.2.0.0
2025-08-06 09:40:28,309 [WARN] PackLoader:240 - Cannot read IP mode file for STMicroelectronics.X-CUBE-TCPP.4.2.0
2025-08-06 09:40:28,321 [WARN] PackLoader:240 - Cannot read IP mode file for RealThread.X-CUBE-RT-Thread_Nano.4.1.1
2025-08-06 09:40:28,332 [WARN] PackLoader:240 - Cannot read IP mode file for STMicroelectronics.FP-ATR-SIGFOX1.3.2.0
2025-08-06 09:40:28,344 [WARN] ConditionMgr:438 - getConditionDescription Invalid condition id : Cortex-A Device cause : null
2025-08-06 09:40:28,359 [WARN] ConditionMgr:1044 - genDependencies : Invalid condition id : Cortex-A Device cause : null
2025-08-06 09:40:28,359 [WARN] ConditionMgr:1044 - genDependencies : Invalid condition id : Cortex-A Device cause : null
2025-08-06 09:40:28,360 [WARN] ConditionMgr:1044 - genDependencies : Invalid condition id : Cortex-A Device cause : null
2025-08-06 09:40:28,368 [WARN] PackLoader:240 - Cannot read IP mode file for STMicroelectronics.X-CUBE-EEPRMA1.5.1.0
2025-08-06 09:40:28,377 [WARN] PackLoader:240 - Cannot read IP mode file for wolfSSL.I-CUBE-wolfSSL.5.7.4
2025-08-06 09:40:28,385 [WARN] PackLoader:240 - Cannot read IP mode file for ITTIA_DB.I-CUBE-ITTIADB.8.9.0
2025-08-06 09:40:28,399 [WARN] PackLoader:240 - Cannot read IP mode file for STMicroelectronics.X-CUBE-ST67W61.1.0.0
2025-08-06 09:40:28,409 [WARN] PackLoader:240 - Cannot read IP mode file for STMicroelectronics.X-CUBE-AI.10.2.0
2025-08-06 09:40:28,460 [WARN] PackLoader:240 - Cannot read IP mode file for SEGGER.I-CUBE-embOS.1.3.1
2025-08-06 09:40:28,515 [WARN] PackLoader:240 - Cannot read IP mode file for STMicroelectronics.X-CUBE-ALGOBUILD.1.4.0
2025-08-06 09:40:28,579 [WARN] PackLoader:240 - Cannot read IP mode file for STMicroelectronics.X-CUBE-MEMS1.11.3.0
2025-08-06 09:40:28,763 [WARN] PackLoader:240 - Cannot read IP mode file for STMicroelectronics.X-CUBE-AI.9.1.0
2025-08-06 09:40:28,770 [WARN] PackLoader:240 - Cannot read IP mode file for STMicroelectronics.X-CUBE-PM33A1.1.0.0
2025-08-06 09:40:28,806 [WARN] PackLoader:240 - Cannot read IP mode file for STMicroelectronics.X-CUBE-AZRTOS-F4.1.1.0
2025-08-06 09:40:28,819 [WARN] PackLoader:240 - Cannot read IP mode file for Avnet-IotConnect.X-CUBE-IoTC-DA16k-PMOD.1.0.0
2025-08-06 09:40:28,830 [WARN] PackLoader:240 - Cannot read IP mode file for STMicroelectronics.X-CUBE-ISPU.2.1.0
2025-08-06 09:40:28,846 [WARN] PackLoader:240 - Cannot read IP mode file for STMicroelectronics.X-CUBE-NFC12.1.0.0
2025-08-06 09:40:28,882 [WARN] PackLoader:240 - Cannot read IP mode file for STMicroelectronics.X-CUBE-AZRTOS-L5.2.0.0
2025-08-06 09:40:28,927 [WARN] PackLoader:240 - Cannot read IP mode file for STMicroelectronics.X-CUBE-NFC6.3.1.0
2025-08-06 09:40:28,942 [WARN] PackLoader:240 - Cannot read IP mode file for STMicroelectronics.X-CUBE-DPower.1.2.0
2025-08-06 09:40:28,950 [WARN] PackLoader:240 - Cannot read IP mode file for STMicroelectronics.X-CUBE-FREERTOS.1.3.1
2025-08-06 09:40:28,961 [WARN] PackLoader:240 - Cannot read IP mode file for STMicroelectronics.X-CUBE-FREERTOS.1.3.0
2025-08-06 09:40:28,971 [WARN] PackLoader:240 - Cannot read IP mode file for STMicroelectronics.X-CUBE-NFC7.1.0.1
2025-08-06 09:40:28,986 [WARN] PackLoader:240 - Cannot read IP mode file for STMicroelectronics.FP-SNS-STAIOTCFT.1.0.0
2025-08-06 09:40:28,999 [WARN] PackLoader:240 - Cannot read IP mode file for STMicroelectronics.X-CUBE-DPower.1.3.0
2025-08-06 09:40:29,035 [WARN] ConditionMgr:438 - getConditionDescription Invalid condition id : LAN8742 Phy interface Condition cause : null
2025-08-06 09:40:29,037 [WARN] PackLoader:240 - Cannot read IP mode file for STMicroelectronics.X-CUBE-AZRTOS-L4.2.0.0
2025-08-06 09:40:29,039 [WARN] ConditionMgr:1044 - genDependencies : Invalid condition id : LAN8742 Phy interface Condition cause : null
2025-08-06 09:40:29,040 [WARN] ConditionMgr:1044 - genDependencies : Invalid condition id : LAN8742 Phy interface Condition cause : null
2025-08-06 09:40:29,041 [WARN] ConditionMgr:1044 - genDependencies : Invalid condition id : LAN8742 Phy interface Condition cause : null
2025-08-06 09:40:29,053 [WARN] PackLoader:240 - Cannot read IP mode file for STMicroelectronics.X-CUBE-SFXS2LP1.4.0.0
2025-08-06 09:40:29,086 [WARN] PackLoader:240 - Cannot read IP mode file for STMicroelectronics.X-CUBE-AZRTOS-H7.3.3.0
2025-08-06 09:40:29,112 [WARN] PackLoader:240 - Cannot read IP mode file for STMicroelectronics.X-CUBE-BLEMGR.4.1.0
2025-08-06 09:40:29,131 [WARN] PackLoader:240 - Cannot read IP mode file for STMicroelectronics.X-CUBE-IPS.3.0.0
2025-08-06 09:40:29,153 [WARN] ConditionMgr:438 - getConditionDescription Invalid condition id : UX DEVICE CLASS RTOS Condition cause : null
2025-08-06 09:40:29,154 [WARN] ConditionMgr:438 - getConditionDescription Invalid condition id : UX DEVICE CLASS RTOS Condition cause : null
2025-08-06 09:40:29,158 [WARN] PackLoader:240 - Cannot read IP mode file for STMicroelectronics.X-CUBE-AZRTOS-WB.2.0.0
2025-08-06 09:40:29,159 [WARN] ConditionMgr:1044 - genDependencies : Invalid condition id : UX DEVICE CLASS RTOS Condition cause : null
2025-08-06 09:40:29,159 [WARN] ConditionMgr:1044 - genDependencies : Invalid condition id : UX DEVICE CLASS RTOS Condition cause : null
2025-08-06 09:40:29,159 [WARN] ConditionMgr:1044 - genDependencies : Invalid condition id : UX DEVICE CLASS RTOS Condition cause : null
2025-08-06 09:40:29,159 [WARN] ConditionMgr:1044 - genDependencies : Invalid condition id : UX DEVICE CLASS RTOS Condition cause : null
2025-08-06 09:40:29,160 [WARN] ConditionMgr:1044 - genDependencies : Invalid condition id : UX DEVICE CLASS RTOS Condition cause : null
2025-08-06 09:40:29,166 [WARN] PackLoader:240 - Cannot read IP mode file for STMicroelectronics.X-CUBE-GNSS1.7.0.1
2025-08-06 09:40:29,174 [WARN] PackLoader:240 - Cannot read IP mode file for STMicroelectronics.X-CUBE-TOUCHGFX.4.25.0
2025-08-06 09:40:29,181 [WARN] PackLoader:240 - Cannot read IP mode file for STMicroelectronics.FP-SNS-STBOX1.2.0.0
2025-08-06 09:40:29,194 [WARN] PackLoader:240 - Cannot read IP mode file for STMicroelectronics.X-CUBE-SUBG2.5.0.0
2025-08-06 09:40:29,227 [WARN] PackLoader:240 - Cannot read IP mode file for STMicroelectronics.X-CUBE-AZRTOS-H7RS.1.1.0
2025-08-06 09:40:29,242 [WARN] PackLoader:240 - Cannot read IP mode file for Cesanta.I-CUBE-Mongoose.7.13.0
2025-08-06 09:40:29,263 [WARN] PackLoader:240 - Cannot read IP mode file for STMicroelectronics.X-CUBE-AZRTOS-G4.2.0.0
2025-08-06 09:40:29,269 [WARN] PackLoader:240 - Cannot read IP mode file for STMicroelectronics.X-CUBE-NFC7.2.0.0
2025-08-06 09:40:29,282 [WARN] PackLoader:240 - Cannot read IP mode file for STMicroelectronics.X-CUBE-IPS.3.1.0
2025-08-06 09:40:29,295 [WARN] PackLoader:240 - Cannot read IP mode file for STMicroelectronics.X-CUBE-ALS.1.0.2
2025-08-06 09:40:29,302 [WARN] PackLoader:240 - Cannot read IP mode file for STMicroelectronics.X-CUBE-TOUCHGFX.4.24.0
2025-08-06 09:40:29,411 [WARN] PackLoader:240 - Cannot read IP mode file for STMicroelectronics.X-CUBE-TOUCHGFX.4.24.2
2025-08-06 09:40:29,486 [WARN] PackLoader:240 - Cannot read IP mode file for STMicroelectronics.X-CUBE-TOUCHGFX.4.24.1
2025-08-06 09:40:29,496 [WARN] PackLoader:240 - Cannot read IP mode file for wolfSSL.I-CUBE-wolfTPM.3.4.0
2025-08-06 09:40:29,507 [WARN] PackLoader:240 - Cannot read IP mode file for portGmbH.I-Cube-SoM-uGOAL.1.1.0
2025-08-06 09:40:29,536 [WARN] PackLoader:240 - Cannot read IP mode file for STMicroelectronics.X-CUBE-AZRTOS-H7RS.1.0.0
2025-08-06 09:40:29,563 [WARN] PackLoader:240 - Cannot read IP mode file for STMicroelectronics.X-CUBE-TOF1.3.4.2
2025-08-06 09:40:29,595 [WARN] PackLoader:240 - Cannot read IP mode file for STMicroelectronics.X-CUBE-TOF1.3.4.3
2025-08-06 09:40:29,621 [WARN] PackLoader:240 - Cannot read IP mode file for wolfSSL.I-CUBE-wolfSSH.1.4.17
2025-08-06 09:40:29,623 [INFO] ThirdParty:978 - Integrity check success = true
2025-08-06 09:40:29,624 [INFO] IntegrityCheckThread:100 - exiting critical section [integrity check]
2025-08-06 09:40:29,624 [INFO] IntegrityCheckThread:103 - End integrity checks thread
