17:32:29 **** Incremental Build of configuration Debug for project STM32_DISPLAY_APP ****
make -j8 all 
arm-none-eabi-gcc "../Core/Src/APP/user_app.c" -mcpu=cortex-m4 -std=gnu11 -g3 -DDEBUG -DUSE_HAL_DRIVER -DSTM32F446xx -c -I"C:/Users/kjeya/Documents/MCU_INTEGRATION/STM32_DISPLAY_APP/Core/Src/MQTT" -I"C:/Users/kjeya/Documents/MCU_INTEGRATION/STM32_DISPLAY_APP/Core/Inc/DISPLAY" -I"C:/Users/kjeya/Documents/MCU_INTEGRATION/STM32_DISPLAY_APP/Core/Inc/RFM" -I"C:/Users/kjeya/Documents/MCU_INTEGRATION/STM32_DISPLAY_APP/Core/Src/RFM" -I"C:/Users/kjeya/Documents/MCU_INTEGRATION/STM32_DISPLAY_APP/Core/Src/APP" -I"C:/Users/kjeya/Documents/MCU_INTEGRATION/STM32_DISPLAY_APP/Core/Src/SD_CARD" -I"C:/Users/kjeya/Documents/MCU_INTEGRATION/STM32_DISPLAY_APP/Core/Inc/APP" -I"C:/Users/kjeya/Documents/MCU_INTEGRATION/STM32_DISPLAY_APP/Core/Inc/SD_CARD" -I../Core/Inc -I"C:/Users/kjeya/Documents/MCU_INTEGRATION/STM32_DISPLAY_APP/Core/Inc/cJSON" -I"C:/Users/kjeya/Documents/MCU_INTEGRATION/STM32_DISPLAY_APP/Core/Inc/MQTT" -I"C:/Users/kjeya/Documents/MCU_INTEGRATION/STM32_DISPLAY_APP/Core/Src/cJSON" -I"C:/Users/kjeya/Documents/MCU_INTEGRATION/STM32_DISPLAY_APP/RTOS/freeRTOS" -I"C:/Users/kjeya/Documents/MCU_INTEGRATION/STM32_DISPLAY_APP/RTOS/freeRTOS/include" -I"C:/Users/kjeya/Documents/MCU_INTEGRATION/STM32_DISPLAY_APP/RTOS/freeRTOS/portable/GCC/ARM_CM4F" -I"C:/Users/kjeya/Documents/MCU_INTEGRATION/STM32_DISPLAY_APP/RTOS" -I../Drivers/STM32F4xx_HAL_Driver/Inc -I../Drivers/STM32F4xx_HAL_Driver/Inc/Legacy -I../Drivers/CMSIS/Device/ST/STM32F4xx/Include -I../Drivers/CMSIS/Include -I../FATFS/Target -I../FATFS/App -I../Middlewares/Third_Party/FatFs/src -O0 -ffunction-sections -fdata-sections -Wall -fstack-usage -fcyclomatic-complexity -MMD -MP -MF"Core/Src/APP/user_app.d" -MT"Core/Src/APP/user_app.o" --specs=nano.specs -mfpu=fpv4-sp-d16 -mfloat-abi=hard -mthumb -o "Core/Src/APP/user_app.o"
arm-none-eabi-gcc -o "STM32_DISPLAY_APP.elf" @"objects.list"   -mcpu=cortex-m4 -T"C:\Users\kjeya\Documents\MCU_INTEGRATION\STM32_DISPLAY_APP\STM32F446RETX_FLASH.ld" --specs=nosys.specs -Wl,-Map="STM32_DISPLAY_APP.map" -Wl,--gc-sections -static --specs=nano.specs -mfpu=fpv4-sp-d16 -mfloat-abi=hard -mthumb -u _printf_float -Wl,--start-group -lc -lm -Wl,--end-group
Finished building target: STM32_DISPLAY_APP.elf
 
arm-none-eabi-size  STM32_DISPLAY_APP.elf 
arm-none-eabi-objdump -h -S STM32_DISPLAY_APP.elf  > "STM32_DISPLAY_APP.list"
arm-none-eabi-objcopy  -O binary STM32_DISPLAY_APP.elf  "STM32_DISPLAY_APP.bin"
   text	   data	    bss	    dec	    hex	filename
  92992	    608	  84024	 177624	  2b5d8	STM32_DISPLAY_APP.elf
Finished building: default.size.stdout
 
Finished building: STM32_DISPLAY_APP.bin
 
Finished building: STM32_DISPLAY_APP.list
 
17:32:35 **** Incremental Build of configuration Debug for project STM32_DISPLAY_APP ****
make -j8 all 
arm-none-eabi-size  STM32_DISPLAY_APP.elf 
   text	   data	    bss	    dec	    hex	filename
  92992	    608	  84024	 177624	  2b5d8	STM32_DISPLAY_APP.elf
Finished building: default.size.stdout
 
